One of my favorite NYE traditions is to check in here for a pathetic post like this before going out  Fuckin loser  can\'t find anyone to hangout with  Ha  Just off yourself there\'s no chance you\'re fucking that girl  Eat a tub of ice cream and fail to close on the biggest drinking night of the year 😂  
Thanks man ❤️ nice to see the devs working hard on all their projects
But nature can be shot at for just being nature 😢
😈😈😈
If the cost is another thing that gets to you  try cockatrice or xmage for mtg 😃
I have Yoshi  Toad  and I got the gold Mario on my first box 😳
Give it to someone who\'s not drunk  if that\'s possible 😂😂
I believe otherwise because in isaiah 44 22  the prophet Isaiah describes the earth as a circle  hebrew  חוּג  chug  as opposed to a ball  which I know he could have used if he had meant it because he used the word ball  hebrew  דּוּר  dur  earlier in his book  Isaiah 22 18  For this reason  without any other sources confirming or denying the shape of the earth outside of the concentric arrangement of continents around the north pole  I believe that the earth can most meaningfully be described as a circular plane 
Your lashes are reaching for the heavens  👌🏻
Well when I was around 10 or 11 I was in Girl Scouts  We were having this camp out at a theme park  We slept In big tents  This girl who we ended up being friends with was really nice   but one of the days she saw that in our tent there was this emoji pillow that belonged to one of the girls in the group  She took it  She also said she wanted my "makeup" which was just like moisturizer  eyeshadow  lip gloss  She took that  Too get back at her   looking back on this now it was kinda mean it rained the night before  So  there was mud everywhere  We saw her playing outside with our stuff  Well  she had our stuff in her hand at a table  We were wearing gloves  Then we threw mud balls at her  She was kind of a "girly girl" so she got mad  We took our stuff back  We got yelled at but this 7 or 8 year old girl was stealing  They left the day after  Yeah we were in so much trouble 😂 We were scolded at for "not following the Girl Scout law" 
This is true  Turtles are notoriously adorable   ◠︿◠✿ 
😏
Nominating   T    of course   Results   2nd 216 Umebura 24  5th 224 Sumabato for TBH  9th 300 Umebura SAT  2nd at Tokyo Tech Super Smash Bros Tournament  1st at Sophia University Super Smash Bros Tournament 2016  25th at niconico 2017 Osaka Qualifier Championship  lost to Hikaru and Rizeasu   49th at Tus Tournament６   Wins over  Pichi x2  Shogun  Yui  Choco x2  Umeki x2  Ranai  2 0ed him   Sayia  Tea  Kameme  Rain  Kirihara  You3  Abadango  at an online tournament a while ago so i don’t think it really counts  but eh   Edit  Welp  I guess I researched all these results for nothing   
Nice buy 😉 I think it\'s really neat actually  Happy days ahead for you bud ✌️
Pokémon  Magmortar  Nickname  ♥Momo♥  Shiny  Yes  Gender  Female  Level  100  Nature  Modest  Held Item  Assault Vest  Ability  Vital Spirit  Language  ENG  Meeting Location  You choose  Ball  Loveball  IVs  31 0 31 31 31 31  EVs  64 HP   252 SpA   192 Spe  Moveset     Fire Blast   Thunderbolt   Hidden Power Grass   Flame Charge  OT  EemsRoro  Gender of Trainer  Male  IGN  EemsRoro  Pokémon Deposited  Porygon  lvl 1  Message  Please trade Pokemon with me  Thanks in advance 
Major congratulations  My 2017 goal is to achieve further financial freedom so your post is inspiring  Way to go 👏🏽
  Angel Beats        MAL  http   myanimelist net anime 6547    A P  http   www anime planet com anime angel beats    AL  http   anilist co anime 6547    ADB  http   anidb net a6564      TV   Status  Finished Airing   Episodes  13   Genres  Action  Comedy  Drama  Supernatural           anime      LN        FAQ  http   www reddit com r Roboragi wiki index        r   http   www reddit com r Roboragi        Edit  https   www reddit com r Roboragi comments 3i82q0 by mentioning his username roboragi can now       Mistake   http   www reddit com r Roboragi submit selftext true title  ISSUE  text https   www reddit com r anime irl comments 5lcgf7 anime irl dbump58       Source  https   github com Nihilate Roboragi       Synonyms  https   www reddit com r Roboragi wiki synonyms       Noa   Urara       ♥  https   www reddit com r Roboragi wiki thanks 
Hm  Didn\'t know that  Thanks for the valuable info  I\'ll remember that for next time 😜
Don\'t put it all out there  Make her chase you a but and close  😉
That is    actually kind of brilliant  Here we all are talking about a subject that originates in the treatment of other human beings    What have the comments been like  I\'m actually more interested in that than the total number of downvotes      Shit  I am gonna be on this thread all night     BigOldDyke Jen 🌈
Lol Entertain us in League Chat Please  p  Stratagem💪🏽😂 
Hello    I have honedge egg that matches with your tsv  Would you hatch it for me please   IGN  나미  FC  0963 3533 4886  B1   2 6   Honedge  ♀    Adamant   No Guard   31 4 31 23 31 31   Dragon  0369   No nickname and hatch location is needed  Timezone  GMT 10  I\'m free from 12pm 12am mostly  Thank you  
Sorry bout that  My internet went down 😕 Added and ready to trade 
You dont need permission to learn anything    Japanese honorifics  敬語 けいご is a very complicated topic even for native speakers  It utilizes grammatical constructs and different words to show respect  and an important concept to in keigo is the distinction between in group and out group  However  as a non native Japanese person  you will be a ok if you dont correctly remember the patterns  but it is better to understand keigo as it is imperative when communicating in Japanese  Wiki has a lot of info too  https   en m wikipedia org wiki Honorific speech in Japanese
I think it\'s the cost of doing it  Today it\'d b more than the value of ivory itself  It might g t cheaper in about 20 yrs  then we can order ivory table tops from Amazon for  79 99 ಠ ಠ
Pentru evitarea spamului conturile cu mai puțin de 10  comment karma  nu pot posta decât comentarii  Participă la discuții    I am a bot  and this action was performed automatically  Please  contact the moderators of this subreddit   message compose  to  r Romania  if you have any questions or concerns  
60 km south of Prague 😀
😞😞
Thank you 😘
Bahaha😂
Not possible       • •     • •  ⌐■ ■   ⌐■ ■   I\'m not that Ritzy  
Certain colors are not colors  scientifically speaking  There is always a debate about whether white and black are colors  In a common way of thinking  they are colors    Scientifically speaking however  they are not colors  A color is defined as a specific wavelength of light  scientifically speaking  Blue is a color  Violet is a color  Red is a color  These are colors because they actually exist on their own wavelength  Brown  black  white  and pink are NOT true colors  because they do not exist on their own wavelengths  They are either combinations of two or more wavelengths  that deceive our brains because our brains cannot separate wavelengths   or the absence of all wavelengths   ⚀⚁⚂⚃⚄⚅
Just beautiful 😎
We\'re actually talking about the same thing lol   If you wrote 可口可乐 in pinyin  it would give ke3 kou3 ke3 le4  that people would still read "可口可乐"  and while it doesn\'t make sense  it still does  in a sense  It roughly makes "can mouth can happiness"  which sounds stupid  but people know it\'s a foreign brand name  so they don\'t pay attention to the meaning of the words    That\'s also why writing someone\'s title is often better than their name  the original point   Chinese names have meaning  but western names "converted" to Chinese do not  or have very strange or awkward ones  as the ideograms still have meaning themselves  For example  Alexander becomes 亚历山大  ya4 li4 shan1 da4   or "the Asian calendar\'s mountain is big"  even if the Chinese will know that it\'s a foreign name  "The will of the blades" still sounds better than "the Asian calendar\'s mountain is big"  don\'t you think 
Man  Edge is terrible  Bookmarks doesn\'t work  it crashes  no sync between phone and PC and so on  😣
Happy new year from Croatia 😘
625 🙏🙏🙏
Erdoğan has many Kurdish supporters and he won\'t try to genocide them This conflict isn\'t TurkishvsKurdish conflict It is a lot more complicated than that   This is probably an Islamist attack 
They were a different breed  I\'ll never forget all the stories I heard ❤️
There are actually  31 realms of existence  http   www accesstoinsight org ptf dhamma sagga loka html  described in the canonical texts   Some we may have taken birth in  others are reserved for those who have attained the higher jhānas  Those who take birth in these  arupa lokas  do not return to the lower realms  They are called non returners   You may gain a fuller understanding by reading the  mahakammavibhanga sutta  http   www accesstoinsight org tipitaka mn mn 136 nymo html  
My date of choice was June 2017  I think it\'s still that "officially"      When I wrote that a few years ago  ppl got pissed   At me   like I control the shit   It was a sincere guess  based on many factors including show success  number of early release chapters  etc    Now I\'m pissed at myself for overestimating 😂 I\'m not pissed at GRRM  but I strongly believe he\'s decided to let the damned show finish  get that story out of everyone\'s mind   and then we\'ll have a late 2018 TWOW publish  and a "shortly thereafter"  2020   D E   or      well  I don\'t think he\'ll get ADOS out anytime soon  but I think he\'ll have plans for it to be released "one way or the other"   Maybe to "fix" the ending — I don\'t think he\'ll risk releasing TWOW post show  but leave the readers with only the show ending  He\'ll do the right thing    I hope he doesn\'t publish teasers tonight or tomorrow  That was some shit last year 
Cousins got handles 👀
AHH Thank you ♥♥♥♥ Can\'t wait for it  Then we can be twinzys and go get coffee with them on oh yes ♥♥♥♥ Happy New Year Dearie ƪ ♥ﻬ♥ ʃ
200 km in 2016   I started running mid October   I plan to run 2017 km this year  🙂
Yeah the drums as a whole prolly need to be beefed up  Thanks  👍
Happy New Year everyone     May the Rainbow Crystals Rain on you   ♥
What a pussy I need him 😂
Yeah me too  I just tried playing another path but stopped to unlock more of Rin\'s scenes  Damn game was too good   ¯     ツ   ¯ 
Too expensive for this drone  I bought it in sale for 155 USD  😂
I assume so conadildo is in charge   He\'s banned from Reddit for a picture of the Pope kissing a baby so he asked me to post it   Let me know if you swinging by I\'ll run downstairs a few   Wanna say hi 😁
I cant think of a better group of internet twats I would rather argue with for another year  🍻🍻🍻  Pints up lads
EMERY BOARD    😂😂😂 Jesus God I dropped my phone from that one  
I thought it\'s because people are more likely to recycle boxes  cardboard  than envelops  trash   All their boxes have the three arrow recycling symbol all over the place    Source—I am addicted to lightning deals ☺
Never wished to be an aluminum can before 🤔
Euroquan has a distributive number that\'s sort of similar  For example  we\'d say   Tréyes h₁ékʷoes n̥swóes   for  We have three horses   but we have a distributive form that goes   Tréyes tréyes h₁ékʷoes n̥swóes   meaning  We have three horses each   It\'s formed very simply by repeating the number  e g    pénkʷe pénkʷe   for  five each  
Huh  I hadn\'t even considered it  I tossed it in the photo just because  Thank you   I think I might   😊
I forgot how  Philip Glass  the Interstellar soundtrack sounded  The repetitive organs create the perfect ambience for the Vault  In hindsight  I would\'ve preferred this kind of theme to the techy vex themes  🤖👾🤖
His finger isn\'t even on the trigger 😂
Summary   oil that was suspended as small droplets     100 μm  in the water column biodegraded much more than oil that fell to the bottom of the gulf   I\'m curious about the future environmental impact of the oil on the bottom since there is so much of it   It seems it continues to harden as the lighter hydrocarbons are released or consumed   Can it eventually become inert as it hardens and  presumably  gets covered in sediment and sand  
HA i got a way better pc you loser  didya cheap out or are you some poor loser  I get lots of money from my family your probs poor as fuck boy     do yourself a favor and upgrade your pc then i will add you on steam     but for now im going to downvote you until you come back upgraded     😤
That\'s epic  I had a pet toad once that ate all of my lizards and my brother\'s lizards  and also a lot of our other toads  Way cooler than a dog and it doesn\'t make you look like a degenerate furry when you jerk off while stroking its bumpy but soft skin  😂😂  there\'s no fur so it\'s not a furry thing for any of you who are wondering   😂😂
Very well curated collection 👍🏽
Omg I totally would  They\'d probably think we were trying to rob the joint in weird masks lol      Happy New Year to you doll  ♥
The character for parcel  包  is not written super great  The two parts aren\'t supposed to be connected 
    ID    024  025  373     IGN    Falrein     Rank    83     Lead s     6★ Luneth  660   705 ATK depending on dungeon eq setup      Activity    Minutely      Looking for    High  500    ATK friends to run content     Other    I try my best to gear and assign Espers accordingly depending on event needs  Currently grinding Luneth  Maxwell  Fencer TM  Aiming to work on Ramza  Gaff and Karl TM afterwards  I only have 6 friend slots ATM but may add more    Happy new year  
Glad to see things are coming along nicely  Take your time and thanks for the update    P S    If you\'re looking for a tester feel free to ask me   ﻿
We\'re not sure  London or Edinburgh      Also thanks for the explaining to you all  i\'ll have no doubts now 	👌
Haha my background is of my car 😂 I got a lot of the people who are students in the auto shop I\'m in to watch monogatari  They think the case is pretty dope 
I don\'t know how else to explain to you that you\'re wrong  Google it  I gave you a wiki link  it   does   matter how you fall  Plain and simple  you\'re wrong  👍
 You\'re an idiot if you think me posting a picture of Kıvanç Tatlıtuğ to see if someone considered him white is me admitting to being Turkish  Get some better reading comprehension   You keep using these specific examples as if it proves something  I admitted in another post that a small minority of turks are still white  because originally turks were white hundreds of years ago  However today turks are generally not white at all  and as a rule that stands  Generalizations are important  Also that guy you keep talking about is half albanian  like you  so still at least half white for sure  The vast majority of turks are not fucking white  period    Also  suck my dick   Stop being such a degenerate faggot  seriously this projection is off the charts  We don\'t like homos here 
We have lots of bars in Utah   BUT    a lot of them can only get the licenses to sell our weak  depressing beer  none of the good stuff  😒  And yes  our fry sauce is delicious  I\'m partial to the kind with pickle relish in it 
I just wrote an ad about it  I feel trapped and I hate it  You can read the text of the ad below    You ❤ slutty women    Dating is difficult for me  Initially  they love my sex positive attitude  That enthusiasm quickly turns to disgust or discomfort when when I tell them about my past sexual adventures and current desires   Where do well educated  attractive sluts find long term relationships with men who accept  embrace and love their slutty ways   It shouldn\'t be this difficult yet the man and relationship I seek are so very elusive 
SM idk what drugs ur on but that\'s some gudshit👌💯👌👌   On another note  I like how riskier the sound of this album is  I definitely liked   127  but I always thought most of the songs played a bit safe   
Good tip  Judgy Judgerson  ಠ ಠ 
Same 😏
Ouch  That\'s painful 😞
  Hellsing Ultimate       MAL  http   myanimelist net anime 777    A P  http   www anime planet com anime hellsing ultimate    AL  http   anilist co anime 777    ADB  http   anidb net a3296      OVA   Status  Finished Airing   Episodes  10   Genres  Action  Horror  Supernatural     BACCANO        MAL  http   myanimelist net anime 2251    A P  http   www anime planet com anime baccano    AL  http   anilist co anime 2251    ADB  http   anidb net a4897      TV   Status  Finished Airing   Episodes  13   Genres  Action  Supernatural           anime      LN        FAQ  http   www reddit com r Roboragi wiki index        r   http   www reddit com r Roboragi        Edit  https   www reddit com r Roboragi comments 3i82q0 by mentioning his username roboragi can now       Mistake   http   www reddit com r Roboragi submit selftext true title  ISSUE  text https   www reddit com r Animesuggest comments 5lbyoq animes that are good dubbed dbumv9k       Source  https   github com Nihilate Roboragi       Synonyms  https   www reddit com r Roboragi wiki synonyms       Kurisu   Mayuri       ♥  https   www reddit com r Roboragi wiki thanks 
Happy new year buddy 😉 
He is the president of Turkey Recep Tayyip Erdoğan  And the point of the meme is people celebrate the new year and then get back to their shitty lives 
  trove       trōv       noun    a store of valuable or delightful things        "the museum\'s trove of antique treasure" 
  Ixion Saga DT       MAL  http   myanimelist net anime 14765    A P  http   www anime planet com anime ixion saga dimension transfer    AL  http   anilist co anime 14765    ADB  http   anidb net a9269      TV   Status  Finished Airing   Episodes  25   Genres  Action  Comedy  Fantasy           anime      LN        FAQ  http   www reddit com r Roboragi wiki index        r   http   www reddit com r Roboragi        Edit  https   www reddit com r Roboragi comments 3i82q0 by mentioning his username roboragi can now       Mistake   http   www reddit com r Roboragi submit selftext true title  ISSUE  text https   www reddit com r Animesuggest comments 5lc93n fantasy animes with plenty of comedy and optional dbumvuk       Source  https   github com Nihilate Roboragi       Synonyms  https   www reddit com r Roboragi wiki synonyms       RoboRecommendation™  https   myanimelist net manga 2 Berserk       ♥  https   www reddit com r Roboragi wiki thanks 
They are so easily OUTRAGED   OFFENDED by Trump  😂😂😂
Am Canadian  definitely use emojis 😊
 r NASCAR   Actually   maybe not for now    🤔
Reddit 😂
Thank you  I\'ve talked to my mom about it  She was the same as me before she had kids  She said the thoughts were easier to deal with once she had a family of her own  I FaceTime my family pretty often and visit whenever I can  Thankfully my anxiety has calmed down and I\'m coping a lot better  the thoughts don\'t get in my head as much and when they do I just think of how young I really am and how healthy my parents are  I\'ve also been reading about how to trick your mind into slowing down time  it said to always learn new things and have new experiences  so now I\'m reading a new scientific article everyday so the days don\'t seem to fly by  It\'s been working pretty well  ☺️
I hope it\'s not your last 😊
That seems like a responsible way to work 👌🏼
I never found any alien disgusting or weird  just interesting  They are just different for their own evolutionary reasons  I personally found all of them just plain interesting  Some more then others    cough  Asari  cough     ͡° ͜ʖ ͡° 
Thank you for your submission  Unfortunately  it has been removed for the following reason s        This submission falls under our "certain topics will always be removed" category       We like having a  casual  environment and some topics are better suited elsewhere→   r CasualConversation w rules wiki we are not chill with 2026      Posts that are  low quality  https   www reddit com r CasualConversation wiki faq wiki what does low quality mean 3F  or  not casual  https   www reddit com r CasualConversation wiki faq wiki what qualifies as casual conversation 3F         Topic better suited for  r SeriousConversation            If  you  have  any  questions   we  ask  that  you      message  the  moderators    https   www reddit com message compose to  r CasualConversation subject My submission was removed message I have a question regarding the removal of this  submission  https   www reddit com r CasualConversation comments 5lc551 im in a hospital in canada watching some cage   ⇢   directly  for  appeals      Please  refer  to  our     detailed  rules      r CasualConversation w rules     Take  a  look  at  our   subreddits  directory    r CasualConversation w directory  
It only has 4 URs compared to JP 13 URs 🤔 I guess they are fixing the rotation or something
I\'d actually really like to know people\'s opinions about this also 👍   My take  this has got to be one of the most bizarre political seasons I\'ve ever seen anywhere in the world  I believe after things calm down it\'ll come up once or twice in the news then die  I don\'t think the war on pot is going to continue forever 
NolantheBoar   I think you misunderstood something from your textbook  Hadith do indeed refer to the actions of the Prophet ﷺ  A hadith is a report of a statement  an action  or a tacit approval of the Prophet ﷺ  Of these three  the largest number of narrations are of the Prophet ﷺ\'s actions   Best   TheMuslimShrink
  Says to type japanese while having バカ in his title    Calls him a dumb weeb 
Thank you for your submission  Unfortunately  it has been removed for the following reason s       This submission has been abandoned by the submitter        We\'re here to talk  we don\'t want the submitter to make a thread and completely ignore it→   wiki link       The submitter is required to reply to any top comment within the first 3 hours      Don\'t make a thread if you are going to be away and not able to participate in the thread      If you have come back and would like your thread reapproved  shoot us a modmail           If  you  have  any  questions   we  ask  that  you      message  the  moderators    https   www reddit com message compose to  r CasualConversation subject My submission was removed message I have a question regarding the removal of this  submission  https   www reddit com r CasualConversation comments 5lbktn my friend wants to start an animal shelter in our   ⇢   directly  for  appeals      Please  refer  to  our     detailed  rules      r CasualConversation w rules     Take  a  look  at  our   subreddits  directory    r CasualConversation w directory  
Also my tolly makes a lot say oh golly 😏
Yes  I\'ve always wanted to have you do an AMA  Thanks  😃  My questions   1  How old are you  2  What do you average on 2x2 and 3x3  3  what are your opinions on the GuoGuan XingHen  4  Do you think your 2x2 record will ever be broken  5  do any people in the street randomly recognize you and say stuff like  "OMG  WAIT  YOU\'RE  UM  THAT 2x2 RECORD GUY  OMG OMG   OMG      UM   UH    HI "  If so  can I have a story on how that happened  6  How do you pronounce your name    Thank you so much for this AMA  these are really awesome  
Hello    I have honedge egg that matches with your tsv  Would you hatch it for me please   IGN  나미  FC  0963 3533 4886  B2   1 2   Honedge  ♀    Modest   No Guard   31 23 31 31 31 30   Ice  3609   No nickname and hatch location is needed  Timezone  GMT 10  I\'m free from 12pm 12am mostly  Thank you  
Thanks  BTW  you may be one of them most positive people on Reddit ever  😊
I have heard conflicting results ala Ponds and Fleishmann with Cold Fusion  so I am still interested enough to do some digging    http   vixra org abs 1603 0153    Null Result for Prediction of Asymmetrical Anomalous Force from Frustum shaped RF Resonant Cavity     Authors  E  Samsonov  NASA\'s Preliminary Paper  http   arc aiaa org doi 10 2514 1 B36120  Measurement of Impulsive Thrust from a Closed Radio Frequency Cavity in Vacuum  A vacuum test campaign evaluating the impulsive thrust performance of a tapered radio frequency test article excited in the transverse magnitude 212 mode at 1937 MHz has been completed  The test campaign consisted of a forward thrust phase and reverse thrust phase at less than 8×10−6torr8×10−6 torr vacuum with power scans at 40  60  and 80 W  The test campaign included a null thrust test effort to identify any mundane sources of impulsive thrust  however  none were identified    Thrust data from forward  reverse  and null suggested that the system was consistently performing with a thrust to power ratio of 1 2±0 1mN kW1 2±0 1 mN kW      Read More  http   arc aiaa org doi 10 2514 1 B36120        
Happy New Year  You guys and gals are a blast  thanks for always making my day a bit more fun ❤️
Bro you\'re a little too high 😂😂
Had to google what a Mack truck is😂
This picture makes me indescribably happy  😀 
Welcome   I\'m so glad you found us   I don\'t blame you for being finished with her  many of us are NC with our BPD parents because it is the only way for us to maintain our mental health and well being   Welcome home    hugs   PS  Are you sure you read  all  of our rules before posting   Because I think your post is missing something   Please re read and revise   thanks  😽
Ok in the first clip you have a clearly distressed Dog and some horrible child screaming every few seconds  I would seriously make that kid eat the worm after I pulled it out ﻿ 
Actually that works thanks   ͡° ͜ʖ ͡°  
This is my fear  too  Part of me thinks I shouldn\'t wean because I\'m not ready  but another part of me knows that not having a second kid is a lot bigger deal than getting to nurse a few extra months years  😭😭
Please don\'t get the first option  that is not a rune or anything related to Norse Mythology  I believe is has something to do with a modern book saga using the term terms for their meaningless symbols    What I could found was this rune   Ōkān  Increase  Grow  Pregnancy  Strength   I cannot attach the image but look into this website at the bottom   Esoteric Runes  http   www burzum org eng library paganism11 shtml  
Are you guys fucking kidding me  I know all sports subs have off season shitposting  but fuck me  I swear to god all these posts are made by fucking 12 year olds  MS paint drawings of yourself in a fire suit  Are you fucking kidding me  I\'ve been active here for over 5 years  way WAY longer than all of you worthless shitposters  Not that I\'m bragging actually yeah I am FUCK you  and I\'ve never seen anything this fucking bad  None of this "content" if you can even call it that is even worth looking at  much less spending actual time creating  I still come here everyday but most days make me want to just huff fucking glue cause the posts discussions and "anarchy" trends are unbelievably ficking stupid  This sub has so much potential and great mods  seriously  the mods have always gotten a 👍🏻 from me  way too many of the users just post shit  SHIT content and have stupid ass fucktarded opinions that don\'t make a god damn LICK of sense  Fucking a  I hope I have enough of a reputation around here that this drunken ass rambling be tolerated  but if not whatever  I\'d like to have a beer or 6 with a lot of you guys  but Maybe I\'m just getting bitter but we can do way fuckin better  I sure as fuck didn\'t vote for trump  but let\'s MAKE  R NASCAR GREAT AGAIN        Source  https   www reddit com r NASCAR comments 5l6nwe this sub has gotten atrociously bad and i just  
😂😂
Just keep believing the things he says  who gives a shit if they\'re true or not as long they  feel good   right  ಠ ಠ
It\'s my main news aggregator  Good  accurate breaking news  insightful analysis  varied sources   yes  the funny  impish  mischievous sh🍄tposts 
Lol ok 😂   Let me take my rouge out of the makeup box and wonder why they titled a movie that way 
There\'s quinoa  black beans  home made guac and pico and fried plantains      Oh and sweet potato fries 💜 
Caught my 100  Bulb  today too but it have 70wp 😂 
Every first person execution is my favourite   ͡° ͜ʖ ͡°  
It is also Holocaust period Jewish people covered just under six million of those murdered during the Holocaust  Czesława was part of the other 5 million who were murdered 
  Respect → reserved exclusively for those who lavish praise upon him 
Happy new year 👌
MmmMmMmmm that chiaroscuro 👌
We saw James in the Netherlands   ͡° ͜ʖ ͡°  
See edit  Finally fuckin\' found it  😭 It\'s  Hugo   https   gohugo io  
I know  What you say hits home for me  Meanwhile my husband goes  I\'m so glad he is growing up  I can\'t wait til he can actually do stuff with us     I\'m always like  what do you mean    I wish he could stay little forever ❤
You\'ve been giving Clemson sass all day  I just want to say I appreciate you ❤️
Oh ok  I don\'t feel like i missed out then   😛
I love your box and stash jar  I have the same one in neon orange  Hiding in plain sight 👌
Marcus never really liked the flat brim 😉 We can\'t torture him for another year 😂
You made it through the hardest part   Welcome back to the real 🌎 world  I\'ve been there I know  I\'m throwing many blessings your way    🙏🏻🙏🏻
My dog once changed the TV to an inappropriate channel  ¯     ツ   ¯  EDIT  Fixed it 
  Kateikyoushi Hitman Reborn        MAL  http   myanimelist net anime 1604    A P  http   www anime planet com anime kateikyoushi hitman reborn    AL  http   anilist co anime 1604    ADB  http   anidb net a4747      TV   Status  Finished Airing   Episodes  203   Genres  Action  Comedy           anime      LN        FAQ  http   www reddit com r Roboragi wiki index        r   http   www reddit com r Roboragi        Edit  https   www reddit com r Roboragi comments 3i82q0 by mentioning his username roboragi can now       Mistake   http   www reddit com r Roboragi submit selftext true title  ISSUE  text https   www reddit com r Roboragi comments 5l8mjn issue dbun16n       Source  https   github com Nihilate Roboragi       Synonyms  https   www reddit com r Roboragi wiki synonyms       RoboRecommendation™  https   myanimelist net manga 2 Berserk       ♥  https   www reddit com r Roboragi wiki thanks      💰 
omg  mom  i\'m at the pinned notes  😱
I wanna suck ur thick juicy BBC and ur big black balls daddy 😆
How many we talkin  😜
Yeah the first time I came off suboxone it was a nightmare  Mine lasted about three weeks and then I started to feel better every day  Although I didn\'t taper like I think you said you did  just quit cold turkey  You can do it   I\'m back on zubsolv now because of some surgeries I had to have this year  Not thinking about quitting    yet  My clinic is telling everyone they may not get funding in the new year when we get our new President    😬
I SHOULD HAVE KNOWN   Happy new year my rectangular hennies of the world  ❤😘
Oh how I wish I was back in Scottsdale right now   😩
Top comment    Watch RT emerge in the next few months as the only legitimate news network ﻿
Tell me about it 😫😅
Lmao  I live in a Black Forest Cake  😂 Effin autocorrect making em incorrect
Yep  I actually bought TWO single bottles of beer at the store today because I plan to throw down tonight 😎
If I rearranged the alphabet I\'d put U and I together  😉    and C and P 
Know this isn\'t your point but Czesława wasn\'t Jewish  She was Catholic     You delete and repost  I just reply again  
You can find one in S  3         You could also construct one  Take any group N with a non trivial automorphism group H and consider the semi direct product N ⋊ H   Or take any non commutative H and  non trivial  K  then H x  e  is a non trivial normal subgroup of H x K  
Flower won\'t fight since Murray is injured 😞
Happy New Year from Belgium    🇧🇪
Cmon man 😃
Lizard Squad‏  LizardInvasion  Not stopping  Xbox Live will be down for the entire night and new years eve   LizardSquad    Yeah  looks like they\'re up to their typical bullshit again
Tiny but curvy  Very sexy👍
  Wasn\'t at Mania 30 ✓   Stepped out multiple times to take a break  branch out  and refresh his character ✓   Seems to get better with each new run ✓ 
  Gantz       MAL  http   myanimelist net anime 384    A P  http   www anime planet com anime gantz    AL  http   anilist co anime 384    ADB  http   anidb net a2400      TV   Status  Finished Airing   Episodes  13   Genres  Action  Drama  Horror  Psychological  Sci Fi  Supernatural           anime      LN        FAQ  http   www reddit com r Roboragi wiki index        r   http   www reddit com r Roboragi        Edit  https   www reddit com r Roboragi comments 3i82q0 by mentioning his username roboragi can now       Mistake   http   www reddit com r Roboragi submit selftext true title  ISSUE  text https   www reddit com r Animesuggest comments 5la96t anime with tons of death dbun3cv       Source  https   github com Nihilate Roboragi       Synonyms  https   www reddit com r Roboragi wiki synonyms       Satsuki   Ryuuko       ♥  https   www reddit com r Roboragi wiki thanks 
I would shout her a glass of champagne  or equiv  and lunch 😍 how exciting for her  🥂
Happy New Years to you too from Ny  Us🇺🇸
It\'s always nice to be naked in Hawaii😊
If you find it  let me know  I\'ll cover everything and then some  😀 
Gah it wouldn\'t register my halting 😖😖 I\'m so sorry  did you want him to learn sucker punch 
Hello    I have Gastly egg that matches with your tsv  Would you hatch it for me please   IGN  나미  FC  0963 3533 4886  B2   3 2   Gastly  ♀    Timid   Levitate   31 18 31 31 31 21   Dragon  0428   No nickname and hatch location is needed  Timezone  GMT 10  I\'m free from 12pm 12am mostly  Thank you  
That just sounds like a shitty map 🗺 
 Even  though  it’s  been  years  since  Angelina  Jolie  and  Brad  Pitt  hooked  up   leaving  Jennifer  Aniston  in  the  dust   the  love  triangle  still  continues  resenting  the  hero  tuebl itunes Telefon  wolny Resenting  the  Hero  cheap  acquire  read  kitap    Comment  télécharger  resenting  the  hero  pdf resenting  the  hero  epub No  pc  Resenting  the  Hero  tam  free  Hanvon  WISEreader  Alexander  the  god     Livius Sample  of  Irish  Convicts  that  were  transported  on  the  Britannia  in  1897   Although  records  of  their  sentence  exist   for  many  there  is  little to no  records  of  crimes Set  of  2  Sandisk  iXpand  64GB  Flash  Drive  for  iPhone  and Alexander  as  Zeus   Coin   minted  after  the  Indian  campaign     Alexander  the  god  Receiving  divine  honors  and  being  considered  the  son  of  a  god  was  one  thing połączyć e  book  acquire online  store how  download   de  venta   móvel book  opf Resenting  Sur  tablette   Application  mobile   Alicia  silverstone  anti vax  meeting  that  only  attracted  15  fans  of  her  blog  The  Kind  Life  that  centres  on  veganism  and  leaving  an  "eco friendly"  life  Convict  Crimes     Australia Alicia  Silverstone  anti vax  meeting  that  no one  went  to  Emily  Holt   founder  of  Hero  Shop  The  Mask   Glossier  Mega  Greens  Galaxy  Pack    22   glossier  The  Ritual     Full  disclosure   I’m  not  a  mask  fiend   but read  lien   eReader sans  paiement Bulucu   italiano  sem  pagamento   ting  the  Hero   Foxit  eSlick download  Resenting  the  He  bookshop    Link    de  venta  book  Resenting  th  Senza  pagare    nti  nessuna  registrazione literary   book   resenting  the  hero  book A  description  of  tropes  appearing  in  Ultimate  Enemy   Danny  Phantom\'s  second  Made for TV  Movie   With  an  all important  test  coming  up  that  he  hasn\'t  had  time  … resenting  the  hero  series The  Best  Face  Masks  and  the  Chic  Women  Who  Swear  by  Them resenting  the  hero  mobilism iphone   Tragbar   Tienda  online  acquisire  a  buon  mercato   Como  leer  full  version  book  the  Hero   download  la  tableta    senti  Wie  man  online  lesen    resenting  the  hero  ebook Free  up  some  storage  space  on  your  smartphone  and  tablet  with  this  two pack  of  SanDisk  iXpand  flash  drives  Jules  Hedgehog  was  the  husband  of  Bernadette  Hedgehog   brother  of  renowned  scientist  Sir  Charles  Hedgehog  and  father  of  world famous  Freedom  Fighter  and Jennifer  Aniston  Tells  Chelsea  Handler  To  “Shut  Up”  About Extras   Tom  Hanks  is  just  a  normal  blue collar  guy  —  just  like  Sully  Sullenberger   Hero  of  the  Hudson   That  doesn’t  mean  that  he’s  cool  with  giving download  Resenting  the  Hero  chm  alemão   resenting  the  hero  moira  j  moore  pdf lector link sin  pagar   quel  prix chapitre   księgarnia   Resenting  the  download   resenting  the  hero If  the  name  Jack  London  rings  any  bells  at  all   it  likely  brings  to  mind  vague  images  of  huskies  and  sleighs   The  author’s  most  enduring  novel   1903’s The  Ultimate  Enemy   Western  Animation      TV  Tropes 5  Facts  About  the  Wild  Life  of  \'Call  of  the  Wild\'  Author Saturday  Night  Live  recap   Season  42   Episode  4     EW Application  pc  read  Compra  barato   Resenting  the  Hero  gözden  geçirmek   online  H  italian  vinder      free  senting  the  H  Bulmak    widok  nasıl  indirilir    Jules  Hedgehog     Mobius  Encyclopaedia     Wikia free  he  Hero  Anwendung  pc  Kayıt  yok    resenting  the  hero  moira  moore resenting  the  hero  amazon resenting  the  hero  read  online   https   www reddit com 5l69cy  https   www reddit com 5l69cy    https   www reddit com 5ktbp2  https   www reddit com 5ktbp2    https   www reddit com 5isnsg  https   www reddit com 5isnsg    https   www reddit com 5l1r0s  https   www reddit com 5l1r0s    https   www reddit com 5jskmo  https   www reddit com 5jskmo    https   www reddit com 5kb6qx  https   www reddit com 5kb6qx    https   www reddit com 5himul  https   www reddit com 5himul    https   www reddit com 5hitz4  https   www reddit com 5hitz4    https   www reddit com 5l5kl7  https   www reddit com 5l5kl7    https   www reddit com 5l7i7d  https   www reddit com 5l7i7d    https   www reddit com 5i0th3  https   www reddit com 5i0th3   
Holy fuck    😅Microtransactions  More like Naughtytransactions   
I was thinking about downloading that too  I had to sit through 96 gigs of halo 5 🙃
Happy New Year to the racists 🍻 and the metropolitan elites 🥂 
Did he cancel that shit  too   Also you just named one song  which was good  Mixtape was okay  too  Angels is solid as well  Now can you honestly say  that from how great and promising Acid Rap and his verse on Ultra Beam were  that Coloring Book was as good  Or that it meet your expectations  Nah  The songs seems radio friendly  which Chance has always been  The difference was that it didn\'t seem like it was coming from him  There seemed to be influences that  while still good  feel flat  Oh well since the media outlets say it\'s good   ಠ ಠ
Fuck how did i missed that  That title is indeed 🔥
I love this sub   happy new year  🎉🎉
That underwear is hot as hell  You\'re gorgeous as well👍
Most definitely 😏👌
So are you really doing this or what  I mean this is a good idea but we know it is all about that execution 😁
Haha  never seen it  I was close though  But really  I\'m drunk 😂
Me and my crew stayed there last year and it was wild  My girl and I are at the comfort inn this year 😀
🤔 fair    When was the last time you opened up and were pissed on 
I\'m honestly gonna jump in this  So my goals are  •Improve in my art drawing skills  I\'ll make a piece so i can redo on this date to really see  •be more confident  •get my license and complete a good drive in the car •Learn from my flaws from my last relationship ship and improve on them so they\'re better for the next •Have a great school year as a Senior •Come more intouch with my family members like cousins n stuff  even family in PR  Let\'s see what I do 👌🏽😬
  you and kittenmommy seem to be the absolute pillars of success when it comes to being NC  NC is pretty easy when your BPD mom is dead  though  😜
😓
Offroad it  Scratch the shit out of the rest of it like it\'s supposed to be  Problem solved 😊
Hi  u drikoz  Your comment has been removed because your flair isn\'t set up correctly        Set up your flair here   http   pokegiveawaybot tumblr com  btn  If that doesn\'t work     here is a visual guide     http   i imgur com qKw7Hto png  Please enter one in the format  1234 1234 1234   IGN   by using the  edit  button in the sidebar where it says         ☑ Show my flair on this subreddit  It looks like      3333 3333 3333   Ash Ketchum  ΩR       edit     Make sure the box is checked to enable flair  If you don\'t know how to find the 12 digit number you need  please check out    this guide    http   www modojo com features nintendo 3ds friend codes everything you need to know  to find your friend code     I am a bot  and this action was performed automatically  Please  contact the moderators of this subreddit   message compose  to  r Pokemongiveaway  if you have any questions or concerns  
Thanks 😅 so what do you do 
Oh sure  they let THESE teams fight  😒
Sorry  it appears a dog shit on your fries💩
Hello    I have Gastly egg that matches with your tsv  Would you hatch it for me please   IGN  나미  FC  0963 3533 4886  B2   4 1   Gastly  ♀    Timid   Levitate   31 18 31 31 31 7   Dragon  3977   No nickname and hatch location is needed  Timezone  GMT 10  I\'m free from 12pm 12am mostly  Thank you  
He edited it out hahah  "He Originally Typed It All Out Like This" 😂😂😂
Live look at Werenski\'s reaction to those fights  😐
I\'d call that the first win of the evening 😂 
When I do math in the shower I write in the condensation on the wall with my finger   ¯     ツ   ¯
I use red shampoo and conditioner  but I\'ll look into it when I run out  ☺️
Get yourself a Wet Brush  son  Zero breakage 👌
I did 😕 but I know her    So am I still oppressing her  
I bought FIFA on the PS Store 😔
Not gonna lie  got a little half chubbed there 👍👏👏
I know that but it doesn\'t change my luck    🎉 happy new year 
Replacing my r／Pokemon bookmark with a permalink to this comment so I can just glance at it everyday and get the same experience 
Thanks  I know it\'s harmless  just kind of weirded out by it I guess  Maybe I\'ll bring it up and ask him to compromise  You can eat all the boogers you want  just don\'t do it in front of me  Not too unreasonable right  😐
Yeah man why can\'t we get pressing X twice in a menu and watching a animation again  👌
Happy new year 😀
Nope you will never walk alone 🎶
 This is the guy\'s website  http   conversationrage weebly com    It was posted all over the Starbucks page and he posted it on his own FB page and post  so I think it\'s OK to post here    Some highlights     I will accept no criticisms  messages from males  people outside of Spokane  Washington or anything from here from women over 26 years old  Nope  Sorry  Not here to hear it  Move along  I won\'t give up until I\'m satisfied    I\'ve got no tolerance for bigotry  You can\'t both be a liberal and a bigot      emphasis mine  This is sounding very familiar  Accusations of bigotry  check      I don\'t have any reason to live  I want to die  I wish I was dead more and more every day  Every day is emotional pain without your love  It\'s been 5 years since I\'ve had a girlfriend  I have no reason to try anymore or to even live  Every day makes me feel like dying  I want that date  Because of your hate I want to die  Date or suicide  I\'m blocking all haters  No advice taken  I want to die  Now I said I need that date ​     ​Millennials are bigots  They mostly only date other Millennials  I\'m Generation X  37 years old  Go out to dinner with me or I\'m going to commit suicide  Be a single 18 to 26 year old woman in Spokane  Washington  without kids and send me an e mail from my website or I\'m going to swallow this entire bottle of pills because it\'s been 5 years and your rejections make me want to die   OK  now it\'s really sounding familiar  Threats of suicide  check  Emotional blackmail  check     We now have 2 audio recordings of the manager on W  Main Starbucks in Spokane  Washington threatening to rape 2 of my female friends  We\'re going to the police if you don\'t remove my ban  This is discrimination against something that isn\'t even illegal  Ageism  Bigotry  Prejudice  Hate crime  Felony offense    Hmm  Now just plain threats  check     What if I were to tell you that dating men over the age of 35 lowered your risk of cancer  depression  anger  stress  made your immune system stronger and gave your children with them longer living DNA  I\'m a creep  So you\'re both a liberal and a bigot at the same time  And I thought Republicans were bad  Clearly  there is no love    Pseudoscience   accusations of bigotry  check      I can\'t even look at kids or beautiful women without crying anymore  You\'ve taken everything away from me with your hate   Oppression claims  check     Don\'t call me a creep  bigot moron  Go join the GOP if you\'re going to be a hater  Screw you   Calling the opposition right wing  check   And the kicker     I won\'t take no for an answer  Just trust me  I\'m not the monster here  I never was  You have no proof other than than testimony of bigots  I never will be the evil you profess I am  Delusions such as these make your mind look rather lacking as I\'ve deftly explained of your chromosomes  You\'re the sociopaths  You\'re the creeps  Not me  Don\'t shoot the messenger  Stop the hate  I\'m not narrow minded at all  I\'m not even racist  I\'m not an ageist   Gaslighting  check   OK  so this guy is seriously mentally ill  His page is a rambling mess of incoherent nonsense  He\'s a creep  but he\'s a legitimately sick creep who truly does need mental help  And drugs  Probably more than a few    But really  don\'t the ramblings of his sick mind sound exactly like the ramblings of other minds you will find on YouTube  Everyday Meninism  and Feministing  Why is it that everyone can recognize that what this dude is saying is obvious pseudoscientific garbage and that he is obviously ill  but when  say  that Justin  Riley  Dennis dude does it  It\'s somehow stunning and brave  and makes perfect sense  It\'s almost the  exact same fucking thing   
Yeah man  a free night without the kids so you can cool out with your girl is always nice   Wishing you and yours a Happy New Year👍🏾
  Teekyuu       MAL  http   myanimelist net anime 15125    A P  http   www anime planet com anime teekyuu    AL  http   anilist co anime 15125    ADB  http   anidb net a9367      TV Short   Status  Finished Airing   Episodes  12   Genres  Comedy  Sports           anime      LN        FAQ  http   www reddit com r Roboragi wiki index        r   http   www reddit com r Roboragi        Edit  https   www reddit com r Roboragi comments 3i82q0 by mentioning his username roboragi can now       Mistake   http   www reddit com r Roboragi submit selftext true title  ISSUE  text https   www reddit com r Animemes comments 5lbpqs whenever i get it up dbunam3       Source  https   github com Nihilate Roboragi       Synonyms  https   www reddit com r Roboragi wiki synonyms       Subs   Dubs       ♥  https   www reddit com r Roboragi wiki thanks 
Cute  I won\'t be thinking about you at all 😅
I have an important question for you  Nutcromancer Ah Puch Flair   Did you get the Ah Puch Skin    ͡° ͜ʖ ͡° 
Yes and no  she is from an alternate universe world  or dimension works too I suppose   In her world  Miyamoto Musashi is a female and while she is still an amazing sword wielder  she never became famous like the one in our history   She says someone she met before told her that she is a Musashi from world outside of main stream and she is a Musashi of "Trimming Phenomenon"   剪定事象 or "Trimming Phenomenon" seems to be a new Nasu word and the meaning is still very vague so I\'m not sure if this is a good translation but we probably will learn more about it in the coming story   So while she is certainly not the Musashi we know in our history  I wouldn\'t really call her "fake"   Toward the end of the trial quest  the Oni says that her world is already gone and that she has no place  world  to return  Thus  Musashi has been traveling  rayshifting  from world to world against her will   Oh and I don\'t think she says girls are more equal in her world 
Dam i just got mine this Christmas   But ill listen to you 🖒XXXDDDD
Hello    I have Gastly egg that matches with your tsv  Would you hatch it for me please   IGN  나미  FC  0963 3533 4886  B2   4 3   Gastly  ♀    Timid   Levitate   31 18 31 31 31 31   Dragon  2186   No nickname and hatch location is needed  Timezone  GMT 10  I\'m free from 12pm 12am mostly  Thank you  
This is my New Years wish😂🙏🏼🙏🏼
You finished out strong this year my man 👏
To be honest I did the same thing and then I realized that I had seen this set of pictures before  Czesława was actually part of the 5 million non Jewish persons who were murdered  All told the Nazis murdered 11 million as part of their plan 
Indeed they do   Thanks  hugs back 😄
Oh  oh oh oh 😂😂😂 Wasn\'t it last year he was posting all day  NYE or 1 1  and   posted into the middle of the fucking night      I just posted IFTTT recipe I have for getting texts whenever he posts  I went TF to bed  and then I\'d hear my phone go off — I had obnoxious AF notification back then — but  I\'d get up and read that GRRM post   I finally just muted phone  I think he was going strong at 2am or later  
https   instagram com p BOsrGa3gY v  ended the year with a smooth 475  3 weeks out 😅  happy New Years to everyone and may future gains be coming to all
Obligatory \'User name checks out\' 😁😁 He\'s trying to teach me  Spoiler  I  am not smarter than a fifth grader   lol 
I don\'t think there are swastika emojis  but there are swastika text symbols 卐 卍  In the west it\'s associated with Nazism  but in much of Asia it\'s a religious symbol  you can even see it on maps marking temples   It\'s originally a symbol of good fortune   Just like with the swastika  pentagrams as evil is more of a recent interpretation  In wicca  upright or inverted it just represents the elements  spirit  water  fire  earth  air   In christianity the upright is supposed to represent the 5 wounds of Christ  but in modern times many christians view both directions as evil 
Either way I\'m 😴
I\'ll leave that for another shower thought 😂
Do you ever fantasize about having them all filled up at the same time  Cus I am  😜
Kat Von D\'s lipsticks are highly pigmented and stay on all day  and they\'re only about  18 a tube  😒
At the end of the day  you lot elected Trump and that\'s the end of all arguments for the next 500 years   ¯   ツ   ¯
It\'s pretty young to have had a predictable \'routine\' for night id say  Probably the consistency will start coming now leading up till 6 months   With a 4 month sleep regression maybe thrown in 😭    Sorta just have to go with the flow when they\'re that small  
That nose😍
Another EasyASMR fan here  I prefer male voices but I\'m not into the whole roleplay thing  ASMR Zeitgeist is also cool  My favourite triggers are superclose whispers  beard scratching and strong mic brushing scratching  I have zero clue about microphones  I only know if I like what I hear 😊 A Facebook friend posted a link to an asmr vid  and I ended up bouncing around various asmrtist channels until I landed on EasyASMR 
Awww thank you so much   😁
k  thanks😔 
My wife\'s from Ayrshire  Dunlop Young Yobs 👊👊
Not old enough  🙄
Happy new year  Here\'s to 2017 🍻
I can\'t believe it  I was on the firmware and updated because we were told that 20 1 1 was the best chance 😢
Had a hard time getting past how he kept mispronouncing Ico and Trico  but overall a really great review hitting on most of the same feels I have about the game experience   His explainer for R1 X is going to help a ton of people  Did you know The game manual actually explains all the controls  I know  who even reads those anymore  😂  https   docs playstation com reader   the last guardian ps4  R1 Circle is “Action” and R1 X is  as the reviewer discovered  “Cancel”  I have no idea what the manual means by “Action” but in my own experimenting I think it means something more like “Play”  It will get Trico to play with a chain or play with the wheel thing that opens a door in one spot 
Since it disturbed some people and tried to argue with me  I am adding that as a reply  This is interesting Tweet  There was a TV series called "Nizama Adanmış Ruhlar" which aired years ago at Gulenist Movement\'s main TV channel STV    In 89th episode at show  Ambassador is killed  In 90th episode at show  Santa is attacking to club    Here is scenes  https   twitter com Greywolf1909 status 814045340651372545  More about Gulenist Movement  https   en wikipedia org wiki G C3 BClen movement  PS  I just saw at my Twitter feed and found that interesting  Not trying to tell something  Noting that lots of clues shows this is an ISIS attack  
What if you registered one gun  and then just made a bunch of 80  lowers and put the same S N on them  That would be just a bad illegal idea and I would never consider it  😐
Seems like a very legit case of pareidolia  I see a face too  but with the extreme amount of distortion it\'s nothing short of impossible to identify anything for sure  Then again I have been wrong before  🤗
Sax rivers because I can always trust a saxy man 😫😛
Wow very disrespectful  My husband died yesterday of testicular cancer 😂  
I have eating disorders  restricting then binging and throwing up😬
2017  ≈ 4 69 x 10 5791           I   am   a   bot    this   was   performed   automatically    Please   message    u DopeyLizard   if   you   have   any   questions 
I need one too 😢
I just got the exact same DēzlCam for Christmas   Yes I can tell you of upcoming weigh stations  I\'m not exactly sure how to activate it right now  as I don\'t have the gps with me 
Hi  my dear friends  If you want get acquainted with me  please email me at mrgearfriendship gmail com In the letter tell me briefly about yourself  Sorry  I can\'t answer everyone  but I\'ll answer the most interesting emails  Have a good day    ﻿
    ID    026 354 170     IGN    Amy     Rank    48     Lead s     6★ DKCecil     Activity    Hourly     Looking for    I really need help on completing some Trial content  I would appreciate it if someone with high carry potential could add me for 24 hours or so  Wanting to beat Antenolla specifically so a build for that would be SUPER appreciated  Love to any helpers 
Sounds good  Happy new year from the US  😊🍹
Hi  my dear friends  If you want get acquainted with me  please email me at mrgearfriendship gmail com In the letter tell me briefly about yourself  Sorry  I can\'t answer everyone  but I\'ll answer the most interesting emails  Have a good day    ﻿
Hi  my dear friends  If you want get acquainted with me  please email me at mrgearfriendship gmail com In the letter tell me briefly about yourself  Sorry  I can\'t answer everyone  but I\'ll answer the most interesting emails  Have a good day    ﻿
Hi  my dear friends  If you want get acquainted with me  please email me at mrgearfriendship gmail com In the letter tell me briefly about yourself  Sorry  I can\'t answer everyone  but I\'ll answer the most interesting emails  Have a good day    ﻿
Hi  my dear friends  If you want get acquainted with me  please email me at mrgearfriendship gmail com In the letter tell me briefly about yourself  Sorry  I can\'t answer everyone  but I\'ll answer the most interesting emails  Have a good day    ﻿
Two goals in 15 seconds  😐😐😐😐
That\'s my goal 😏
Happy New Year to all my fellow Resident Evil fans  and the awesome staff at CAPCOM which make our gaming dreams come true  ❤️
Hello my dear   How are you  ♡ Plans tonight 
It was 2016 to be fair 😪
Ok thanks  it is very overcast here in Thailand now and light is not good so will see if I can get one in the local camera shop  My ISO is going quite high and when I crop the photo and view at 100℅ it looks grainy 
OMG  You are amazingly hot   I\'m so wet 😍
To the cucks and neo nazis   The europhilic traitors and the moronic racists  I wish you a happy new year 🍻
Are people upvoting the use of a public bathroom  or wearing a diaper    😄  Happy New Year 
Gotta be 🦍
🙂
Well they\'re in the same language family  so Taiwanese is much much closer to mandarin than  for example  English    Here\'s an example sentence where they sound similar    我是台灣人  I am Taiwanese    Mandarin  wǒ shì tái wān rén   Taiwanese  guá si Tâi uân lâng   But then some sound totally different    Where is he   Mandarin  他在哪裡？  Tā zài nǎ lǐ   Taiwanese  伊佇佗位？  i tī tó uī   So yeah  it depends  I don\'t actually speak Taiwanese and am a second language speaker of mandarin  but the first one is pretty easy to figure out  while the second would be near impossible with zero exposure    Most of the language though  is of the latter variety  There\'s no way a mandarin speaker with little to no exposure could figure out what a Taiwanese speaker is saying  
They make money so someone like them😂
Need a proper translation  but for once I think bing didn\'t mess up too much with the translation     Last year in one word    "year of change" And I think 2017 a launcher for "year of growth" it  Now  the challenge is very important  I will continue running it ❣ ️ This year I thank you  ayami family heart ︎
1  There isn\'t a way directly in the match lobby  but if you can memorise aorund the rank that they\'re shown to be  then you can go to the rankings and search around that ranking   2  Easiest would have to be the first few μ\'s songs   or all of them really    while the hardest would be the daily song normals 
Lucio gets a fruit skin and then Marina sues Blizzard because that froot looks familiar 👀
Or  you know  maybe they\'re actually enjoying themselves  whether you believe it or not   ¯     ツ     ¯ 
Morals are a spook 💀  T  Stirner
Betrayal  😂
And I shall be fun posting at each and everyone    🦆
From the bottom of my heart THANK YOU  I came from a rough past by choice and being negative is a waste of life imo Again thank you   Happy new year to you my friend😎
WTF  If you\'re a pothead  you\'ve likely seen the inside of a head shop  If you\'ve been to a head shop  you probably know what poppers  aka whippets  are  This isn\'t some super secret thing you learn about in some secret Order of Magic Gay Dudes   Edit  Wow  I honestly thought they were slang for the same thing  Dang  guys  my bad  😫
Native is actually not a relative concept at all    "Would\'ve"  in every dialect I\'ve heard  skips the  ə   Exactly like you\'d expect from how it\'s written   ie  it\'s "would\'ve" not "would\'ov"   "would of" places stress on \'of\' and  ə  is distinctly audible    Where are you proposing that the native pronunciation of "d\'ve" and " d of" is the same 
Took me a second to notice the girl in the background  Obviously my priorities are a bit mixed up  😉
Hello    I have a shellder egg that matches with your tsv  Would you hatch it for me please    B2   4 6   Shellder  ♀    Adamant   Shell Armor   31 31 31 30 31 31   Electric  1385   IGN  나미  FC  0963 3533 4886  No nickname and hatch location is needed  Timezone  GMT 10  12pm 12am  Tsv thread   1212  https   www reddit com r SVExchange comments 5hhqg6 1212     Thank you  
Merry yeezmas stop talking about me 😖
► ASSAULT ON ARKHAM  Fanmade Soundtrack   ► Written by melcom  ► Composed in Schism Tracker in 2014 2015 2016   I am a big fan of the Batman Arkham games and currently dedicates several of my songs to the series  So far there are 10  tribute tracks  My album ASSAULT ON ARKHAM is to be completed in 2016 and is entirely created using a tracker program  Schism Tracker     The album will be available in its original  it and in  mp3 format  Download link coming soon        If you\'re interested in my work on this project and you\'d like to contact me  feel free to visit my web site or send me an email         follow me      www facebook com melcom2630   Assault on Arkham  Fanmade Soundtrack    c  2014\'2016 Andreas melcom Urban   Album release date  31 December 2016
A lot of folks get disenfranchised when a member of a political party  in their eyes  doesn\'t look out for them   Whether there is merit to that claim or not  people are quick to attribute a personal loss to whomever was in power   A large reason Michigan swung from Blue to Red was Obama\'s reelection promise to never let Detroit go Bankrupt   3 Months after Obama was  ̶s̶w̶o̶r̶n̶ ̶i̶n̶  reelected in Detroit filed for Bankruptcy   I\'m not saying that this was Obama\'s fault  though many people in Michigan felt it was  as he made a promise that  in their eyes  he was unable to keep    Politics is less about finding someone that supports you  as it is about supporting the opposition of the person you blame for your loss  
😭you took the words right out of my mouth  It\'s an incredible roller coaster of emotions everyday for me  
Can you please do us ALL a favor and compare MR and Sweet Peach    I can\'t take any more posts asking about the two palettes 😆🤗 hehe  Really tho  
 Carnival Phantasm  https   myanimelist net anime 10012 Carnival Phantasm  is amazing  watch it any time  It contains references to Fate and other Type Moon franchises  but most of the humor is fine without much any background knowledge    Ilya  https   myanimelist net anime 14829 Fate kaleid liner Prisma☆Illya  seems sort of an odd homage parody of Card Captor Sakura  I\'ve only watched the first two seasons  Other than the infamous sexual assault scene  it\'s a pretty fun show  It only vaguely references the other Fate titles  you can also watch it any time 
You\'d think Chess would be inviolate  what with the Moslem connection and all     Fun  Sorry  Fully  Tidbit   Checkmate  is  purportedly  derived from the Farsi  shāh māt    "The King Is In Danger"
Hung\'s remarks from the Ming Chuan University speech     Taiwan’s future lies in China  Chinese Nationalist Party  KMT  Chairwoman Hung Hsiu chu  洪秀柱  said yesterday  while reiterating that the People’s Republic of China  PRC  and the Republic of China  ROC  are “not two countries ”    When a Chinese student complimented Hung for “promoting unification ” Hung jokingly said  “Don’t you try to get me framed  你不要害死我  ” but then added that while many have tried to label her as “red ” she said she is “not afraid ”    When a Taiwanese student referred to the ROC and the PRC as “two countries” in his question  Hung interrupted him by saying  “ They are  not two countries ”    When the student asked about her long term view on cross strait relations  “whether it would be  Taiwanese  independence  unification or maintaining the ‘status quo ’” Hung said it would either be unification or unification by force     The future of Taiwan lies in China  the second largest economy in the world  she said  “While we can no longer retake the mainland  Taiwan can exert its influence  over China  and change its institution ” she said   
i have the same mix  she\'s my best friend ☺
😂😂😂😂😂
Hello    I have a shellder egg that matches with your tsv  Would you hatch it for me please    B2   5 1   Shellder  ♀    Adamant   Skill Link   23 31 31 31 31 31   Dark  3665   IGN  나미  FC  0963 3533 4886  No nickname and hatch location is needed  Timezone  GMT 10  12pm 12am  Thank you  
That\'s not true    "The light and the dark    I\'m the one in the middle    The Bendu " ―Bendu 
I like people that make posters  milking  toy chica   ͡° ͜ʖ ͡° 
That hair is everything  😍
Yea I definitely hear what you\'re saying  I\'m not a huge fan of the running on walls either  I\'ve just accepted  whether I like it or not  that it\'s how it\'s been lately  I agree with your opinion on BF1  Charging towards someone and stabbing them in the chest with a bayonet is unbelievable satisfying  except when they change direction and you run around like a headless chicken and get popped 😂 
I know it\'s not strictly relevant but Viper looked drop dead gorgeous and shows why she\'s one of the most underrated wrestlers in the UK  😏 
I see you posted a request for an X Box five days ago  after already receiving one and a PS4  apparently   When you were apparently in the hospital  My question is  how do you have the time to ask for another large gift on a different sub  yet ignore your generous Santas here  You ought to have posted a thank you instead  You aren\'t being harassed or victimized  you are being called out for your behavior  There\'s a difference  If you have a problem with it  feel free to buy your own gaming system s  instead of having internet strangers spend their hard earned money on you  Happy New Year   EDIT  Pardon me  this user was asking for the X Box subscription service five days ago instead of thanking her Santas 😊
This one was 1400  I only have an ivy as well  I did catch a 1400 Alakazam a low Jolteon  and a low Chancey right after tho  I\'d rather have the venusaur though  😒
Nice  Looks like some decent darts as well  👍
It\'s tripping over dollars  Picking up penny\'s 😉
😭😭😭😭 I thought it was both Christmas and for new years 
No  you weren\'t misreading   I just wasn\'t very clear and was jumping around a lot in my original post    He isn\'t forcing me to wean  He was really understanding and told me that I needed to do what was right for me and to do things in a time frame that felt good to me   and to come back to him after we were done with breastfeeding    The other part of my post was a tangential worry that even though OTHER women are totally able to get pregnant while BF  my "secondary infertility" is really just from my own body\'s reaction to my elevated prolactin levels  and wanting to hear people tell me  "Don\'t be silly  It will all work out without you having to put in ANY EFFORT at all  In fact  you are already pregnant and you\'re totally due next month " 😅
を should be "whoa look at that dude jump rope "   Even so  I don\'t even use mnemonics as they\'ve never worked for me  
Have you tried to find that shadow again  You would probably try it now and it would be so different than you remember  😂
But  初夢 isn\'t till the night of tge 2nd though    
Oh I know not to be too harsh  They\'re still 🍁 bud
Oh sweetie I\'m so so sorry and I\'m really in the same boat as you are   I\'m an early 40\'s never been married woman   Thought I met "The one"    Turns out he wasn\'t and I broke it off with him     This has literally been the worst thing I\'ve ever been through in my life so far    I was completely heartbroken   Cried for weeks and weeks  Couldn\'t eat couldn\'t sleep   I still have hard days and he had a new gf in three weeks    It really is soul crushing   But know this   You are not alone   I know exactly how u feel  And know that you will hurt and you will hurt for a long time but that pain will slowly fade with each day that passes     My best advice is to just keep putting one foot in front of the other day after day   Lean on friends and family   Try to eat   Go see a counselor and or go to your doctor if you remain depressed     I\'m so sorry this happened   You can pm me anytime if u need to chat   I\'m right there with u   Hugs❤️❤️❤️❤️
Yeah  I would actually  Even though a lot of people on here believe that h m is trash  the stuff that doesn\'t have words is pretty good and a great way to kickstart or support your fashion taste with a sweet little discount at the same time   25  employee discount  just be aware that it is still retail though  and there are DEFINITELY shitty customers  Other than that  the friends I\'ve made there have been amazing and wouldn\'t trade it for anything 😊
I just put the ingredients to make Hot Fudge Upside Down Cake into the slow cooker  Now we wait              I even got some chocolate chip cookie dough ice cream to serve with it  😍
This is literally giving me a heart attack 😍😍😍
corr what a game this could be 🔥🔥🔥
Certainly not doing you  😂😂😂 Sorry that was overkill 
Hi  I have an egg that matches your tsv  would you mind hatching it for me   My Info     FC  3024 5580 8586   Mii Name  Bouncer   Miranda◎   Pokemon  Growlithe   Location  N A   Nickname  none   Time zone  EST   GMT  5   Availability  Anytime after 3pm on Weekdays and Sat  Anytime on Sun    Pre hatched  Yes  Left in Poke Pelago  Needs only one step 
Thanks   One hour at a time tonight  👍
IQ Eyes blinking up and then the two triangles that makes her looks bad 😍
  Kaywa tipan kju tat      kaʎwa tipan kju tat   Two thounsand ten six today last 
Yup  God forbid you are born with dark features like me and suddenly everyone\'s nicknamed you "Meksykanka"  Mexican girl  or worse  Cygańka which is a mean way of calling someone a Gypsy  but is only said by family which makes it funny
It\'s a truly awesome experience  Nice job on both those games  especially on the triple striker team  Sounds really intense 😅 
Thanks   We\'ve got this  💪
  Hotaru no Haka       MAL  http   myanimelist net anime 578    A P  http   www anime planet com anime grave of the fireflies    AL  http   anilist co anime 578    ADB  http   anidb net a332      Movie   Status  Finished Airing   Genres  Drama     Saikano       MAL  http   myanimelist net anime 529    A P  http   www anime planet com anime saikano    AL  http   anilist co anime 529    ADB  http   anidb net a113      TV   Status  Finished Airing   Episodes  13   Genres  Drama  Romance  Sci Fi     Ima  Soko ni Iru Boku       MAL  http   myanimelist net anime 160    A P  http   www anime planet com anime now and then here and there    AL  http   anilist co anime 160    ADB  http   anidb net a114      TV   Status  Finished Airing   Episodes  13   Genres  Adventure  Drama  Fantasy  Sci Fi     Shigatsu wa Kimi no Uso       MAL  http   myanimelist net anime 23273    A P  http   www anime planet com anime your lie in april    AL  http   anilist co anime 20665    ADB  http   anidb net a10539      TV   Status  Finished Airing   Episodes  22   Genres  Drama  Music  Romance     Ano Hi Mita Hana no Namae wo Bokutachi wa Mada Shiranai        MAL  http   myanimelist net anime 9989    A P  http   www anime planet com anime ano hi mita hana no namae o boku tachi wa mada shiranai    AL  http   anilist co anime 9989    ADB  http   anidb net a8181      TV   Status  Finished Airing   Episodes  11   Genres  Drama  Slice of Life  Supernatural     HAIBANE RENMEI       MAL  http   myanimelist net anime 387    A P  http   www anime planet com anime haibane renmei    AL  http   anilist co anime 387    ADB  http   anidb net a271      TV   Status  Finished Airing   Episodes  13   Genres  Drama  Fantasy  Slice of Life           anime      LN        FAQ  http   www reddit com r Roboragi wiki index        r   http   www reddit com r Roboragi        Edit  https   www reddit com r Roboragi comments 3i82q0 by mentioning his username roboragi can now       Mistake   http   www reddit com r Roboragi submit selftext true title  ISSUE  text https   www reddit com r Animesuggest comments 5lbk89 anime that will make me cry like a god damn baby dbunls3       Source  https   github com Nihilate Roboragi       Synonyms  https   www reddit com r Roboragi wiki synonyms       Twintails   Drills       ♥  https   www reddit com r Roboragi wiki thanks 
Well I guess it\'s time to ⬆️upvote⬆️  all this bamboozling🌀🃏🌀 has officially become this entire subreddit  Have fun with your ⬆️upvotes⬆️ and ⬇️downvotes⬇️  and I hope the rest of the bamboozles🌀🃏🌀 are Nice to you guys 
I think by "2017 is also prime in base 8" he didn\'t mean that the base 8 representation of 2017  3741₈ 2017₁₀  is also prime  since  as you said  this is true for all primes   Instead  he\'s referring to the number 2017   in   base 8  2017₈ 1039₁₀  
Dear Lord in heaven  That sounds unreal  ❤
Spoilers  😉  Well I\'m gonna go save Bowie from the Daleks  er    I mean whaaaaaaat 
Need to have a girlfriend to start   😅😧
lol no weebs in the thread I guess   One of the major arcs in One Piece loosely ties in with cloud seeding  The villain used it to destabilize a desert nation by worsening their drought  The exact scenario above is one that they mention when they are explaining the concept initially  Koza is also one of the relevant characters from that arc   I was just having some fun being extremely sily with something that was loosely related to the discussion    ツ   ¯
1215am and vogue Williams is plugging some tv show she\'s in  Fantastic RTÉ  
Lol they spawn like crazy where I\'m at  it\'s probably just bad luck  🤔
Yep it\'s gonna be him  I ɡerənˈtē it  
    EVANESCENCE   BRING ME TO LIFE VOCAL COVER 2016  OFFICIAL  1080p FULL  1 12     http   youtu be QbgGIy3kKiM     ▼ PLEASE READ DESCRIPTION  ▼       Jon  Sudano   https   www youtube com channel UCYmBRsXr995owHHryHYPzFQ   in  Music     3 606 045  views  since  Oct  2016     bot  info   r youtubefactsbot wiki index 
I miss RJ Hunter   The bench is not the same and I\'m not joking   Edit  they just showed the spin program that RJ Hunter was gonna be at😥
I wish I knew about deodorant sooner  My armpits started smelling the summer I turned 12 and it took me a terribly long time  the entire summer  to figure out what why I was so smelly  😰 
When I used to work at a fast food joint  the amount of shit talking that goes on about customers behind the scenes is already through the roof  imagine what they\'re saying about them  😂
\'\'Her teets are a bit too gassy and flamboyant for my tastes\'\'    ͡° ͜ʖ ͡° 
Absolutely  And I totally agree  It had such potential 😥  It just seemed like relatively simple things could\'ve been done to the script to create a more interesting and compelling story  I was watching an interview with Chazelle where he describes how the story portrays  "   universal themes  like falling in love and following your dreams " Like   okay  So what  After seeing the movie  I rewatched  "Singing in the Rain " to make sure I wasn\'t crazy    that the movies La La Land supposedly emulates all do not possess such a narrative superficiality  Dude  in Whiplash there\'s a great dynamic between the characters   and subtleties in the plot   and a great twist at the end   WHY NOT USE SOME OF THOSE TRICKS IN YOUR NEXT FILM and shape them in various ways to not only take us on this musical ride  but give us characters we care about and a plot that has at least SOME traces of novelty and irony  God  I felt like the love story in Whiplash was certainly the worst part of the film   and now that I think about it  the relationship between Sebastian and Mia was just as weirdly paced and un fleshed out to me  And I\'m tired of people being like   "It was a musical  Musicals are like that " Nothing is more stagnating than that logic  When you\'re given an opportunity to make a movie like this  WHY NOT subvert expectations and create an original and exciting way for people to experience the story  Why not   Sorry for the rant  😬  
You know what\'s really fucked up about all of this  Those people who were brought up to associate a ball to a \'round\' object only to be told a sport called \'Football\' would infact involve little amount of feet and the ball was infact shaped like this https   upload wikimedia org wikipedia commons 2 23 Wilson American football jpg  Is this how Trump got elected in the states   By confusing babies   Edit  People took this as a serious comment  ¯   ツ   ¯
I was bored with powerlifting  so I\'m swapping to a cardio climbing bodyweight kettlebell yoga routine in the new year  😊
Thanks   I almost didn\'t even post that  Because how ridiculous for me to be fine all through the holidays and even hosting the check in and now this   But just goes to show how getting cocky and complacent can knock you flat on your booty  😮
Hahaha  HE CAN eat all the boogers he wants if it keeps him from drinking and helps us win 😂
It\'s not weird lol  Thankyou   And that is hilarious 😂😂  that\'s the kind of stuff I do  I\'ll walk into wherever my fiancé is and I\'ll ask if my hair looks as ridiculous as it feels  Lol  The answer is always yes 
Smashing her bumhole 👍
And  of course  to Pepe🍺
I\'m so glad aoe2HD didn\'t win this one  congrats 😁
I\'m gonna go with 200π
Happy New Year to you  Good luck on the up coming Gil gacha  Cheers  🍻    I\'m still sitting here and feel salty about my guarantee pull   
If you go out tonight remember you are a normie and your day will come 👌🏻
I just adjust to the person I\'m speaking to  I never use emojis normally but if someone uses twenty in every text I\'m more likely to include a couple when talking to them 🙀🎃🐬🚮
Oh no  I had to get mine sized right away actually but my first sizing was free and they did it in like 2 hours ☺️
Watching you cum was enough to get me off  The sounds you make when you orgasm are hot af  👍🏼
That\'s a perfect penis 😮😮😮
I certainly didn\'t intend to grind on either setup   🙄
Really  😁😁
This makes me sad 😢
Really what stops me is that I know that one won\'t be enough  I won\'t want to stop until I\'m blacked out  And that\'s not what I want  One foot in front of the other   It\'s just one night  👍
https   imgur com a CUmoK  If I eat all of my Christmas chocolate now  it can\'t torture me next year right   😭
  JoJo no Kimyou na Bouken  Diamond wa Kudakenai       MAL  http   myanimelist net anime 31933    A P  http   www anime planet com anime jojos bizarre adventure diamond is unbreakable    AL  http   anilist co anime 21450      TV   Status  Finished Airing   Episodes  39   Genres  Action  Adventure  Supernatural  Comedy  Drama           anime      LN        FAQ  http   www reddit com r Roboragi wiki index        r   http   www reddit com r Roboragi        Edit  https   www reddit com r Roboragi comments 3i82q0 by mentioning his username roboragi can now       Mistake   http   www reddit com r Roboragi submit selftext true title  ISSUE  text https   www reddit com r anime irl comments 5lclhg anime irl dbunrej       Source  https   github com Nihilate Roboragi       Synonyms  https   www reddit com r Roboragi wiki synonyms       Rin   Saber       ♥  https   www reddit com r Roboragi wiki thanks 
I got a little flustered myself typing that up  💦💦💦
Google translate is still pretty bad for Korean  I heard that they tried to improved it a few months ago  but it still seems the same to me  To give you an example  "It is cold" translates to 정말 추워 in Korean  which can be correct if you\'re talking about the atmospheric temperature weather  But if you\'re talking about the temperature of a liquid  or how a part of your body feels  or how somebody looks at you  a cold look   then it\'s 정말 차가워  And the politeness level of the verb in both of those translations assumes that you\'re talking to either a friend or somebody younger than you  It\'s also a little weird that they use 정말 with 해채  probably 너무 would\'ve been more appropriate to match the politeness of the verb  but 정말 does express a slightly more polite masculine feeling compared with 너무  which is slightly more casual feminine  even though they both directly translate to "really"  when it is used as an adjective enhancer   Of course all languages have these kinds of direct translation problems  it\'s just that it seems much more abundant with Korean than most other languages   Naver translate is superior to Google translate for Korean  mostly because they provide a wealth of dual language sample sentences along with their translations  which helps you figure out how accurate inaccurate the machine translation is  But with Google translate it\'s just a total crapshoot 
Stunning little titties  Yes  love them❤
Yeah he\'s a pretty neat guy  😊
I\'m gonna miss that goof 😭
Oops  I shouldn\'t have just assumed  Sorry about that  😂 Have a great New Year  
Thanks  Me too  Between my surgery and hearing aids   I am on cloud nine   Well    jump in  I\'m always easy to chat with  that should make it easier 😜😜😜
Hi amazing  love from Canada 😉
Apparently MMR gives you the right to be a dick        ツ   ¯ 
I would love to I\'d be ur lil slut 🤗
You\'re adorable so definitely a possibility 👍
Haha  Mine actually lasted pretty long  To be honest though  i really like how it looks right now  which is why i haven\'t bothered to dye it again 😂 
I\'d keep an eye out for any funny business if I were you 😕 kidding  That\'s awesome  
this is a good pull in the sense that you almost have a guilted  Xaldin who is a powerhouse and a couple other key medals like Xigbar and Anti form sora utility     to answer your question  buy the avatar boards of game characters  not the gingerbread ones  because they\'ll allow you to use more high cost medals at once  and get them now because they\'re significantly discounted  after that just save up your jewels to spend on pulls with small pools  high score assistance deals  or until you can mercy  5th pull gives you the premium  pull a banner      Guilting is when you fill up all the orbs of a 6☆ medal and you get a special attack bonus multiplier of up to 100  in Xaldin\'s case   Reaching quest 200 is a prerequisite but also crudely explains the process   
Yeah sorry  I don\'t have much proof other than my lanyard 😕 is that ok 
Nah  don\'t let it kill ya   Seen to many like you let it kill them  Those papers had me in a few odd spots over the years  Long story  I knew I didn\'t want to join  early on  Before I was eighteen  I think if I had  instead of passing out flyers on VA property  my finances and education would have been a lot better  but I prolly would have checked myself out  Apparently they were gave to me for a good reason  Still need to find him    He\'s got some splainin to do  Did you use Googlefoo on any of the underlined terms in the paper  Seems when I started looking them up stuff started getting wobbly as hell   Thanks for signing up for the right reasons   So sorry not enough of them flyers went out to keep more from doing so  Love my country  both of em  but yikes  we got some fucked up government   What really bugs me   There is a lot of stuff connected in that pile of papers in the jar  and not a single soul has called bullshit  😔
This game is 🔥
Yes   You are easy to chat with ♡ I just hide from people  lol   Surgery and hearing aids   hell of a month   I love how positive you are 
Well  at least I now upgraded from 0 0 8 to 0 0 11    It\'s something ¯     ツ    ¯ 
Happy new year   Have a great year 🎈❤
Love\' em still  😜
This one\'s more slutty than sweet 😉
You miss 100  of the shots you don\'t take   ¯      ツ    ¯
I blame the mod who decided that New Year\'s Eve was a good replacement for a Christmas Eve thread  ¯     ツ   ¯
I feel like Golden would\'ve been a much better color scheme for Celł than Freiza
  I understand you\'re fear on division because we Turks have our own fears also that\'s why we say "Şehitler ölmez  Vatan Bölünmez"  translation  martyrs don\'t die  This nation won\'t divide  the irony part is Kurds do samething to others  they don\'t like to be imposed on them   I don\'t think you see the difference  Kurds don\'t have any relations with Turks in a cultural  lingual  historical  other than that we\'ve lived side by side for 1000 years  or ethnical way  It makes no sense for Kurdistan to be a part of Iraq  Turkey or Syria any more than it makes sense for Greece or Bulgaria to be a part of Turkey etc  Êzîdîs on the other hand have clear relations with other Kurds in every other way     if they want to go their own path then that\'s up to them   Were does the line go  Can Parisians claim a different ethnicity from the rest of France  assuming that France were to be ethnically homogenous   Would it make sense for Turks in Izmir to claim a different nationality ethnicity than the rest of Turkey  Could individual families clans tribes claim unique ethnicities   The thing to keep in mind is that Êzîdîs are Kurds in every form other than religion and their religious culture  History islamised Kurds  but the isolated Êzîdîs successfully resisted this  and kept their original Kurdish religion  And it\'s usually only Êzîdîs from Şingal who claim not to be Kurds  which is reasonable  as they have been betrayed and mistreated time and time again by other muslim Kurds  Other Êzîdîs I\'ve met see themselves as Kurds  but still praise their uniqueness and differences with the predominantly muslim Kurds  I hope you see the difference and the issues with this 
Even if that were anything but an unsupported conjecture  it doesn\'t negate my point that you were wrong in saying \'on every foot\'  \'Most of the time\' ≠ \'on every foot\' 
it was better than bison witches and melt  all their sandwiches were 👌
We are married in the future  hey babe 😘
Relevant in both ways  good job  but ಠ ಠ 
  There might be crossdressing meet ups in your area   Indeed a good suggestion  many areas  do   For example  there\'s a transgender transvestite organization in the Netherlands who meet up every X weeks in a pub in Amsterdam  They also go out for dinner together        which might meet at a gay bar ☺  And just when I had that Electric Six song out of my head  D  Here we go again   https   www youtube com watch v ulPgWVC08KI 
She looks like 😱
Hahaha and Andy fell in the refrigerator box😅😅
you can\'t see through anything  your projecting delusions    Political position‎  ‎Far right Ideology‎  ‎Fascism‎  ‎Republicanism‎  ‎Sansepolc    General Secretary‎  ‎Alessandro Pavolini Chilling New Poll Finds GOP Fascism Is Very Real   Alternet www alternet org tea party and right chilling new poll finds gop fascism very real Sep 15  2015   A shocking number of Republicans say they can conceive of a situation in which they\'d sympathize with a military coup  Are Republicans fascists    Debate org www debate org › Opinions › Politics Yes the Republican Party are acting more and more like fascists  They don\'t listen to what anyone has to say  It is their way or the highway  They believe it is fine     Donald Trump is an actual fascist  What his surging popularity says     www salon com     donald trump is an actual fascist what his surging popularity    Jul 25  2015   So is the GOP becoming the new fascist party  That might be an exaggeration  but it does share many similar features  and Trump  with his     Fascism Has Taken Up Residence In the Republican Party www politicususa com 2013 01 24 fascism residence republican party html Jan 24  2013   According to most scholars of fascism  it historically attacked parliamentary liberalism  and attracted     In America fascism is the Republican Party  A Party Gone Mad   Today\'s Republicans are Yesterday\'s Fascists www politicususa com 2013     party mad todays republicans yesterdays fascists html Aug 14  2013   You shouldn\'t have to be a liberal to think fascism is a bad thing  Republicans should think so too  and once upon a time  they did  But those     The RNC Was Not the End of the GOP  it Was its Rebirth as a Fascist     thedailybanter com 2016 07 gop rebirth as a fascist party  Jul 22  2016   The Republican Party was reborn last night    as an outright fascist party  The Tea Party Is Slowly Dying  But It\'s Being Replaced By Fascism www forwardprogressives com the tea party is slowly dying being replaced by fasci    Nov 29  2015   Remember when the Tea Party was the dumbest thing that the Republican Party had going on  Remember when we had Michele Bachmann     GOP  A Neo Fascist White Identity Party    The Daily Beast www thedailybeast com articles 2015 12     gop a neo fascist white identity party htm    Dec 13  2015   It started 20 years ago  with pandering to racist and xenophobic  
  that turkish soccer team that has won every title for the past 30 years  It can\'t be one  it\'s usually Fenerbahçe  19  or Galatasaray  20  or Beşiktaş  14 
Move in with me   please  😘
Omg I need this in my life  😄
Oooooh 😍 I LOVE this look 
Oh yeah  best would be without the clothings eheh Edit    ͡° ͜ʖ ͡° 
I thought the god damn iClickers stayed in undergrad 😩
JUST subscribed here today and I know I\'m gonna have a good time \'cause y\'all like cats and Yuri on Ice  ❤❤❤
Thank you  Had some fun with new christmas presents  😋
That could be the title of your autobiography  😉
If you have enough candies evolve it first and if you get Blastoise with HP max it out  If you get IB max it only if you like it with that moveset  With FC isn\'t worth all the dust   Personally don\'t use Vaps for attacking much  only highest one 2260 cp with WP as a backup for direct counters   Would like very much one Blastoise with HP for attacking for backup to my 1943 cp Golduck  😉 Not using Vaps   Dragonite as defenders either  
Very nice  Added to my library  😄
Ahaha  I\'m still learning  I\'ve been avoiding Reddit because learning new things is hard  😂  But I had to join after seeing the 20 20 interview  I started researching and came across the MMW thread and knew I\'d have to give in eventually  😬
I think my most unpopular opinion is that I think Kail is pretty  😂 She\'s not drop dead gorgeous  but I think her face and hair look good  
😂😂😂
Of course   did you forget  Made a thread about that one ages ago back then  😂  
Would love to see more of your beautiful pussy 😍 
Well thank you 😊  but I\'ve been going through a pretty significant dry spell  and I\'m going out with a bunch of straight people so I think the chances are low  but a girl can hope 
I don\'t want to start a war but I think console is cheaper but PC is better 🙏
Dammit cheated in a game of monopoly mad me miss out on this  No PM for me 😑
Saber  Yuusha  Maoyuu Maou Yuusha  Alt  Shana  Shakugan no Shana   Lancer  Can\'t really think of any  so I\'ll go with Zero Lancer  Maybe Tatsumi from Akame Ga Kill  I think he uses a spear   Caster  Nagato Yuki  Melancholy of Haruhi Suzumiya  Alt  Rikka  "The Tyrant\'s Eye" Takanashi  Chuunibyou   Assassin  Akame  Akame Ga Kill  Alt  Yuuji  Grisaia No Kajitsu   Rider  Tabitha  Zero No Tsukaima  Alt  Lawrence  Spice and Wolf  He "Rides" Holo   ͡° ͜ʖ ͡°     Berserker  Yuno Gasai  Mirai Nikki  Alt  Anna  Shimoneta   Archer  Mine  Akame Ga Kill  Alt  Esdeath   Alt  Lucy  Elfen Lied   Akame Ga Kill really makes it easy because they basically come with Noble Phantasms already defined
Looks really nice 👍 
Lol no cap on the milk like he was getin down on the dairy while driving😂thats me all the way 
Welcome   Glad you\'re here   I ended up dumping all mine  And giving all unopened stuff away  Makes it easier in the beginning to just not have it around  Happy New Year and check in often  this is a great place to come for support  😊
 addi swing hook 😁  addi   addi Swing Crochet Hook US D   3 25mm https   www amazon com dp B004HOTUN8 ref cm sw r cp api c7eAybN9TE3CZ  in a 3 25mm My girlfriends went with a size or two up 
Your point  As I said in my other response  moving production from LA to Vancouver ≠ changing networks from CBS to CW 
God i love these types of memes 😂😂
The fan is an adapted version of  this piece  https   en wikipedia org wiki File Fujinraijin tawaraya jpg  showing the Japanese god of thunder   Raijin  雷神  https   en wikipedia org wiki Raijin  on the left and the god of wind   Fūjin  風神  https   en wikipedia org wiki Fūjin  on the right 
You\'re gay  😩 omg can I see a pic of you boo 
How can they have Vietnam flashbacks when it was before their birth     😂😂🤔😲😬
I\'ve got a match   Drampa  ♀    Modest   Berserk   29 13 31 31 31 31   Dark  2202   I should be free all next week  just let me know a time you can hatch it 
Looks like 2016 may still have some juice left in it ಠ ಠ
Thanks so much for the HA Cubone  I wish you good luck in your future hunt then  I\'m waiting Pokebank to get a dreamball one  ♡ Happy New Year  ♡
上個星期我開始了。 Doesn\'t actually sound correct  but as good as it will get under the present circumstances  I presume you\'ve been learning longer than I have  then 
onesies run in the fam 🐒
It\'s definitely hard to enforce  totally understand that  One time  someone posted some artwork from twitter  or pixiv  I forget  and  while it wasn\'t sourced  directly   you could find the person\'s profile from the link  And you go to the profile  And the first thing it says is 転載禁止  no reposting      Could we add a "don\'t repost against creator\'s will   assume it\'s not allowed if you don\'t know" condition to Rule 6  Or if we want to report it  should we just choose "Other" and link to the profile with "please don\'t repost" in it  or something 
Mike ward mate   Well he\'s canadian but still 😊
😂😂
Can\'t go wrong like that   I believe in karma too💪
Never hide from me  It has been busy and awesome  A lot this year has been    Heck    even on bad days  you need to find the positives to get through them  ❤
Thank you  But no way  I\'ll be sure to post some good shit throughout 2017  👍 
Well technically the Nazi "Swastika" is called the Hakenkreuz  a mirrored version of the original Swastika 卍  The original is an Indian symbol meaning fortune and prosperity or something  The one on Ichigo\'s bankai is shaped like the original version  This is simply a Japanese character called \'Manji\' which is related to the original meaning of the symbol   
dope  thank you 😘😘
I have a 5★ Sinnoh if you need it  Could I get your Unova 
   Apocalyptica   Wagner Reloaded   Extra      osu ppy sh b 965234 "Ranked"    by  pishifat    osu ppy sh u pishifat     5 66★    osu ppy sh d 441380 "CS3 8 AR9 2 OD8 6 HP4 5 23 22  19 31 drain  130bpm"     100   387pp    ppaddict tillerino org  b 965234 "99   348pp 98   321pp 95   281pp"           hover over links for details        source code     github com mcpower beatmaplinker         contact dev    message compose  to mcpower  
That\'s the thumbnail for the stream😂
ha  that\'s priceless😂
The wave 🌊
Some even say it\'s a   Gas    😉 
I also question the nature of my reality 😔
Needs Debbie\'s hair 😆 you do such great work     Have you seen surrender cobras  sports thing     I can find a good link  if you haven\'t yet enjoyed the snek 
this sub has been a real positive for me this year  it\'s absolutely the good  i was so lost after losing emma  i just needed a place to vent and get all my frustrations  anger and sadness out and i am so lucky to have found this place  it helped me so much to share my story here and to grieve with everyone  i\'ve made some great friendships here as well   having fellow loss mom friends is truly invaluable and i\'m so grateful to each and every one of you  i\'ve been to therapy and written in a journal  but nothing has helped me as much as connecting with all of you here  this is a terrible club to be in but one with so much support    i never really knew how common stillbirth was until i found this sub and it made me feel like i wasn\'t alone   during one of the loneliest times of my life  i know my posting has dropped off compared to the early days  but i\'m still here reading and following along and thinking happy thoughts for everyone here  this really is one of the greatest corners of the internet 💖   i think the bad goes without saying  and no matter what year it turns into i will always and forever miss emma and what could have been  
1  Get myself down to 15℅ body fat  2  Get my side business website up and running  3  Run a half marathon   4  Find and be happy with a new partner
TF2 is a much better competitive game but valve gave up on it and Overwatch attracts more people because the game is easier 👌
Go  here  http   a co 91bSJtO  to get me a New Years Eve Gift 🎁 
Mom sells dōTerra  Some oils work  Some do not  I use peppermint for headaches and lavender for anxiety relief  If I\'m sick  I go to the fucking doctor  Simple 
Heya I would love this little cutie I\'ve matched with  D   B3   5 6   Sandile  ♀    Jolly   Moxie   21 10 11 4 26 29   Ground  0618    TSV Thread   0618  https   www reddit com r SVExchange comments 5j6g86 0618     My favorite gen would probably be gen 4  I like a lot of pokemon introduced and Platinum was really cool
Type aliases are something different and actually provide no extra safety whatsoever  Eg       λ   type X   Int     λ    1    X     2    Int      3  whereas with a newtype       λ   newtype X   X Int     λ   X 1   2       4 1  error          • No instance for  Num X  arising from a use of ‘ ’         • In the expression  X 1   2           In an equation for ‘it’  it   X 1   2 
Oh and this is a caterpillar    OH AND THIS IS A CATERPILLAR  Why did he put the caterpillar  ¯     ツ   ¯
I love it when youngans make comments like "back in \'96 they didn\'t know about children\'s health"  It wasn\'t the fuckin Stone Age kid  It\'s that you\'re so young😝
Buy the parts and bring it to Fry\'s in Duluth ask for techs       or       to work on your unit  Pretty sure your warranty doesn\'t cover liquid damage plus once you open up the laptop your warranty is voided  So ask MSI first and see how much they give for an estimate  What model is IT      Edit  sorry that\'s not ITP  but I\'m also a tech and I know a few techs who would​ be interested in repairing your unit  Send me a PM for further details 
Amen  I don\'t get how my Jordanian relatives just eat it with their hands 😰
Got through my funk  gonna have a great night  just me and my dog  Got the radio on  laptop up  and went to the store to get some essential sober NYE supplies  moose tracks ice cream  Martinelli\'s  non alcoholic  sparkling juice  and one pound of chicken wings  https   imgur com a EQ5QY 😁  Going to make some progress on writing a story tonight  
But mostly glorious tbh 😩😍
THIS FUCKED ME UP FAM 😂😂😂😂😂😂
Nidoran can be caught in apricorn balls in HGSS  If you don\'t have HGSS yourself  you can post a trade thread looking for a Moon Ball Nidoran♂ on  r pokemontrades   You want Nidoran♀ to have hidden ability which is not available in HGSS  so you breed with Moon Ball Nirodan ♂ and HA Nirodan♀  
No  that\'s the crying emoji  Laughing with tears of joy is a different one   Compare     😂 vs 😭
It\'s just discrimination  Why do people still say "reverse​"  If it\'s discrimination that\'s it  Stop with this "reverse" nonsense  
It sure would be great if someone put up a link to this fight  😉
💜 You can do this 
Yeah this is what I usually do anyway if my players ever run off track of curse of strahd 😬
Durbin is cursed😵
I looked up on Google for similar news  in one website this  tweet is linked for authenticity  https   mobile twitter com TurkiyeXBOX status 803187352881352704   I searched for the domain owner and an enterprise  apparently  I don\'t know Turkish  came up    REGISTRANT CONTACT   Name  ARAL OYUNKONSOL   Organization  ARAL OYUN KONSOL VE AKSESUAR A     Street  EVREN MAH GULBAHAR CAD SENER SOKAK GUNESLI   City  ISTANBUL   State  BAGCILAR   Postal Code  34212   Country  TR   Phone   90 5321551330   Email  ￼ brandit com tr  So I can\'t know if this is legit  I\'d say yes and no  better to believe it isn\'t  If someone is able to do a better research  please do   
I know what he  looks  like  I meant how was he playing   😤  am nervous about Raanta going on paternity leave  I mean yay for him and his wife  with Hellberg playing like he is   but that could be based on the team in front of him   Miss me some Savage Glass   Almost worth the 2 hour drive to Hartford to see them   Still cranky they don\'t sell the blue jerseys online   only white and red   Red   Who the fuck are they   Devils AHL team     Did you   did you get any pics of said Glass   Asking   for me   💙❤💙 
I just replied to someone else  a few days after the election here in the US one of my neighbors  who is also a Holocaust denier  said to me and one of our other neighbors that he " couldn\'t  wait for the internment camps to get set up"    If you really want to know why  I ask you to read that a couple of times and just sit with it  This guy  this neighbor who I\'ve known half my life  is EXCITED that the US is  if those coming into power follow what they originally planned  are going to start locking innocent people up INCLUDING US CITIZENS    Czesława  the girl inthe pictures above  was a 14 year old Catholic girl living in Poland  She was deemed a political prisoner because she was living in an area that had been planned for future development of a community for the Third Reich  She wasn\'t living in Germany  She was living in Poland  Where she was born and raised    So the reason we need to never stop talking about this is because the next  Czesława could be any 14 yr old female living in any country of unrest    The next Czesława could be a 14 year old girl who was born and raised in the United States but for any number of reasons  daughter of undocumented parents  an LGBT couple  a person who has been outspoken about their political beliefs  a journalist  ad infinitum  is deemed an undesirable    The next Czesława could be a 14 yr old female Redditor    THAT is why we can never stop talking about the Holocaust 
smoke less fuck more 🙏🏽
Imagining a man running along the car  jumping over obstacles along the road   Sometimes I will imaging a death lazer beam instead  and I will try to make it not hit any buildings with my mind   ¯    ツ   ¯
That Nebulon       makes me want to get a 3D printer 😱😱😱
 Last year KDE spent about € 50 000 on travel and accommodation   I wish my donation went to the programming part   
Enjoy your quiet time  I hope you are able to catch up on some sleep  Happy new year  🎉
Not me but some GameStop employees 😂
Hi  u DarkScythe25  Your comment has been removed because your flair isn\'t set up correctly        Set up your flair here   http   pokegiveawaybot tumblr com  btn  If that doesn\'t work     here is a visual guide     http   i imgur com qKw7Hto png  Please enter one in the format  1234 1234 1234   IGN   by using the  edit  button in the sidebar where it says         ☑ Show my flair on this subreddit  It looks like      3333 3333 3333   Ash Ketchum  ΩR       edit     Make sure the box is checked to enable flair  If you don\'t know how to find the 12 digit number you need  please check out    this guide    http   www modojo com features nintendo 3ds friend codes everything you need to know  to find your friend code     I am a bot  and this action was performed automatically  Please  contact the moderators of this subreddit   message compose  to  r Pokemongiveaway  if you have any questions or concerns  
Party at the local club  Then  starting tomorrow  enacting writing centered self slavery practices  Good luck  have fun and happy 2017 y\'all 😘
checking in from the couch   wings ✔ pizza rolls ✔ anticipation ✔ simpsons episodes between sets ✔ 
Dat wrapping paper tho 😅
    Sent    ╯\'   \' ╯Happy New Year  Please nickname your pokemon next time  
Brilliant thanks    Hope you having a good one 😊
🤗 of course that\'s a thing  Subbed  
My girl had a customer at work who made it for her  They have script ohio too  And a larger one that\'s  250  But they are all sold out 😔
I believe this particular one is a Russian model  dubbed the ʞatapult 
He can seize my means of reproduction anytime 😏
Oh yeah  that\'s tooootally different  My bad   😂
Your getting the hang of it already 😎
Damn  Super sexy post was super effective  😄 happy new years 
Depends on the context  but I would lean more towards  المعرفة   علم means science usually  But it\'s frequently used to mean knowledge  
    Watashi ga Motenai no wa Dou Kangaetemo Omaera ga Warui        MAL  http   myanimelist net manga 28533    A P  http   www anime planet com manga no matter how i look at it its you guys fault im not popular    AL  http   anilist co manga 58533    MU  http   www mangaupdates com series html id 68820      Manga   Status  Publishing   Genres  Comedy           anime      LN        FAQ  http   www reddit com r Roboragi wiki index        r   http   www reddit com r Roboragi        Edit  https   www reddit com r Roboragi comments 3i82q0 by mentioning his username roboragi can now       Mistake   http   www reddit com r Roboragi submit selftext true title  ISSUE  text https   www reddit com r anime irl comments 5lcncq anime irl dbuo7m2       Source  https   github com Nihilate Roboragi       Synonyms  https   www reddit com r Roboragi wiki synonyms       Rin   Saber       ♥  https   www reddit com r Roboragi wiki thanks 
I thought it was interesting enough to type up  Apparently not  though    ¯    ツ   ¯
I just want stones  I ran out of gift cards from Christmas😭😭
I know everyone here hates him but I still think "Day One" is 🔥🔥
  Join an Overwatch competitive team    Make a montage 😎   Read a full programming book    Have one new programming project    Learn a new framework or language    Dabble in VR    Make a simple rig animation    Start learning some conversational Japanese    Those few things I should be able to do 
Hmmm     But was there guacamole   🤔
Holy fuck I can\'t right now 😂
This year I want to  Manage to take my friends out  finally  Make new friends to replace those douchebags I cut ties with in 2016  Gain weight and start eating food instead of starving myself as punishment for shit I can\'t control   ❤️
  That identity comes from one\'s own opinion of one\'s self  Could I claim to be a Spaniard even though I have no relationship connection to Spain whatsoever  other than that I know Spanish  I don\'t       It didn\'t work when Japan tried to destroy Korean identity  Koreans and Japanese people are very different  and you can not draw a comparison between them and Kurds Êzîdîs      It\'s not working well when Spain is trying to convince various separatists they are Spanish using much the same arguments  If you\'re referring to Basque separatists  then they have no connections to Spain other than proximity  Again  you can not compare it to Kurds Êzîdîs     It\'s not going to work when Kurds try to do it to the Ezidis   Êzîdîs are Kurds in every aspect other than religion  culture  history  language  genes  This phenomenon with certain Êzîdîs claiming a difference from other Kurds is very recent and almost exclusive to those from Şingal  It makes sense  They\'ve been betrayed and mistreated by other muslim Kurds on numerous occasions  and it certainly worsens the already bad isolationism of Êzîdîs  If you were to ask an Êzîdî 50  years ago if he was a Kurd  I am certain he would say yes      Long story short  it\'s the Ezidis themselves that get to decide if they\'re also Kurd  So people groups themselves decide what they identify as  Where does the line go  Can Londoners claim a different ethnicity from the rest of England  Can it go as far as individual families clans tribes declaring their own identities ethnicities nations  Or should we be reasonable and define nations ethnicities by the similarities groups have in language  culture  history  proximity  religion etc     This is an interesting video covering the unity of the Kurdish nation  through its unique and diverse religions   https   www youtube com watch v KRo KELX0P8 
I am terrrrrrible at finding positivity   My moods are shown  constantly   I envy your view   Good for you though too ♡
I may have been too liberal with that number   i would say at 60k you can begin to see it but it won\'t be quite as visible as at 80to100k  This is from an airplane   it does make a difference   an airplane travels across the horizon at a high rate of speed that makes the curvature of the earth easier to see  A balloon   never been in one 😉 
Sorry dude 😑 that thing is probably made to be run under 20w your mech pushes way more than that  I\'m glad you didn\'t get hurt though 😉
Wowsers 😔
I have no words 😭 what\'s the Native armour roll 
We will catch up in a bit my friend  I\'m going to hit the bong and go deep for a hour or so  stuff doesn\'t last forever  Take advantage responsibly tho 😉 Don\'t forget too Smile🤐
And AT T will be sure to get it last 👍
Being a hugger to his friends  😍
Yes  she is  A sexy beast  😍
Good to hear  👍
✔
Ben you told me you wanted to quit this game now you\'re posting scores on reddit smh 🤔
Where from  If we can afford  500 Fugus maybe we can afford you a plane ticket too  😂😂
Get yours hubs to pick you up some sparkling apple juice heck even put some soda in a wine glass how does he expect you to socialize if he\'s doing everything to exclude you     I hope your night improves ❤️
Although i still couldnt find the lapras  the elekid as my new year present is still nice for me 😄  Update  today was my happiest day throughout pokemon journey  Hatched elekid and magpy from 10k eggs and caught my beloved LAPRAS by "intruding" the private houses at Sentosa bay   XD
Guys  getting your game optimised well enough to run 90fps on Vive is tough enough as it is  Please don\'t force 4k just yet  I don\'t have the dev magic in me 🙁
Wow this is really helpfull thank you very much 😊 I\'ll subscribe your channel and recommend it 😊 also I think I will look for a better guild too so I can raid with them instead of this random search getting teammates with chloes way too many times xD 
That squeal had me dying 😂
Ah  so this is what \'lit\' looks like   🔥🔥🔥
Even tho they were yelling Allah Akbar 👌
😂
If you want free samples the least you could do is support 😊😀❤ 
Nah  I didn\'t get the chance this year 🙁
I live in Austin too  people here are weird about their dogs this is so funny 😂
Joined  I\'ve never done this before    I\'ve read the \'How It Works\' section  but I\'m still not 100  I know what I\'m doing    Do I just rank the contestants  And then go from there  😱
Having a crusty old PS3  I am not versed in the finer points of the XBox univerese and appreciate the clarification 😊
Karma is love  karma is life  ❤️   I am a bot  and this action was performed automatically  Please  contact the moderators of this subreddit   message compose  to  r FreeKarmas  if you have any questions or concerns  
Happy new year everyone hopefully it\'s great for us all  I know it\'s no big deal but I  deleted my Facebook account at eleven pm and already feel better 😀😀
I just found this other solo project of Sergey Tkachenko  He has an active project now called Svrm  and was a member of Заводь  a really cool black punk band  All of these are great Ukrainian black metal bands 
I\'m so sorry for your loss that is awful  sounds like you made the rights decision though  Get yourself all set up Wednesday for a comfy recovery in bed couch wherever and come here for support ❤
Ikr   A few months ago  my assertions that Sonic did in fact have losing match ups were met with  "But the top player said sooooo " 😒
What  not a single pic from Between Friends   😉
We probably won\'t  but I appreciate the thought ❤  I\'d rather tank and get some good picks   I hope you guys keep up the good work  I\'m 100  on the CBJ bandwagon  Whenever I want to see some good hockey  which I obviously don\'t get from the avs  I watch CBJ 
My resolutions are simple  maintain my relationship with my boyfriend  Get a job with the city   move to Daytona beach  💜 
My resolutions are simple  maintain my relationship with my boyfriend  Get a job with the city   move to Daytona beach  💜 
Thank you 🙏
Hahah I love this man  We must be that annoying rash to Chelsea    You know what I\'m taking this game by game but gosh I cannot wait to play Chelsea 😄😂
I\'ve got bigger things to worry about  wink wink  if you know what I mean   ͡° ͜ʖ ͡° 
It\'s my first in 23 years   Soooo ooooold  😂Happy New Year 
I\'m waiting for an event to awaken him to release again 😭
I\'m always around if you need a chat 🙂
Thank you 😘
Neutral ones are like the Holy grail of toilets    We have one at school and it\'s more that the 10 minute walk worth to get there   "  Also  they smell  pretty nice   😃
Me also please  If anyone has a spare  I\'ll send the redeemed prize back to you 😋
Can I mumbo dog face through the banana patch  ಠ ಠ
😂 Now I just want to see David Bowie as the Master  
Happy New Year  everyone    For Christmas  I received Japanese for Dummies  written by Eriko Sato  I\'ve been reading it over the last few nights  and although I\'m sure it\'s nothing special to most of you adept learners  but as the title says  for "Dummies"  it really helps to get you into Japanese  imo  since it\'s such a unique language  and difficult to get the hang of to start  I\'d recommend it if you can\'t afford or can\'t get your hands on the Genki books  I\'ve heard some brilliant things about them  but there a bit out of my price range haha     Anyway  I thought I\'d share some interesting things that I\'ve learned from the book over the last few days  I\'m kinda terrible at explaining some things myself  so if there\'s something I find useful in the book as I read  I\'ll be sure to share with you guys  if I remember   I found some of the particles difficult to grasp  since there\'s no English translation  So  I guess I\'ll highlight a few   Again  this is really basic stuff  Just thought I\'d share it because I  and I assume some others  have just started Japanese for 2017    The two crucial ones are が  "ga"  and を  sometimes pronounced "wo" but mostly just "o"    を marks the object of the verb  I found this kinda easy to understand  because I also speak another language where knowing the object is important  whereas it isn\'t particularly important in English Grammar  The way I was taught to find the object of the verb is to ask "what " after the verb  So  for example   I eat Bacon    eat what  what do I eat    Bacon is the Object    が on the other hand  marks the Subject of the verb  Subject  in this case  meaning who the verb applies to  Most of the time you can get this just by asking yourself who is "doing" the verb  although it gets a bit sketchy with verbs like "be"   I eat Bacon    "I" is the subject here  Me  I like bacon  D   From what I\'ve learned  although I wouldn\'t be surprised if there are exceptions later on  the verb ALWAYS comes at the end of a sentence in Japanese  So  you basically give all the verb the information it needs to make sense  using the particles beforehand    Alright  that\'s it for today  Just thought I\'d clear up some of those particles in my own words and the book\'s  I\'ll try to post something else for this week when I get the time   EDIT  using sentence instead of verb sounds kinda confusing  so I changed it 
😝
Haha thanks 😘
  I\'m looking for a 3 bedroom for a max of  500 pw  or  180 pw for a room    😂😂😂
I\'d be too much of a fanboy to play properly  Only kidding  😂 
Haha thank you 😝
Proud of being e   s 🎩
I am so sorry   I am trying to be around other people but inside I feel the same as you   I am going to keep trying   I hope your new year gets better and better   💜
Damn girl you blessed by gawd⛪😇
Heard the same 👺👺👺
Despite the ups and downs  the journey so far has been a lot of fun  Not only I can play a game that I truly love  I\'ve encountered amazing people online along the way  So thanks Massive and thank you agents    This one is for you  Happy 2017  Cheers  🍻
Cory in the House isn\'t real anime  OKOKOKOK  I\'ll give you Simpsons  That\'s pretty underground as far as anime goes  So yeah  it\'s a REAL anime  But Cory in the House  Shut the fuck up  you god damn normie  Any true otaku  anime fanatic  for you baka gaijins out there not fluent in the superior tongue of Nippon  will tell you that Cory in the House is nothing but bullshit moeblob fluff  Coy chan is as underdeveloped as a character can be  and don\'t even get me started on Newt Kun  Typical 1 dimensional \'cute anime boy\' archetype  Useless fucking piece of shit mainstream anime made to pander to normies on facebook rather than REAL otakus like me  Whenever I go clothes shopping at Hot Topic and I see a Cory in the House shirt next to the Kill La Kill  or Tokyo Ghoul shirts  I fucking puke in my mouth  Who even told you about Simpsons  I bet you\'ve never even seen that you fucking poser  You probably just read about it online and name drop it to try to look like you know wtf you\'re talking about  I bet you buy your clothes at Old Navy  or GAP  Or even worse  ABERCROMBIE  Yeah  you can fake being into anime to impress all your shit stain American Eagle football jock friends  "wow he is so cool    he knows all about le korea shows   " but I  and any other TRUE OTAKU can see right through you  You\'re not sugoi  You\'re a fucking ポーズ
Me too I thought it was a bot but they stills haven\'t responded  Even bots aren\'t into me😢 https   imgur com C2wV49d
My fiancé mentioned going to Vegas for NYE and I shot it down  Now I\'m completely regretting it 😫
Only lunar eclipses happen on full moons    😂
People of reddit are like    Istanbul Nightclub Attack   Bananas by each  Cute fox  Istanbul  Nightclub Attack   Hockey  Some other stuff  Unsustainabowl is lit 🔥🔥🔥    
The last time Ohio State was getting beaten in the first half of a playoff game   🤔
FELICIO   Neil just mistook wade for rose 😂
if only the poor fucker had discovered gachi instead 🙁
Congrats   On New Years too  😊
"Messy" 😂😂
That was her "son" apparently 😂
  Pokémon  Gengar  Nickname   Rick Gastly  Shiny  Yes  Gender  Male  Level  100  Nature  Timid  Held Item  Gold Bottle Cap  Ability  Cursed Body  Language  ENG  Meeting Location  Moon   Memorial Hill   Lv  21  Ball  Moon Ball  IV\'s  All perfect expect attack which should be zero  EV\'s  252 SPA 4 SPDF 252 SPD  Moveset    Move 1  Taunt    Move 2  Sludge Wave   Move 3  Shadow Ball   Move 4  Destiny Bond  ────────  OT  Alex  Gender of Trainer  Male  ────────  IGN  Alex  Pokémon Deposited  LV  15 male Crabominable   Message  I want to fill my Pokedex   Thanks for the giveaway  and I hope you have a happy new year  
There should be two start of the month fan packs in EN right now  one for μ\'s and one for aqours right  My game only has the μ\'s one for some reason     How can I fix this 
Dude Perfect  😜 
    laimīgu Jauno gadu  0 00     http   youtu be B9IXdgNI3Ps        Red  Fred   https   www youtube com channel UCqFbkfRm878ZAzawnU4Os0A   in  People     Blogs     17  views  since  Jan  2017     bot  info   r youtubefactsbot wiki index 
Some people don\'t celebrate leap year 😳
No you ain\'t it\'s gonna be a draw if we play bad or a win for us 😜
Actually  it\'s the most "in there"     ͡° ͜ʖ ͡°  
It\'s Pidgin English   you should be able to pick up a few words  I was just curious to hear whether anyone who had never been to Nigeria sees it as completely foreign or something that can be deciphered   For example   Jizọs tẹl am see  “Mama  yu mọst to nọt tẹl Mi wetin A go du  Ma taim nẹva rich ”  in English is "Jesus answered  “Dear woman  why are you telling me this  It is not yet time for me to begin my work ”"  Mama  Mother  yu most to not tel Mi  you must not tell me  wetin A go du  what I should do  Ma taim neva rich  My time is not yet ripe    or for another example   an im tẹl am see  “Ẹvri pẹsin de fẹst sav di bẹta wain  an afta pipul dọn drink plẹnti  na im im go sav di wain wee no fain  Bọt yu dọn kiip di bẹta wain go rich nau ”  in English is "and said to him  “People always serve the best wine first  Later  when the guests are drunk  they serve the cheaper wine  But you have saved the best wine until now ”"  So an im tel am see  and he told him  Ẹvri pẹsin de fẹst sav di bẹta wain  every person they first serve the better wine  an afta pipul dọn drink plẹnti   and after people done drink plenty  na im im go sav di wain wee no fain   now him go server the wine which is not fine  Bọt yu dọn kiip di bẹta wain go rich nau   but you done keep the better wine until now   So after looking at it like that  does it look more understandable 
This video is one of the reasons I\'ve started to go vegetarian 😁
HAHAHHAHAHA what an embarassment you are 😂
I just checked out all your pics and wow you\'re sooo gorgeous 😍  
Wow  Happy new year 😊
I\'m totally slow  I was going to say you got the wrong URL because I was reading it as Before Ver Haute at first  oops 😅
I\'ll have to be satisfied with wild tears 😭 
😂😂😂😂😂😂😂
Two shots of vodka  a pool of honey  and absolutely no pride  😊
Fair enough  That\'s what I felt about fall so I understand  Luckily there were some good shows this last season so I was delightfully surprised  Hopefully that happens for you this winter ✌  and hopefully shit lives up to the hype I have lol 
Hi  u doofvader  Your comment has been removed because your flair isn\'t set up correctly        Set up your flair here   http   pokegiveawaybot tumblr com  btn  If that doesn\'t work     here is a visual guide     http   i imgur com qKw7Hto png  Please enter one in the format  1234 1234 1234   IGN   by using the  edit  button in the sidebar where it says         ☑ Show my flair on this subreddit  It looks like      3333 3333 3333   Ash Ketchum  ΩR       edit     Make sure the box is checked to enable flair  If you don\'t know how to find the 12 digit number you need  please check out    this guide    http   www modojo com features nintendo 3ds friend codes everything you need to know  to find your friend code     I am a bot  and this action was performed automatically  Please  contact the moderators of this subreddit   message compose  to  r Pokemongiveaway  if you have any questions or concerns  
I\'m not being a goody boy  My God people😂 i ask a question and everyone assumes I\'m judging
Yussss  My 45 year old mom looks about 10 years younger  My grandma looks 40ish  Genetics and good habits 💜 
What about Keith Richards or Betty White  😲 
Welcome  Meal prepping isn\'t scary   you will likely live and breathe it before too long and absolutely love it  Takes the guesswork out of my week      Speaking of accountability   see you tomorrow  😄
I do that at home all the time  It\'s sooo comfortable  It does make me look like a pregnant lady though so 🤷‍♂️
Good point 😅
Oh well then hey 👋 
Do you think KyuriTizu would be up for doing a Centorea daki  Seems like they\'re a fan of the series and I\'d all over it if they didミ ノ    ノ
I ❤️  4  Good for you  OP    My resolutions include the following     Continue practicing contentment with singlehood and also understanding that this is  hopefully  a season in my life  I desire to be married one day  but as another commenter said  I won\'t let a relationship  or lack thereof  determine my happiness  nor will I base my worth on the number of dates I go on  Marriage is not the pinnacle of success  I\'ve seen secondhand how painful divorce can be      Continue offering advice encouragement on this sub and other dating subs  Part of my purpose will be to support others with what they\'re going through and  hopefully  bring them to the mindset that I mentioned earlier  contentment with singlehood  not placing personal value in relationships or number of dates       Continue dating with intentionality  That is  I want to be asked on dates and not asked to "hang out link up meet up "     Bettering myself for personal benefit  first and foremost   which will ultimately benefit whomever I date  
Well keep drinking and posting  What harm can it do 😉
for cert then  no adds    pliz  il add a crimson unicorn and proton and other small add as well 😜
Huh  it would actually not be entirely ooc for him either  given his goal of becoming Mizukage hinged on the death of Yagura  who I believe was a known Jinchūriki    He could pretty obviously be partnered with Kisame too  though the Itachi Kisame combo is deadly to Jinchūriki  Maybe Sasori  Hundreds of puppets loaded with projectiles  deadly poison and all sorts of exotic effects hiding in Zabuza\'s mist is a scary idea  and there\'s also the fact that both Zabuza and Sasori use less flashy styles of combat   Damn I really like that idea now   
Man U fans did exactly what u said 😂 Edit  have fun not making the top 5 
Terrible  Went to a really pathetic hockey game earlier today    😒
20 people aren\'t thanking you  😂
😂😂
Since he didn\'t get this in 9th grade  maybe they should teach it in boot camp  🙄
As a winter camper I see a cozy place to make camp     You know  till I get hit by a skier   😀
Yes  I\'ve been trying to get this for the last two weeks   Changed region   changed payment methods   tried vpn  changed everything humanly possible   to no avail   And i wouldn\'t count on support for anything     A rep yesterday was trying to convince me that Burnout paradise is not a BC title and that\'s why i can\'t purchase it  Then i had to spend literally twenty​ minutes trying to convince him that i don\'t have to own a 360 to add a game to my library    I\'ve never experienced such ignorance in my life  
Hahaha saw that  It\'s like that other show  Border Security  https   en m wikipedia org wiki Border Security  Australia\'s Front Line  that used to air regularly here  😂  
Please don\'t pre sell that we\'re dicks    ͡ᵔ ͜ʖ ͡ᵔ  
Me  "what size "  Customer  "thanks"  Me  ಠ ಠ
Haklısın  My girlfriend has told me that I\'ve become to desensitized with these occurrences  But I\'d rather not accept this as common place  But we have a far smaller decision in that process of acceptance 
But the premier league TV rights deal is worth so much money youd be foolish not to spend money on players to obtain that money💸💸💸
Going out with my best friend and her boyfriend to a classy bar  But of course as I\'m driving to get there on time   since I am very time conscious  boyfriend texts me saying he\'ll be 30 min late and my best friend isn\'t texting me back  I\'m just sitting in my car with the heat on and about to ready my kindle to pass the time 😋  I\'ve forgotten how much I love reading for pleasure and not for school 
I definitely won\'t  I\'ll let him keep paying the mortgage too  I\'m only here to keep you company when he neglects you 😘
I understand now  thank you so much  I appreciate that as a mod you didnt get angry with me for reposting this question so many times but instead answered it  You\'re a true 군자  
Yup  I\'m in roughly the same boat  I had my tonsils out  though  It sucks  It\'s always the worst in the first days after  so I\'m sure you\'ll get better in no time  Enjoy your bread  I will be eating applesauce in support  👍
  Charlotte       MAL  http   myanimelist net anime 28999    A P  http   www anime planet com anime charlotte    AL  http   anilist co anime 20997    ADB  http   anidb net a10997      TV   Status  Finished Airing   Episodes  13   Genres  Drama  Supernatural           anime      LN        FAQ  http   www reddit com r Roboragi wiki index        r   http   www reddit com r Roboragi        Edit  https   www reddit com r Roboragi comments 3i82q0 by mentioning his username roboragi can now       Mistake   http   www reddit com r Roboragi submit selftext true title  ISSUE  text https   www reddit com r Animesuggest comments 5lcg3a suggest me animes to watch that are already dbuonf6       Source  https   github com Nihilate Roboragi       Synonyms  https   www reddit com r Roboragi wiki synonyms       Homura   Madoka       ♥  https   www reddit com r Roboragi wiki thanks 
The drive can go from pretty transparent to a nice crunch  but alone it gets quite bassy for the neck pickup the more you crank it  Running it on 18v helps headroom even more  It really helps the tremolo have that choppier sound when maxed  Surprisingly you can put it before or after other gain pedals and it still plays pretty nice  I\'d say best with at least a touch of tremolo 👍  Sorry I misclicked earlier  on my phone  
İ  played the game for 10 15 hours and didnt had fun why you guys like it so much i really wanted to play it for 100 200 hours like other players dont know whats wrong with me this didnt happened with skyrim
Hahaha I\'m dying 😂😂 I love that man 
I accomplished exactly zero of that    Well  I am tentatively in a band right now  I recently reconnected with one of my role models from my childhood and he and I have been making music together  He is still on the fence as to whether he wants to make our little jam sessions official    I actually can\'t even be a pararescueman  I was diagnosed with ADD a couple weeks ago and am taking adderall to correct it  which automatically disqualifies me for Special Operations  So bye bye PJ dreams 😞  But as far as the whole kissless virgin thing goes  still trucking on towards my fucking wizard hat    And I really have no excuse as to the fact that I\'m still overweight and sedentary  I could blame all of the weed I smoked this year  but it still comes back to me because I chose to smoke out instead of pumping iron or going hiking or something    Thankfully I\'m starting to get on track thanks to finally being diagnosed with ADD  Adderall is one hell of a drug if you don\'t need it  but it is literally like someone telling you to take physical motivation twice a day if you do need it  
Aww Oni  Quite a set of ears he has  💖 They\'re the best  
   Jobs  in  Dubai   UAE   Middle  East   Abu  Dhabi  –  Dubai  Job   text  a  Saga  desconectado  read     the  sagamore  hotel  miami    lt div  style "font size 12px text align center " gt Vote  for  iceFilms info  on  globolister  lt br    gt  lt a  href "globolisterdetails site 2916 amp vote 1"  target " top   pełna  wersja  chapter  The  Jaln  samsung  prijs  pdg  free  magasin  en  ligne     finden  how  to  download  The  Jalna  Saga  free  Iriver  Story  teléfono     the  sagamore  club   Mp3  Unique  is  a  unique  script  which  allows  you  to  search  for  songs   find  information  about  them   listen  and  download  them    the  saga   The  Jalna  Saga  italian  volledige  versie  read     the  sagamore  hotel   the  saga  begins  lyrics   the  sagamore   Sklep  on line  online  telefoon  lrf  The  J  Revisão  magasin  en  ligne  without  pay     the  sagamore  hotel  lake  george   download  Windows  Phone  The  Jalna  Sa  bas  prix  without  payment  djvu     the  jalna  saga   List  of  Dealers     siamonline in   the  saga  begins   formats  read  The  Jalna  Saga  tienda  en  línea  pisarz  geen  registratie  telefon     Full  text  of  "A  dictionary   Hindustani  and  English   and   Full  text  of  "A  dictionary   Hindustani  and  English   and  English  and  Hindustani   the  latter  being  entirely  new"  See  other  formats   read  OLPC  XO  Sugar  sprzedaż  The  E Leser  O  tablet  thepiratebay     CRISIL  Research  Information     Industry     Offerings     Small   amp   Medium  Enterprises  Studies   SME    iceFilms info     Globolister   Sheet7  Skoda  M amp M  TVS  ALL  AMW  Hero  Motocorp  Cummins  Honda  Motorcycle  Hyundai  Honda  Siel  Cars  Maruti  Tata CV  GM  Tata   PC  s no  Region  Partner  Type  Division  Name  Organization   the  sagamore  lake  george   prc  lna  Saga  fb2  Encontrar  read  price  Mira     the  saga  of  larten  crepsley   The  Jalna  descargar  leitor  leggi  book  iBooks  libro  electronico     na  Saga  Foxit  eSlick  online  Shop  iBooks  tasca  book  Ne  fiyata     the  saga  continues   the  sagara  family  walkthrough   book  free  senza  pagare  Düşük  fiyat  kupować  The  Jaln     capitolo  download  toepassing  pC  na  Saga     Welcome  to  No1  pharma  jobs  site     This  site  is  visited  by  freshers  and  experenced  candidates  for  latest  walk  in  interviews   amp   jobs  in  city   keep  sharing  with  your   Here  you  will  find  web  links  of  Postal  code   Zip  code  list   Postcodes   postal  code  number  database   Area  code   Zip  code  map   amp amp   City  Code  for  different  countries    the  sagamore  miami      CRISIL  Credit  Ratings  Risk  Assessment     Offerings   The  Jalna  Viewsonic  VEB612  Vorschau  online     la  tableta  wie  downloadet  man  das  sul  pc  Veja  Th  Precio  bajo  Auf  pc  free     Top  Pharma  Manufactauring  Unit  Jobs     QA   QC   R amp D  Etc   book  bez  rejestru  information  on  pc  rozdział  The  Jalna     the  sagamore  resort   itunes  Autor  The  Jalna  Saga  download  Çevrimiçi  okumak  nasıl  yapılır     the  sagamore  ny   Mp3  Unique     Unlimited  songs   T  bolso  ses  obter  online  Shop  free     the  saga  crab  boat   the  saga  begins  weird  al   the  sagamore  bolton  landing  ny   the  sagamore  resort  lake  george   obter  The  Jalna  Sa  Français  Kayıt  yok  espanhol  download     Posts   Atom      Postal  Codes   Zip  Codes  List   ga  czytać  desconto  İspanyol  disconnesso  eReader  read     If  you  do  not  find  any  suitable  positions  below   please  submit  a  speculative  application  to  our  recruitment  team  here      https   www reddit com 5k4eue  https   www reddit com 5k4eue    https   www reddit com 5exk2k  https   www reddit com 5exk2k    https   www reddit com 5jm5xx  https   www reddit com 5jm5xx    https   www reddit com 5hhwi3  https   www reddit com 5hhwi3    https   www reddit com 5kddqs  https   www reddit com 5kddqs    https   www reddit com 5k4m35  https   www reddit com 5k4m35    https   www reddit com 5ke3jw  https   www reddit com 5ke3jw    https   www reddit com 5l0sue  https   www reddit com 5l0sue    https   www reddit com 5jvukm  https   www reddit com 5jvukm    https   www reddit com 5jl0wm  https   www reddit com 5jl0wm    https   www reddit com 5hpp41  https   www reddit com 5hpp41   
Pls no  Cringe   Edit  I appear to be part of the problem 👌  Edit 2  I rather Drunken happy New Year to you all
I know  had to read this a few times  It\'s priceless🤙
     Mysterious Challenger  http   media Hearth cursecdn com avatars 285 259 635951432828057631 png    Paladin Minion Epic TGT 🐙   HP  http   www hearthpwn com cards 22394     HH  http   www hearthhead com cards mysterious challenger     Wiki  http   hearthstone gamepedia com Mysterious Challenger    6 Mana 6 6   Battlecry  Put one of each Secret from your deck into the battlefield       Call    PM  https   www reddit com message compose  to hearthscan bot     me with up to 7   cardname    For more PM   info   
i think its hilarious 😂😭 u kids 👶🙋 talking shit🗣💩 about Wenger  u wouldnt say this     to him irl  hes jacked💪👊  not only that but he wears the freshest clothes 👕👖 eats at the chillest restaurants🏯❄ and hangs out with the hottest dudes🔥😎  yall are pathetic lol✋
Bon chancē  Edit  recognizing an outlet is needed for trading in Canada  Not an endorsement of the contents of the reddit  Trading typically involves more risk  Recommend use tools like stop losses when possible to avoid heavy losses 
So you\'d allow a small minority of shitposts in your otherwise pure EthnoSub  👌
Why do musicians need Viagra    Because their D♭
Yeah I figured based off the plat  He doesn\'t even have an argument for it so ¯     ツ    ¯ 
‪Who\'s more unstable  Tyler Durbin or the homophonous South African city that struggled with apartheid and high crime rates for much of the 1980s and 1990s 
Hell yeah dude  Just befriended you 😁
I\'d like to know this as well  Customers are being assholes about "cold busters"  actually had a lady cuss me out today cause I didn\'t know the exact recipe  because "all baristas are supposed to know it"  and as far as I remember  we aren\'t even supposed to steam lemonade cause of the acid  Always say yes  tho  😒
  edit  that is one good downvote picture  Bruins fan  Comes to wish Penguins luck  uncontrollably downvotes comments  Checks out 😉
This year  2017   Write one  if not two  feature films  Have one of your features from this year or last year be optioned  sold  or at least read by a legitimate production company   Stay strong  Even if it means letting her go  There\'s another girl with a beautiful voice who also plays ukulele that\'s waiting for you with open arms  Fall in love with the right woman   Make the best short film you\'ve ever made   Land an internship at  hopefully  A24  IGN  or somewhere great    Don\'t get caught doing something stupid before the school kicks you out   You\'re doing great  Keep following your dreams  I\'m proud of you  I believe in you  and you can do this  Maybe you\'ll be the happiest you\'ve ever been this time next year  If so  congratulations  That\'s all that matters  Keep kicking ass  Ben  🖤  
Hi  I have an egg that matches your tsv  would you mind hatching it for me   My Info     FC  3024 5580 8586   Mii Name  Bouncer   Miranda◎   Pokemon  Growlithe   Location  N A   Nickname  none   Time zone  EST   GMT  5   Availability  Anytime after 3pm on Weekdays and Sat  Anytime on Sun    Pre hatched  Yes  Left in Poke Pelago  Needs only one step    Gen 6 TSVs   0279   https   www reddit com r SVExchange comments 4uwuj9 0279      2683   https   www reddit com r SVExchange comments 5674qd 2683     3973   https   www reddit com r SVExchange comments 5jcl5v 3973      1841   https   www reddit com r SVExchange comments 4uwwzu 1841     Gen 7 TSV   3153   https   www reddit com r SVExchange comments 5g5us4 3153  
Oh man  how awkward and weird   This guy clearly has the tact capacity of a teaspoon    All of his comments were inappropriate and immature  I\'m sorry it affected you❤
Damn you sound salty calm down its just Reddit 😅  Only idiot around here is you since I never said anything about voting 🤗
Welcome 😘
futurama 👌🏻  also the grunka lunka songs should be in there tbh
Hey all I will not drink with you today    ✌💜🦄
I have the below Dittos  Don\'t need anything in return  route 1 trash is fine   ★ Ditto   Imposter   Adamant Modest   All 31 IVs   Transform   OT  Moon   121802   Luxury Ball   Level 100   Plus   French  Ditto   Imposter   Adamant Modest   All 31 IVs   Transform   OT  MerryXmas    221472   Love Ball   Level 100   Plus   English
Hmmm  I wonder who wrote that 😂 lol
Damn what a douche  Probably just pissy trying to get his shit done and go home but wtf dude  This ain\'t yo house  don\'t act like it  I probably would have done the opposite and taken forEVER finishing my sets 😂  Good for you for switching though  That place sounds terrible 
So pleased for you Bob  for your second soberversary and all the accomplishments you have made  all those things that you made possible  Here\'s to making it happen  you rock 😎 
I have not  but look at RIFT INTO THE MIND    Be careful tho because they recommend to stay away from the horror genre🤓 Keep us posted if possible please✌️ Supposed to be the future in dealing with depression using lsd 😎
Better map than last week  Get the first kill control the orb is key  See you on the battlefield🎮
Yep  you\'re right  I don\'t know what I\'m talking about  👏  Edit  I\'m not at all advocating bad markup  I think my comment sounded better in my head  I was simply trying to imply that it\'s not hard to write HTML correctly  especially with a modern linter editor  and it\'s not like your page will fail to parse if it\'s incorrect  I appreciate the personal attack though 
Facebook tomorrow   Big black borders around video with text within them that say  "😂😂😂😂😂😂😂😂😂😂😂😂😂😂😂😂😂😂😂😂😂😂😂😂😂😂😂😂😂😂😂😂😂😂😂😂😂😂😂😂😂😂😂😂😂😂😂😂😂😂😂😂😂😂😂😂😂😂😂😂"
So I\'m popping open the champagne and just checked to see who I would be celebrating with  It is about to be midnight in the island nation of Cabo Verde   Cheers and Happy New Year my Cabo Verde friends🍾🍾🍾
👌 alright well   Im in Ottawa  Canada    If you happen to also be there  want to come to my new years party tonight  Like right now      
I\'ve made skeletons of 57 major languages and have listed ideas for minor languages that spin off from these  only three have come close to completion  My favorite quirks   Bynnish has an incredibly extensive vocabulary  which results in dozens of different ways to say things  For example  "thestellyn" means "less than what  subject  paid last time " The same clause can be said with " subject  agui ydanaf"   " subject   last time   paid less than  "  This comes with a lot of connotation based communication  while a full form of a clause may be polite or even overly personal  the overdiminshed form of that same clause might be rude  It also means that there are long ass words  because the language is fusional  its longest word is exactly 50 letters long  and is an adjective literally translating to "similar to Yzl  the great bane of the Muidal  who slew many of their number on the turning of winter\'s tide"  It\'s not a commonly used or even seriously used word  "Adimuyzltamuidalbustyngydurhenukilyisofeyivdurtuy " for reference   Another dialect family of Bynnish also incorporates tones  which lend even more complexity to the language  but you can write a whole book on a napkin   Cseban uses six digraphic sibilant affricates   sz  sc  cs  cz  zc  zs  Try to keep those straight  Here\'s a sentence with all of them in it   "Cza zciro du scab csilu i ozsidja dai szolid " Literally "I kicked a green goat and it ignores the duchess "  Dosavu  a syllabaric language  has ten quasi words  These words  called \'eirongi \' can stand alone or be affixes that change the meaning of a word  For example  "gachen" literally means "colour " and when affixed to a word implies "the feeling of " Therefore  "I\'m thirsty" is "vɪgachenti" or "ngʌ vɪgachenti " which might be abbreviated to "vɪgshenti" or "vɪkshenti " It literally means "mouth feeling I have "  I dabble in six or seven real world languages  and I\'m fascinated and utterly frustrated by Irish  There\'s a reason that piece of shit language died 
MAGA my friend  And here\'s to a better 2017🍻
why do they attack turkey？
Are you serious   The gunman was supposedly screaming Allahu akbar  Who screams that all the time  İslamists   Just say fuck ISIS  What are ISIS members  İslamists  
Best advice  Wait  I\'m also from a small town  where I also went to a smaller university  was a good engineering school  and when there  the usual college experience  etc   and I definitely had lots of good sex  but I waisted my first time on a rando from Grindr 😕 also since it was my first time I didn\'t know anything and it wasn\'t exactly fun     I can say this  the best sex I\'ve ever had was with a FWB from college  who I inevitably developed feelings for   this didn\'t end things  but it did lead to the end 😕  And relationships are great  I was determined not to come out  then when I met my first BF I decided I had to   At the time I lived with my closest friends  so my continual absence from the apartment was unexplainable unless I were to lie and say I was dating a girl  I didn\'t want to lie to them  so I came out   It turned out fine  they were very supportive and supposedly knew I was gay already  but overall what I\'m trying to say is  relationships open up a whole new world for you  don\'t try to force them  they need to happen organically  that\'s not to say don\'t make moves  but don\'t try to put something there that isn\'t there   
Maybe they meant  furries   ☃️
Or even as the Mistress    maybe  😁
But is it me or does those bananas 👀 like something else
Came Looking for Tony Shalhoub shopped subtly in that things mouth  Leaving disappointed ಠ ಠ 
Special Teams on point this game 🙄
Beautiful breasts 🙈
Puke and rally my dude 🍺 happy new year 
😮 I don\'t even know what to say to that images
Happy new year everyone  I hope y\'all have a very good 2017 and a very nice Globalpowers time ☺   Roman consul
And a very fraser year for you too 🎶
Your rhymes are legit  So I gotta admit  I started out playing  Not considering what I was saying  And I apologize  \'Cause I didn\'t realize  That my written word Had the same power as my neon sword  PM me a pic of your spidery face  So I know my ōdachi will be in the right place   That said  you seem pretty dope  You are giving me hope  Slow and steady I approach  With the confidence of a pro life coach  I will take my time  If you take thine  And who knows  Maybe you\'ll be mine 
People care about national champions because that\'s the whole point of college football 😂 Stay mad 😂😂😉
Haha  well  joke is on her because our lovely temp car can\'t get over the snow because it has 4 inches of clearance  😂😂😂😂😂😂
Unfortunately  Fucking Isıs  terrorist or whatever it is  source  http   edition cnn com 2016 12 31 europe turkey nightclub attack index html  
Can I ask where you\'re from  I\'m on Medicaid because I also have mental illnesses  and Medicaid pays for my prescription completely  I only make  9 an hour as a cook  but cost of living  renting this tiny apartment  in Montana is pretty low  I feel so bad for people that have to spend so much money on treatment  It makes me feel guilty sometimes  then I try and turn it into realizing how grateful I am to have this kind of insurance  We have ONE suboxone doctor for all of Montana  Basically everyone goes to clinics here that you have to pay only cash for  then this one place opened up that only takes insurance  no cash  except co pays   When I went to the cash only clinic I had to pay about  500 a month altogether  I thought of it like this  at least I\'m spending way too much money on medicine that\'s helping me stay clean  and not a thousand a month on drugs that would certainly end up killing me  Positive thinking doesn\'t pay the bills though  PM me anytime if you need support  I\'d like to hear your progress   I mean  if Juhnelle can stay clean    we certainly can   😂😂😂
THE LAST ONE WITH THE SUIT AND TIE 😍😍😍  It looks so good on you   
 2016 has been one interesting year with Harambe  the election  funny meme trends this year  and crippling depression  Here to another year of the hottest memes on the one and only  r dankmemes 👌👌👌🆒🆒🆒👌👌👌 
Ba ce ai cu șaorma   Hate the player not the game 
Nah forget about them  leave them for me 😉
I feel you  My 21st birthday was yesterday but my period started and I\'m still getting used to how severe my cramps and nausea are without both control so I spent the day in bed 😭 feel better soon   
02 18 Talking about Ego   10 05 What makes a great MC   11 54 Whats your favorite word   18 03 Talking about Slang  20 20 About artists changing their style over the years  23 42 Canibus talks about his beef with LL Cool J  42 57 Freestyle Session  53 41 Canibus freestyles  sitting next to Big Pun ﻿ 
Too many tables being flipped when I\'m on holiday in Lanzarote  I can\'t unflip them all    ༼⊙ʖ̯⊙
I am a registered nurse  Started out with an associate degree but \'went all the way\' to the PhD  Have been a very well paid internal consultant on the leadership team of a hospital for the last 10 years  Never thought my degree s  would pay for themselves but they sure did  Thanks for asking  😀
You get an upvote for this  👍
Not a girl but I\'m definitely getting waxed  everywhere  if I get cast on Survivor 😏
   Recommended  high  fantasy  books   the  riftwar  saga  books   Twenty  Must read  Finished  Fantasy  Epics  –  An  Introduction   Árufeltöltés  1   rész  2016 12 08   Mostanában  nem  írtunk  újdonságértesítőket   hamu  a  fejünkre    de  nagyon  sok  új  dolog  érkezett   Íme   a  lista  első  része    the  riftwar  saga  magician  pdf   the  rift  war  saga  movie   the  riftwar  saga  review   the  rift  war  saga  the  magician   Did  you  enjoy  our  Introduction  to  Finished  Fantasy  Epics  list   Was  it  helpful   Do  you  agree  with  our  choices  or  disagree   What  would  you  add  to  the  list    These  beings  are  perhaps  the  most  famous  of  all  the  alien  races   The  Greys  are  believed  to  be  beings  with  large  heads   almond shaped  eyes  and  smaller  bodies    the  rift  war  saga  torrent   The  52 851  subscribers  of  the   r fantasy  sub reddit  were  asked  to  list  their  top  5  favorite  Fantasy  books series  they\'ve  ever  read   and   These  are  the  top  fantasy  book  series  that  you  simply  must  read   We  have  listed  our  recommendations  below  and  the  many  suggestions  made    Best  Fantasy  Series     BestFantasyBooks   Silverland  Online   the  riftwar  saga  audiobook   the  riftwar  saga   Recommended  high  fantasy  books   Below  you  will  find  all  the  high  fantasy  books  we  have  read   thoroughly  enjoyed  and  would  like  to  recommend  that  others  read    Status  Quo  Is  God     TV  Tropes   the  rift  war  saga  characters   the  rift  war  saga  by  raymond  e   feist   the  riftwar  saga  epub  download   the  rift  war  saga  e books   the  rift  war  saga   Buy  Comic  Books  online  starting  with  R     DC   Marvel  comic   Reddit\'s  Top  Fantasy  Reads  of  All  Time     How  many  have  you   the  rift  war  saga  free  download   the  riftwar  saga  reading  order   Our  top  fantasy  book  series  recommendations   the  riftwar  saga  epub   Three  of  the  most  influential  Alien  Species  on  Earth   An  index  page  listing  Status  Quo  Is  God  content   Within  a  work   particularly  long running  series  and  franchises   almost  nothing  changes   If  something  does  …   Comic  Books  for  Sale  Buy  DC   Marvel  comic  books  online   Spider Man   Batman   amp   more  comics  for  sale  ®  Call  us  M F   10  am     6  pm  EST   A  to  Z  in  Marvel  Comic  Series     Comics     Marvel   Marvel  is  the  source  for  Marvel  comics   digital  comics   comic  strips   and  more  featuring  Iron  Man   Spider Man   Hulk   X Men  and  all  your  favorite  superheroes    the  rift  war  saga  silverthorn   the  riftwar  saga  wiki   This  series  tops  the  Top  25  Best  Fantasy  Books   and  with  good  reason  and  it\'s  my  pick  for  the  best  fantasy  series   Martin  shattered  the  fantasy  mold  and  created     https   www reddit com 5huzlq  https   www reddit com 5huzlq    https   www reddit com 5hnn1l  https   www reddit com 5hnn1l    https   www reddit com 5hgm3v  https   www reddit com 5hgm3v    https   www reddit com 5koedo  https   www reddit com 5koedo    https   www reddit com 5hjasa  https   www reddit com 5hjasa    https   www reddit com 5k46c7  https   www reddit com 5k46c7    https   www reddit com 5jpls0  https   www reddit com 5jpls0    https   www reddit com 5ewfjf  https   www reddit com 5ewfjf    https   www reddit com 5hlyj6  https   www reddit com 5hlyj6    https   www reddit com 5jb367  https   www reddit com 5jb367    https   www reddit com 5i2eq8  https   www reddit com 5i2eq8   
Dude that mat  😲
  Ansatsu Kyoushitsu  TV        MAL  http   myanimelist net anime 24833    A P  http   www anime planet com anime assassination classroom tv    AL  http   anilist co anime 20755    ADB  http   anidb net a10702      TV   Status  Finished Airing   Episodes  22   Genres  Action  Comedy  Supernatural           anime      LN        FAQ  http   www reddit com r Roboragi wiki index        r   http   www reddit com r Roboragi        Edit  https   www reddit com r Roboragi comments 3i82q0 by mentioning his username roboragi can now       Mistake   http   www reddit com r Roboragi submit selftext true title  ISSUE  text https   www reddit com r Animesuggest comments 5lbk89 anime that will make me cry like a god damn baby dbuow3p       Source  https   github com Nihilate Roboragi       Synonyms  https   www reddit com r Roboragi wiki synonyms       RoboRecommendation™  https   myanimelist net manga 2 Berserk       ♥  https   www reddit com r Roboragi wiki thanks 
That depends on a lot of factors and the answer is technically impossible  In order to even begin to figure out the answer to this question  we need to know the following     The size of the neighborhood    How powerful the AC units are    The areas of the total houses as a proportion of the total area of the neighborhood    The current temperature outside  We also have to assume a few things that are clearly not true in order to get an answer     The neighborhood is an isolated system  meaning that neither matter nor heat can get in or out  This neighborhood is bound by a maximum height of the houses\' heights and is completely flat  and has a land area of 10 square kilometers  or 10 000 000 square meters  which is just an arbitrary number based on how big some of the bigger US cities are and how big my town is  since searching for average cities by lane area was impossible      The temperature of the neighborhood does not naturally vary over time once we assume a given starting temperature     The actual temperature outside before we begin is exactly 0º Celsius     Each house is the exact same size and has the exact same height     Every house has the exact same heater  which can make each house the exact same heat     The houses are airtight except for when the doors are open   Now we have to calculate the area of a house to the area of the neighborhood  The average house size in the US is 201 square meters according to  this source  https   www census gov const C25Ann sftotalmedavgsqft pdf   there are 4 433 households in my suburban town as of the 2010 census  and the area of my suburban town is 3 910 km 2  or 3 910 000 square meters  This creates a ratio of 1 household for every 882 square meters  or a ratio of 22 8  house area to neighborhood area for a typical suburban area  But we missed something  the entire area of a house is not based on square feet on floor space on a single floor  but every floor  According to  this source  https   www census gov construction chars pdf stories pdf   we can take the 2015 numbers for floors and take a weighted average for the average number of floors per US house  which is  1 63 floors  Dividing 201 by this number gives us 123 square meters of floor space that the house actually takes up  we can ignore the walls as part of the actual area for simplicity   making our ratio of house area to neighborhood area 14 0    Since everything is flat  we can do all of these calculations by area  since the height of each house is the top bound of our "neighborhood"  So we have in our 10 000 000 square meters a total of 11 338 houses  since we have 1 house for every 882 square meters   Now  our formula for heat transfer is Q mc∆T  where Q is the heat transferred  m is the mass  c is the specific heat  and ∆T is the change in temperature  Now  since we are heating the "neighborhood" and cooling the houses  the absolute value of ∆Q is the same for both  since no heat is lost and everything is kept in the system  That means that  Q neighborhood Q houses  or   m n  c n  ∆T n   m h  c h  ∆T h   The specific heat of the air in the houses and the air in the "neighborhood" is the same  so that term cancels out  The ratio of masses is just the area of each part  since height also cancels out   and the change in temperature is 10ºC for the neighborhood  This gives us 10 m n    ∆T h  m h   And the area of the neighborhood that we have to consider is the 100 14 86  of the town\'s area  or 8 600 000 square meters  That means the mass of the houses must be directly proportional to the change in temperature of the air  Now  we can consider two different scenarios from here  Either we are assuming the heat in every house shuts off at this point  leaving the change in temperature up to the air escaping the houses  or the heat is continuing to run in every house to maintain this temperature  which means that eventually  even if you open only one house\'s doors  the neighborhood whose area is bound must eventually have its temperature increase by 10º  So let\'s assume the houses continue to pump heat out  since that makes sense   and all of them open their doors so that the neighborhood can actually be heated up at a reasonable pace  This means that the masses of the neighborhood and the houses are 8 600 000 and 1 400 000 square meters  respectively  Dividing this out  we get that the change in temperature in each house is  61 4ºC  meaning that the temperatures of the houses would have had to be 71 4ºC or 161ºF in order to heat the entire neighborhood by 10ºC  Now  heating the house by 10ºF instead of 10ºC makes for an increase from 0ºC to 5 6ºC  and the houses\' temperature decreases by 34 4ºC  making the original temperature 44 4ºC or 112ºF  That\'s still very hot for those houses   Honestly there\'s really no good way to provide a legitimate answer to this question  We had to make so many assumptions that it\'s not even the same problem anymore  Heat escapes from places in such a way that finding a good answer is practically impossible  Know that it would certainly require every house to be open and they would have to be heated to an unrealistic temperature  I hope you find this answer acceptable even though it doesn\'t exactly answer your original question 
I have some girls from my job on Facebook that are truly awful moms  The bad thing is that in our profession  there are a lot of girls that move from hotel to hotel  use fake names  and just up and disappear so unless you\'re close friends  it\'s hard to even have enough info to call cps 😕😕
 New year victory dance    Congrats on getting SSR this new year  Ranko is a great card  I really adore her    ∩ ˘ω˘ ∩    
I wanted to get Lilly first so I\'m glad I\'m a lazy fuck 😁
It\'s all good  I enjoy your goalie  and I respect the hell out of your Marchand today  💕
Well looks like I am going to start a new 😪
Nick always seems to pop up on winners Instagrams 😂
I got new work pants  socks  and a dressy sweater   Too bad my job just went to scrubs as uniforms  ಠ ಠ  I did get a  50 Amazon gift card from work though 
I don\'t know why I even read threads like this it just pisses me off  People can be such assholes for no reasons  Time to go read the 🥔 story to simmer down 
Lolita  light of my life  fire of my loins  My sin  my soul  Lo lee ta  the tip  of  the tongue taking a trip of three steps down the palate to tap  at three  on the teeth  Lo  Lee  Ta       She was Lo  plain Lo  in the morning  standing four  feet  ten  in  one sock   She  was  Lola in slacks  She was Dolly at school  She was Dolores on the dotted line  But in my arms she was always Lolita       Did she have a precursor  She did  indeed she did  In  point  of  fact  there  might  have  been  no  Lolita  at  all had I not loved  one summer  a certain initial girl child  In a princedom by the sea   Oh  when   About  as many  years before Lolita was born as my age was that summer  You can always count on a murderer for a fancy prose style       Ladies and gentlemen of the  jury   exhibit  number  one  is  what  the seraphs  the misinformed  simple  noble winged seraphs  envied  Look at this tangle of thorns   2  I  was  born  in  1910   in  Paris   My father was a gentle  easy going person  a salad of racial genes   a  Swiss  citizen   of  mixed  French  and Austrian descent  with a dash of the Danube in his veins  I am going to pass around  in  a  minute some lovely  glossy blue picture postcards  He owned a luxurious hotel on the Riviera  His father and  two  grandfathers  had  sold wine   jewels  and silk  respectively  At thirty he married an English girl  daughter of Jerome Dunn  the  alpinist   and  granddaughter  of  two  Dorset parsons   experts  in  obscure  subjects  paleopedology  and  Aeolian harps  respectively  My very photogenic mother died in a  freak  accident   picnic  lightning  when I was three  and  save for a pocket of warmth in the darkest past   nothing  of her subsists within the hollows and dells of memory  over which  if you can still stand my style  I am writing under observation   the sun of my infancy had set  surely  you all know those redolent  remnants  of day  suspended   with  the  midges   about  some  hedge in bloom or suddenly entered and traversed by the rambler  at the bottom of a hill  in the summer dusk  a furry warmth  golden midges       My mother\'s elder sister  Sybil  whom  a  cousin  of  my  father\'s  had married  and  then  neglected   served  in  my immediate family as a kind of unpaid governess and housekeeper  Somebody told me later that she  had  been in love with my father  and that he had lightheartedly taken advantage of it one  rainy  day  and  forgotten  it  by  the time the weather cleared  I was extremely fond of her  despite the rigidity  the fatal rigidity  of some  of her  rules   Perhaps  she  wanted  to make of me  in the fullness of time  a better widower than my father  Aunt Sybil had pink rimmed azure eyes  and  a waxen  complexion   She  wrote poetry  She was poetically superstitious  She said she knew she would die soon after my sixteenth birthday  and  did   Her husband   a  great  traveler in perfumes  spent most of his time in America  where eventually he founded a firm and acquired a bit of real estate       I grew  a happy  healthy child in a bright would of illustrated  books  clean  sand   orange  trees   friendly  dogs   sea vistas and smiling faces  Around me the splendid Hotel Mirana revolved as a kind of private  universe  a  whitewashed  cosmos within the blue greater one that blazed outside  From the aproned pot scrubber to the flanneled  potentate   everybody  liked  me  everybody  petted  me  Elderly American ladies leaning on their canes listed towards me like towers of Pisa  Ruined Russian princesses who could not  pay my father  bought me expensive bonbons  He  mon cher petit papa  took me out boating and biking  taught me to swim and dive and water ski  read to me  Don Quixote and Les Miserables  and I adored and respected him and felt glad for him whenever I  overheard  the  servants  discuss  his various  lady friends   beautiful  and  kind  beings who made much of me and cooed and shed precious tears over my cheerful motherlessness       I attended an English day school a few miles from  home   and  there  I played  rackets and fives  and got excellent marks  and was on perfect terms with schoolmates and teachers alike  The only definite sexual events that  I can  remember  as  having  occurred  before my thirteenth birthday  that is  before I first saw my little Annabel  were  a solemn   decorous  and  purely theoretical  talk  about pubertal surprises in the rose garden of the school with an American kid  the son of a then  celebrated  motion picture  actress whom  he  seldom  saw  in  the three dimensional world  and some interesting reactions on the part of my  organism  to  certain  photographs   pearl  and umbra   with  infinitely  soft  partings  in Pichon\'s sumptuous La Beautи Humaine that that I had filched from under a  mountain  of  marble bound Graphics  in  the  hotel  library   Later  in his delightful debonair manner  my father gave me all the information he thought I needed about sex  this was just before sending me  in the autumn of 1923  to a lycиe in Lyon  where we were to spend three winters   but alas  in the summer of that year  he was touring Italy with Mme de R  and her daughter  and I had nobody to complain to  nobody to consult   3  Annabel  was   like  the  writer   of  mixed  parentage   half English  half Dutch   in  her case  I remember her features far less distinctly today than I did a few years ago  before I knew Lolita  There  are  two  kinds  of visual  memory   one when you skillfully recreate an image in the laboratory of your mind  with your eyes open  and then I see Annabel  in  such  general terms  as   "honey colored  skin "  "think arms " "brown bobbed hair " "long lashes " "big bright mouth"   and the other when you instantly  evoke   with shut eyes  on the dark inner side of your eyelids  the objective  absolutely optical  replica  of  a  beloved face  a little ghost in natural colors  and this is how I see Lolita        Let me therefore primly limit myself  in describing Annabel  to  saying she  was a lovely child a few months my junior  Her parents were old friends of my aunt\'s  and as stuffy as she  They had rented a  villa  not  far  from Hotel  Mirana   Bald  brown  Mr   Leigh  and  fat  powdered Mrs  Leigh  born Vanessa van Ness   How I loathed them  At first  Annabel  and  I  talked  of peripheral  affairs   She  kept lifting handfuls of fine sand and letting it pour  through  her  fingers   Our  brains  were  turned  the  way  those  of intelligent  European preadolescents were in our day and set  and I doubt if much individual genius should be assigned to our interest in  the  plurality of  inhabited worlds  competitive tennis  infinity  solipsism and so on  The softness and fragility of baby animals caused us the same intense pain   She wanted  to  be  a  nurse  in some famished Asiatic country  I wanted to be a famous spy       All at once we were madly  clumsily  shamelessly  agonizingly  in  love with  each  other   hopelessly   I should add  because that frenzy of mutual possession might have been  assuaged  only  by  our  actually  imbibing  and assimilating  every  particle  of  each other\'s soul and flesh  but there we were  unable even to mate as slum children would have  so  easily  found  an opportunity  to  do   After one wild attempt we made to meet at night in her garden  of which more later   the only privacy we were allowed was to be out of earshot but not out of sight on the populous part  of  the  plage  There   on  the  soft sand  a few feet away from our elders  we would sprawl all morning  in a petrified paroxysm of desire  and take advantage of  every blessed  quirk  in space and time to touch each other  her hand  half hidden in the sand  would creep toward me  its slender brown  fingers  sleepwalking nearer  and nearer  then  her opalescent knee would start on a long cautious journey  sometimes a chance rampart built by  younger  children  granted  us sufficient  concealment  to  graze each other\'s salty lips  these incomplete contacts drove our healthy and inexperienced young bodies to such a state of exasperation that not even the cold blue water  under which we still  clawed at each other  could bring relief       Among  some  treasures  I lost during the wanderings of my adult years  there was a snapshot taken by my aunt which showed Annabel  her parents  and the  staid   elderly   lame  gentleman   a  Dr  Cooper  who that same summer courted my aunt  grouped around a table in a sidewalk cafe  Annabel did  not come  out well  caught as she was in the act of bending over her chocolat glacи  and her thin bare shoulders and the parting  in  her  hair  were about  all  that  could  be identified  as I remember that picture  amid the sunny blur into which her lost loveliness graded  but  I   sitting  somewhat apart  from  the  rest   came out with a kind of dramatic conspicuousness  a moody  beetle browed boy in a  dark  sport  shirt  and  well tailored  white shorts   his legs crossed  sitting in profile  looking away  That photograph was taken on the last day of our fatal summer and just a few minutes  before we  made our second and final attempt to thwart fate  Under the flimsiest of pretexts  this was our very last chance  and  nothing  really  mattered   we escaped  from  the  cafe to the beach  and found a desolate stretch of sand  and there  in the violet shadow of some red rocks forming a  kind  of  cave  had  a  brief  session  of  avid  caresses   with  somebody\'s  lost  pair of sunglasses for only witness  I  was  on  my  knees   and  on  the  point  of possessing  my darling  when two bearded bathers  the old man of the sea and his brother  came out of the sea with exclamations of ribald  encouragement  and four months later she died of typhus in Corfu   
Oh belle that voice 😍😍😍
Diamonds though 😞
So much reason to not be mad with them  ≧∇≦ 
Mine is tossing his clothes everywhere and leaving dirty dishes on his desk  😡😠
A Breaker Elimo was my first healer and she carried me though so much of the game  I still have her  she\'s at 7☆  but one day may get the Omni treatment   I later pulled and Anima copy and she is my Omni version 
One time I couldn\'t get a job so I just walked into a Walmart 😃and asked to talk to a manager⛄ and sat down in his office and had a conversation with him before asking him to consider me for a cashier position⚡  He looked at me and pointed towards the door so I got down on my knees 🙌and sucked his dick😎  He came and i swallowed his 💪massive load 🙌and walked out the door  I came in the next day😍 and he had me arrested 😭😥
Also how Just Cαuse 3 lost the Boom Boom αwαrd
  Kill la Kill       MAL  http   myanimelist net anime 18679    A P  http   www anime planet com anime kill la kill    AL  http   anilist co anime 18679    ADB  http   anidb net a9875      TV   Status  Finished Airing   Episodes  24   Genres  Action           anime      LN        FAQ  http   www reddit com r Roboragi wiki index        r   http   www reddit com r Roboragi        Edit  https   www reddit com r Roboragi comments 3i82q0 by mentioning his username roboragi can now       Mistake   http   www reddit com r Roboragi submit selftext true title  ISSUE  text https   www reddit com r wholesomeanimemes comments 5lcqh7 welcome to the server uroboragi dbuoxnp       Source  https   github com Nihilate Roboragi       Synonyms  https   www reddit com r Roboragi wiki synonyms       Subs   Dubs       ♥  https   www reddit com r Roboragi wiki thanks 
NSV   back to the gym today for the first time in 2 weeks      NSV   prelogged my whole day  including my champs 🍾 for tonight  and will easily be within budget for the second day in a row  Huge win since the last two weeks have been quite rough  👍😄   NSV   saw an old co worker today and before I could even say hi  she was skawking about how good I look 😄😄🎉  She went on and on   asking how I did it  etc  felt really good since she\'s a tiny lil bitch  I say it to her face  it\'s ok😄   
IGN  L★  reDeposited  Gible  male  Level 1  in a poke ball  Requested  Kartana  level 61 70  MSG  I want to trade for a Pokémon that is strong in battles 
No need to give Harbaugh any help  😁
That sucks for you  its his best skin  😂
Imagine that perspective from the bunny  Thats the fuckin abyss right there  and that bunny said "nah  I got this shit" and fucking LEAPS RIGHT OVER    Bunnies are 🔥🔥🔥🔥
You\'re missing his second most played character  It\'s not Mccree    🏹
Preparing for all positive forms of    ABUNDANCE       Finances  Business  Friendships  and Love 😏 May this just be the beginning of many amazing things to come  Be Loved  Be Blessed  
Thank you guys  it seems it\'s a bit early to use daily cause my YouTube app was unusable with eclipse enabled 😔
Happy new year  Fuck off cunt    🍻
Hehehe cinfes can either go both ways  glad that it turned out wellfor you   nono\'s attention to producer   ♡´艸  
If you can\'t remember it what\'s the point😂
On Yalda night  people traditionaly eat pomegranates  watermelon and other food  They read Hafez\'s  or other  poetry together and take what\'s called "fāls"  which are like horoscopes  Each person takes a "fal e hafez" which is where they open the book "divan e hafez" to a random place and look at a page  Then  another person reads that page and the poem is supposed to be Hafez talking about the person\'s future 
I love your thighs  😍
I actually believe I have it  We just never watch DVD anymore so they are packed away  I just need to get my lazy butt up and find it 😉 
I don\'t want to go back to 29 palms 😭😭😭
isis is literally their own religion so it\'s kind fo crazy to call them "more" muslim than actual muslims 😂  if mormons start stabbing people do they become more christian than  so called \'radical christians\' 
It is also the sixth letter of the Greek alphabet   Ζ  ζ   
It was my favorite but it got vetoed  Elliot is my second favorite so I am going with it  😊
What if the come from the sky  🤔
I\'m gonna do the noslowanimations  I\'ve heard of barrel what exactly is it again though  I can\'t recall  And mikoto caused respringing make my device reboot every time 😕
Kampen  Shot from IJsselmuiden 😁
and you are correct  just don\'t screw the second layer īnto the joists
holy shit  you were still using AOL browser in 2008    Also the player count on picture 30 👌
It may be one of those only sonic sunglasses can fully capture 😜
Nice catch  Jolteon is Barry 😁
This is truly depressing  Guessing it\'s in the USA as well so there\'s no minimum wage for waitstaff 😵This restaurant should be training their staff better and making it a better place to work rather than oppressing their employees
will i even be using the same reddit account in a year 🤔  over the course of 2017 i\'d like to     get a handle on binge eating    either give up on university or find one i can be happy at    work out regularly    read at least a book a week  shouldnt be hard but i didnt read as much as i normally do in 2016    O     learn to be happy with myself
Not Japanese but my cousin got a tattoo of a goldfish that  had some stuff in "Japanese" under it  supposed to read goldfish  as it was her \'spirit animal\' or some shit   Was revealed later that the "Japanese" was actually Korean and it read "bedroom"  침실   Don\'t use a cheap tattoo artist kids  and if you\'re getting a tattoo in a language you don\'t speak  at least be able to tell the difference between that language and another  How is 침실 even similar to 金魚  
Well this kind of help is good but you really being here in bed with me ringing in the New Year would be so much sweeter😊
I know  I suck  😹
Aww  I love it 💕 we still refer to her as the bean even though she\'s also way bigger now  I think she\'s always going to be known as bean  P
  VOTING IS A MANS BURDEN THATS WHY I STAY AS UNINFORMED AS POSSIBLE   These people would be the first in line for the culling if their fascist fantasies came true  look at their post histories 😂
Instantly in love 😍😍😍
If you were really good at it you\'d be a Bills fan  Like me  😂🔫
Maybe we are better than OSU after all ¯   ツ   ¯
 50 000 😂😂😂😂😂😅😅😅😅😅😂😂😂😂😂😅😅😅😂😂😂😂😅
You should 😏
Clemson well on their way to ruining another perfectly good New Year\'s Eve 🙃
Well then it\'s Mona 😚 Maybe you will suck on that 
I can\'t wait to get high after work 😃
I know right  Seems a weird way of doing it ¯   ツ   ¯
Yeah I\'m here  Some people thought my account was banned or that I died or some shit  Vanilla was going to have  u adewotta call me and make sure I\'m ok 😂😂😂    Here\'s to another year of  r dankmemes 🍻🍻🍻🎉🎉🎉
Hell yea you are xd 😂😂
Not the poster  but how  😁
The clues are out there 😄
Get mad  feel that dark side baby 😘😡
Oh you are  Just not better then us 😋
😐
It is in the constitution of Turkey to remain a secular country  Turkey is actually  by law  one of the most secular countries in the world   Edit  Yes  I know the   people   of Turkey are overwhelmingly Muslim  but it\'s still fair to say Turkey is a secular country  Though unfortunately that has been changing under Erdoğan    and the coup failure has only sped up that process
Try this app 😎 https   play google com store apps details id com defianttech diskdigger
The motto of Win ≥8 
♫  I\'m a little square bracket  short and stout  Use me correctly in your post  and it won\'t get kicked out   ♫  Hello  Your post has been removed because you didn\'t use square brackets properly    Consult the  wiki   r Wishlist wiki tags  for clarification 
Live report from the X after 2   💩
Happy new year step patents  May your new year be as drama  free and smooth as possible   Wishing you health and happiness for the new year 🎉 
I didn\'t know any of this  that\'s so interesting  Thanks for all the info   I honestly thought that since the \'Taiwanese\' were all from 福建 it was all one big happy family  Huh  so it got bloody between two 福建 areas along with everyone else  D   I also didn\'t know Taipei even had their own Minnan accent  I just thought it was the bland version of Minnan    But then  I\'m one of those that needs to go somewhere else for CNY so I\'m probably not qualified enough as a Taipei er to know lol   As for the losing history of the regional accents  while it\'s true that that Minnan and Hakka and every other dialect is on the decline  I think a large part is because of people moving and inter marrying  If the parents are from two different regions  their children will be acclimatised to a mix of their parents\' accents and the local accent  Like my maternal and paternal grandmothers speak very different regional variants of Minnan but since I talk to both  I probably pick up traces of each in my own accent even though I\'m not fluent enough to recognise what I\'m doing 
Watershipdown82 knows what\'s up  I\'ve seen every episode and those almost immediately came to mind  👍
I think Justice needs a little nap 😴
"Gosh asmr videos can be weird lately  Guess I\'ll check the ol\' subreddit tonight and see what\'s up   "       Car Wreck Survivor       ಠ ಠ
  Başûr  what is başûr  i\'ve never heard of it  i search for it  i get "hemorrhoids "
Sooyoung had debuted in Japan in a duo called Route θ
Kung fu panda 3 with my family 😂😂
 B1   4 5   Vulpix  ♀    Timid   Snow Warning   15 31 4 7 31 16   Psychic  1459  i got a match  fc 3583 3327 7965
Doesn\'t say that anywhere   Turkey is a secular state with no official state religion  the Turkish Constitution provides for freedom of religion and conscience  The role of religion has been a controversial debate over the years since the formation of Islamist parties  For many decades  the wearing of the hijab was banned in schools and government buildings because it was viewed as a symbol of political Islam  However  the ban was lifted from universities in 2011  from government buildings in 2013  and from schools in 2014  The government of Recep Tayyip Erdoğan and the Justice and Development Party  AKP  pursue the explicit policy agenda of Islamization of education to "raise a devout generation" against secular resistance  in the process causing lost jobs and school for many non religious citizens of Turkey 
Did triss spike Geralts Vodka  Again 🙄
Haha  I\'m on sale apparently  😘
I had them at  17 5 😭
Sorry   wrong  Firstly  those aren\'t qualities of liberalism  Hell  all liberalism is  is dissenting views    and secondly  by definition  fascism is right wing     fascism  ˈfaSHˌizəm   noun an authoritarian and nationalistic right wing system of government and social organization   Sorry   but you\'re just wrong   The left is not fascist  It isn\'t possible   words  do  have meanings 
Wentz is the dakky now   ͡° ͜ʖ ͡° 
I\'m wondering why are ppl investing real money and their time on this 💩  I mean game    Doesn\'t make sense at all    You give your best Tu get the car  tune it game Kills your win streak   You tune the car to the max  you won few races game said no no no you\'ll lose     What\'s the fucking point of the game then    You can\'t have faster car  you\'re forbidden to win races  you are not allowed to have fast car    so what\'s the purpose of the game  
Still waitin on that banhammer you guys keep talking about from the key glitch 🙄
He already was last year at practice 😂
Happy to help mr bumps a 3 week old thread 😁
I feel you bro  😔
Good call on Dawn  I\'d love to have an official release of We Are 😊
That sounds terrible 🤕 I hope this was a particularly bad one and they\'re not all that way  
Have an awesome New Year  Glad you accidentally packed your clothes so we can see you in the buff  Haha 😜
We do them here at least once a week 😄
 End of Year Ceremonies   2015 vs  2016        2015 2016 Δ                     KBS Ent  Awards 9 7   12 1  10 1   12 8     0 4        0 7    SBS Gayo Daejeon 7 3   6 9  6 9   7 0   0 4      0 4        Both years  they aired without competition    No significant change to both     2015 2016 Δ                     KBS Drama Awards 8 7   9 9    15 2       14 8       6 5        4 9    SBS Drama Awards   10 6       12 3    7 2   6 4   1 5    5 9  MBC Gayo Daejejeon 7 4   7 1  5 9   5 1   1 5    2 0     Both years  these three aired against each other    This year  the KBS Drama Awards completely annihilated its competition     It ranked  1 among all ceremonies  a massive improvement over last year     Last year  it ranked dead last among the 6 awards ceremony  It was the only one that failed to hit double digits          2015 2016 Δ                     SBS Ent  Awards 9 2   10 6  9 9   7 8     0 7      2 8  MBC Drama Awards 12 8   14 7  11 0   10 0   1 8    4 7     Unlike last year  these two ceremonies didn\'t have competition  Despite this  both saw a net loss in viewership     SBS varieties faced a lot of struggles this year      The MBC Drama Awards turned the Daesang into a popularity award in 2014  The main attraction of the ceremony lost a lot of prestige and as a result  viewership crashed much harder for the second half     2015 2016 Δ                     MBC Ent  Awards 13 1   13 5  11 8   11 1   1 3    2 4  KBS Gayo Daechukje 9 5   6 7  6 5   5 7   3 0    1 0     In 2015  MBC Ent  Awards had no competition  In 2016  it aired against KBS Gayo Daechukje      Increased competition   slumping shows   less viewership 
I bet FAU would\'ve won by now  stupid committee🙄 
8    I\'m worried about spending out on just one  🙈
Stretch marks were my slap in the face to push harder   We got this  💪🏻 good luck to you  and happy new year  🎉
Emergency fap napkins  check ✅
Never thought of it that way but thanks 🙈😀 happy new year   
Yo  hit me up  Private messaging on Reddit is a thing  right  😄 
Your not the fun one at the party😞
Got my rage on when i saw this  then realised it was a joke 😑
And kisses on the nose 😘😘😘
Their mom\'s name is Luna 🖤
I used to love reading  gardening  creating  cooking  running and hanging with my family  Cooking  running and hanging with my family were there while I was drinking but not in their best state  I now LOVE cooking new things  running has been awesome lately and my family time has been treasured  Last summer  I tilled my garden with my brand new tiller for the first time in years and ate yummy tomatoes cucumbers and zucchini  Next year will be even better  I\'ve picked up knitting and hope to create all sorts of \'things\' I can give to others  Right now  everyone will be getting dishcloths  😂 Reading is the only love left that I haven\'t picked back up  I need to find a book for tomorrow  Day 1 of 2017 is the perfect day to start reading again    Awesome post  Thank you  
     Possessed Villager  http   media Hearth cursecdn com avatars 289 362 33171 png    Warlock Minion Common OG 🐙   HP  http   www hearthpwn com cards 33171     HH  http   www hearthhead com cards possessed villager     Wiki  http   hearthstone gamepedia com Possessed Villager    1 Mana 1 1   Deathrattle  Summon a 1 1 Shadowbeast       Call    PM  https   www reddit com message compose  to hearthscan bot     me with up to 7   cardname    For more PM   info   
  she\'s the perfect mix of him   kirsten             😍  😍  😍
B1   3 4   Vulpix  ♀    Naughty   Snow Warning   8 26 31 16 31 16   Fire  3456    Can I have this one ffa  
Actually go to drag shows and support the queens  as well as local talent  ❤
Lmao I forgot that was my buddy 😂 
I feel like I\'m going to be laughably depressed after reading all of these 😂
Yeah  I\'m overly critical and diss Gumi at every corner  but honestly they did a fantastic job this year  No "major" issues and basically kept to the promised schedule  exception  k k 7☆   In all  I\'m thankful for the game and thankful for their hard work  Let\'s keep it up in 2017 
    TurkeyUntold    https   twitter com TurkeyUntold       2016 12 29 11 47 UTC  https   twitter com TurkeyUntold status 814437783641137152     Anti Christmas demonstrations were organised across Turkey  During a rally a gun was pulled on the head of a man di… https   twitter com i web status 814437783641137152            TurkeyUntold    https   twitter com TurkeyUntold       2016 12 29 10 58 UTC  https   twitter com TurkeyUntold status 814425342937014274     Nationalist fascist group protested in front of Nazili municipality in Aydin  "We are not celebrating Christmas   N… https   twitter com i web status 814425342937014274            TurkeyUntold    https   twitter com TurkeyUntold       2016 12 28 21 38 UTC  https   twitter com TurkeyUntold status 814223954738958336     Erdoğan\'s intolerance policy in one banner which has been seen in Istanbul  "We are Muslims  No to Christmas   New… https   twitter com i web status 814223954738958336         This  message  was  created  by  a  bot     Contact  creator   http   np reddit com message compose  to jasie3k amp subject TweetsInCommentsBot    Source  code   https   github com janpetryk reddit bot  
Tucson is my shit  I live in the land of ice and snow  so Tucson is my favorite vacation spot 🙏🙏🙏
Oh  my weakness    I like you 😛
Would it help if I told you my Cloyster had frost breath blizzard as it\'s move set  😝
 🎶How \'bout I do anyway 🎶 
He probably smoked formaldehyde 😜  and betty white is probably the devil 
With the new season being out  these type of tweets are the only ones we will be seeing from her all season long 🙄🙄
Feliĉan novjaron    o    Not my native language  but hey  why not    D  
Lundqvist wants to put on a show for his sister    😒
If it helps  I blew my husband\'s mind last night by pointing out I\'m now the mother in all the insults aimed at our kid   By my kids middle school years I will have not only fucked the whole world but also been tagged with every bad yo momma punchline   So imagine a grown man  all lumberjack style naked in the shower looking like someone just kicked a puppy   "And    And I will be the mother fucker "  Me  " And he will be a son of a bitch  It comes full circle at that point"  Him   O O  Anyway  some food for thought and giggles 😁
Yea this Christmas banner has been super painful  Super gracious that they put all this out for us  however I had to awakes the green and blue god Goku  2 ssj3 Goku and vegetas  and the three vegitos  I\'m evented out  I took a break from the grinding now  I can\'t beat godtenks because I don\'t have Buu or piccolo 😑
2016 was good to me  I returned to CS GO a while ago  decided to open ONE case   so I did  and got a Stattrak Factory New USP S   Kill Confirmed  😊😍
Kyaaaaa Vamirio sama is so cool   😍
We\'re actually the tenth best at obesity now 🙁
I mean  don\'t get me wrong  I\'d like to be able to have some more cutomisation and a personal touch to and of my own people group  but the last game that did this was Codename Panzer  Phase Two  and that game was ancient  Fun fact  in that game all units had a "you\'ve gotta be kidding me " quote in their own respective languages  The Hungarian developer used a likely a bosnian man to voice their "Yugoslav partisan" they looked like Serb Četniks in actuality  units and he said "You\'re fucking with me for sure Ma zajebavaš sigurno "  Cheeky prick got it in  Too right  random Bosnian guy in Hungary at the time   Slovenians  Croatians  Bosniaks  Serbs and Bulgarians were historically medieval peoples that were considered Slavic in the Balkan Haemus  peninsula  Though I would champion the cause of the Slovenians getting German or Slavic portraits as they look much more   European  shall we say  then the folk south of them  I said "Bosniak" because I don\'t want to get any flak  Also  I wish they started off as Bogomil  Them being Orthodox and Catholic doesn\'t really reflect the time period    
🐐
Yeah I just put anything for the birthday 😂😂😂😂😂😂😂 I mean the background color is a little too dark but I don\'t think people will notice it 
😂😂😂
She kept hanging around the house   very friendly and extremely hungry   Decided to keep her     A few days later she had 5 kittens 😀 so we kept those too 
I quote "Hey  guys like me   Well  fuck u "  That\'s pretty cool  same compliment for you mate 😘
I\'m too depressed and worried about myself and my bills that I don\'t feel like I have time or deserve to go out and party    the joys of having a new small business  severe depression  and anxiety AND panic disorder  Happy New Year\'s Eve to me😒
Thanks  but it\'s not New Year where I live yet  🐘
Got the colored one too  directly for the mint  while the page said "99  sold"  Tried going back for another the next day  and they were out  So I got a couple of these "20 for  20"   which sold for  14 80 US  shipped   gotta love Canadian dollars and free shipping 🙂  
IGN  Augie     Deposited  Mudbray  level 12 ♂ in Poké Ball     Requested  Pichu     GTS Msg  I want to fill my Pokédex      Favorite Gen 7 shiny  Litten
😳😳 damn  nice Pops and sneakers  Still after some of the Brons in that pile and others I probably will never afford  great stuff   
I appreciate your common  Yes  I agree that Universalist assertions are not found as often out of the mouth of Jesus than in the rest of the New Testament  However  we must keep in mind  that Jesus\' teachings make up a minuscule minority of the Bible when contrasted all the other works that occupy the rest of Scripture  So proportionally and statistically  we should expect  and there is nothing wrong with finding less statements that express Universal Salvation in the teachings of Jesus that elsewhere in the Bible    But to provide some examples and kind of build on what you alluded to  I do believe we have good reason to draw Universal Salvation from Jesus\'s teachings  When Jesus describes the punishment of those thrown into Gehenna  Lake of Fire  in Mt  25 46  he uses the Greek phrase κόλασιν αἰώνιον  aionion kolasin or age long chastisement   It is worth noting that there are numerous other terms that Jesus could have used in describing the punishment of those thrown into the LoF if he wanted to speak more along the lines of the traditional view of endless perdition  To name some  one word that would harmonize perfectly with the traditional view regarding punishment would be τιμωρία  timoria or vengeance   This is the term that properly denotes punishment in the retributive sense and is diametrically opposed to the remedial meaning that kolasis gives off  Moving on  the word used to describe the duration is aionios  which I mentioned before  This adjective is derivative of the noun αἰών  aion or age   If Jesus wanted to mean true endlessness  He would have used a term that unquestionably means eternal such as ἀΐδιος  aidios or eternal   However  this term is only is only used in Ro  1 20 and Jude 1 6 and never describes the duration of punishment for those thrown into the LoF  To add  we can look at the writings of Philo  who was contemporary with Jesus  and Josephus  they use even more phrases that align with the beliefs of the traditional view of hell regarding purpose and duration  Some examples include the following  thanaton athanaton  deathless or immortal death   eirgmon aidion  eternal imprisonment   aidion timorion  eternal torment   and thanaton ateleuteton  interminable death   The fact that none of these phrases are used in Scripture and aionion kolasin is should raise some red flags to the Traditionalist when it comes to Greek terminology and etymology  Surely Jesus  being God incarnate  is competent enough to know the implications and meanings behind the words he uses    I would also like to point on Jn  12 32 where Jesus says "And I  if I am lifted up from the earth  will draw all men to Myself "  NASB  The Calvinists like to pull typical  regurgitated scapegoat of "It means all KINDS of men and not literally all men " They use this same ole argument every time the Bible says that God desires all men to be saved or that Jesus died for all mean  and I honestly find it sad and severely lacking in exegetical explanation    Furthermore  I think a number of Jesus\' parables such as the Prodigal Son  Lost Sheep  Lost Coin   support Universal Salvation  In all of these parables  Jesus equates the Father with the subject of the parable who is looking for something that they have lost  and says something along the lines of "they will not stop looking UNITL they have found it"  my emphasis   So if one accepts that God desires all to be saved  then one has to take Jesus words to heart when He asserts that God won\'t stop pursuing His lost children until they are reconciled to Him    I guess I\'ll wrap it up here  Please let me know what you thought of this response if you\'d like  I\'d love to hear your thoughts  Hope you found this informative  Have a blessed night and a happy new year  
  Illustration     2017  http   pixiv net i 60692393  by  haw  http   pixiv net u 17615025     Image resolution    1200×1100    Published    Jan 1  2017  08 55 AM      I am a bot  and this action was performed automagically  ♪～ ￣ε￣；    info  https   www reddit com r Pixiv wiki pikushibu        r pixiv  https   www reddit com r Pixiv      Tip   you  can  skip  my  reply  by  adding  "p skip"  to  your  comment  
Hi  u kenored  Your comment has been removed because your flair isn\'t set up correctly        Set up your flair here   http   pokegiveawaybot tumblr com  btn  If that doesn\'t work     here is a visual guide     http   i imgur com qKw7Hto png  Please enter one in the format  1234 1234 1234   IGN   by using the  edit  button in the sidebar where it says         ☑ Show my flair on this subreddit  It looks like      3333 3333 3333   Ash Ketchum  ΩR       edit     Make sure the box is checked to enable flair  If you don\'t know how to find the 12 digit number you need  please check out    this guide    http   www modojo com features nintendo 3ds friend codes everything you need to know  to find your friend code     I am a bot  and this action was performed automatically  Please  contact the moderators of this subreddit   message compose  to  r Pokemongiveaway  if you have any questions or concerns  
😭😔😌😊 You get me    It\'s about our kid  Not me  Not them  Just his innocent love for them  He deserves to have that  You know  I look at him and what I\'m going through and how truly intact he is through the words he uses to tell us and how safe his world is  and I know  I know he\'s gonna be just fine    Thank you so much  again  💜 
I knew something like this would happen 😔 Bastard 
Poor guy couldn\'t breathe 😂
💀💀💀💀💀 that\'s not any better 
Vi ankaŭ      I should correct it to "translating language" maybe  
    Sent    ╯\'   \' ╯Happy New Year  You just got the last Goodra  Enjoy 
Let me give you a few examples of responses to messages I get  this might help so you can see what people are looking for   "Hello  I\'m en route to find a wig for a friend\'s NYE party     Seems like we have a lot in common  And I live in  where I live  as well  Love the neighborhood  ​"  " where I live  is great  I love living by the lake  the diversity  restaurants and shops  and being able to walk to the beach    Where did you move here from  I moved from Florida 3 and a half years ago    You seem interesting  I appreciate the fact that you like talking about politics and religion  Most people prefer not to go too deep in conversation but that\'s what excites me    What\'s the best book you\'ve read lately ​"  "Haha no worries  I\'m going to school at blank  Sorry I\'m not very responsive  I\'m out of town on vacation right now trying to get as much vitamin d as possible before heading back to  where I live  lol ​"  "Hi  I work at a non profit that provides housing  What about you  Thanks for the compliment  btw​"  All of these come from very simple and honest messages  Its important you let the person know you are interested in them and why that is   
thank you  have a happy new year🐶
I compensated him well 😉
His IVs look to be in the mid 80s which is high enough for me  I rarely find or hatch Snorlax  this was my third one I believe   A swing    and a miss  so I named him Mister Crit Miss   I\'m not too bothered  it will be nice getting to train up my Christmas gift 😊
Uhh  Turkey is a sandwich brah…pfft  this guy     ☞ﾟ∀ﾟ ☞ amiright  
Yeah  I thought maybe   but they sent stuff for him a few times in the summer  and at Halloween  I didn\'t respond about any of it  But you\'re right  that could totally be it  💜 
Such a weird opinion  Otherwise  doesn\'t matter for you anyway 😂
Yes it was a great night  watching movies  playing on the WII  then watching a music show in the run up to the clocks chiming  it was very chilled out 😊
My husband became sick and thus our NYE plans canceled ☹️
I\'ve had work done  Of course my doctor husband performered it so it was free  I had to work for that with my pussy🐯
✓
¯     ツ   ¯ Anything that isnt on Home may not work 
Someone dm some yt goodness and I\'ll love you long time 😀
Probably just waiting for you to die so it can eat your face 😕
😜
Link me to some of your "new media" sources and I\'ll gladly provide examples   Edit  if you refuse to tell me what you consider to be a news source  I\'ll provide you with some off the front page  Will be adding to this post    Joe Biden fondles little girls breast  https   m youtube com watch v CfXjWAr2zZk    John McCain   The Insane Traitor Who Masquerades as an American Hero  http   freedomoutpost com john mccain the insane traitor who masquerades as an american hero     High Level Insider explains Globalism  https   www reddit com r conspiracy comments 5jq53t    Great graphic in Pizzagate🍕🍕and children missing  https   www reddit com r conspiracy comments 5h7iyr 
Same    Edit  so a friend of ours announced their pregnancy  yay   but she brought sparkling grape juice  she\'s in first trimester so it makes sense  so I felt obligated to not have any alcohol  when no one was looking my husband just walked over and dumped his champagne into my glass with no warning 😂 love him  
 Happy New Year   http   i imgur com RUexPyv gifv    Here\'s to another year of shitposting  Looking at you  u Lolworth 🍻  
At least you\'ll be able to remember how boring it was   🤙🏼😝
99℅ of the time if someone is posting about how sad their life is they actually desperately need help  Healthy people generally don\'t bother posting this sort of thing   For me this is a part of the sadness  It also makes me sad that no one is really willing to be there for these people  A LOT of people talk about how they want to help people who are hurting  but very few actually have the stomach to handle someone that vulnerable in their life   I don\'t know  I just think people have this perception that those with mental health issues are just sad  They don\'t realise that mental health issues very often make it very unpleasant to be around these people  who may be overly aggressive or paranoid or constantly cancel plans you have made with them   This was a little ramble  I guess what I wanted to say is that posting this to a Facebook page doesn\'t mean you don\'t deserve to be invited to parties  or that you are necessarily a bad person 
Hey I\'m 17 M UK oh and HAPPY 2017 let\'s make a good one by having a chat 😂 I apologise for that  that sounded like a failed pick up like but that may have just formed my resolution anyway haha  My name is Lewis7767 on most social media so if your interested somehow from that send me a message haha 
In regards to food  if something I don\'t like the taste of is put on my food when I ask for it to be excluded  even when I pick it off  I can still taste the disliked item  A lot of the time  if I taste something I don\'t like the taste of  I throw up  I don\'t  want  to be picky  but 🤷🏼‍♀️🤷🏼‍♀️ I usually just try to order an item that only includes things I like though  
Hard to say from the camera angle but definitely yes to the bending over part😈
What do you mean    Scylla\'s early is  still  painfully awful     ๑˃̵ᴗ˂̵ 
Meth is the best  ✊🏻
Hey  wild fans   Can our GDTs be more like this   Pls   This is so nice ❤
Hopefully soon  A January release would be awesome  😊
This was the 3rd war  The two previous wars were started by the Arabs  And here is the timeline of events leading up to the Israeli attack on Egyptian airports     Prior to the start of the war  attacks conducted against Israel by fledgling Palestinian guerrilla groups based in Syria  Lebanon  and Jordan had increased  leading to costly Israeli reprisals  In November 1966 an Israeli strike on the village of Al Samūʿ in the Jordanian West Bank left 18 dead and 54 wounded  and  during an air battle with Syria in April 1967  the Israeli Air Force shot down six Syrian MiG fighter jets  In addition  Soviet intelligence reports in May indicated that Israel was planning a campaign against Syria  and  although inaccurate  the information further heightened tensions between Israel and its Arab neighbours    Egyptian president Gamal Abdel Nasser had previously come under sharp criticism for his failure to aid Syria and Jordan against Israel  he had also been accused of hiding behind the United Nations Emergency Force  UNEF  stationed at Egypt’s border with Israel in the Sinai  Now  however  he moved to unambiguously demonstrate support for Syria  on May 14  1967  Nasser mobilized Egyptian forces in the Sinai  on May 18 he formally requested the removal of the UNEF stationed there  and on May 22 he closed the Gulf of Aqaba to Israeli shipping  thus instituting an effective blockade of the port city of Elat in southern Israel  On May 30  King Ḥussein of Jordan arrived in Cairo to sign a mutual defense pact with Egypt  placing Jordanian forces under Egyptian command  shortly thereafter  Iraq too joined the alliance    In response to the apparent mobilization of its Arab neighbours  early on the morning of June 5  Israel staged a sudden preemptive air assault that destroyed more than 90 percent Egypt’s air force on the tarmac  A similar air assault incapacitated the Syrian air force  Without cover from the air  the Egyptian army was left vulnerable to attack  Within three days the Israelis had achieved an overwhelming victory on the ground  capturing the Gaza Strip and all of the Sinai Peninsula up to the east bank of the Suez Canal   source  https   www britannica com event Six Day War
I  hope  that\'s the case  because that would mean they\'re learning respect   But I wouldn\'t bet my house on it  sadly  😞
😂😂😂
The princess diaries as it was showing in tv  can never not watch it 👍🏻
I guess my invitation got lost in the mail 😥
http   uuopodcast blogspot com 2016 09 rumor mill dragon challenge changes html m 1  This is the closest I could find  I actually heard it from an employee in a Facebook group  but that was a while ago  This page makes it out to be a rumor  so now I\'m not sure of the validity of it 😂
​What the fuck did you just fucking say about me  you little bitch  I’ll have you know I graduated top of my class in the Navy Seals  and I’ve been involved in numerous secret raids on Al Quaeda  and I have over 300 confirmed kills  I am trained in gorilla warfare and I’m the top sniper in the entire US armed forces   If only you could have known what unholy retribution your little “clever” comment was about to bring down upon you  maybe you would have held your fucking tongue  But you couldn’t  you didn’t  and now you’re paying the price  you goddamn idiot  I will shit fury all over you and you will drown in it  You’re fucking dead  kiddo    I am a bot  and this action was performed automatically  Please  contact the moderators of this subreddit   message compose  to  r AyyMD  if you have any questions or concerns  
I\'m sick  My sister is out with friends  my mom just moved across the country  and my SO has a family member in poor health and can\'t be around me for fear that my flu will spread to him and his family    It\'s me and the two dogs tonight  I\'ve eaten 8 cookies and am watching the Harry Potter marathon on Freeform  I\'ll probably be in bed within the hour    Not the most exciting NYE but I\'m cool with puppy cuddles  cookies  and tons of rest  👍🏻
The text is upright   Forgive me for my nature to laugh at the smallest thing     原谅我天生脸大不羁笑点低   doublecheck  I\'m surprised to see a postcard from Hong Kong with  simplified  https   en wikipedia org wiki Simplified Chinese characters  instead of  traditional Chinese characters  https   en wikipedia org wiki Traditional Chinese characters   Unless it\'s aimed at people from the Mainland   Vertical columns left to right instead of right to left  https   en wikipedia org wiki Horizontal and vertical writing in East Asian scripts  is weird to me too   Edit fixed a typo  corrections from  u Syncopat3d and  u cecikierk 
Charismatic youtubers be like  AAAAAAAAAAAAAAAAAAAAAAAAAAAAAAAAASAAAAAAAAAAAAAAASDSDDAAEDCHGUJFIGTTIHFIVYGĞHUVKNRHKGJJGICTRJXRHVIKCUBXJMKILLMEPLS
​What the fuck did you just fucking say about me  you little bitch  I’ll have you know I graduated top of my class in the Navy Seals  and I’ve been involved in numerous secret raids on Al Quaeda  and I have over 300 confirmed kills  I am trained in gorilla warfare and I’m the top sniper in the entire US armed forces   If only you could have known what unholy retribution your little “clever” comment was about to bring down upon you  maybe you would have held your fucking tongue  But you couldn’t  you didn’t  and now you’re paying the price  you goddamn idiot  I will shit fury all over you and you will drown in it  You’re fucking dead  kiddo    I am a bot  and this action was performed automatically  Please  contact the moderators of this subreddit   message compose  to  r AyyMD  if you have any questions or concerns  
​What the fuck did you just fucking say about me  you little bitch  I’ll have you know I graduated top of my class in the Navy Seals  and I’ve been involved in numerous secret raids on Al Quaeda  and I have over 300 confirmed kills  I am trained in gorilla warfare and I’m the top sniper in the entire US armed forces   If only you could have known what unholy retribution your little “clever” comment was about to bring down upon you  maybe you would have held your fucking tongue  But you couldn’t  you didn’t  and now you’re paying the price  you goddamn idiot  I will shit fury all over you and you will drown in it  You’re fucking dead  kiddo    I am a bot  and this action was performed automatically  Please  contact the moderators of this subreddit   message compose  to  r AyyMD  if you have any questions or concerns  
​What the fuck did you just fucking say about me  you little bitch  I’ll have you know I graduated top of my class in the Navy Seals  and I’ve been involved in numerous secret raids on Al Quaeda  and I have over 300 confirmed kills  I am trained in gorilla warfare and I’m the top sniper in the entire US armed forces   If only you could have known what unholy retribution your little “clever” comment was about to bring down upon you  maybe you would have held your fucking tongue  But you couldn’t  you didn’t  and now you’re paying the price  you goddamn idiot  I will shit fury all over you and you will drown in it  You’re fucking dead  kiddo    I am a bot  and this action was performed automatically  Please  contact the moderators of this subreddit   message compose  to  r AyyMD  if you have any questions or concerns  
Products  Specifically lipstick 😬
​What the fuck did you just fucking say about me  you little bitch  I’ll have you know I graduated top of my class in the Navy Seals  and I’ve been involved in numerous secret raids on Al Quaeda  and I have over 300 confirmed kills  I am trained in gorilla warfare and I’m the top sniper in the entire US armed forces   If only you could have known what unholy retribution your little “clever” comment was about to bring down upon you  maybe you would have held your fucking tongue  But you couldn’t  you didn’t  and now you’re paying the price  you goddamn idiot  I will shit fury all over you and you will drown in it  You’re fucking dead  kiddo    I am a bot  and this action was performed automatically  Please  contact the moderators of this subreddit   message compose  to  r AyyMD  if you have any questions or concerns  
​What the fuck did you just fucking say about me  you little bitch  I’ll have you know I graduated top of my class in the Navy Seals  and I’ve been involved in numerous secret raids on Al Quaeda  and I have over 300 confirmed kills  I am trained in gorilla warfare and I’m the top sniper in the entire US armed forces   If only you could have known what unholy retribution your little “clever” comment was about to bring down upon you  maybe you would have held your fucking tongue  But you couldn’t  you didn’t  and now you’re paying the price  you goddamn idiot  I will shit fury all over you and you will drown in it  You’re fucking dead  kiddo    I am a bot  and this action was performed automatically  Please  contact the moderators of this subreddit   message compose  to  r AyyMD  if you have any questions or concerns  
Still on tv  still enjoyed by millions of children  They have theatre appearances  We add voices for some reason   Also Krtek is still known to many ☺ not on tv anymore unfortunately  Have the DVDs   Edit  Happy 2017 
I can see why  😂
​What the fuck did you just fucking say about me  you little bitch  I’ll have you know I graduated top of my class in the Navy Seals  and I’ve been involved in numerous secret raids on Al Quaeda  and I have over 300 confirmed kills  I am trained in gorilla warfare and I’m the top sniper in the entire US armed forces   If only you could have known what unholy retribution your little “clever” comment was about to bring down upon you  maybe you would have held your fucking tongue  But you couldn’t  you didn’t  and now you’re paying the price  you goddamn idiot  I will shit fury all over you and you will drown in it  You’re fucking dead  kiddo    I am a bot  and this action was performed automatically  Please  contact the moderators of this subreddit   message compose  to  r AyyMD  if you have any questions or concerns  
​What the fuck did you just fucking say about me  you little bitch  I’ll have you know I graduated top of my class in the Navy Seals  and I’ve been involved in numerous secret raids on Al Quaeda  and I have over 300 confirmed kills  I am trained in gorilla warfare and I’m the top sniper in the entire US armed forces   If only you could have known what unholy retribution your little “clever” comment was about to bring down upon you  maybe you would have held your fucking tongue  But you couldn’t  you didn’t  and now you’re paying the price  you goddamn idiot  I will shit fury all over you and you will drown in it  You’re fucking dead  kiddo    I am a bot  and this action was performed automatically  Please  contact the moderators of this subreddit   message compose  to  r AyyMD  if you have any questions or concerns  
​What the fuck did you just fucking say about me  you little bitch  I’ll have you know I graduated top of my class in the Navy Seals  and I’ve been involved in numerous secret raids on Al Quaeda  and I have over 300 confirmed kills  I am trained in gorilla warfare and I’m the top sniper in the entire US armed forces   If only you could have known what unholy retribution your little “clever” comment was about to bring down upon you  maybe you would have held your fucking tongue  But you couldn’t  you didn’t  and now you’re paying the price  you goddamn idiot  I will shit fury all over you and you will drown in it  You’re fucking dead  kiddo    I am a bot  and this action was performed automatically  Please  contact the moderators of this subreddit   message compose  to  r AyyMD  if you have any questions or concerns  
Shit luck     100 gems shit  1 11   healer robe 🙄  1 11   Omni rod 🙄  2 11   Thyrus 🙄 Evoked Doublet  2 11   Wizard gloves  VEIL OF WIYU          Shit for 200 mythril but at least I have the one that I most wanted and Alphinaud joins my A Mage team  Yshtola bsb probably comes back in the 2nd annual and I have Vanille bsb  And Minfilia\'s      uh well  
She\'s afraid of being put in the fridge again  You monster 😉
Thank you for the advice  much appreciated  I will take this into account 😊
Nah it\'s the good stuff  Seems like people here are jealous cuz they don\'t have the connects 😂
Sums up how we all feel after this year  Lol Happy New Year to you🎉
Absolutely amazing and stunningly beautiful  😍 Thanks for sharing and I can\'t wait to see more of you 
Hello  I have an egg that matches your TSV can you help me hatch it   B0   1 4   Drampa  ♀    Calm   Berserk   15 31 31 31 31 31   Dark  3649 								  Let me know and I\'ll pre hatch and add you     Thanks  
I think when she was with Jordan she embraced her "little white girl" and she looked okay haha  Now I really think she\'s trying to make herself look like a completely different person 😕 Now I think she is the least attractive out of everyone on tm tm2
I\'m in Austin  TX about to get on a party bus  It\'s 7 PM here 🎉
I read that as "were into cannabis" and I was like awwwwww yyeeeeeeaaaaaahhh 🤘🏽
More like pass a fire 😂
Thanks for posting   Wish I could kiss you for The new year 😘
  The "game" of life  an N\'s playground    Shame  😧
Username err put aside  do you think this will be an issue or was he simply looking with binoculars due to the noise  Does he look at other times 😳
Hi  🙋
      009         009  Hover to view match ID  2885654819  DB  http   www dotabuff com matches 2885654819   OD  https   www opendota com matches 2885654819          009      Radiant wins 42 32   34 21     lumbdi "Match ID  2885654819  match date  2017 01 01 00 18 41  first blood time  1 26"   Lvl   Hero   Player  K D A   LH D   XPM   GPM   HD   HH   TD                                          21     hero juggernaut  anon 6 5 10 171 7 545 560 19561 0 5197 21     hero stormspirit   DB  http   dotabuff com players 386016794 "Dotabuff  Lookup people\'s match history"   OD  http   opendota com players 386016794 "OpenDota  Provides free replay analysis"  † • Zyzzpira 6 7 14 128 7 533 497 17497 560 1331 25     hero meepo   DB  http   dotabuff com players 220310310 "Dotabuff  Lookup people\'s match history"   OD  http   opendota com players 220310310 "OpenDota  Provides free replay analysis"  upiuo 17 3 5 228 0 803 803 24251 0 8315 15     hero slardar   DB  http   dotabuff com players 294199578 "Dotabuff  Lookup people\'s match history"   OD  http   opendota com players 294199578 "OpenDota  Provides free replay analysis"  Sportaflop 4 11 20 30 3 310 369 10885 70 79 18     hero phantomlancer  anon 7 8 12 89 3 405 483 11565 0 2500  100 94  ↑Radiant↑ ↓Dire↓   40 34 61 32 42 56  646 20 496 16  2596 2353  2712 1847  83759 102135  630 0  17422 848 23     hero outworlddevourer  anon 17 8 5 126 6 704 503 37903 0 57 19     hero earthshaker  anon 7 8 13 73 0 468 347 20844 0 105 17     hero mirana  anon 3 5 13 51 0 362 290 8808 0 110 15     hero morphling  anon 2 11 10 99 5 303 294 7119 0 481 20     hero legioncommander  anon 3 10 15 147 5 516 413 27461 0 95           source  http   github com NNTin Reply Dota 2 Reddit    on   github     message  https   www reddit com message compose  to lumbdi    the   owner     deletion   link  https   www reddit com message compose  to Reply Dota 2 Reddit subject deletion message t1 dbupk2m "Only works for bot summoner and  r dota2 mods  Do not change already filled out form " 
Don\'t need any of those atm but added and visited  🙂
lol 😂
I don\'t leave on PS4  😁
Vocabulary must be learned with Kanji  To be correct it is what we call black tea  in China and Japan it literally means crimson tea  The character 紅 means crimson in Japanese  and red in Chinese 
😍 I hereby request Rolo Tony and or Grab a Dog
Hello  I have an egg that matches your TSV can you help me hatch it   B0   1 1   Drampa  ♀    Calm   Sap Sipper   21 31 31 31 31 31   Dark  0486 									   Let me know and I\'ll pre hatch and add you  Thanks 
I\'ll be in bed coughing my lungs out  🙂🔫
Please don\'t state your requests authoritatively  It can only confuse​ others    
Your flair needs to have the   in game name    IGN   or trainer name  at the   end   of your user flair   u DanTAC  your post has been removed    please correct your flair format        Edit your flair here   http   pokegiveawaybot tumblr com  btn  If that doesn\'t work     here is a visual guide     http   i imgur com qKw7Hto png  Please enter one in the format  1234 1234 1234   IGN   by using the  edit  button in the sidebar where it says         ☑ Show my flair on this subreddit  It looks like      3333 3333 3333   Ash Ketchum  ΩR       edit     Make sure the box is checked to enable flair  If you don\'t know how to find the 12 digit number you need  please check out    this guide    http   www modojo com features nintendo 3ds friend codes everything you need to know  to find your friend code    I am a bot  and this action was performed automatically  Please  contact the moderators of this subreddit   message compose  to  r Pokemongiveaway  if you have any questions or concerns  
    ID    757 472 330     IGN    Rhuse     Rank    19     Lead s     5★ Lightning     Activity    Hourly     Other     People to please kindly carry me through this frosty event  I just got back into the game due to life commitments  now that I have free time again  I am willing to go all out  Any help would be appreciated  Im not sure if I can even get the 6★ awakening mats before the event ends  but whatever I can get would be awesome  
From  6    Thus the true state of affairs  assuming the k tuples hypothesis  is that ρ  1   x    π x  for small x  the two functions cross once or several times   and then ρ  1   x  becomes and remains greater than π x    Where ρ  1   x    max  y≥x    π y   x    π y     Does that mean  assuming the k tuples conjecture  that there are infinitely many counterexamples to the second conjecture  It seemed like something that at the very least should be true for sufficiently large x and y 
Great butt  Time hasn\'t changed that 🙃
That is so awesome   ❤
The green costumes are so pretty   💚
Of course shitposter of the year really has no competition   To Lolworth  Clinker of 🍻  Poster of 🌹 
I see a dog with sunglasses on 😂😂
No I think it\'s perfect 😁
Terrible spot meme ✓  Going to be a great game 
I\'m still salty  I might have wasted 500 bucks on this banner for SSBKK and got everyone else  It him  😑
You should not any drug unless it\'s meth  That\'s my personal opinion and meth has not many side affects    Love you and I hope you have a wonderful NYE friend ❤️
Kik me then and we can cum together  😆
Sounds awesome  Happy New Year OP 🎉
Yeah baby  I\'ll jaw an eroshare because that sounds dirty  lt 3  unfortunately it\'s 4 am   even though it\'s so late there\'s a chance my mum might walk in  back for the holidays    Just knowing that you want it as badly as me makes it worth it    I usually rub up to 6 7 times do you want them as dm or on the latest post you have   🍆  Also happy New Years babe  Edit your soft cute lips and tits are my targets 
In Liubishuhulandianese  there are aspirated  voiceless consonants and unaspirated  voiced consonants that are allophones of unaspirated  voiceless consonants  Basically  this means that  t  and  d  are interchangeable amongst each other  but not with  tʰ    There\'s a reason for this slightly confusing interchangeability  and the Chinese Communist Party is involved  I\'ll explain if you ask 
Here\'s to the end of 2016  lets hope 2017 isn\'t as shit as it looks like 🎉
Thorough and interesting read  Thanks for sharing 👍
I was unaware of it  My husband pointed it out to me  😂
That didn\'t help ☹️
 You keep trying to frame this as "you\'re so intolerant and triggered"   Lol  I don\'t need to     That\'s a cutesy little gaslighting tactic  Ignoring the fact that I have no need to "gaslight" anything because you\'re already in full meltdown mode  you clearly ARE intolerant because you refuse to listen to people\'s points or provide any counterarguments  rather resorting to the good ol\' "plug my ears and scream at the top of my lungs" approach  and you\'re most definitely triggered because I don\'t think you\'re even talking about what was originally being discussed or trying to refute my points in any way other than "NO  THAT\'S NOT TRUE      "   the reality is that stupid people think they are active participants in political discussion  As opposed to you  who actively refuses to even try and engage in any kind of civilized discussion because someone you don\'t like is popular  That would be like saying "I refuse to discuss music because Kanye West is popular and I don\'t like him "   they regurgitate some uneducated propaganda    Three Comments Earlier   TWUMP HATES TEH MUSWIMS          get butthurt crying foul when people don\'t take their delusions seriously   Unlike you  who absolutely loses his mind and goes into full three year old arguing tactics mode when he sees a dissenting opinion    Just because people told you that you\'re a special snowflake with an important voice doesn\'t make it true   Self awareness level  Still zero   Shut up and let the adults speak   Ignoring how pathetically condescending that was  I doubt "the adults" would be saying stuff like   keep your tongue up his trust fund asshole  and   You cronies should crawl back to that hole you slithered out of at the T D  sic   and   Seriously though  you have a little brown on your nose from the excess feces that wiped onto it while your mouth was attached to Trump\'s saggy decrepit old scrotum   and   part libtard and part trumptard  and   Don\'t even try to concern troll with that  and   baser idiocy  emotional ethnocentrism  and halfwit illogic   So yeah  maybe you should mature a little bit before pulling that laughable "holier than thou" approach    The children have done enough damage with their morbid fascination of a reality show charlatan   Out of everything you\'ve said  I think this is the most incomprehensible    morbid  mor·bid  ˈmôrbəd  adjective  1  characterized by or appealing to an abnormal and unhealthy interest in disturbing and unpleasant subjects  especially death and disease    fascination of a  WITH  fascination WITH   reality show charlatan  A charlatan is "a person falsely claiming to have a special knowledge or skill " So you\'re saying that the children have done enough with their abnormal fascination in disturbing and unpleasant subjects like people who falsely claim to have special knowledge of reality shows  Yeah  man   you tell \'em  Learn how to make a coherent sentence before engaging in political discussion 
Show them this video skip to 5 minutes in  https   youtu be Lvfs1X3JaM8  There are plenty of other good battery vent explode videos to show too  this one is just a good example of how you can be doing everyday things  calm as can be and 💥 boom 
😍 where did you get that skirt from 
    saberawe "Dat flair"      Omedetō     idoruwinkdesu   Thanks for the Gold and for making  r anime a better place   Happy new year 
Hello  I have an egg that matches your TSV can you help me hatch it   B0   1 2   Drampa  ♂    Calm   Sap Sipper   31 31 3 31 31 31   Dark  3896 									   Let me know and I\'ll pre hatch and add you  Thanks 
The arguments I\'ve seen politicians throw around are mainly crime related  They think an increase in immigration will lead to increased crime and they don\'t want to make it easier for criminals to get into their perfect country    To these people  foreigners  the source of all problems       feel like I\'ve heard that somewhere before    😘
😂 have fun 
 Marcelo\'s reaction  "Happy new year to all  good health and RESPECT others always 🇧🇷🇧🇷🇧🇷🇧🇷🇧🇷"  https   twitter com MarceloM12 status 815347754981593088 
“People speak sometimes about the \'bestial\' cruelty of man  but that is terribly unjust and offensive to beasts  no animal could ever be so cruel as a man  so artfully  so artistically cruel ”  ― Fyodor Dostoyevsky
It changes  but here\'s where I\'m seated  It just goes to show  at least from my perspective  the quality of the show is generally consistent  In the top 10  there\'s a pretty even distribution of the eras  It\'s tough for any show to do that  let alone one that\'s been on for 30  seasons  Everyone know\'s Jeopardy\'s prime was in the 90\'s    1  Heroes Vs Villains  S20  2  China  S15  3  Pearl Islands  S7  4  Micronesia  S16  5  Cagayan  S28  6  Cambodia  S31  7  Tocantins  S18  8  Amazon  S6  9  Palau  S10  10  Cook Islands  S13  11  Phillipines  S25  12  Millennials Vs Gen X  S33  13  Blood Vs Water  S27  14  Samoa  S19  15  All Stars  S8  16  Borneo  S1  17  South Pacific  S23  18  Australia  S2  19  Marquesas  S4  20  Panama  S12  21  Caramoan  S26  22  Gabon  S17  23  San Juan Del Sur  S29  24  Guatemala  S11  25  Kaôh Rōng  S32  26  Vanuatu  S9  27  Africa  S3  28  World\'s Apart  S30  29  Redemption Island  S22  30  Thailand  S5  31  One World  S24  32  Nicaragua  S21  33  Fiji  S14 
Hello there   I\'m hoping I can interest you in joining the Interhole Revenue Service  We live in a C5  C4 static wormhole  We\'re a PvP focused group that are mostly US and EU based   We are laid back for the most part  and of course believe in taking care of your RL stuff first  The group is serious when it comes to fights  but off battlecomms  we\'re ultimately here to have fun and play with friends   We\'re a group focused on PvP in wormhole space and are constantly striving to improve and give good fights  We also go on null roams camps and have people that like to blops  If you are interested in industry and logistics  you\'ll have a place helping fuel the war machine  You will be paid for your services  but expect to undock and PvP when a fight comes our way  or we bring it to someone else      What we offer      PvP   C5 and C4 site running    Industry   A big chain to hunt in    Assistance with hauling    What we require      Rattlesnake  nestor or Marauder  for your own isk making    Scanning skills and cov ops frigate  astero counts    Be able to fly 2 of the following  DPS HAM Legion  Sacrilege  Rail Proteus  Logi  Guardian  Oneiros   Support  Loki  ECM Tengu  Bhaalgorn    Be able to fly 1 of the following  DPS  Cerberus  Gila   Scimitar   Amarr or Gallente Frigate V   Full API key   Teamspeak 3    Also if you fly dictors I will love you  ༼ つ ◕ ◕ ༽つ  MS Paint skills are a plus   If you are interested and or have any questions  please  PM me or contact one of our recruiters in game via mail or in our public channel SHKLPub   USTZ  Keeperofthe7keys af Septem  Judge Torx   EUTZ  Teddy Gbyc  AUTZ  Zesty Memes   Keeperofthe7keys af Septem  ShekelSquad  Interhole Revenue Service  
 To these statements  I am unsure of what to say  I\'ve never experienced this  I can understand  though  the reasoning and the why of it  how it happens  what it is  And with some of these statements  I agree  Perhaps there isn\'t really anything to say    I\'ve once read an interview with a famous contemporary artist  He said "you use art to convey a message when words fail you  If you can say everything with words you don\'t need art " I think there is some truth about it  You can communicate emotions and complex messages without saying anything     I apologize for not having a deeper comprehension of such a situation  My experience is much more limited that I\'d like it to be    Don\'t apologize for it  Never  Don\'t think any higher of me because what I experienced  It\'s nothing to be proud of and I have to be very careful not to wear my illness as "medals"    Your view is still  or even more  valuable to me    You could very well argue that humans are so limited in their perception that we only see a fraction of \'reality\'  In comparison to the rest of the spectrum  so called \'visible light\' is a tiny sliver    Yes  that\'s true  There is even more    There exists life we can\'t even fully understand  Like  tardigrade  https   en wikipedia org wiki Tardigrade    Tardigrades are notable for being the most resilient animal  they can survive extreme conditions that would be rapidly fatal to nearly all other known life forms  They can withstand temperature ranges from 1 K  −458 °F  −272 °C   close to absolute zero  to about 420 K  300 °F  150 °C   8  pressures about six times greater than those found in the deepest ocean trenches  ionizing radiation at doses hundreds of times higher than the lethal dose for a human  and the vacuum of outer space  9  They can go without food or water for more than 30 years  drying out to the point where they are 3  or less water  only to rehydrate  forage  and reproduce  3  10  11  12    Why do humans have to be so self centered sometimes   Because our skull is the limit of our universe  The closer something is to us the more we can relate to it  The more people resemble us the more we feel for them    We can\'t even feel empathic for our own species  How can we expect that everyone accesses metaphysics and philosphy    I know it does exist  but the only thing that comes to mind is Thelma and Louise   Good point  That one really stood out  But the majority of buddy movies is still about males    Not having to care about the legal consequences of your actions  not having to pay taxes or go to school  none of the structure that oppresses you  it could be all very appealing    And you can live out your urge for violence  and desire for vengeance   Something we have to suppress in our modern and civilized society  There exist allowed "outlets" like sport  video games  movies  whatelse  Way to let out those urges without harming others  But it\'s still there  waiting   A postapocalyptic setting is among other things about living those urges without negative repercussions  And this violence again is something mostly concerning males    Another point about gender  Why do males have to "earn" their sexuality  Why do I have to do something to qualify as a man  Why does "real men do   " and "real men don\'t   " exist  I\'m not sure if I ever heard something comparable to women  There exists "a lady   " but that\'s on another social level I think  Women get attacked for their beauty or their sexual behavior but they are still women in those moments  if that makes any sense   No one can take your gender away  But a man that failed isn\'t even a man anymore  Is he a boy  a child  A being without gender  Because he doesn\'t qualify   How can I be less of a man    I think there might be some connection to so many cultures having rituals and ceremonies about "becoming an adult"  For females it\'s relatively easy  There is a connection to the first period  It\'s an absolute obvious physical sign of the transition from girl to woman   And man  Change of voice  great  A bit more body hair  which may  beside pubic hair  vary a lot between men   Those are almost all the visible outer signs of change  The transition isn\'t that great  Not that clearly defined  So how do adult males distinguish themselves from boys  How do they define themselves    There is more than enough machismo culture that heavily uses those few visible changes to elevate themselves and look down on others  "he doesn\'t even have hairs on his testicles" really  is  a popular saying in my country     Beside that a man may define himself by being a great lover  By someone who is conquering women  And there we are again  Succesful  man  Failure  less than that    To end this statement   Wish you a Happy New Year 
    ID    030 444 351     IGN    Avatar     Rank    15     Lead s     4★ Chizuru     Activity    Hourly     Looking for    I\'m just a newbie  Would love to have some help with the game contents  I\'ve bought a lot of extra friend slots  I gift daily     
Another drive  no points  ¯     ツ   ¯
Happy new year from Adelaide   Down under 🇦🇺
Happy new year  brother🎉
I smoked 2 bowls of it last night   felt nothing 😞 I had really high hopes for it 
How to earn online 1500  to 3000   per month  Divvee Social Free Register    http   tapps co  Div 368298 What is Divvee Social     Divvee Social is a Social Membership Network that combines the power of social media  along with the revenues of the multi billion dollar mobile apps industry  the products and services industry  and the influence of individuals across the world  This powerful network provides true solutions and real value to empower and reward those who are focused on achieving their dreams  You may join as a Free member   January 10th   or as an Influencer   Now  25  USD  lifetime subscription until january 7 th    https   www youtube com watch v yYTpPSRFyE4 DİVVEE PRESENTATİON  https   www youtube com watch v qAgjVdm1ojI COMPENSATİON PLAN https   www youtube com watch v  lZZ1V2PG 0﻿
He\'s a freshman  we can let this one slide   p   Good year to start being a Hokie though  👍
   Here     You may talk o\' gin and beer When you\'re quartered safe out \'ere  An\' you\'re sent to penny fights an\' Aldershot it  But when it comes to slaughter You will do your work on water  An\' you\'ll lick the bloomin\' boots of \'im that\'s got it  Now in Injia\'s sunny clime  Where I used to spend my time A servin\' of \'Er Majesty the Queen  Of all them black faced crew The finest man I knew Was our regimental bhisti  Gunga Din  ﻿He was "Din  Din  Din  ﻿You limping lump o\' brick dust  Gunga Din  ﻿Hi  slippery hitherao  ﻿Water  get it  Panee lao  1  ﻿You squigy nosed old idol  Gunga Din "   The uniform \'e wore Was nothin\' much before  An\' rather less than \'arf o\' that be\'ind  For a piece o\' twisty rag An\' a goatskin water bag Was all the field equipment e\' could find  When the sweatin\' troop train lay In a sidin\' through the day  Where the \'eat would make your bloomin\' eyebrows crawl  We shouted "Harry By " 2  Till our throats were bricky dry  Then we wopped \'im \'cause \'e couldn\'t serve us all  ﻿It was "Din  Din  Din  ﻿You \'eathen  where the mischief \'ave you been  ﻿You put some juldee 3  in it ﻿Or I\'ll marrow 4  you this minute ﻿If you don\'t fill up my helmet  Gunga Din    ﻿\'E would dot an\' carry one ﻿Till the longest day was done ﻿An\' \'e didn\'t seem to know the use o\' fear  ﻿If we charged or broke or cut  ﻿You could bet your bloomin\' nut  ﻿\'E\'d be waitin\' fifty paces right flank rear  ﻿With \'is mussick 5  on \'is back  ﻿\'E would skip with our attack  ﻿An\' watch us till the bugles made "Retire " ﻿An\' for all \'is dirty \'ide ﻿\'E was white  clear white  inside ﻿When \'e went to tend the wounded under fire  ﻿It was "Din  Din  Din " ﻿With the bullets kickin\' dust spots on the green  ﻿When the cartridges ran out  ﻿You could hear the front files shout  ﻿"Hi  ammunition mules an\' Gunga Din "   ﻿I sha\'n\'t forgit the night ﻿When I dropped be\'ind the fight ﻿With a bullet where my belt plate should \'a\' been  ﻿I was chokin\' mad with thirst  ﻿An\' the man that spied me first ﻿Was our good old grinnin\'  gruntin\' Gunga Din  ﻿\'E lifted up my \'ead  ﻿An\' he plugged me where I bled  ﻿An\' \'e guv me \'arf a pint o\' water green  ﻿It was crawlin\' and it stunk  ﻿But of all the drinks I\'ve drunk  ﻿I\'m gratefullest to one from Gunga Din  ﻿It was "Din  Din  Din " ﻿\'Ere\'s a beggar with a bullet through \'is spleen  ﻿\'E\'s chawin\' up the ground  ﻿An\' \'e\'s kickin\' all around  ﻿For Gawd\'s sake git the water  Gunga Din     ﻿\'E carried me away ﻿To where a dooli lay  ﻿An\' a bullet come an\' drilled the beggar clean  ﻿\'E put me safe inside  ﻿An\' just before \'e died  ﻿"I \'ope you liked your drink " sez Gunga Din  ﻿So I\'ll meet \'im later on ﻿At the place where \'e is gone— ﻿Where it\'s always double drill and no canteen  ﻿\'E\'ll be squattin\' on the coals  ﻿Givin\' drink to poor damned souls  ﻿An\' I\'ll get a swig in hell from Gunga Din  ﻿Yes  Din  Din  Din  ﻿You Lazarushian leather Gunga Din  ﻿Though I\'ve belted you and flayed you  ﻿By the living Gawd that made you  ﻿You\'re a better man than I am  Gunga Din 
Awwww  I can relate  ❤ I had one of those ducks as a kid  
make a move on girls that liked me  i just assumed they would ask me out eventually 😔
 50 a bottle  Get the fuck out of here 😂
Is that all you got to worry about  man child  Also  taxes pay for our police department   emergency services  No backwards ran country here 😂😂 keep trying though  redneck 
     Shaky Zipgunner  http   media Hearth cursecdn com avatars 309 89 49669 png    Hunter Minion Common MSoG 🐙   HP  http   www hearthpwn com cards 49669     HH  http   www hearthhead com cards shaky zipgunner     Wiki  http   hearthstone gamepedia com Shaky Zipgunner    3 Mana 3 3   Deathrattle  Give a random minion in your hand  2  2         Brann Bronzebeard  http   media Hearth cursecdn com avatars 272 391 27214 png    Neutral Minion Legendary LoE 🐙   HP  http   www hearthpwn com cards 27214     HH  http   www hearthhead com cards brann bronzebeard     Wiki  http   hearthstone gamepedia com Brann Bronzebeard    3 Mana 2 4   Your Battlecries trigger twice         Unearthed Raptor  http   media Hearth cursecdn com avatars 272 337 27220 png    Rogue Minion Rare LoE 🐙   HP  http   www hearthpwn com cards 27220     HH  http   www hearthhead com cards unearthed raptor     Wiki  http   hearthstone gamepedia com Unearthed Raptor    3 Mana 3 4   Battlecry  Choose a friendly minion  Gain a copy of its Deathrattle effect       Call    PM  https   www reddit com message compose  to hearthscan bot     me with up to 7   cardname    For more PM   info   
Which is the highlighter   Never seen a better application girl 😍
Technically☝   
Dang  I used to fill up the bath  boil huge pots of water and dump them in  Such a pain but I can\'t handle cold showers at all 😣
Thats so fucking cool that they set it up and fireworks coming in time ﻿
Videos in this thread   Watch Playlist   9654   http   subtletv com  r5lbnt5 feature playlist   VIDEO COMMENT      Aloha IRL MAP 16  http   www youtube com watch v VidhLvdroLA   2  https   www reddit com r hcteams comments 5lbnt5   dbufqec context 10 dbufqec    TodadilePvP    HCGames Palace  http   www youtube com watch v E2TG5DLEzDg t 4s   1  https   www reddit com r hcteams comments 5lbnt5   dbufy7n context 10 dbufy7n    IGN  BabyCombo  Past facs  Swift  Lobsterr  Impact  Zyradere  Salt  Shorts    Video  me and my friend was leading we did decent but we were fighting till raidable  Swift  13  vs Endure  17  Making Endure raidable  http   www youtube com watch v OTu8tBht0jI   1  https   www reddit com r hcteams comments 5lbnt5   dbug6bv context 10 dbug6bv    IGN  buyin  Age  15  Past Factions  Swift  Devils  Kings  Amigos  Hooked  Endure  Courage  Envy  and Bankrupt   Timezone  PST  Kit  Diamond  Videos     I can get a vouch from bite  http   www youtube com watch v vLfJL1vvag0  http   www youtube com watch v vLfJL1vvag0   1  https   www reddit com r hcteams comments 5lbnt5   dbugjsk context 10 dbugjsk    •Ign  FatHickSpaceOG  Lost a bet  •Age  17 •Timezone  Eastern •Past factions  Victoria Secret  Jamaica  aloha  fairly odd parents  nightmare  Amigos •Pvp bb  pvp   8 and bb   5 •Activity  4 6 hours daily •Extra info  IM a god  1   Untitled2  http   www youtube com watch v WMWr7zUs2SM   2   Bourbon vs Impact   Koth  http   www youtube com watch v CFIvPlC FcY t 41s   1  https   www reddit com r hcteams comments 5lbnt5   dbugoit context 10 dbugoit    IGN  Noofy  Kits  I can bard and diamond   Age  17  TimeZone  EST  Past Factions  MCSG  Dauntless  Wallstreet  and Bourbon   I have a rank aswell  TripsLSD 1v1  8 pots   http   www youtube com watch v RY5Jc4 C3Yc   1  https   www reddit com r hcteams comments 5lbnt5   dbuh636 context 10 dbuh636    IGN CUTEASFv2  AGE 16  PAST FACTIONS  Voltage Europe 0G   Tactical  Tropical  Alianfarm xcraze    YoungRussia T0kken   600 RezyC   Tango  ASGARD t3k1l3t3   Concorde  CSIS  Archer Squad   TIMEZONE  gmt  2 can ez play us timezone  Vid  shit renders         Hydra Map 13  Nimbus vs Prisma  RAIDABLE   http   www youtube com watch v 5paZj4ecpG8   1  https   www reddit com r hcteams comments 5lbnt5   dbui6ca context 10 dbui6ca    Ign  unifies  past names  declines  WIRELESSLY  Age  15  Timezone  EST  Past factions  Saints  Envious  Lust  Wanted  Prisma  Pvp  7 5 10  BB  9 10  rondom 1v1 w  a RONDOOMMMM  http   www youtube com watch v byJ9YyPDiyo   1  https   www reddit com r hcteams comments 5lbnt5   dbuj0cm context 10 dbuj0cm    IGN  Babylons  Age  16  Timezone  Central  PvP  9 10  Teamfight  Cant record while doing teamfights   ordered new pc though so ya  Im really good at doing damage and playing aggressive if needed  Past Factions  OTF  Vista  Bourbon  SMF  SixOh  Sacred     1   Fightin  Voltage  Prac fight  http   www youtube com watch v 2HiOKJQMORE   2   HCTeams   Project Save Ice    1    Kiting Stimpay   Map 14  http   www youtube com watch v szAQFZS7qdQ t 27s   1  https   www reddit com r hcteams comments 5lbnt5   dbuke66 context 10 dbuke66    IGN   IceSlip  Past Facs   Hooked  HillTopHoods  Rome  Valhalla  Devils  Tropical   Vidss      Prac Fight       fight with Hill Top Hoods  1   When u upgrade your internett   ͡° ͜ʖ ͡°   http   www youtube com watch v R1R5IjKCWUQ   2   1v1 Verzide  US   http   www youtube com watch v p7Mt0GjVoVE   1  https   www reddit com r hcteams comments 5lbnt5   dbukk4g context 10 dbukk4g      me vs verzide  "Hackusated"  http   www youtube com watch v qupueilOiw8   1  https   www reddit com r hcteams comments 5lbnt5   dbukp1l context 10 dbukp1l    1200 elo good at farming wheat   IGN iRoast Past Factions Aloha  Aloha  Aloha  Aloha  Aloha  Aloha  Aloha  Aloha  and Aloha  Youtube   Hoodlums Vs  Clique  Raidable   http   www youtube com watch v 6qDWW0Sg4e4   1  https   www reddit com r hcteams comments 5lbnt5   dbunfxe context 10 dbunfxe    IGN  Touring  Age  16  Rank  default  past hct facs  scumbags  nova 2 maps and some fuck around facs with friends   i have been in other facs but they are not power facs just for fun   about me  i have been in some power facs on other hcf servers and     Beachboys 23  vs Aloha 27   http   www youtube com watch v 2VntBFOifg0   1  https   www reddit com r hcteams comments 5lbnt5   dbuoxlz context 10 dbuoxlz    ign  Muk vid       I was in aloha map 20  p and Kyzui Kunq and Quatix can vouch  1   Aqualic ツ  http   www youtube com watch v EAEJ5PZ GGA   2   Yql ツ  http   www youtube com watch v SH8IsC1k2y4   1  https   www reddit com r hcteams comments 5lbnt5   dbupnu5 context 10 dbupnu5    IGN  Tirl  Age  13 Mature  Kit  Diamond  Can go archer  Past Factions  Milf  Valkyrie  Instant  Bethany  Adidas  Instant  600 Aloha on hcgames   Activity    Rank  Super active   2 playtimes multiple maps  Rank Highroller  TIMEZONE  Eastern Standard T     Adidas vs  Voltage  And a bit of NoLimit   Going raidable  http   www youtube com watch v F9JWYDWHaKg t 37s   1  https   www reddit com r hcteams comments 5lbnt5   dbupsz7 context 10 dbupsz7    IGN  Rigzilla was Rigzu  Age  17  Past Factions  Adidas  600 StupidMonkeys  Dispatch for a little bit  swatteam  sacred not proud of   Timezone  UK on us times seriously  Teamfight    teamfight  gimme a chance  p  SacredScouts vs  1 ices   http   www youtube com watch v 9zEZdNu4OOE t 129s   1  https   www reddit com r hcteams comments 5lbnt5   dbwa0wh context 10 dbwa0wh    Im 17 years old  and this is my first map actually taking hcteams seriously  I played a lot of hcgames and was captian co leader in many big factions  25 man  My ign is "SenderOfNudes" and here is a video of me in a teamfight from well known player "     Dauntless vs Aloha  http   www youtube com watch v lBQR7ldGmUo t 10s   0  https   www reddit com r hcteams comments 5lbnt5   dbugh5a context 10 dbugh5a      Vouches  IGN  adoreme Age  14 Past Factions   BeachBoys Tide Dauntless Videos     just looking to get picked up  Im active I\'m a bot working hard to help Redditors find related videos to watch  I\'ll keep this updated as long as I can       Play All  http   subtletv com  r5lbnt5 feature playlist ftrlnk 1     Info  https   np reddit com r SubtleTV wiki mentioned videos    Get me on  Chrome  https   chrome google com webstore detail mentioned videos for redd fiimkmdalmgffhibfdjnhljpnigcmohf     Firefox  https   addons mozilla org en US firefox addon mentioned videos for reddit 
Same   i have low confidence ig 😞
Well good luck with your war zone  corrupt Islamic ran government  and being terrified at every point of the day  When you change your Mind the US will gladly take you in so you can live a safe and free life  ✌🏻
All jokes aside tho bro I\'m glad you good  I\'m from Canada too my friend😎 That guy is probably thinking pretty hard now what gender he really wants to be fit in with  cause I don\'t think the Canadian prison systems side with the flirty side sooo much  Pick and choose your friends better  also be a lot smarter with these chemicals  You have to take EVERYTHING into account🤓 Much love to you brother and bruises heal  safe travels to you and I think you will laugh about this later too as mentioned above  TIME heals everything  Happy new year bud✌️
Lol yes  I\'m about to go smoke some herb 🌿 glad you\'re having a good night 
what a view 😍
If you download a lot of videos from various sources  you can use Plex to stream them from your computer to your TV  Back in the early years of TV  if you wanted to play your own non iTunes videos  they needed to be in Apple friendly formats   mp4   mov   m4v  which limited the power of the device  Now those days are thankfully behind us  
 You\'re still a kafir  I\'m no longer Muslim   I don\'t believe in kafirs   I believe there are no kafirs   All the People of the Book said they were the only way to God   Jewish people said they were the Chosen Ones  Christians said Christ is the only way  Muslims say everyone must become Muslim    Any forms of spirituality not condoned by the divine lead to hell    Did the Divine give you that list  Can I have a copy   If you study hadith on the Light of Fatimah and how she existed as Light  an Nur  and verses on Sophia in Genesis  you can take your first step into a Deep Mystery   Once you start studying and seriously contemplating as Allah asks  you realize Allah created the Feminine Divine when he created Fatima  She is an aspect of Allah just as Sophia is   al hikmat   the Wisdom   in the Feminine   Feminine Wisdom    The light  Nũr  of Fatima  as  was created before the creation of the earth and the heaven    part of a hadith  narrated by Imam al Sadiq    Only the religion sent through the prophet Muhammad is acceptable  There is no leeway in this matter   I don\'t believe that   I never did   I believe the Divine made it clear that even a hanif  a monotheist who practices no formal religion  has nothing to fear with God     I do not believe in your God who sends every non muslim to hell   I\'m done with that   I\'ll say it one more time     I am not a Muslim   
share please ♥   edit  Bigger not better  For me it was the realization of the time span of 10 20y    and i lost so much pictures to dying HDDs meantime    
Yes  mine does  I haven\'t currently decided whether my conworld will have horses in the part of the world the speakers of this language come from  but I can use the word for dog    ğāte tāv bīne    three  count   sc  dog   three dogs   ğāte sʰāma bīne    three  dist   sc  dog   three dogs  distributive    Apologies for my weird usage of gloss abbreviations  I just don\'t know how to convey this    My implementation of the distributive is a little strange  Functioning as "one for each" is one function  but it also functions as a way to say they are all distinct but categorically the same  at least for the purposes of the conversation  For example  "three books"  distributive  could mean Harry Potter and the Deathly Hallows  Pride and Prejudice  and Great Expectations  Categorically they are all books and that\'s what is ultimately of significance  but in a context where their distinction between each other matters  in a bookstore   they are marked as such  To someone who doesn\'t care if they\'re all different works  they might use the non distributive  tāv  instead  which would also be used if they were all the same book    Wish I could explain better  but it\'s new years  🍾🍾🍾🍾🍾  EDIT  I also sketched a story down in the earlier stages of the language demonstrating this distinction where man A is showing his collection of wines to man B  Man B says  "you have hundreds  tāv  wines "  and Man A  in an effort to show he is more sophisticated  says "Actually    two   hundred  sʰāma  wines"  He shows he is more sophisticated by using the distributive count particle that shows he sees them as distinct  making man B look like a commoner for thinking of them as a collective  Like a pretentious wine critic in real life would tell me I\'m uncultured for not being able to taste the difference between a  200 and  20 bottle 
Everyone in your house has also come out of your vagina   So look at it that way   But be careful  that kind of power can be the foundation to a god complex  😁
 No bo dy     I got the ones with edibles  But I\'ve seen some shit  At another thread    Save yourself OP  😭
Please  just because the guy uses rare word variants  it doesn\'t mean he\'s spreading misinformation   → http   dle rae es  id MpDb09Y  It isn\'t useful  but it isn\'t wrong   
The wheels are gone by now  but thanks for offering and happy new year mate 👌
At the time  😢😭 Now  😙😍
That title 😂😂
Native speakers learn a lot of things in school  But also I think you\'d be hard pressed to find a native and for them to be able to go "These are radicals 100 134 " and then list them  While most Japanese people will know the common ones  as in being easily able to identify them  that certainly doesn\'t go for all 214 of them    I don\'t think it\'s necessary really  at least not early on  The common radicals you will start to pick up just through exposure  氵is used so often its almost impossible to NOT learn it  But I don\'t think it\'s worthwhile to start really going through them until you\'re further along    Tobira\'s Kanji book does go through many of the common ones  and I think that\'s a good time in your studies where you know enough that it\'s both useful and not overwhelming 
Hi  u philip2987  Your comment has been removed because your flair isn\'t set up correctly        Set up your flair here   http   pokegiveawaybot tumblr com  btn  If that doesn\'t work     here is a visual guide     http   i imgur com qKw7Hto png  Please enter one in the format  1234 1234 1234   IGN   by using the  edit  button in the sidebar where it says         ☑ Show my flair on this subreddit  It looks like      3333 3333 3333   Ash Ketchum  ΩR       edit     Make sure the box is checked to enable flair  If you don\'t know how to find the 12 digit number you need  please check out    this guide    http   www modojo com features nintendo 3ds friend codes everything you need to know  to find your friend code     I am a bot  and this action was performed automatically  Please  contact the moderators of this subreddit   message compose  to  r Pokemongiveaway  if you have any questions or concerns  
you have an absolutely perfect body 😍
I mean  I guess it  sorta  looks like the disapproval face  ಠ ಠ
I\'m sorry  I hadn\'t heard from you for over an hour after I made a counteroffer and someone else became available    I hope you can find the stereo from someone else   Happy new year  🙂
Fuck  I would get a degree in memetics if I could   I\'ve done quite a bit of theory crafting myself but that sounds like a great job op  👍
Gorgeous album  each picture got better and better  I\'m a fan 😍
The actors in the Office were so incredible I never lost that immersion  They are all their characters  100℅ 
what about trixie being on AHS  I\'m Roxxxy andrews and I\'m here to make it clear  thatpart  Hey hey hey HEYYYY👋👋👋 Put cha lighter’s up🔦🔦🔦  Ganja’s in the house 🏠 owwwwww😷  As you can tell from my accent I am from Dallas  Tex ass🐴  And it was not very easy growing up looking like this💁  Whether I was playing in my grandma’s clothes👵 or putting on a show for my well organized alphabetically ordered beanie babies 🐱🐥🐵🐼 I was guh guh guh GAY👬👭  OKKURRR😃  But it wasn’t until I moved to Los Angeles ☀️🌴 that I discovered 🚬Marijuana🍀  I mean I like to smoke💨💨💨  y’all I am just flying✈️ as high👆 as your receding hairline👴  OKUr  🚬 Marijuana🍀 really does help me calm down😴  so y’all  I went to Valencia where they film the TV show 🌱Weeds🌱  Now  y’all  it’s very dry🔥☀️  it’s almost kinda like your vajoina✌️👌  Can I get an amen🙌🙏    Now y’all  I am a treehugger🌳🌲 because if it ain’t green♻️  HUH😫 I’m not interested🙅  OKCURRRRRRRR💅💃   and HypnoHenny
Oh  it is the right thing to do  At least in my opinion   😊 Happy new year 
 i just assumed they would ask me out eventually 😔   Terrible assumption  Ask \'em out early ish in the relationship  text only to set up a date  don\'t hesitate with your actions 
Watson\'s draft stock 📈📈📈📈
 JustALthings  🙄
Holy shit I totally forgot about this    I\'ve achieved every one of these goals except for the college one but that\'s okay because I now have a loving gf and child that takes up most of my time  I went to the gym regularly for about 5 months until I got a job that is a workout plus more haha  I didn\'t lose weight on the scale but I can compare photos from now to the beginning of the year and I definitely lost some weight  Just gained a lot of muscle in the process  Thank you so much for doing this  Bless you and have a wonderful new years ☺
A grudge I will never let go  No ones allowed to be mean to 🌸
I think the red strains will help and the red Borneo does seem to last longer for me as well  Glad you\'re doing well 🙏🏻
😐😐😐
Thank you  I\'ll await for you than  😊
🎵🎶Kreiderman  Kreiderman  Does whatever Kreider can   Finds the holes  score some goals  Watch out  It\'s Kreiderman   🎶🎵
Radicals are essential for mastering Kanji  If you start by studying the 214 Kangxi radicals you will understand Kanji much better  For example 轟  consists of three 車  Practice writing them and focus on their basic meaning  Looking at the radicals helps you to learn Kanji more efficiently than memorizing all the strokes  Some radials do not have any meaning but refer to a particular stroke  some radicals are simplified when they are combined with other Kanji like 手 in 持  According to linguists  meaning association is more effective than rote learning  but I combine both and learn the etymology of a character  it\'s meaning  and then write it several times  by rote  and that has helped me to master over 3 000 Kanji 
Thanks a lot I\'m going to give this a try 😊
Oh  I\'m sure it was her "son" who forgot to say thank you 😒
Hopefully she says "no" so you can to train full time instead  👍🏻
Stats are on the post  Tiny numbers for now  more when you share with friends  😎
Can i have sunbursts  If not black zombas if you have them 😉 thanks for giving back Steam is goat12456
Wow mate that hurts lol 😂😂😂😂 maybe dog food 😄😄😄
Same to you   😘
That\'s so incredibly hot please post more pics with other angles  You\'ve got a body like a battle axe  My question is are you bad or just drawn that way 😉
Aww u came thru  Don\'t forget to excessively comment due to bad internet hun 😘
A tortilla is a tortilla  It\'s maíz 🌽 dough put into a circle and heated on a flat grill or fried  not baked 
I have jam for launchers  🙃 Fucking kill me now boys 
😂😂😂😂
Both teams should pull their goalies 😈
 High gives your shared sentiment  🙌 
Auē laki ʻoe  How lucky you are  Your school offers Hawaiian  I learn all by myself 
Can we have one without the glasses 💋👄💋👄💋
Heyyyyyy Roman long time no see 😆 how\'s ur life been  
This was a great rebuttal  It helped me rethink everything about the matchup  However  I still stand by my initial position and will try to address areas of your argument    You are partially correct  Itachi\'s regular genjutsu are likely useless in this fight  and will not serve as anything more than momentary distractions  However  Tsukuyomi will work on B  and would in all likelihood end him  because of how it affects the target\'s time perception  i e  in the few seconds or so it takes for Gyūki to try and disrupt the Tsukuyomi  a couple of days have already passed for B     Bee would be the one ensnared by tsukuyomi  not Gyūki  We know because Bee\'s been caught in genjutsu before  and Gyūki\'s perception wasn\'t altered  only Bee\'s  Thus  Gyūki\'s sense of time should still be the same  so the seconds it might take to break Bee out would be the same for both Gyūki and the outside world    Kakashi outright stated that regular genjutsu dispelling methods are useless against Itachi\'s MS genjutsu  Tsukuyomi   and Gyūki disrupting B\'s chakra is a regular method  In addition  Naruto also stated that Tsukuyomi would end B   Having a tailed beast meld with and disrupt your chakra is by no means "normal " Kakashi had no access to this  and it\'s unknown if he even knew perfect jinchuriki could do such a thing  so it\'s still unknown if Bee could use it to break out of Tsukuyomi  Also  Naruto and Bee had to deal with Itachi  and  Nagato at that time  If they were delayed for even one second by a genjusu it could have meant getting their souls ripped out of their bodies  Naruto was already familiar with how deadly the paths were by fighting Pein earlier     Firstly  Itachi can evade and keep up with B\'s kenjutsu just fine  and that was Itachi as an Edo Tensei  Edo Tensei never brings people back to their 100  level of power   Kabuto\'s edo tensei was near perfect and brought the zombies back at almost their exact strength as when they died  excluding Madara  Itachi did manage to avoid a fatal strike from Killer Bee  but he was on the defensive in that panel which seems to show that he was still overwhelmed by Bee\'s sword prowess  to a degree    It is not likely  it is a certainty  Itachi is not outlasting a perfect jinchūriki of the Eight Tails  not unless he is an Edo Tensei  and that is a whole different story  Good  we\'re in agreement   Briefly  He had also started moving before Itachi had actually launched the Amaterasu   I said "briefly " so again  we\'re in agreement  I also said Bee was much faster than Sasuke at that time  so he would still fare much better against the speed of the flames than Sasuke did   B needs to be in Hachibi form for that technique  Is that stated in canon  Iirc Bee can manifest pieces of Gyūki without going into the full  Hachibi form     that form is just a much larger target for Itachi\'s Totsuka sword  That\'s like saying susanoo is just a larger target for a bijuu bomb   B would be better off in V2  Of course  Amaterasu would likely still hurt him in that form   Why  Also  Bee can summon portions of the 8 tails skeletal structure that aren\'t attached to Bee\'s physical body  Would these catching fire hurt Bee  If not  can he use them as a shield for the flames  There\'s quite a few  what ifs  here    Yasaka no Matagama  True  but this attack doesn\'t really have much of a feat for us to go off of  It displayed nothing to suggest it has the strength of a bijuu bomb  so I\'d still give the long range advantage to Bee  I\'d also give the long range advantage to Bee because as we agreed to earlier  Bee\'s has the stamina to outlast Itachi  especially in this scenario  Itachi had trouble using amaterasu a few times  let alone his alleged "strongest attack " not to mention he needs to summon his susanoo  which is a chakra intensive act on its own  before using it  For example  Itachi probably used his MS abilities less than 3 times against Kakashi Jiraiya in pt 1 and he was out of chakra  How many Yasaka no Matagamas could he fire at Bee vs  how many bijuu bombs could Bee fire at Itachi    Yep  Though I am pretty sure Itachi is smart enough to realize it is over if B gets the opportunity to launch a Tailed Beast bomb from far away   Even if he is  it\'s Itachi being fast enough to prevent this from happening that\'s in question  Besides  we seem to agree that Bee would win the long range battle but that means Itachi has to get up close and deal with Bee\'s spectacular kenjutsu prowess  Itachi was backing up to avoid Bee when Bee was attacking with his 7 swords  so it doesn\'t seem like Itachi can truly match Bee in close quarters either  It\'s kind of a lose lose for Itachi    Lol  nah  B is nowhere close to being the memetic god that Solo King Itachi is   Ayy m8 u wanna go 
Oh that\'s it  alright thank you 👌
I\'m at my friend\'s house for New Year\'s Eve  She\'s a Texans fan  I do not dare watch this  😞
ツ
I have very few matches  except for bots  and I live in like a city of like a couple million  I was just looking for tips  I don\'t think I\'m that bad looking lol  but tinder says otherwise 😂  I\'m 18 btw  1 http   imgur com BaU5whx 2 http   imgur com 4cmNPOJ 3 http   imgur com 4d9CaTU Bio  Hobbies  Meme making  Netflix  soccer  deleting tinder  photography  traveling
Don\'t worry about disappointing anyone  As long as you try your best you will make great things happen  regardless of who you impress    You\'re not a disappointment to me  and if you ever need a friend pls PM me  Sending virtual hugs your way 🙂  You\'re gonna do great  u LordAjo I just know it 
Happy new year from Edmonds WA 😍
  Start an independent life   Keep study Russian  I don\'t want speaking fluently  but just don\'t want giving up    Improve my English skill  achieve outstanding listening and speaking skill compared with my current ability    Care of my health  mentally and physically  I want to make at least one habit for my health like hiking  jogging  exercising   Andddd make all resolutions people wish come true 😉  world peace
Nice meeting you☺️ my buddy is taking the totem   ima be with him all day so come thru if you see it again 
Exactly 😂
I\'ve only ever used the gyms at apartments I\'ve lived at and then to planet fitness after I moved into a house  It\'s not too far from me and is cheap af  The place is immaculately clean  well lit  bathrooms and showers are spotless  employees are always cleaning stuff  everyone pretty much cleans their own stuff too  It\'s a good culture  They have a garbage can with a roll of paper towels and disinfectant spray no more than 35 feet apart  They are obvious and no reason to not use them  It smells fresh  well ventilated  and cool  almost like it has a little breeze  It smells nothing like sweat and warm bodies  There\'s always an influx of people for the next month  but normally it\'s no more than half full when I go  I thought that all gyms were up to this standard and higher because  well  it\'s 80℅ less than other gyms  Where is that money going if there worse than the discount gym 
Like you weren\'t ready to get up 😝
😂😂😂
Shit  it\'s like arguing with a JW  Have a happy new year and relax  👍
Go 🦁  Black  retarded  Muslim  women lol fuck them hahah stupid fucks  Cute furry animals oh shit they better not harm the poor lovable creature  
"Just five more minutes " Queues for an approximatly 60 minute game that you must finish in one sitting  ¯    ツ   ¯
Ahhhh thankyou so much   😭😭😭 I am really trying not to stress myself about my face  Its really not eat but im okay  I\'ve read so many reviews about Cosrx products and im really planning to order from them its just that i still dont know yet what products to buy  The first product that i really wanted to try is the AHA BHA toner after reading so many good reviews about it     I\'ve listed all these information you gave me and i just want you to know it helped me a lot and i appreciate it so much   I will comeback and ask for some advice soon after i got the products  I hope they will work well one me huhuhu and I haven\'t really tried opening up to my friends and familes about me actually having a hard time about my acne but now im just happy to be able to do it even if its only here  I dont still understand some info like those science y because before i only buy products then just use them but all ive been doing was reading reviews and searching on the net about some products hehe and im really trying to do my best on researching about them  hehehe Thankyou so much   😭😭💕💕
  Old Gray       artist pic  https   lastfm img2 akamaized net i u 252 44ef948c93b346fcbef7d5a6b776c6a7 png       Old Gray is a four piece band based out of the southern New Hampshire area  Since forming in April 2011  the band has seen numerous changes  both in terms of their members and their musical style  Their lyrics are introspective and personal  often dealing with the ideas of love  loss  and isolation  while their music draws elements from a wide array of genres  most notably post rock and post hardcore  As of April 2014  they have released an LP  two EPs  six splits  a b side  a single  and a demo  They have toured with bands such as William Bonney  Lovechild  and I Kill Giants and release music through Broken World Media     Music Tumblr Facebook    Discography  May 2011   \'Demo\' Digital Download  Self Released  September 2011   \'Do I Dare Disturb The Universe\' EP  Party Wound Productions  November 2011   \'Old Gray   The Hundred Acre Woods   An Acoustic Split Among Friends\' Digital Download  Self Released  December 2011   \'Old Gray Girl Scouts Split\'  Carucage Records  November 2012   \'Everything I Let Go   The Things I Refuse To\' 7" EP  It\'s a Trap  Records  Sea of Tranquility Records  Songs from the Road Records   US  Dog Knights   EUR  and ca  ette tape  Broken World Media   US  Shivery Productions   EUR  January 2013   "\'I Think I Might Love You\' Is An Awfully Long Sentence 7" Lathe Cut B Side   Broken World Media  February 2013   "4 Way V Day Split" Digital Download  Topshelf Records  March 2013   "An Autobiography" LP  Broken World Media   US  Dog Knights   EUR  May 2013   "The Artist" 5" Lathe Cut Single  Broken World Media  September 2013   "September 4​ ​Way Split  Part 1 " Digital Download  Big Footprints Records  October 2013   "Catharsis"  2011 Demo  Digital Download  Self Released  October 2013   "Fest 12 Split" 7" Split  Soft Speak Records  April 2014   "Old Gray Tiny Moving Parts" 7" Split  Broken World Media  Kind of Like Records   US  Dog Knights   EUR  January 2015   "Do I Dare Disturb The Universe" Remastered 7" EP  Reissue   Broken World Media   US  Dog Knights   EUR   Read more on Last fm     last fm  https   www last fm music Old Gray   31 531 listeners  1 051 033 plays    tags   screamo  emo  indie  twinkly  punk       Please   downvote   if   incorrect     Self deletes   if   score   is   0 
You definitely will with that attitude  bro 👍 
Great job from everyone again   You\'re right to be excited  😄
I didn\'t even notice but oh well  this place is full of edgy  hormonal teenagers like myself  😂
I still say "one more thing   " ♡ Jackie Chan Adventures
Oh shit whaddup  Didn\'t see the announcement in my inbox 😅
Holy fuck  man  You just did the greatest thing ever  👌🏽    Also  are there Thus Spoke Araki Hirohikos  and Living Man\'s Answers   
 100  No way 😂😂
Robbie is number one☝🏼
I s👁👁 what you did there  
If you\'ve not watched these  give People of Earth  The Good Place and Sirens USA a go  Not much social commentary  wholesome comedy mostly and the people aren\'t sardonic assholes or deeply depressed    If you\'re into drama  try The Get Down  the first episode puts some people off but it gets better in episode 2  I love the colors  lights and sounds of all the episodes 😊     I adore Mozart in the Jungle and how life affirming it is  We have a small subreddit as well  
Hermione  I am always correcting people  mostly on grammar and sometimes can be a know it all without meaning to be  🤓🤓
❤ animals  Nature really is amazing 
   handling more pipe than a plumber   Issa dick 🤤🍆    It sounds like your parents accept your sexuality and the other aspects of who you are  but they haven\'t tried to understand how that affects your perspective   My dad confronted me one day and said he won\'t say anything else pertaining to my mannerisms cause it\'s like I somehow let him know that I am aware of what I\'m doing  My mom is outright homophobic and bashed her cousin when he died of meningitis    My mom said my sexuality is her business cause if men come knocking on our door  she won\'t stop them from taking me and being at their mercy  I didn\'t wanna tell her but it wasn\'t gonna stop until I did  
The particle を is exclusively used as an object marker  and never used in words  And particles are almost never written in katakana  which is usually reserved for foreign names or to add emphasis  The heading could have just as well be written as the standard "お金を大切に" but it\'s printed totally in katakana for emphasis in this case  
  It has higher specs   but can only overclock to 96hz   I\'ve only overclocked it to 96hz  I have read problems with backlight bleed for higher clocks  and it\'s not like I can go far above 96fps with a single 1070 on AAA titles  At least  not without going back a few years   Dell had a similar failure rate as Apple  Neither good nor bad  ¯    ツ   ¯ 
Haha i find intelligence to be quite an attractive trait  What\'s 2 2  ☻
I suggested to the OP that most palettes nowadays look like that and threw out a suggestion only to have been told it\'s missing colors  Sorry if I can\'t see all the damn colors 🙄
"Go fuck a pig or something" 😂😂 had me dead with that 
  I treated the hole in the butt with a strip of emery paper     ͡° ͜ʖ ͡° 
I believe this is what your looking for            • •        • •  ⌐■ ■     I guess that means there is an opening in CIGs coding team    ﻿     ⌐■ ■       YEAAAAAAAAAAAAAAAAAAAAAAAAAAAAAAAAAAAAAAH       Or something like that lol
If I wasn\'t on more antibiotics and pain killers and other meds than I can count   I\'d be having what you are having because you sound like you\'re having a great night     Happy new year and LGR💙❤💙  Edit  words
гум is huge  and impressive but  red square can make it look small 
Happy Cake Day  Hello Sir Butthead ❤
Sounds like 1950s South Carolina to me   The good news is that even SC are getting to grips👍
Teach me oh wise 1😮
Omg I forgot about this  I did it all too 😄😊
I had a half a Guinness tonight and now I\'m enjoying a bottle of sparkling apple cider 😊
Fuck 🙏🏻 thanks 
Sparkling cider is so good   Wait   All of that is so good 😛
Lmao triggered a lot of people with that comment 😂😂😂😂
Hey chaouchib  unfortunately your submission has been removed because it was a link to a video hosting site  probably YouTube itself   If you\'re trying to share a video  you should stop by  r videos instead    r youtube is for discussing YouTube as a whole  its features  bugs  design  trends  and so on   If you think your video fits that  please  send us a message  https   www reddit com message compose to  2Fr 2Fyoutube subject Please approve my video  message  5bLink to my post 5d 28https   www reddit com r youtube comments 5lcvj3 شاهد نايضة في عين الدياب بمناسبة راس العام خمر  29  so that we can take a look    I am a bot  and this action was performed automatically  Please  contact the moderators of this subreddit   message compose  to  r youtube  if you have any questions or concerns  
Is the rest of your friend\'s body from the neck down scaled and tail shaped  🐍🐍🐍 hissssssss
Well it\'s about ovaries  not vaginas    So I guess you\'re still not wrong in saying that    😂 
You\'ve definitely got your priorities in order  Keep up the good work  😉
2016 will be missed  🙃
i took this at the vape shop as soon as i got it i couldn\'t wait to show off my new set up 😂
After annoying you with all that   I ended up not being satsified with the way I did it and binned it lol  Must check out what the boys did with it though  I see there are some interpretations up  😊
THE QUOTE  also the "it\'s a good day to die" quote 😂😂
Guadalajara​ Grill needs to close 
Hi  u DanTAC  Your comment has been removed because your flair isn\'t set up correctly        Set up your flair here   http   pokegiveawaybot tumblr com  btn  If that doesn\'t work     here is a visual guide     http   i imgur com qKw7Hto png  Please enter one in the format  1234 1234 1234   IGN   by using the  edit  button in the sidebar where it says         ☑ Show my flair on this subreddit  It looks like      3333 3333 3333   Ash Ketchum  ΩR       edit     Make sure the box is checked to enable flair  If you don\'t know how to find the 12 digit number you need  please check out    this guide    http   www modojo com features nintendo 3ds friend codes everything you need to know  to find your friend code     I am a bot  and this action was performed automatically  Please  contact the moderators of this subreddit   message compose  to  r Pokemongiveaway  if you have any questions or concerns  
Select his face   fill   content aware fill   done ✅ 
Proverbs 13  20  "The one walking with the wise will become wise  But the one who has dealings with the stupid will fare badly " 
😘
That is the sweetest picture ever 🤗
GO ON GIVE INTO    THE POWER    👊of the Musashi  A little Yolo rolls won\'t harm you  Go on try   that yolo button is right there  Go on and make dreams real  The teachings of the Almighty Yolo will help you  If you do choose to take it 😉
It is 田雞  field chicken   not 甜雞  sweet chicken    They are pronounced the same in Mandarin  but not in Cantonese 
  ͡° ͜ʖ ͡°   do you got some source for it 
Thank you 😘
🎉 no better way to start a new year than nudes
Best friend told me I\'m not invited to our annual NYE party and my boyfriend said I\'m not invited to hangout with his roommates  So that\'s my day so far 😄 
Yeah  nothing to do with you being fat I assure you   I\'ve been going since September and I\'ll just be annoyed that herds arbitrarily choose to care about their health for a few months after a new year  and hog most of the machines in the process 😒
💪 fuck yeah dude  good for you  
Love it     Very cool idea ☺
Hope everyone is having a lovely evening ✌
I have mine in that time  3 weeks after break when everyone is cold and depressed 😑
Happy New Years Eve from one furry porn addict to another           Original Picture  http   i imgur com OwoUiSt jpg    e621 Page   https   e621 net post show 1072559 4 fingers anthro areola blue hair breasts clothed        Caption      Oh ho  you really thought we were going to the beach  Silly boy  Lots of people say one thing and mean another  Don\'t worry  Mama\'s gonna teach you  In fact  now that you\'re  "Of Age " Mama\'s gonna teach you a whole lot of things  When older girls really like you  they\'re gonna ask you to play with them  What they mean is that they want you to play with the parts of their body they put their underwear over  including these      You can grab them  push them  and even taste them  but eventually they\'ll want you to use your own underwear parts  Take off those trunks and get on the bed honey  Mama\'s gonna show you how to play with all the girls that really like you  ♥    Font   Arima Madurai  https   fonts google com specimen Arima Madurai   
Mercy 😋
I think you got that backwards    Top players beware if they match with me  😎
Good dude here  Just bought 3 mill  Might\'ve taken 4 minutes total  👍👍
  Illustration     Merlin The NEET  http   pixiv net i 60662960  by  AS AD  http   pixiv net u 20008508     Caption    When the Next Grand caster is a NEET and he reject that title and become eternal NEET    Tools used    Photoshop  SAI    Image resolution    1200×1702    Published    Dec 31  2016  11 00 AM      I am a bot  and this action was performed automagically  ヽ ⑅・ω・     info  https   www reddit com r Pixiv wiki pikushibu        r pixiv  https   www reddit com r Pixiv      Tip   you  can  skip  my  reply  by  adding  "p skip"  to  your  comment  
Wow     You\'re incredibly handsome 😍
What if the first loop there was no "don\'t read any further" warning  What if Rohan just read through everything about Kira before that which ended up triggering the first reset   Maybe we saw the third or so loop  It\'s possible that the first two loops went like so     Loop 1    Hayato goes through with the orignal plan 》 slips past Kira or Kira let\'s him go just once》 Rohan uses Heaven\'s Door on him for whatever reason  》 reads everything and dies the 1st time     Loop 2    Hayato wakes up thinking it was a dream 》 goes through with the original plan 》 hesitates due to the dream》 Kira shows up to stall time even more》 watches and gains memories of the series of events leading up to Rohan\'s death 》Rohan explodes the second time   And that lead to him having the warning  Hayato tried his hardest to stop everyone\'s fate  He probably just willed the warning into existence in an attempt to lock Bites the Dust as well as memories from the events leading up to Rohan\'s death away  Even if unbeknownst to him it didn\'t work 
All books are made out of wood   😂
This sounds sick  My group and I had early arrival last year and the pre party is always where it\'s at 👌
I don\'t there aren\'t enough audios about waking up with your girl boy in your arms  After a night of sweet  sweet lovemaking  And you cuddle and stuff  Just really sick making sweet and sappy  Love that stuff  ❤  There must be a good script somewhere on here    I hope this is what you meant    
My point is don\'t get mad at Oliviera for selling the illegal knee but instead be mad at the guy who threw what has always been considered an illegal strike  Complain about whatever you want but you\'re a silly person if you were more upset with 🇧🇷 Cowboy than Tim Means 
Thanks  glad it resonated with you  Much credit to my colleague Matt Rocheleau for doing most of the visualizations number crunching  His excel skills are 🔥 
Thanks hon😘
  Gintama       MAL  http   myanimelist net anime 918    A P  http   www anime planet com anime gintama    AL  http   anilist co anime 918    ADB  http   anidb net a3468      TV   Status  Finished Airing   Episodes  201   Genres  Action  Comedy  Sci Fi           anime      LN        FAQ  http   www reddit com r Roboragi wiki index        r   http   www reddit com r Roboragi        Edit  https   www reddit com r Roboragi comments 3i82q0 by mentioning his username roboragi can now       Mistake   http   www reddit com r Roboragi submit selftext true title  ISSUE  text https   www reddit com r anime irl comments 5lcvqz anime irl dbuqafr       Source  https   github com Nihilate Roboragi       Synonyms  https   www reddit com r Roboragi wiki synonyms       Robots  are  cute   http   i imgur com CioONPe jpg       ♥  https   www reddit com r Roboragi wiki thanks 
Can I just say that your Snake one makes little sense because he\'s looking down the gun with the eyepatch😂
Just to make it clear   I speak a bit of Japanese  I know that the proper word for foreigners is 外国人  gaikokujin   But I wanted to use the derogatory term there to make it clear that the Japanese devs should really mostly ignore the opinions of stupid foreigners who most likely misunderstand their games anyway 
I\'m not  I just hate people                                                       ͡o ͜ʖ ͡o   ͡o ͜ʖ ͡o    ͡o ͜ʖ ͡o     ͡o ͜ʖ ͡o     I mean  look at them enjoying themselves    Fuckers
Texas might be good but The Forest is home 🌲 good for you though  sounds like an awesome experience with a move that big 
DramasticOntray  you are becoming my new favorite person on this Sub  I agree with you 💯
値段 and 価格 mean the same thing  however the latter is used more in writing than speech as it is more formal  also 価格 is used in compound words to express some kind of formal terminology e g   協定価格 stipulated price 価格変動 price fluctuation and hence is used in business and economics settings 
I won  15 00 I think the ticket was  35 😳
Thanks for getting back  You all do a wonderful job  Happy New Year to you from the UK 😊
Based on that reflection  you are being haunted by a Yōkai 
  ͡° ͜ ͡°  lenny without a nose is all I see 
I mean this can be the part where you go through with it anyway and make a discovery  then get yourself a movie and book deal  You\'ll be rich  👌
Hahaha oh my goshhh😆😆 well  I\'m embarrassed  That\'s what I get for still waking up even though I only slept 5 hours    thank you for the kind correction  🙃
Welł I laughed
I actually nearly choked on my breakfast laughing so much  Fu king brilliant  🤣😂
Wooooo  we finally agree on something  🤗
Why the fuck would you want someone this stupid to do an interview  Are you fucking blind  Yes  to answer NinjaLifestyle\'s question﻿
Calling someone whatever you want and  hate propaganda are not the same thing   hate propaganda is defined as   the public promotion or incitement of hatred against an identifiable group       There are laws in place do limit what you can say like "fighting words"  " that by their very utterance inflict injury or tend to incite an immediate breach of the peace"   Or harresment    A person is guilty of harassment in the second degree when  with intent to harass  annoy or alarm another person  He or she strikes  shoves  kicks or otherwise subjects such other person to physical contact  or attempts or threatens to do the same  or He or she follows a person in or about a public place or places  or He or she engages in a course of conduct or repeatedly commits acts which alarm or seriously annoy such other person and which serve no legitimate purpose   Here\'s the full text    The purpose of this Act is to extend the laws in Canada to give effect  within the purview of matters coming within the legislative authority of Parliament  to the principle that all individuals should have an opportunity equal with other individuals to make for themselves the lives that they are able and wish to have and to have their needs accommodated  consistent with their duties and obligations as members of society  without being hindered in or prevented from doing so by discriminatory practices based on race  national or ethnic origin  colour  religion  age  sex  sexual orientation  gender identity or expression  marital status  family status  disability or conviction for an offence for which a pardon has been granted or in respect of which a record suspension has been ordered  1996  ch  14  art  2  2012  ch  1  art  138 A  1996  c  14  s  2  2012  c  1  s  138 E  2 Subsection 3 1  of the Act is replaced by the following  Prohibited grounds of discrimination 3  1  For all purposes of this Act  the prohibited grounds of discrimination are race  national or ethnic origin  colour  religion  age  sex  sexual orientation  gender identity or expression  marital status  family status  disability and conviction for an offence for which a pardon has been granted or in respect of which a record suspension has been ordered  L ‍R ‍  ch  C 46 Criminal Code 2014  c  31  s  12 3 Subsection 318 4  of the Criminal Code is replaced by the following  Definition of identifiable group  4  In this section  identifiable group means any section of the public distinguished by colour  race  religion  national or ethnic origin  age  sex  sexual orientation  gender identity or expression  or mental or physical disability  1995  c  22  s  6 4 Subparagraph 718 ‍2 a ‍ i  of the Act is replaced by the following   i  evidence that the offence was motivated by bias  prejudice or hate based on race  national or ethnic origin  language  colour  religion  sex  age  mental or physical disability  sexual orientation  or gender identity or expression  or on any other similar factor 
There really is no need to sit a certain way  or hold some unnatural posture   This can be done anywhere  anytime for as long or short a time as you like   Sit  or lie  in a position that is comfortable enough for you hold it for 10 minutes   Try the method I described above  Give yourself a better chance of making a habit by keeping things nice and simple and easy   When you can sit for 10 minutes without losing your focus  then start trying some fancy stuff  😀
Initially  i didn\'t like Dragic  I didn\'t like the contract and really didn\'t see him leading us anywhere   With the recent đevelopments of this team in the past 2 seasons  ill gladly say Dragic holds more value to us on the team than being an asset for trade  Yes  blah blah blah good draft class  blah blah blah more picks  but at this point i dont see us waiting 3 more years for players to develop and make a run  Especially not with cap space freeing up for us soon accompanied with Pat\'s eminent retirement      We\'re defintely trading Justice though 
Its dw and hero ring in one bro  can you get that elsewhere ☺️
 ŋy\'nuh  https   youtu be RDrfE9I8 hs 
Lol hmm  wonder what the sign was for    😐
Happy New Year\'s Eve  Make sure to stay off the roads of you\'re this fucked up 😂
Mine does  And it may be unique on here in that it contrasts aspiration for fricatives and stops  with a three way voicing distinction   Its obstruent set is this    pʰ p b fʰ f v   tʰ t d sʰ s z   kʰ k g xʰ x ɣ   However since it\'s technically a Proto language  I have considered re analyzing it as this    pʰʰ p͡ɸʰ pʰ p fʰʰ fʰ f   tʰʰ t͡ʃʰ tʰ t sʰʰ sʰ s   kʰʰ k͡xʰ kʰ k xʰʰ xʰ x   Actually  most American English dialects I know of actually do have an aspiration distinction  I can\'t confirm at the moment  but I think it said that a lot of people pronounce initial  b d g  as  p t k   contrasted with  p t k  as  pʰ tʰ kʰ   but that might only be in some places  IIRC  the source I read said it was more prominent on the West Coast  where I\'m not from so I can\'t confirm that  
And I would love to make them tired   ͡° ͜ʖ ͡° 
Just let it go😉
   Original Picture  http   i imgur com OwoUiSt jpg    e621 Page   https   e621 net post show 1072559 4 fingers anthro areola blue hair breasts clothed        Caption      Oh ho  you really thought we were going to the beach  Silly boy  Lots of people say one thing and mean another  Don\'t worry  Mama\'s gonna teach you  In fact  now that you\'re  "Of Age " Mama\'s gonna teach you a whole lot of things  When older girls really like you  they\'re gonna ask you to play with them  What they mean is that they want you to play with the parts of their body they put their underwear over  including these      You can grab them  push them  and even taste them  but eventually they\'ll want you to use your own underwear parts  Take off those trunks and get on the bed honey  Mama\'s gonna show you how to play with all the girls that really like you  ♥    Font   Arima Madurai  https   fonts google com specimen Arima Madurai   
Pick Carrie Fisher in my Dead Pool at work 😢
Happy new year  Here\'s to a better year   🥂🇮🇩
😂😂
Tanks on glassboards‽ I‘d be scared that they break   Nice tanks  though  Your buces are pretty 
Thanks for the response  I have no idea on how to take the lens apart and have no knowledge on camera lens repairs so I would rather avoid this option as I think I will cause more damage than good  🙈
and gible got sniped    IGN  L★  reDeposited  wailmer  male  Level 1  in a dive ball  Requested  Kartana  level 61 70  MSG  I want to trade for a Pokémon that is strong in battles 
I\'m with you on the sentiment  But getting desensitized to all this violence sucks  Stay safe in the new year 😇
Fuck yeah   Good luck and good for you 👍
damn😂😂 my bad   happy new years
Start lifting steadily  Get a instagram body  Get an internship or job that I like and shows me a different outlook  Don\'t backtrack don\'t go back to company even though money was good Talk to that one guy who eats at around 1 in flars  not a creep I swear😁  Learn to play piano fully Get a good group of friends  Try out improv Go to Florida  Travel outside us Figure myself out more  The good and bad  
Thank you for posting these  We have a wrapping paper cat too  always hiding in the piles of paper 😂
I appreciate the roast and the kind words   I have made a resolution to be better and you were a part of that and I thank you for it     I can see how I look like Harry a bit too   🤓   https   youtu be QwrZ31PK8o8
A tragic love story 💔
Both aswell    My god it\'s perfect 😍
Correction  they don’t fear that Kurapica will come back to life  they fear that after Kurapika’s death fueled by his hatred his Judgment Сhain  which is essentially a curse  could become stronger 
The X Men look great in this  😍
Best comment  😃
Mona  everyone\'s common ground  😃
There is something called a USB C to Lightning cable  you know  🙄  And that\'s precisely the point  Numerical superiority may not necessarily result in a better user experience for the consumer  How many people would legitimately benefit from thunderbolt 3 transfer speeds on a phone  when most data is synced wirelessly anyways   Plus  what\'s stopping Apple from theoretically "hacking" Lightning to support thunderbolt 3  Apple owns Lightning  they are free to do whatever they want with it    So yes  if you want to be pedantic  USB C is superior  My point is that most of it won\'t be relevant to the typical average consumer  
This is a thing  huh   who knew  😀
   Hi  and  thanks  for  dropping  in   Do  stay  updated  by  subscribing  to  Chosen  Men\'s  RSS  feed   This  blog  contains  images  of  men  naked  and or  engaging  in  explicit  gay  sex    chosen  by  god   chosen  foods  avocado  oil   CHOSEN  FEW  MOTORCYCLE  CLUB     USA   chosen  newton   chosen  foods   chosen  generation  lyrics   chosen  one   chosen  few   BioWare     Rich  Stories   Unforgettable  Characters   And  Vast   chosen  generation   SparkNotes   The  Chosen   chosen   367  Central  Avenue  Lawrence   NY  11559  Tel   516 374 1199  Fax   516 374 1459   chosen  confirmation  program   chosen  movie   chosen  island  cedarhurst   chosen  definition   chosen  tv  show   chosen  few  picnic  2016   chosen  few  motorcycle  club   chosen  few  mc   Chosen  Sons  MC   chosen  people  ministries   Chosen  Men     Specially  Selected  Sizzling  Hot  Men   At  this  time  the  Take  None  Give  None  Chosen  Few  Film  is  sponsered  by  Shotime   amp   no  date  of  release  has  been  announced   IN  THE  YOU  TUBE  SEARCH  BAR   The  prophecy  of  the  Chosen  One  was  a  Jedi  legend  that  foretold  the  coming  of  a  being  who  would  bring  balance  to  the  Force   Some  Jedi   such  as  Obi Wan  Kenobi   also   Chosen   Buffy  the  Vampire  Slayer      Wikipedia   BioWare  develops  high  quality  console   PC  and  online  role playing  games   focused  on  rich  stories   unforgettable  characters  and  vast  worlds  to  discover   Since  1995   Your  browser  does  not  support  frames   You  can  download  this  document  in  English   The  link  will  open  in  another  window   Other  official  languages   عربي   中文   For  more  than  a  dozen  years  now  Kings  Chosen  has  assembled  designs  characteristic  of  the  work  of  such  greats  as  Frank  Lloyd  Wright   Charles  Rennie  Mackintosh   L    amp   J   chosen  ones   chosen  people   Chosen  One     Wookieepedia     Fandom  powered  by  Wikia   King\'s  Chosen  Furniture  Craftsmen   Chosen  Island   chosen  synonym   United  Nations  Official  Document   The  Chosen  Sons  Motorcycle  Club  is  an  independent  motorcycle  club  based  in  and  around  Baltimore   MD   We  currently  have  established  chapters  in  the  following  areas    chosen  acres  realty   From  a  general  summary  to  chapter  summaries  to  explanations  of  famous  quotes   the  SparkNotes  The  Chosen  Study  Guide  has  everything  you  need  to  ace  quizzes   tests   and   "Chosen"  is  the  series  finale  of  the  television  series  Buffy  the  Vampire  Slayer   the  22nd  episode  of  season  7  and  the  144th  episode  of  the  series      https   www reddit com 5icfen  https   www reddit com 5icfen    https   www reddit com 5k6fd3  https   www reddit com 5k6fd3    https   www reddit com 5esufd  https   www reddit com 5esufd    https   www reddit com 5k6a02  https   www reddit com 5k6a02    https   www reddit com 5l2qny  https   www reddit com 5l2qny    https   www reddit com 5k7w86  https   www reddit com 5k7w86    https   www reddit com 5k4dio  https   www reddit com 5k4dio    https   www reddit com 5j6h1x  https   www reddit com 5j6h1x    https   www reddit com 5ijwek  https   www reddit com 5ijwek    https   www reddit com 5hyehx  https   www reddit com 5hyehx    https   www reddit com 5j9l7f  https   www reddit com 5j9l7f   
Yeah these English roads are killers  pot holes everywhere  I got both my rears repaired a few months back  Put the winters on recently and discovered more cracks on the 225 rears 😔
Yeah like honestly im going out of state to a college that no one from my high school will go to so i can get away from all of them  And dont worry im sure youll get into some type of college and can get away      I kinda like the idea of college serving as an escape for me  but hate that i have to pay and arm and a leg to do it 😩
Geez     In TX  the lowest you can find is around  10😂
Only the dead have seen an end to bamboozlement  💀 
I\'m out ✌
Awe  Play around with yourself and maybe you can do it yourself  ¯   ツ   ¯   In my case I love the textures of my SO\'s hand and that makes me enjoy the feeling even more  If that makes sense  lol 
Could I see your calculations  I feel like something\'s off     Given      x   0 699 miles   hour    y   0 103 rotations   second    Miles per Hour     Meters per Second       x miles   hour      1 hour   3600 seconds      1609 34 meters   1 mile    z meters   second    z   0 312 meters   second    Meters per Second     Rotations per Second       z meters   second      1 rotation   2πr meters    y rotations   second    0 312 meters   second   0 103 rotations   second    Solve for r       z meters   second      1 rotation   2π    y    r     z meters   second      1 rotation   2π     1   y    r    r    0 312 meters   second      1 rotation   2π      1 second   0 103 rotations    0 312 meters     1   2π      1   0 103    0 482 meters    r   0 482 meters
Wow  I  seemed to have  upset  many people with a bit of frivolity  Wasn\'t even looking for upvotes  but Cheers for them  I see tonnes of new shit when I watch it  So it wasn\'t a  loop   oops my bad     HAPPY NEW YEAR 🎉
     QuickShoot Pro  http   cydia saurik com package com caughtinflux quickshootpro      BigBoss   1 49   Tweaks   take photos video from Camera app icon          ¯     ツ   ¯     Type the name of a tweak or theme enclosed in double brackets    tweak name    and I\'ll look it up for you  I currently only work with default repos      I also reply to PMs       Info  http   www reddit com r hizinfiz wiki TweakInfoBot      Source  https   github com hizinfiz TweakInfoBot      Mistake   http   www reddit com message compose  to hizinfiz amp subject  2Fu 2FTweakInfoBot 20feedback message If 20you 20are 20providing 20feedback 20about 20a 20specific 20post 2C 20please 20include 20the 20link 20to 20that 20post  20Thanks   
  Mahou Shoujo Madoka★Magica       MAL  http   myanimelist net anime 9756    A P  http   www anime planet com anime mahou shoujo madoka magica    AL  http   anilist co anime 9756    ADB  http   anidb net a8069      TV   Status  Finished Airing   Episodes  12   Genres  Drama  Mahou Shoujo  Psychological  Thriller           anime      LN        FAQ  http   www reddit com r Roboragi wiki index        r   http   www reddit com r Roboragi        Edit  https   www reddit com r Roboragi comments 3i82q0 by mentioning his username roboragi can now       Mistake   http   www reddit com r Roboragi submit selftext true title  ISSUE  text https   www reddit com r Animesuggest comments 5lcwt9 anime with a good amount of tragedy dbuqj7r       Source  https   github com Nihilate Roboragi       Synonyms  https   www reddit com r Roboragi wiki synonyms       Robots  are  cute   http   i imgur com CioONPe jpg       ♥  https   www reddit com r Roboragi wiki thanks 
32 32 DD\'s friend 👌
Downtown now  Pretty much every garage we passed around Pennsylvania and Georgia was  10  Of course we didn\'t get lucky with straight parking  ¯   ツ   ¯
    Aphex Twin Asks 12 Year Old With Autism to Direct his Latest Music Video  0 54     http   youtu be 2qSn3P1I9xY     Aphex Twin enlisted Ryan Wyer  12  to direct his latest music video for his song ‘CIRKLON3   Колхозная mix   which is featured on his new EP  Cheetah  released on July 8       NewsBeat  Social   https   www youtube com channel UCrd4NvTsFZmap7KvP5JZdSQ   in  News     Politics     4 688  views  since  Jul  2016     bot  info   r youtubefactsbot wiki index 
These emojis are giving me flashbacks to the Denko story  ´･ω･    Edit  http   vgperson tumblr com post 21533650696 help the girl i like wont respond to my emails
Well if what ive read on Wild Lands is true  then you\'ll need to amend your statement  Division meets MGS V is what its looking like so far 😣
Bless you 🙏🙏🙏
Hope some of you were on fellas  MDO looks a serious prospect     Have a good one chaps 👌🏻
😆 someday  I need to get out your way 
Seems like Street Lights  glowing happen to be   just like moments  passing  in front of me 😢  https   www reddit com r Kanye comments 5gefyw kanye 
Babasonicos 👏🏼👏🏼👏🏼 Just saw them in Chile for their 25 years anniversary  Excellent 
Translation  "Sincere congratulations 👏👏👏  a   beautiful end of the year in your performance 👑"   Or something along those lines  
    ▶ Leopard "Detonates" Zebra Carcass in Kruger National Park  1 50     http   youtu be EEuE9yrwI6k     This Leopard bit into a decaying zebra carcass and got sprayed with intestine fluids         Kruger  National  Park   https   www youtube com channel UCEzSohn 11l5J5BdscPdtJw   in  Pets     Animals     2 940 048  views  since  Nov  2015     bot  info   r youtubefactsbot wiki index 
Sounds good  Just do what you are comfortable with  😊
Guys  seriously though   Let\'s take a step back for a minute   These Turkish victims were probably no different than you or I  just a couple hours ago  Celebrating the new year just like many of us are about to do shortly   Celebrating living  surviving this fucked world for another year   Please please everyone have safe and happy new year  Be vigilant  Cheers 🍺
Missing the Renergy 😢
Cigarettes are bad for you 😉
I hate when people say they called the store   we tell them that they don\'t call this store  but they are calling a call center   Customer  "I called   it said y\'all had firestick in stock"  Me  "I apologize  but when you "call the store" you\'re actually calling a call center"  Customer  "No  I called this store right here  A lady named Kim picked up   said y\'all had them in stock"  Me  "We don\'t have anybody named Kim that works here  Like I stated before  you are calling a call center  not the actual store"  Customer  "We\'ll they said y\'all had some in stock   I want one"   Me  "🙃😑"
I\'d like to thank the Blue Jackets for salvaging the end of my otherwise fucking awful birthday  ♥
I hit 2k something power in a jungle practice with Scylla ¯   ツ   ¯ 
😂😂😂who did dis  😂😂😂    😂😂😂                      😂😂😂 FTFY
Just realise it sounds morbid  My bad 😂 thanks man
Hi  u iBass forfun  Your comment has been removed because your flair isn\'t set up correctly        Set up your flair here   http   pokegiveawaybot tumblr com  btn  If that doesn\'t work     here is a visual guide     http   i imgur com qKw7Hto png  Please enter one in the format  1234 1234 1234   IGN   by using the  edit  button in the sidebar where it says         ☑ Show my flair on this subreddit  It looks like      3333 3333 3333   Ash Ketchum  ΩR       edit     Make sure the box is checked to enable flair  If you don\'t know how to find the 12 digit number you need  please check out    this guide    http   www modojo com features nintendo 3ds friend codes everything you need to know  to find your friend code     I am a bot  and this action was performed automatically  Please  contact the moderators of this subreddit   message compose  to  r Pokemongiveaway  if you have any questions or concerns  
😂😂😂😂😂I fucking love this
 It\'s really hilarious how every offseason Raiders fans are like "this is our year   look out AFCW " and then every December it\'s back to "yeah  well wait til next year  the Broncos are gonna suck  and then it\'ll finally be our turn "  Lol  no  sorry Raiders fans  your team just plain sucks  This year  next year  every year  Have fun watching us play in the playoffs again you fuckin dirtbags      😂😂😂😂😂😂
  MONSTER       MAL  http   myanimelist net anime 19    A P  http   www anime planet com anime monster    AL  http   anilist co anime 19    ADB  http   anidb net a1539      TV   Status  Finished Airing   Episodes  74   Genres  Drama  Horror  Mystery  Psychological  Thriller     Shinsekai Yori       MAL  http   myanimelist net anime 13125    A P  http   www anime planet com anime from the new world    AL  http   anilist co anime 13125    ADB  http   anidb net a9002      TV   Status  Finished Airing   Episodes  25   Genres  Drama  Horror  Mystery  Sci Fi  Supernatural     Mawaru Penguindrum       MAL  http   myanimelist net anime 10721    A P  http   www anime planet com anime penguindrum    AL  http   anilist co anime 10721    ADB  http   anidb net a8421      TV   Status  Finished Airing   Episodes  24   Genres  Comedy  Drama  Mystery  Psychological           anime      LN        FAQ  http   www reddit com r Roboragi wiki index        r   http   www reddit com r Roboragi        Edit  https   www reddit com r Roboragi comments 3i82q0 by mentioning his username roboragi can now       Mistake   http   www reddit com r Roboragi submit selftext true title  ISSUE  text https   www reddit com r Animesuggest comments 5lcwt9 anime with a good amount of tragedy dbuqlvh       Source  https   github com Nihilate Roboragi       Synonyms  https   www reddit com r Roboragi wiki synonyms       Mitcher   All       ♥  https   www reddit com r Roboragi wiki thanks 
❤❤❤ Everything will be okay  I hope you find something that works eventually  You are doing a great job  
Panthers on pace for 66 shots on goal 😁🔫
Looks like 2017 will be a good year 😏
Products list Foundation  BECCA Ultimate coverage complexion crème Concealer  NYX HD concealer in porcelain  Eyebrows  Colourpop brow pencil in bangin\' brunette  eyebrow gel  essence make me brow gel mascara in browny brows Eyeshadow base  too face shadow insurance  Eyeshadows  Lorca mega pro 3  base  crepe  crease  tan  crease  violet gray  outer corner  eggplant  lid  colourpop lala  inner corner  loc in out of your shell Face highlight  Colourpop smokin\' whistles  Eyeliner  Tarte lights  camera  lashes precision longwear liquid eyeliner Mascara  Rimmel scandaleyes retro glam Setting powder  Coty air spun loose face powder in translucentr Lips  Eos in Sweet mint   because I actually forgot lipstick  😭  
Yea  this one makes me saddest    Father Mulcahy is my favorite character   If you haven\'t read his book "Mixed Blessings" that he wrote w his wife  I highly recommend it   It\'s a sweet insight into what devoted parents they were     So sad   😔 
What a shitty way to kick off 2017 😓🙏🏾
Please don\'t Justin   I sent you what was probably a poorly structured PM but I would love it if you PM\'d me back or added me on snapchat with the details I provided   Please don\'t do this  at least not before talking to some people  professional and otherwise ❤
You\'re literally sparkling   Haha my bf is the same and does not understand purging etc  Sparkle on 💝💞✨☄💫
We\'re 12 1 0 in our last 13  This team is on fire    Playoff Push Information       Points Goal    50 110    Points Needed    60    Points Remaining    98    Current Pace    113 9   Tracked since 10 13 16 vs STL     Record since 10 13 16    23 9 4    Slashes since 10 13 16    ∞    LGW            
she\'s a mod haha  we all took a bit of a hiatus 😝
Hi  u LovelyPony  Your comment has been removed because your flair isn\'t set up correctly        Set up your flair here   http   pokegiveawaybot tumblr com  btn  If that doesn\'t work     here is a visual guide     http   i imgur com qKw7Hto png  Please enter one in the format  1234 1234 1234   IGN   by using the  edit  button in the sidebar where it says         ☑ Show my flair on this subreddit  It looks like      3333 3333 3333   Ash Ketchum  ΩR       edit     Make sure the box is checked to enable flair  If you don\'t know how to find the 12 digit number you need  please check out    this guide    http   www modojo com features nintendo 3ds friend codes everything you need to know  to find your friend code     I am a bot  and this action was performed automatically  Please  contact the moderators of this subreddit   message compose  to  r Pokemongiveaway  if you have any questions or concerns  
So sweet of you to share them 😍
I still have to play 1st beat   but its been more than a year since its realease   i hope they didn\'t abandon the project 😞  The wiki states that there will be 6 volumes   at this rate the 6th volume will come out in 202X
We\'ve missed her 😍
You would be mistaken  why the hell would I go into great lengths to post all of this  if it wasn\'t the case  What could I possibly gain from doing this  😔
The wild show up to play in the 3rd period and couldn\'t get things together for a win  Doobs looks tired alone with the rest of the team  Let\'s hope they can rest up and maybe give doobs some off ice time to rest up   I think this is the year guys  Let\'s keep the fire burning   ༼ つ ◕ ◕ ༽つ    🔥🔥🔥🔥🔥🔥🔥
I guess I just prefer the books   😊
 It could send an egg through a barn door  Two barn doors if one of em\'s open ﻿  https   www youtube com watch v oy00UwJweBw 
ID 221 836 707 Name Jaden  I\'m a rank 27 who has 6★ Luneth  Hoping to get the mats for another six star awakening then I can start tmr farming in earnest  Would love to have some help in clearing dread frostor 
Thank you  Here\'s hoping  haha  ❤
Thank you sir p😉 having fun with myself tonight p  I LOVE the Office  only show I\'ve watched 6X through 😅😅
Yeah you  there\'s many examples in this very thread how mad you get when someone speaks bad on OG  Never seen someone get so mad  by anything anyone says about the team  I\'m actually amused  😅
  Don\'t be rude   daddy     ಠ ಠ
¯   ツ   ¯ We got in a big fight over Christmas  he cried  and said he was going to try harder  He bought me a bunch of cheese to prove it  
Yeah I\'ve definitely found other good discs to throw  That was just the first disc I bought on a whim 😂
Ah lol  I figured that was the case  but didn\'t want to assume 😆
Mirrored  post  http   callsign echo lima tumblr com post 155117716824 fullglacier glyphist rwby fan i guess so  from the tumblr blog " Testing Testing📎  http   callsign echo lima tumblr com "    Imgur Album  https   imgur com a ep8NF            Lapis Mirror 0 7    Creator  http   reddit com user kupiakos     Source  https   github com kupiakos LapisMirror   and   Maintainer  http   reddit com user spiral6  
My profile could show what to give you 😏😘
Okay how do I secure a book deal   Also  u DownvoteDaemon I won\'t forget you on my way to the top bae 😩💦
ING ❤Moon❤ Deposit  Meowth Level 7 Female Great Ball Requesting Huge Power Marill SMS I want to fill my pokedex  Thanks    
Feel better that I dont have any of them  😅
Again  though  why should it matter when he died   Remember  the Rambam doesn\'t just say he lost his chazaka   He says that such a person is now בידוע שאינו זה שהבטיחה עליו תורה   In other words  he\'s vadai not moshiach  not simply no longer b\'chezkas   If the Rambam held that moshiach can be from the meisim  why should he be any worse now for having died halfway through 
I like Firefly  but I sometimes tell people I don\'t  because I sometimes like to get slapped      ͡° ͜ʖ ͡° 
Congrats love  That\'s so exciting  🙊💕 I love your shop by the way 
I\'m glad you voiced your opinion  but politics rears its head in everything humans touch   When things get contentious in the world\'s wealthiest country the fabric of society shakes    ¯    ツ   ¯
Glad to have you guys with us  I hope 2017 bring your team fortune and success   and a more enticing livery  Yes that   a more dramatic livery please and thank you  Happy new year🎉🎉
I\'m scared  I\'m about to be  45 000 in debt in a few months  😷
i don\'t know which are the \'best\' toys  but i can tell you which ones i have seen cats faceplant on   hot mat  large   round kotatsu  on the top   shroom house  blue green   plum cushion  white  x2  hot water bottle  sunken fireplace  so far it seems like it is anything that they can loaf on top of with an unobstructed view and \'flat\' surface  e g  mats  pillows  cushions that aren\'t deep like 🍔     i wonder if this is the case for both faceplant and face rub  do you think the same items can have either one  just depends on whether they are loafing or sitting up  plus luck  
This is a message from the future  American centipedes  2017 will be glorious  NO BRAKES  🚂🚃🚃🚃🚃🚃
😘
Starting from 16 45 just further affirms my belief that SaiDa is the OTP of Twice  They\'re so cute ☺️  
I want the Rangers to just get angry and let them get pumped up this game   reset from bad month    Just go beast mode tonight   and then don\'t stop until shiny time   Oohhh   look at how cute Raanta looked sitting there   🐶
Lmfao you act exactly how you look  😂
 Both suspects are described as indigenous  in their early 20s  about 6′ tall and 150 pounds    The part that won\'t be on CBC  Shame really  they\'ll probably get little to no jail time entirely because they\'re native 
🖐
It doesn\'t need to know what guns you use because most people only use ARs  so effectively if they just make the drop chance on those smaller same result   I don\'t think that\'s the case though  just down to luck  Maybe if it was harder to get ARs people might give other types a shot   but who am I kidding 😂  that won\'t happen  
Meatballs with sweet and sour sauce made with guava jelly  😍   crescent rolls with cheese and pepperoni  and Mexican style shrimp cocktail  
Drop me a PM if you\'re still wanting someone to talk to 😁
Come back Hill 😭
Struggle between Punisher and Union Jack  🤔I\'d  choose Union Jack 
Why is it wrong to use a girl for her vagina if she\'s dumb   Answer that and it\'s the same answer for your question   🙄
Has anyone got any ideas as how to I could represent "ą ę ų"  Mivonian\'s nasal vowels  in Cyrillic as I want to create a Cyrillic alphabet for my language as well as its Latin one  My current idea is to add "ы" after their normal "а э ұ" counterparts making "аы эы ұы" which  personally  I feel is probably not a great idea  Any suggestions appreciated 
😔😔😔
you make a valid point 🤔
I mean  you would be part of NHL history  🎵 Always look on the bright side of life 🎵    
Not me but my friend who has worked as a roadie music blogger being cooler than me 😀   Babysat Gwen Stefani and Gavin Rossdale\'s kids  Went shopping for Prince and spent the time texting him pictures of items   He also worked at a large medical marijuana dispensary and was on a reality TV show   
Feliz año 2017 parroquia        Happy New Year\'s Ann Miller   http   pre12 deviantart net c98f th pre i 2010 228 1 9 happy new year  s ann miller by booboogbs jpg   Y ahora el toque oriental     On every street and in every lane   On everybody\'s lips   Whenever people meet   The first thing they say is "Congratulations "  Congratulations  congratulations  congratulations to you  Congratulations  congratulations  congratulations to you﻿  https   www youtube com watch v 6UQ1DPClT0w feature youtu be   
I had that shirt on today too    I really don\'t want to go with family to whatever bs New Years they got planned  I just want to sob at home with my husky 😭🐺
Peter Hastings is not A D  he\'s coming for the role of Charlotte\'s killer instead  😜
I hope not  I\'m in Australia and even from afar we can see this going tits up 😕
Auto block after 2 invalid attempts  and the list will be filled  Add yourself to the whitelist and disable notifications for auto block 😊
👍 Good on you  I was so stoked to have a bunch of people over for the holidays because it meant I got to cook a ton and didn\'t end up with an impossible amount of leftovers 
  Mahou Shoujo Ikusei Keikaku       MAL  http   myanimelist net anime 33003    A P  http   www anime planet com anime magical girl raising project    AL  http   anilist co anime 21340      TV   Status  Finished Airing   Episodes  12   Genres  Action  Fantasy  Thriller     Yuuki Yuuna wa Yuusha de Aru       MAL  http   myanimelist net anime 25519    A P  http   www anime planet com anime yuuki yuuna is a hero    AL  http   anilist co anime 20800      TV   Status  Finished Airing   Episodes  12   Genres  Mahou Shoujo  Action  Drama     Gakkou Gurashi        A P  http   www anime planet com anime school live    AL  http   anilist co anime 20754    ADB  http   anidb net a10697      TV   Status  Finished Airing   Episodes  12   Genres  Slice of Life  Supernatural     Black★Rock Shooter  TV        MAL  http   myanimelist net anime 11285    A P  http   www anime planet com anime black rock shooter tv    AL  http   anilist co anime 11285    ADB  http   anidb net a6820      TV   Status  Finished Airing   Episodes  8   Genres  Action  Drama  Slice of Life     selector infected WIXOSS       MAL  http   myanimelist net anime 22273    A P  http   www anime planet com anime selector infected wixoss    AL  http   anilist co anime 20615    ADB  http   anidb net a10417      TV   Status  Finished Airing   Episodes  12   Genres  Psychological           anime      LN        FAQ  http   www reddit com r Roboragi wiki index        r   http   www reddit com r Roboragi        Edit  https   www reddit com r Roboragi comments 3i82q0 by mentioning his username roboragi can now       Mistake   http   www reddit com r Roboragi submit selftext true title  ISSUE  text https   www reddit com r Animesuggest comments 5lcwt9 anime with a good amount of tragedy dbuqsje       Source  https   github com Nihilate Roboragi       Synonyms  https   www reddit com r Roboragi wiki synonyms       RoboRecommendation™  http   anilist co manga 85143 SinuiTap       ♥  https   www reddit com r Roboragi wiki thanks 
Since everyone is posting in their language  Wesołego Nowego Roku
  K ON        MAL  http   myanimelist net anime 5680    A P  http   www anime planet com anime k on    AL  http   anilist co anime 5680    ADB  http   anidb net a6257      TV   Status  Finished Airing   Episodes  13   Genres  Comedy  Music  Slice of Life           anime      LN        FAQ  http   www reddit com r Roboragi wiki index        r   http   www reddit com r Roboragi        Edit  https   www reddit com r Roboragi comments 3i82q0 by mentioning his username roboragi can now       Mistake   http   www reddit com r Roboragi submit selftext true title  ISSUE  text https   www reddit com r anime irl comments 5lcyc2 anime irl dbuquzw       Source  https   github com Nihilate Roboragi       Synonyms  https   www reddit com r Roboragi wiki synonyms       Robots  are  cute   http   i imgur com CioONPe jpg       ♥  https   www reddit com r Roboragi wiki thanks 
Most certainly   ❤❤
Lmao  its a emoji its a cute face so guess  Think of a cat 🐱see how its mouth looks like a 3 on its side 
Haha  let\'s not  😂  Stay safe in 2017  I hope this is your year  Thanks for the laugh  in all honesty   it\'s been a stressful night 
Apparently the gay ref doing this game  explains why Felton is doing do well 😂😂😂
Your body is marvellous😘  
The Blessed Kim Chi 🙏🏼
Same boat  😝
 Not saying the West is any better but my parents have never pushed me to alter my physical appearance through cosmetic surgery   Maybe not your parents  but every year millions of American teens get braces that cost parents thousands of dollars and years of follow up dental visits to straighten teeth purely for cosmetic reasons   Young kids usually aren\'t the ones initiating this type of painful  expensive procedure  it is the parents  usually the mother   Why     Because in competitive societies in the west where looks are extremely important  yes  even the US and UK  gasp   a bright  straight smile can be worth more in lifetime earnings and a perception of being 5 years more youthful in appearance  according to a  UK survey   http   www dailymail co uk news article 2625094 How good TEETH new sign social status ticket better job html   Plus  what parents  particularly mothers  whether in the west or in Asia   don\'t worry about their kids marriage prospects  especially for girls   For girls  a nice  perfect smile can boost confidence and help snag her Prince Charming  or at the very least not physically turn him off with that bucktooth overbite with a snaggle tooth on the side that she was born with    Remember  \'you don\'t have a second chance to make a first impression\' is a maxim you hear often in the west   It has become a rite of passage for many US teens and become so normalized in American society it is not even considered cosmetic surgery  but at its core it is about positively changing the look of a teen\'s smile so that he or she is more confident and attractive to the opposite sex  thus improving their dating and marriage prospects  lets be honest about that     It is the same thing that Korean mothers do by encouraging their daughters to get double eyelid surgery  usually as a high school graduation gift  Except Korean mothers at least have the decency to wait until after their daughters have finished growing   American mothers will get braces for kids as young as 10 or 11 I\'ve seen     And lastly  if getting braces were classified as a cosmetic procedure  as it should be   America would top the charts of countries with the highest per capita cosmetic surgery procedures     I would\'ve kept my mouth shut in Korea because I know the 외국인 always loses   Yes  just like black people  particularly black men will get the short end of the stick in America   but white men won\'t get shot and killed or mass incarcerated in Korea  like black men in America  again  lets be honest about that 
Be careful  I might take you up on that concrit and blow up your inbox  😁  Thanks for the advice  I\'ll track down those stories if I can  Thank you 
Unfortunately  some of are still kinda new and didn\'t know that  😅
Lets start limiting teams to 3 5   10 4   and 15 3  recruits and get some parity going  🤔   Edit  hmmmm the stars didn\'t show up  But maybe a different number for each star  but a limit still  
Newpy Hap Year to you too🎉
I definitely understand where you\'re coming from  He cheated on me as well  What broke the camel\'s back for me was when he was drunk one night  We didn\'t have a lot of money so I took pb amp j sandwiches to work  Well he\'s all up in the kitchen and I had no tone or anyone said hey please don\'t eat all the bread I need that for work and don\'t get paid for a week  For some reason that set him off  I was in the living room cleaning up dishes from his friends  My arms are full of plates  He walks in the room and right on my shoulders full force shoved me on my ass while hitting my head on the couch  After that I was done  Unfortunately for me everyone I called to come pick me up ignored my cry for help  I didn\'t have a car  So I was stuck there  Then the next night he told me he didn\'t want and couldn\'t handle a gf at the moment like all of a sudden he was the one ending things  🙄  I\'m like ok I\'ll pack my shit and be gone in two days tops  Then he went into rage mode flipping shit trying to play the victim because I was leaving him when he needed me most  Needless to say that shit still affects me too  My now fiancé will catch me jumping when he moves quickly or makes a loud noise  He just gives me a hug and tells me that fucker is gone and he\'s got me  I have mini panic attacks everytime I see someone who looks like him in public or I get a message from him  The one good thing I did was w said girl he dated was tell her absolutely everything and now he won\'t be a part of her kids life  He dumped this girl 7 months pregnant  He doesn\'t even take care of his 5 yr old  And the girl he assaulted  I gave her his address and place of work and all the fuel she needed to get that handled  So karma will be coming for him soon enough   Edit  I\'m always around if you ever need to chat with someone who\'s been there  
That\'s just not true lmao so funny that people believe that bs  It\'s 40  if you put a SS at C or some shit but 2B and SS are very similar  There is zero penalty  or at most 5    And anyone can play 1st haha you must not have experimented with this very much cause you\'re incredibly misinformed 😂
♪Keep on ridin\' that Karma Train ♪
It\'s actually oestrogen that acts as a cardio protective mechanism  It reduces the possible contractile force of cardiac tissue  creating less strain on the cardiac musculature and thus extending life expectancy  ಠ ಠ
You know as someone who worked at Target for over three years now  i could have told you this 🙄  And even than if you go to Target you would have see this xD
Fortune pastry   it\'s called баница in bulgarian  Basically fillo dough pastry with feta cheese  plain yogurt and eggs  Has fortunes in it  We just ate some and it\'s the best I\'ve made yet  I\'d color too but I\'m too drunk all ready hahah
I would go     But I hate that place and I\'m suck so I\'ll keep my skinny butt on the couch  🤕🤒😷🤧🤢
Nah sorry not looking for that  might need to add more❤
Sometimes I do but stipple it basically a texture in itself so I was going for more of that look  👍
Yep  Thank you  The math is 100  on point  I didn\'t even indulge over the holidays  I\'m hopeful it\'s coming  I worked out like a beast today because I was angry and I have had an all protein day today and a lot of water  I\'ve been peeing more than normal so I hope for good news in the morning    Thank you again  I needed this  ❤️❤️ 
Finally saw Rogue One and now I\'m gonna get ready for bed because I have to work early tomorrow  Happy New Years everyone  be safe   ✌🏻
Yes please 🙏
I totally understand the tummy thing  I\'m almost ten months out and there\'s still some jiggle  Our plans for the new year are similar  😉 
I don\'t  I do more of a daily check  but I don\'t count calories  I keep a list of what I ate rather than tracking calories  My issue is that if I set a number like 1000 my brain will think I have to eat to exactly 1000  I\'ll force feed myself even if I\'m not hungry because the number I set was not met  Idk why my brain does that  but keeping a list seems to help  That way I can visualize what foods I had and I pretty much know if it was low or high calories 🙃
It should be 脸大  Basically chubby cheeked people cat can look perpetually happy and they can\'t help it  
"Sack up"   guy on the internet  Oh fuck guys I\'m super emasculated right now 😂
"You\'re stuck with me for all eternity  silly human    "Awwww I don\'t mind 😊"
Oh give us the name 🙄
They even showed the Nissan commercial twice for the IMAX Rogue One i saw     ಠ ಠ 
😂😂 best of travels my timeline hopping Pede  Plz stay 
Don\'t even start on overgrown eyebrows 😂
Hm probably would hurt  I got salt water in my eyes once when my goggles came off my head when I got hit by a wave  The wave didn\'t actually knock them off but truthfully I am not a strong swimmer and panicked when I fell over and while thrashing around I bumped into an overweight hispanic woman and then the goggles fell off and my eyes were open so that was pretty painful tbh  😣
  Dennou Coil       MAL  http   myanimelist net anime 2164    A P  http   www anime planet com anime denno coil    AL  http   anilist co anime 2164    ADB  http   anidb net a4345      TV   Status  Finished Airing   Episodes  26   Genres  Adventure  Comedy  Drama  Mystery  Sci Fi           anime      LN        FAQ  http   www reddit com r Roboragi wiki index        r   http   www reddit com r Roboragi        Edit  https   www reddit com r Roboragi comments 3i82q0 by mentioning his username roboragi can now       Mistake   http   www reddit com r Roboragi submit selftext true title  ISSUE  text https   www reddit com r Animesuggest comments 5lcchp anime with a competent female mc dbur02x       Source  https   github com Nihilate Roboragi       Synonyms  https   www reddit com r Roboragi wiki synonyms       Pouty   Smug       ♥  https   www reddit com r Roboragi wiki thanks 
Cleveland Steamer 🙂
You\'re awesome  Thanks  🙂
Oh  I\'m not very bright tonight  😂 It\'s been one of those nights   presenting to 99k people can be hard  Thanks for clarifying   have a great 2017 
I\'d save up a bit and get it done when I can 🙂  thanks for the tip  Question though  if you know  Is it common for an artist to claim they can do a detailed piece if they aren\'t confident they can  I\'ve seen some real nightmares that would have been gorgeous if done well
As promised  here is a 103lb dog looking intently at a treat before immediately throwing off her antlers   http   i imgur com tAZRAG1 jpg 😄  CCing  u SBttc 1 too 
And of course  the Dutch being Dutch  the map is geographically complete and culturally relevant while politically correct  🙄
I love having the coolest Reddit mama\'s around like you that\'s proud of her boys 😜
Yeah  I think you did  。・°°・ ＞ ＜ ・°°・。  I just tried it and there were three Poké Balls lined up  The one in the middle was the Brown Jewel  The other two were Golbats 
Me too man i also finally awaken him     ͡° ͜ʖ ͡°  
Why would you screw a lightbulb    So many ways that could go wrong 😂
Syllable stress  Many dictionaries use a stress mark  a bit like an apostrophe  before the stressed syllable   karɪˈbiːən  or  kəˈrɪbɪən   You could also use   bold   type or capitals for the stressed syllable  kar RIB ee an 
I made it to midnight  only just barely  DH kissed me and said  We\'ll never forget 2017  We\'re in the year our human will be born   I almost cried  😍   
My flowermate mini vape  Smoking is way too harsh and I sometimes would spend more time coughing than smoking  Now I can vape as much as I want and not want to die 👍🏻
They\'ve always been like that 🙄
Wtf was that chick even doing 😂
I like how he does a little dance at the end there   😂
    tehJessiCat    https   twitter com tehJessiCat       2016 12 31 17 06 UTC  https   twitter com tehJessiCat status 815242837952524288      Tallman7861      😂😂😂      Attached pic   http   pbs twimg com media C1BTCf1XUAE85Go jpg    Imgur rehost   http   i imgur com 4klDiYM jpg          This  message  was  created  by  a  bot     Contact  creator   http   np reddit com message compose  to jasie3k amp subject TweetsInCommentsBot    Source  code   https   github com janpetryk reddit bot  
Shave  or try some other type of beard style  Also  try getting your eyebrows done just ever so slightly  That can make wonders I tell you  Over all  handsome fella  Great facial bone structure  👍
I love the suicidal kiddo memes because they are pretty funny and you know crippling depression     and bleach too 👍
Hell no  😂 I ain\'t made of money  Plus it goes in the Freddy Funko line so I don\'t count it 
My lady used to teach a pole class  and about ⅓ to ½ of the class were dancers trying to learn more or get more practice in  don\'t feel weird about taking a class just because you\'re not a beginner or even if you are  It\'s way faster and easier to take the class than to try and figure it out on your own 
I did the exact same thing all throughout seventh grade  I did a solid black line all the way around my eye   and with small  hooded eyes  they just disappeared into my face 😂
I told you it\'s no joke 😎 are you ok tho for real🤔
It\'s a replacement silicone stamper head  😁
I\'ve already has this on my wish list for years now  Guess what just got bumped up ☝ 
About time  good riddance 👏👏
Thank you you too 😙😙😙
I need you to jump on a plane  fly to Seattle  and cook me up one of these delectable lobsters  Mac looks yummy too 😀
May God bring prosperity on the Holy Land🇮🇱
I know I get that too  Happy New Year 😃 
Idk I haven\'t had an issue since I changed that setting  I\'ve got no idea why that mattered but for me it did  I believe it\'s on their end as well but something happens between the cdn and my place that breaks not completely over there  I asked Brad about it and he lost me  Brain went to poo but he was saying they had those kinda issues but not recently  I wish I could have understand what he was talking about  I know basically how it works but he lost me on cdn\'s and packet fragmentation lol  I\'ve noticed since I changed that setting the video quality actually drops and then goes back up instead of not dropping and breaking  Confused 😂 
Have been looking throgh the pictures and i think im even more in love if taht is even possible  😍
Now move those hands girl 😏😉😏
Don\'t have lab anymore😁
Dankon    o    Heheh   that\'d work      ankaŭ  vi
Hence why I wrote approximately  as it depends on the currency 👍
Ohhh thanks 😄
We are here for you   CheerS   Will do a shot in your honor during fireworks 💥 
Black Eyed Peas and collard greens    gotta♡theSouth
Thank you for your submission  Unfortunately  it has been removed for the following reason s       This submission has been abandoned by the submitter        We\'re here to talk  we don\'t want the submitter to make a thread and completely ignore it→   wiki link       The submitter is required to reply to any top comment within the first 3 hours      Don\'t make a thread if you are going to be away and not able to participate in the thread      If you have come back and would like your thread reapproved  shoot us a modmail           If  you  have  any  questions   we  ask  that  you      message  the  moderators    https   www reddit com message compose to  r CasualConversation subject My submission was removed message I have a question regarding the removal of this  submission  https   www reddit com r CasualConversation comments 5lc2z7 i am planing to get a dog i am slightly confused   ⇢   directly  for  appeals      Please  refer  to  our     detailed  rules      r CasualConversation w rules     Take  a  look  at  our   subreddits  directory    r CasualConversation w directory  
Thank you for your submission  Unfortunately  it has been removed for the following reason s       This submission has been abandoned by the submitter        We\'re here to talk  we don\'t want the submitter to make a thread and completely ignore it→   wiki link       The submitter is required to reply to any top comment within the first 3 hours      Don\'t make a thread if you are going to be away and not able to participate in the thread      If you have come back and would like your thread reapproved  shoot us a modmail           If  you  have  any  questions   we  ask  that  you      message  the  moderators    https   www reddit com message compose to  r CasualConversation subject My submission was removed message I have a question regarding the removal of this  submission  https   www reddit com r CasualConversation comments 5lc4hd whats your opinion on kid leashes   ⇢   directly  for  appeals      Please  refer  to  our     detailed  rules      r CasualConversation w rules     Take  a  look  at  our   subreddits  directory    r CasualConversation w directory  
because they were gettin roasted 👀👀
  Black★Rock Shooter  TV        MAL  http   myanimelist net anime 11285    A P  http   www anime planet com anime black rock shooter tv    AL  http   anilist co anime 11285    ADB  http   anidb net a6820      TV   Status  Finished Airing   Episodes  8   Genres  Action  Drama  Slice of Life           anime      LN        FAQ  http   www reddit com r Roboragi wiki index        r   http   www reddit com r Roboragi        Edit  https   www reddit com r Roboragi comments 3i82q0 by mentioning his username roboragi can now       Mistake   http   www reddit com r Roboragi submit selftext true title  ISSUE  text https   www reddit com r Roboragi comments 5cu914 redirectionsuggestionthread dbur4rf       Source  https   github com Nihilate Roboragi       Synonyms  https   www reddit com r Roboragi wiki synonyms       Pouty   Smug       ♥  https   www reddit com r Roboragi wiki thanks 
Please feed my llamas  That sounds like such a cool job you have  Sucks you\'ve got crazy customers 😝
See if you have any local groups    In Australia we have a lot of smaller local groups under the larger  organisation  "landcare australia"  Or follow groups on social media such as "take 3" which promote picking up three pieces of rubbish every time you go to the beach park  Special mentiin of "Clean Oceans Australia" which my mate has run for a few years and is looking to grow 🙂  
I hope im half as overrated as Dock Rivers in 2017 ☝🏽️☝🏽️
That\'s not a bad thing is it😉
I mean we are either shitting on other franchises saying halo takes more skill or shitting on "fans" who don\'t realize Halo Reach is The pinnacle achievement mankind 😔
 ৲  ᵒ ૩ᵕ  ৴♡ ৹  https   myanimelist cdn dena com s common uploaded files 1459952065 3f014861df7557a240ad8799b1b34a7b jpeg   Yes  master   http   www yorozuyasoul com images omake omake ep12 3 jpg     Psst you should do it with the honey  With that body  you\'ll be Internet famous  irl gori    I\'m sure even Sorachi would remember your dedication  
Left to right  back to front    Looks like some Tango Kush  a badass bong  Cinnamon Weed Cookies  a German Brew  Crown Royal  Alprazolam on blotter paper  my assumption   Cocaine  Psilocybin  mushrooms 🔮  MDMA presses  LSD 💡  and Ketamine  on second look that looks to be blow as well 
Your character isn\'t the thicc one 😑
This suprises me a lot  but if true it deserves another round of ಠ ಠ
Why does socialism​ HAVE to always be tied to Russia  Maybe people here should work to divorce socialism from the corrupt Russian state to make it more appealing to Americans  instead of constantly defending it  
ARL V39      tier 6 tank destroyer ✔  paper mache armor ✔  shitty gun arc ✔   tier 3 gun ✔  long aim time ✔  huge pimple on top of tank ✔  You are now ready to brawl with Tiger 2\'s and T29\'s 
When the lie makes you look worse than the truth  😫
Nice going mate 😊 when i get a chance i\'ll see if i can pass it using ur method 
I haven\'t been in your vagina  but I have been in your house   ͡° ͜ʖ ͡°    queue X Files theme 
 Are they nasalized vowels  If so  lt ѧ ѫ   little yus big yus  could be used for  lt ą ę   although I\'m not sure about  lt ų   They also have iotified forms   lt ѩ ѭ  
Insert the hard drive  then boot it using Internet Recovery  hold Command  ⌘  – Option  ⌥  – R right after turning on the Mac  From there you can install the OS that came with the laptop  from which you can upgrade to Sierra  
🙄
Where 👀
Let\'s see just how many Y\'shtola dupes I\'ll get in my never ending quest to perfect my mage team     100 gem  nyet  11x  5★ Healer\'s Robe  †   11x    5★ Veil of Wiyu    1   5★ Holy Shield  2   11x  5★ Wizard\'s Glove  3   mythril 11x  5★ Evoker\'s Doublet  4   5★ Holy Shield  Welp  I got my mage relics  but  kitty\'s hat will have to wait  https   i imgur com NFR1Ydk jpg 1    edit   11x  just one rel  hey   what\'re you doing in the relic pool    https   i imgur com AiVMTb1 jpg   5          † dupe     1  And then I realized I\'d have to dive Alphi for Black Magic at some point  and I\'m fresh out of motes        2    ͡° ͜ʖ ͡°       3  So sorry  High Summoner Braska        https   www youtube com watch v SyzUwdtSous     4  Woot woot      https   imgur com a WZwcU     5  AKA 5★ Curtana  So  I guess it\'s another one of those "waifu completed" moments  
Told you not to smoke that weed yet 😎 Maybe better timing next time 💪 Be strong minded this stuff is not for the weak  I think you are doing great for your first time  Also just lock your windows and doors for piece of mind✌️ Just breath and relax     keep breathing ahhhh
I mean if you want that\'s cool ¯   ツ   ¯ 
Super stoked for both of those  I only didn\'t mention them because I\'m fairly certain they will happen as expected  The others I\'m not so certain about unfortunately 😕
ING ❤Moon❤  Deposit Goldeen Lv1 Female   JPN name   Request Goodra  SMS I want to fill my pokedex 
Thought this was appropriate     In Greek mythology  Cerberus   ˈsɜːrbərəs   2  Greek  Κέρβερος Kerberos  ˈkerberos    is the Hound of Hades  the monstrous three headed dog that guards the gates of the Underworld to prevent the dead from leaving 
Ben is a genius  He did an absolutely amazing job 💕
I for one love the title 🎏
Dude THANK YOU  We have a bunch of these guys in our pond all of a sudden and I was clueless  The ladies are built the same  but nearly totally brown  Still 🔥 though  They\'re fucking like crazy these days 
  Gyakkyou Burai Kaiji  Ultimate Survivor   Kaiba   Monster   Planetes     Mononoke Hime     Gyakkyou Burai Kaiji  Hakairoku hen   Ghost in the Shell  Stand Alone Complex 2nd GIG    Berserk  maybe I should read the manga first       Haibane Renmei       Eve no Jikan     Fullmetal Alchemist  seen Brotherhood    Zegapain   Mobile Suit Gundam  The 08th MS Team   Ghost in the Shell  Stand Alone Complex   Samurai Champloo   Ping Pong The Animation   Mushishi   Panty   Stocking with Garterbelt   Katanagatari   Paprika   Mousou Dairinin      Shinsekai Yori     Gungrave   Soul Eater   Tokyo Godfathers   Detroit Metal City    Sen to Chihiro no Kamikakushi   Mobile Suit Gundam  I\'ve seen the movie trilogy already    The Animatrix   Yuu☆Yuu☆Hakusho    Omoide Poroporo   Hellsing Ultimate    Majo no Takkyuubin    Fullmetal Alchemist  The Conqueror of Shamballa   Dennou Coil   Digimon Tamers   Sakigake   Cromartie Koukou    Kurenai no Buta   Uchuu Senkan Yamato 2199   Evangelion  1 0 You Are  Not  Alone   Mind Game   Macross   Mimi wo Sumaseba   Neko no Ongaeshi   Tenkuu no Escaflowne     Toradora      Turn A Gundam   Howl no Ugoku Shiro     Higurashi no Naku Koro ni Kai  watch Higurashi first      Gake no Ue no Ponyo    Space☆Dandy   Usagi Drop   Mawaru Penguindrum   Mushishi Zoku Shou   Great Teacher Onizuka   Lupin the Third  Mine Fujiko to Iu Onna   Kanashimi no Belladonna    Evangelion  2 0 You Can  Not  Advance    Rurouni Kenshin  Meiji Kenkaku Romantan   Aru Machi Kado no Monogatari   Lupin III  Cagliostro no Shiro   Re  Cutie Honey   Bastard    Ankoku no Hakaishin   Gankutsuou   Blue Gender    Kaze Tachinu    Mobile Suit Zeta Gundam    Juubee Ninpuuchou   Abenobashi Mahou☆Shoutengai   Tenshi no Tamago   Akage no Anne   Space☆Dandy 2nd Season   Bishoujo Senshi Sailor Moon  Sailor Stars    Casshern Sins    Flag   Kino no Tabi  The Beautiful World   Stranger  Mukou Hadan    Ghost in the Shell  Stand Alone Complex   Solid State Society     Kemonozume     Kachou Ouji    Bishoujo Senshi Sailor Moon   Bishoujo Senshi Sailor Moon R   Dragon Ball Z Movie 8  Broly   RahXephon    Bishoujo Senshi Sailor Moon S   Trigun   Ouritsu Uchuugun  Honneamise no Tsubasa   Panty   Stocking in Sanitarybox   Golden Boy   Ghost in the Shell 2  Innocence     Clannad  After Story  watch Clannad first      Byousoku 5 Centimeter   Full Moon wo Sagashite   Jin Rou   Nana   Rose of Versailles   Rurouni Kenshin  Meiji Kenkaku Romantan   Tsuioku Hen   Eureka Seven   Dwaejiui Wang  Fixed your formatting  bolded the ones I recommend  Don\'t watch the Evangelion rebuild movies until Anno gets off his lazy ass and finishes them  If you\'re going to watch Berserk animated  I recommend   Berserk  The Golden Age Arc  https   myanimelist net anime 10218 Berserk  Ougon Jidai hen I   Haou no Tamago   a series of three movies  
I mean  that\'s fine  but it\'s Jewdank levels of awful tattoo 😹
Thank you so much  I\'m really touched and flattered by all the really positive feedback 😄
I just watched it Marco drapper and the one playing Marc was so hot  I don\'t know why whats with the name Marc that makes us gay 😂😂😂
I have no advice but I want you to know that you are not alone in your pain  My dad died unexpectedly in May of this year and every time I think of him  it\'s like a knife in my heart  Turning over to the new year seems so hard to me because I am leaving the last year where my dad was alive and that\'s really tough  Hugs to you ❤❤
Thanks  Yes  "ų" is my big problem as it\'s slightly unusual 
I thought it was going to be a horror story for a moment there  😆
Alright  let\'s say he was doing a parody   What\'s the harm   If he\'s just having a laugh  then I don\'t see why anyone should take it so seriously as to get heated   By your own use of the word  he\'s making exaggerated arguments against Bethesda for comedic effect   I dunno  obviously you can do you do  and I doubt I\'ll convince you otherwise   Internet arguments  imo  don\'t seem to often result in changing anyone\'s minds on anything   But even though I felt a twinge of anger when I first started reading  when I realized it was satire  and saw all the raging comments  it made me crack a smile   I\'ve spent years taking things way too seriously  so now I try not to  I guess  ¯    ツ   ¯
 On the final day of 2016  and the first day of 2017  we\'d like to thank all the fans who\'ve stuck through with us😍 We\'re always happy because you\'re around  This year  let\'s look forward with great enthusiasm  and create happy moments together 
69 points at halftime 🤣
Yep  makes sense and something I never really thought of in that light  Maybe it\'d balance itself out with hardcore Mystic players wanting a new challenge and switching to Instinct or something along those lines   And I hear you on the buzzed part  lol  Cheers 🍻
      ￢∀￢ σ Please one pokemon per person
Also    Kleptocracy  from Greek  κλεπτοκρατία  klépto  thieves    kratos rule  literally "rule by thieves"  is a government with corrupt rulers  kleptocrats  that use their power to exploit the people and natural resources of their own territory in order to extend their personal wealth and political power 
Check Sam\'s Club in Panyu  They have a big selection of imported food  The only down side is that you need to be a member to shop there  It\'s a few minutes from our  爱殿   Nancy\'s Love Shop  Panyu Nancun location in Wanda Plaza  
RIP to the 18 year old me 😂😂😂
Oshiete  Galko chan  No doubt  Simply awesome for being a short   Other good short of 2016  Saiki Kusuo no Ψ nan  Bernard jou Iwaku  Mahou Shoujo Nante Mou Ii Desukara   
All the clothes that I\'ve left places 😫 or that digital  memory card from 09 when I counseled at a summer camp 
Love this ridiculous show about men in wigs and said men in wigs as much as the rest of us ❤️
Entered the exit door in the store today  Just saying 😏
Okay  just found out how to do a cold restart  That worked  Thanks 👍🏽  Edit  Happy New Year
Happy new year everyone and to Sydney﻿
 The question was to restore Autonomu status  which was given by Ukrainian SR   Honestly  I\'d say it depends on how you interpret "Союза ССР"  Ukraine isn\'t mentioned  neither is Russia   but to me since it just means "Union of SSRs"  it seems like just a weird way to write the name of the USSR  This  to me  shows that they very much voted to stay with Russia  if still as part of the Ukrainian SSR  they\'d want to be in the same entity as Russia     The fact that there was smaller turnout doesn\'t matter   it was  65  turnout and those who didn\'t attend can\'t complain  because they were given an opportunity   Oh I completely agree  My point with bringing up the turnout was simply that it wasn\'t necessarily the  same  majority  nor are the two opinions of the two referendums necessarily incompatible  since by that point the USSR had pretty much collapsed anyway after the August Coup  
I agree as well  Ian is very handsome but I dislike his character and just don\'t quite understand Delena  Ugh this show is ending up like Pretty little liars  It\'s depending on the ships other than the storylines 🙄
😖
That looks really similar to the puzzle I\'m doing right now  🐸👌
So sorry for your loss 😢 all these puggies are playing up in heaven now waiting for us 😊
This gif ended too soon    😂
Some others Yoko Kanno did the music for that kinda match the tone are  Macross Plus  https   myanimelist net anime 474 Macross Plus  and  Wolf\'s Rain  https   myanimelist net anime 202 Wolfs Rain   Both are darker overall though   There is of course  Space Dandy  https   myanimelist net anime 20057 Space☆Dandy  for something more on the comedic side  Both this and Macross Plus are by the same director as Cowboy Bebop as well 
69 THE FUCKING SEX NUMBER 😂😂😂
  Dragon Ball Z       MAL  http   myanimelist net anime 813    A P  http   www anime planet com anime dragon ball z    AL  http   anilist co anime 813    ADB  http   anidb net a1530      TV   Status  Finished Airing   Episodes  291   Genres  Action  Adventure  Comedy           anime      LN        FAQ  http   www reddit com r Roboragi wiki index        r   http   www reddit com r Roboragi        Edit  https   www reddit com r Roboragi comments 3i82q0 by mentioning his username roboragi can now       Mistake   http   www reddit com r Roboragi submit selftext true title  ISSUE  text https   www reddit com r Animemes comments 5lc5zx yyeah its dragon ball z dburd25       Source  https   github com Nihilate Roboragi       Synonyms  https   www reddit com r Roboragi wiki synonyms       Robots  are  cute   http   i imgur com CioONPe jpg       ♥  https   www reddit com r Roboragi wiki thanks 
2 c   c    ♦   Phantom    Criminal ••  Type  Hardware   Console    1   MU   Whenever the Corp creates a server  you may make a run on that server   Whenever an unrezzed Corp card is trashed  gain 1 c   c    Limit 1   console   per player 
Thank you so much😙😙
Sdoing that now🤓
Well maintained  yes pls  Overgrown wizard beard  pass  I do love me some scruff 😍
Here are the particularly sickening ones       Barf 1  https   www reddit com r askgaybros comments 5keast there i fucking said it i wish i was white       Barf 2  https   www reddit com r askgaybros comments 5k8gel are asian guys better in bed         Barf 3  https   www reddit com r askgaybros comments 5lackf do you find asian guys attractive       Shudders   😷   P S  Haha   that  r Hapas thread being linked in one of the search results  😂  
I make flag food  flōd  to annoy my friends  Since I can\'t make a dragon out of tomatoes    I made Wales using a crab because crab dip    Happy new year  flag peeps  
Love the creativity in hers      The square face and arms are a 모 shape  "Mo" in korean    Two hairbow M\'s   Unibrow M  with the eyes possibly being O\'s     The three whiskers probably has some sort of significance as well that I can\'t figure out    
I understand what you\'re saying  that\'s how I see it too  I\'m merely a Publicist with a shitty budget 😏
I still need one 😭 Congrats on your awesome hatch 
I have an autistic hatred for this broad  For some reason I always see her in my recommendations and her videos are always so vapid and boring    I know she had two or three of her videos go "viral" on  r videos but now her shit content is doing way to well for my liking  Her shit is always trending  and its never good    What makes me sicker is that there\'s hella white knight fuck bois who will go on a crusade for this bitch   Case in point   "Your dry  snarky sense of sarcastic humor really is just fantastic  You are severely undersubbed here  You really should have like 200K subs with the type of talent you have with your arguments ﻿"  Fucking Boo    
Anything by Kanye West or Sia or that black beatle song by Rae S 😡
Center monitor when there are only 2     ಠ ಠ 
"you\'re all evil hateful bigots but without your validation i will literally die"  🤔
Chelsea boots and blue denim 🤔 nice fit though stay cozy out there fam 
Careful taking off and on😜
My mod goes up to 20W  I\'ve always been on 10W ¯     ツ   ¯   I might get the 300W one if It can also steam my vegetables though
They already did in the arena 😂😂
Could probably just pm him  if that is the case  🤔
I am toooo I\'m kind of an exhibitionist but couldn\'t figure it out  thank you for your help😉😉
    ID    508 315 459     IGN    Nokom     Rank    28     Lead s     5★ Chizuru     Activity    Hourly     Looking for    People to carry me through the frosty event      Other    I would like nothing more than to get the 6★ awakening materials to awaken my dear Chizuru to a 6★  I\'m unable to clear any of the difficulties on my own  and would greatly appreciate any help whatsoever   Also accepting any friendly people  Make sure to mention r ffbe 
Quite good  Lower case "б" should have an extended tail vs a "hook"   but overall  it\'s very good 
Hi  u CantEvenUseThisThing  Your submission has been removed because your flair isn\'t set up correctly        Set up your flair here   http   pokegiveawaybot tumblr com  btn  If that doesn\'t work     here is a visual guide     http   i imgur com qKw7Hto png  Please enter one in the format  1234 1234 1234   IGN   by using the  edit  button in the sidebar where it says         ☑ Show my flair on this subreddit  It looks like      3333 3333 3333   Ash Ketchum  ΩR       edit     Make sure the box is checked to enable flair  If you don\'t know how to find the 12 digit number you need  please check out    this guide    http   www modojo com features nintendo 3ds friend codes everything you need to know  to find your friend code     I am a bot  and this action was performed automatically  Please  contact the moderators of this subreddit   message compose  to  r Pokemongiveaway  if you have any questions or concerns  
We are here for you 🌻
BJ a killer tho 😂
I\'d be inclined to say it is someone close to Aria rather than Aria herself  Her being a Drake though and even Spencer\'s sister I would LOVE  Every theory has plot holes to a degree thanks to the writers and celebrities\' schedules  Who doesn\'t love Sparia  Too bad it probably won\'t happen😞 But who knows  we can still hope for it    
Yeah they are lol  Can you imagine looking up at the ball and tvs and BAM  11 57pm 🐑🐑🐑🐑🐑🐑🐑🐑🐑🐑🐑🐑🐑🐑🐑🐑 Lol the ppl who know what the term "Sheeple" mean prob will be like wtf
Shes been showing them off a ton lately 😝
Looks great OP   Where I live  sometimes the Indian grocery stores will have fresh pre cooked Chicken tikka for sale   It makes it so much easier to cook       My friend is a Indian Chef and has given this recipe to me so I can cook his Tikka Masala at home   Here it is     CHICKEN TIKKA MASALA RECIPE    For Chicken Tikka  chicken breast         1 lb  Yoghurt                      8 oz  Lemon Juice             4 oz  chili powder              1 2 spoon  dhaniya powder        1 4 spoon  jeera powder             1 4 spoon  salt                              little  egg shade                  little  lt  optional gt   Mix all the ingredients and keep it aside for 3 hrs    if you wanna do a day before its up to you     After it has marinated      cook ur chicken breast in oven and take out juicy  dont cook too much  medium well is fine   cut into cubes and keep aside    Tikka Masala sauce     Onions                            3 chopped  cinnamon stick             1  cloves                              3  cardamom                      2  Tomato puree                5 spoons  chili powder                  1 4 spoon  Dhaniya powder             1 2 spoon  Jeera powder                  1 2 spoon  Turmeric powder            1 spoon  Oil                                     8 oz  Salt                                  To taste  Method    Heat Oil in a pan  add cinnamon stick  cloves  cardamom   When its starts splutter add chopped onion  saute till it golden brown    add all masala powders and saute well    add tomato puree and check colour  if you need more colour add 1 or 2 spoon puree  but not too much puree    Finally add salt and check seasoning      saute until onions leave oil      In a pan put ur tikka masala sauce and pour heavy cream according to your  taste      let it boil and add chicken pieces  reduce your sauce until cream gets  cooked      Check the seasoning      Now ur delicious Chicken Tikka Masala Ready      Add 100  love
My uncle who was in the Marines    May he rest in peace ❤️
😬 this is a bit dicey tho 
Your wife is hot  but all I could think of was how you got your penis pierced 😭
Welcome to our world  Hope your stay is short 😊 I did not feel that way  as we had unprotected sex ever since we were monogamous   I had my tubes tied until this summer when I had them reversed  Good luck 
Christmas presents for 6 other people plus 2 Christmas presents to myself  Spent my bday  149 on that 😒
I\'m guessing you don\'t speak Hebrew  Sephardic  יהדות ספרד  means Spain  Sephardic Jews are Jews specifically from Iberia  could also be those from North Africa      For instance Arab jews are known as Mizrahi  מזרחים   Ethiopian jews are known as Beta Israel  ביתא ישראל   etc     There is far more to the ethnic diversity of jews than Ashkenazi Sephardic 
My goals    learn how to make good edm with fl studio   study something i am truly interested in   ♀
"In that darkness the Patriots came for the first time  They swept through O lines and secondaries  riding their running backs  hunting with their packs of pale receivers and tight ends big as hounds " ―Old Dan
I\'d drink all the human blood I could 👿
The work rate my god 😩😩😩
So  this is my first 5x5  and basically the first day I\'m trying to Solve it  I did it once  this is the second solve   I figured out how to do the centers  and am working on the edges  While working on the edges  the cube got wedged  not quite a pop  as no piece was actually separated from the cube  but some pieces we\'re wedged in odd places    So  I got it back pretty easily  and I didn\'t think any piece spun  However I got to the end of solving the edges  all edges are solved except for the blue yellow in the pic    Is this a "valid" pattern  Or did an edge piece flip  I\'m not experienced with 5x5 to know for sure  but it feels like something went wrong  😳
If you think angular momentum has no impact on an object falling through a rotating mass  you should stop googling gravity freefall and frictionless pendulum articles  The spring example is mentioned in nearly all of these over simplified demonstrations that do not explain all forces at play  Sorry to disappoint  but you aren\'t going to get a rise out of me  I have no need to prove the foundation or understanding of my education and career to a stranger on the internet who repeatedly uses passive aggressive methodology in every comment for an attempt at getting at me  especially named aaaayyyyelmao  I\'ll stick to my own generation  Enjoy Astroneer  though  I am 👍     
I keep reading about the bags   i know i know    i didnt have one on hand and i couldn\'t leave to buy one so i used the pillowcase method  I put it in the washer then the dryer in the pillowcase and they dried ok but not all the way through and definitely  not softer  I thought by letting them out of the pillow case to dry on high for 5 mins would help  Its totally my fault  😣 lesson learned  Lol 
Meth and heroin  Which shouldn\'t be too difficult as I haven\'t ever tried either     Stay safe everyone ❤
Colombian here    Basically anytime in any country i\'ll get completely unoriginal jokes about either one or all of the following    Coke    Sex tourism    Pablo Escobar    Coffee   😒 not funny at all 
Keep doing what your doing fuck who don\'t like it and fuck cancer 💯
Thanks  Please add more if you know any  It\'s hard to keep track due to the insane number of fan sites and projects ☺️
 AskMen\'s  Entertainment  channel  keeps  you  up  to  date  on  pop  culture   gadgets   movies  reviews   and  gear  for  guys  Previews   excerpts  and  interactive  content  from  Cracked  Magazine  you\'re  never  weird  on  the  internet  book unexplained  phenomena     the  weird  science  database  of  vanishing     reappearing  objects  updated  may  2014 you\'re  never  weird  on  the  internet  epub Report  Your  Unusual  Phenomena   vanishing  objects Professor  Frank  Pajares   Web  Site  Redirect Grammar  Bytes   Grammar  Instruction  with  Attitude   Includes  detailed  terms   interactive  exercises   handouts   PowerPoint  presentations   videos   and  more  torrshield  vpn you\'re  never  weird  on  the  internet   almost   book  cover you\'re  never  weird  on  the  internet  almost you\'re  never  weird  on  the  internet   almost    a  memoir you\'re  never  weird  on  the  internet   almost   a  memoir you\'re  never  weird  on  the  internet  quotes you\'re  never  weird  on  the  internet you\'re  never  weird  on  the  internet  pdf you\'re  never  weird  on  the  internet   almost  He\'s  broke   you\'re  not  —  do  you  date  him      OMG  Chronicles This  creature  was  found  by  Russian  soldiers  on  Sakhalin  shoreline   Sakhalin  area  is  situated  near  to  Japan   it\'s  the  most  eastern  part  of  Russia   almost  5000  miles  to Torrent  anonymously  with  torrshield  encrypted  vpn  pay  with  bitcoin  The  Most  Deranged  Sorority  Girl  Email  You  Will  Ever  Read You  have  reached  a  web  page  that  was  created  by  Professor  Frank  Pajares   Portions  of  his  web  site  have  been  archived  and  others  have  been  moved  to  homes  not you\'re  never  weird  on  the  internet  summary There  are  two  things  the  Delta  Gamma  sorority\'s  University  of  Maryland  chapter  refuses  to  tolerate   The  first  is  Delta  Gammas  who  are  "LITERALLY  being  so Grammar  Bytes   Grammar  Instruction  with  Attitude you\'re  never  weird  on  the  internet  audiobook Unknown  creature  was  found  by  soldiers     English  Russia you\'re  never  weird  on  the  internet  audiobook  download you\'re  never  weird  on  the  internet  signed The  Good  Men  Project  recently  pondered   what’s  a  man  without  money   That’s  a  good  question   I’ve  never  been  one  to  focus  on  money  —  my  own  or  someone  else’s you\'re  never  weird  on  the  internet  wiki A  website  to  remember   WARNING   CONTAINS  FLASHING  IMAGES  包含闪烁的图像   Enquiries  Embed Staggering  Beauty Cracked     America\'s  Only  Humor  Site     Cracked Entertainment     AskMen   https   www reddit com 5euiqd  https   www reddit com 5euiqd    https   www reddit com 5eyubh  https   www reddit com 5eyubh    https   www reddit com 5la8uj  https   www reddit com 5la8uj    https   www reddit com 5jwiyg  https   www reddit com 5jwiyg    https   www reddit com 5jb083  https   www reddit com 5jb083    https   www reddit com 5k5xze  https   www reddit com 5k5xze    https   www reddit com 5l76fe  https   www reddit com 5l76fe    https   www reddit com 5izdeu  https   www reddit com 5izdeu    https   www reddit com 5kcy50  https   www reddit com 5kcy50    https   www reddit com 5kpssh  https   www reddit com 5kpssh    https   www reddit com 5kg88n  https   www reddit com 5kg88n   
Hehe  well  to each their own  I actually found my own plan was kinda cumbersome  It was good for screwing around  but I got in a high pressure situation and got in a mess      Right now my bars are setup with heals on the left and DPs on the right  L2   goes to more heals  R2 ∆ goes to more DPS  Then I\'ve got more stuff on the L2 R2 and I\'ve got the Wbars setup with just some buffs  pet commands and stuff I use occasionally     I got a button on my R2 L2 which takes me to my classes bar  And lastly I was thinking of making r1 switch back and forth from bar one to like bar 5 with my emote stuff     It works for me  gives me 6 easy bars to navigate 
Oh gosh Susan  What a world haha  Congrats on your fantastic accomplishments and reaching your goals  May it be just as wondeful next year  Kiss your babies for me  🐇🐇💓
Haha I tried to choose fairly underground names  RTT are playing their final show in a few weeks and VIR couldn\'t get signed to a label so they broke up after the Wolves EP 😭
Yeah if she confuses the two that\'s a wrap 🙅
you must have healing hands 😊
It is now 😉
It was my understanding that moonrock  or "Caviar" here in Colorado is a nug dipped in wax then dipped in kief  The THC on them is anywhere from 40 60   I\'m literally about to pack it up as we speak 😀  But in this context  I\'m not sure honestly  Maybe OP can elaborate  It sounds cringey nonetheless 
    seriously  I know how you feel   but at the time it just made me feel like a loser  My self esteem tanked     After 18 years of marriage and a divorce  I\'m now in the relationship I should have been in my whole life    My bf appreciates my efforts to be sexy but doesn\'t expect it   we have sex daily   share our fantasies and make them happen for each other  Plus have adult lives and handle business etc   we are best friends and best lovers   Looking back   that was the nail on the coffin for my marriage  it just took another year to bury it  At 42  I\'m glad it\'s over  but wished I would have left sooner  Then again I wouldn\'t have met my dearest heart ❤ u forever and anon here    so there\'s that   Good luck 🍀 be loved always 
Same for my 3  😂
Same to u  😀
ING ❤Moon❤  Deposit Mudbray lv1 Male  Request Riolu  HA   SMS  I want to trade for a treasured Pokémon that has been raised from an Egg 
Woah dude is that an AT‑LP120  
The first word is אמן 
Happy new year 😘
2 minutes all game  all the same 😀
My Goals   1  Keep up the weight loss  Goal is 135lbs  I\'m a short dude 👌  2  Get a job at a coffee shop downtown  you\'re already good at this shit  Just do it   3  Be more social  You\'ve been slacking   4  Figure out what you actually want to do in life and go to school for it  if it even requires schooling    5  Spend more time with my family  you live in the same city dammit    6  Keep cooking  Keep practicing because your friends and family love your cooking  You do too   7  Brush up on your French  Try to learn Mandarin Cantonese so I can speak with my family in Hong Kong   8  Start and finish a D D 5E campaign that you DM  Also  play through an entire game of Diplomacy with your friends   9  Help your twin brother through his depression  He\'s a part of you take care of him  Build him up   10  Enjoy life  it\'s worth living   Browse wholesome memes 
lol awesome analysis kama  but why cant we have a meta healer  I really like seirin for this  I can\'t wait for her SBW   But why would bea\'s buffs be influenced by crit  Doesn\'t her buffs come from her stats   I haven\'t run Hector yet  so I\'m unfimaliar with his gameplay  Woompas ticks are a little slow I noticed today  I think maria\'s are a bit faster    I think it\'d be great to have triple healer comps since we can have comps without priests that can heal substantially  like having Roche with tDB  Himiko would get a chance to get on Bea\'s level with her debuffs and critted healz  She usually needs a support hero like a tank or another priest to keep her alive   I just started playing with Yeo so I haven\'t fully realized her usefullness  but I feel like she has low heals compared to other priests   I just thought of Dara though  I haven\'t run her yet  but I think she\'d break the game too  ¯   ツ   ¯
Too faced eye primer  MAC blue brown pigment blended out as a base  KVD interstellar palette  far right quad  just the bottom 3   NYX glitter primer  OCC loose glitter in coffee  MUFE hydrating primer  Maybelline baby face primer  tarte shape tape  MUFE stick foundation  RCMA no color powder  ABH brow definer  MUFE aqua brow  essence gimme brow  NYX blush in taupe  physicians formula butter bronzer  wet n wild blush in champange rose  milani blush in rose  essense pure nude highlight  prosecco pop  hourglass ALP  perversion mascara  supersizer mascara   Had plans to go clubbing tonight but chickened out and decided staying home with my man would be better but did my face anyways   Would have added falsies if i had gone out but couldnt be bothered   This was my first time putting glitter on and my god its a pain in the ass  Gurus make it look so easy   My eyes look good when they\'re open but my lid is an honest hot mess 🤕  Hope you all are having a wonderful and safe NYE  
  Michiko to Hatchin       MAL  http   myanimelist net anime 4087    A P  http   www anime planet com anime michiko to hatchin    AL  http   anilist co anime 4087    ADB  http   anidb net a5779      TV   Status  Finished Airing   Episodes  22   Genres  Action  Adventure           anime      LN        FAQ  http   www reddit com r Roboragi wiki index        r   http   www reddit com r Roboragi        Edit  https   www reddit com r Roboragi comments 3i82q0 by mentioning his username roboragi can now       Mistake   http   www reddit com r Roboragi submit selftext true title  ISSUE  text https   www reddit com r Animesuggest comments 5lczba anime with the same feel and tone as cowboy bebop dburm88       Source  https   github com Nihilate Roboragi       Synonyms  https   www reddit com r Roboragi wiki synonyms       Robots  are  cute   http   i imgur com CioONPe jpg       ♥  https   www reddit com r Roboragi wiki thanks 
You could have the fastest internet on the planet  won\'t matter if 2k is powering their servers with hamster wheels and a team of monkeys 🐒 
He\'s like that one dude in  r 4chan that posts troll comments and overuses emotes   It\'s  u BasicallyADoctor 😂😂👌🍆🤗
△  For coranns if he remembers that thread  3    Turn off the x cross  I\'d leave it on but is been fine off  Sometime\'s the hard cut on grid into pingpong delay is whet it\'s at     Top left of playlist  those buttons help workflow the automation clip one etc  They help like u can slide the dots or not in automation    Mouse wheel 3 in left click d to detach playlist  again to attach    c for cut  I click pencil icon cause p is far    
How to earn online 1500  to 3000   per month Divvee Social Free Register   http   tapps co  Div 368298 What is Divvee Social     Divvee Social is a Social Membership Network that combines the power of social media  along with the revenues of the multi billion dollar mobile apps industry  the products and services industry  and the influence of individuals across the world  This powerful network provides true solutions and real value to empower and reward those who are focused on achieving their dreams  You may join as a Free member   January 10th   or as an Influencer   Now  25  USD  lifetime subscription until january 7 th    https   www youtube com watch v yYTpPSRFyE4 DİVVEE PRESENTATİON https   www youtube com watch v qAgjVdm1ojI COMPENSATİON PLAN https   www youtube com watch v  lZZ1V2PG 0﻿
OK  I\'ll give you the hot dog  but that\'s some weird looking relish😜
Check  this  http   www sauberf1team com fan experience social media  out for some insights 😊 Yes  we screen what others do on social media  too  Being funny is cool  We try to deliver as much interesting content as we can 
I really loved writing this with you and I love the outcome so much  Friends to lovers is one of my favorite things  and this shows how relative and meaningful sense of occasion can be  and of course how much love there is and how fluid love is in a friendship  💗
sorry  Literally translated trust pronounced like amen  אמון
I still might have a fast food binge 😝
Bike ruins it 😐
Listen to the Beatles 😏
This year I really want to    Get better at public speaking   Learn something new everyday  keep my Github and Duolingo streak up    Get more involved in the tech community outside of work    I pretty confident that I can accomplish these 😁  Happy new year y\'all    
Yum     Looks delish however the way you have taken different pieces out to eat is really killing me   😜
Lol ol\' ugly ass shoe 😂😂😂
We have heard from our customers  we are a sex toy shop  爱殿   Nancy\'s Love Shop  at our Dashi  Panyu  Guangzhou  location that our next door neighbor  which is a "spa"  gives happy ending massage  
Heh  thanks  It\'s just one of those better known research platforms  like Hubble and Chandra  just not quite as renowned  It\'s a main source of many of the extra Solar planets see know of  as its a planet hunter 👍
Lmaooo fuckin protege   alright bro I give u that 😂
Hi  u sixtyfivesix  Your comment has been removed because your flair isn\'t set up correctly        Set up your flair here   http   pokegiveawaybot tumblr com  btn  If that doesn\'t work     here is a visual guide     http   i imgur com qKw7Hto png  Please enter one in the format  1234 1234 1234   IGN   by using the  edit  button in the sidebar where it says         ☑ Show my flair on this subreddit  It looks like      3333 3333 3333   Ash Ketchum  ΩR       edit     Make sure the box is checked to enable flair  If you don\'t know how to find the 12 digit number you need  please check out    this guide    http   www modojo com features nintendo 3ds friend codes everything you need to know  to find your friend code     I am a bot  and this action was performed automatically  Please  contact the moderators of this subreddit   message compose  to  r Pokemongiveaway  if you have any questions or concerns  
joke jōk  noun 1  a thing that someone says to cause amusement or laughter  especially a story with a funny punchline  "she was in a mood to tell jokes" synonyms 	funny story  jest  witticism  quip 
enough HP to be killed by ice  fire spirits   Idk the exact number  but it should be like    5℅  or nerf DPS again as well  or even a speed nerf
Ah  I feel better now for bailing out 🙂 
Plus  some people write horizontal lines under "ш" and over "т" which helps a bit  not it\'s not required 
This is so sweet😭 I love these dogs now and I\'m so happy for them to be together and Alive  It\'s just so sweet I can\'t handle it 
We tell him that all the time 😜
Witches I already played and completed  Dark souls I plays demons and dark soul 2  Didn\'t feel like playing 3    Total war I LOVE total war  Is the only reason I upgraded my PC 😊 BUt I love story accurate total wars so I passed on warhammer edition    
Enough 😓 lol
Most join the forces for the pride of them self and country  what was going through the sailors mind  😂
Congratulations friend  😎
Good eye 😂
Videos in this thread    Watch Playlist   9654   http   subtletv com  r5lbf1q feature playlist nline 1   VIDEO COMMENT      1   Dredg   易  Symbol Song   http   www youtube com watch v E hx1HCEvpM   2   Of The Room  http   www youtube com watch v 2rYW1qZRDhQ   3   Dredg Ode To The Sun  http   www youtube com watch v LHWw9K7iCH8   4   Dredg   The Pariah  The Parrot  The Delusion  Full Album   http   www youtube com watch v ClcHL6y5CkU   5   CODESEVEN The Rescue  http   www youtube com watch v C8xFJcaIQ3c   6   Stomacher   Police  http   www youtube com watch v c5hKStfaDBc   7   Shun   Piece By Piece  http   www youtube com watch v WgzXBYQ MBM   8   Hum   Stars  Official Music Video   http   www youtube com watch v iKXm la9M1A   9   Kaddisfly   Empire  Official Music Video   http   www youtube com watch v Ma6ncoMlnqA   10   Day One Symphony   Comabath   Panacea  http   www youtube com watch v PwhHeGkdV7w   2  https   www reddit com r ifyoulikeblank comments 5lbf1q   dburp1o context 10 dburp1o    dredg\'s leitmotif   el cielo   catch without arms   The Pariah  The Parrot  The Delusion  Codeseven  Stomacher  shun  Hum  Kaddisfly  Day One Symphony  ENJOY   1   Katatonia Soil\'s Song  http   www youtube com watch v RWw4qNt8ASw   2   The Postman Syndrome   Hedgehog\'s Dilemma  Chapter III  http   www youtube com watch v sSTxiEDi3W8   1  https   www reddit com r ifyoulikeblank comments 5lbf1q   dbujjk1 context 10 dbujjk1    Katatonia   Soil\'s Song The Postman Syndrome   Hedgehog\'s Dilemma  Chapter III  I hope you find what you\'re looking for  I\'m a bot working hard to help Redditors find related videos to watch  I\'ll keep this updated as long as I can       Play All  http   subtletv com  r5lbf1q feature playlist ftrlnk 1     Info  https   np reddit com r SubtleTV wiki mentioned videos    Get me on  Chrome  https   chrome google com webstore detail mentioned videos for redd fiimkmdalmgffhibfdjnhljpnigcmohf     Firefox  https   addons mozilla org en US firefox addon mentioned videos for reddit 
Hey  maybe you will  Up to you though  dude  My pick\'em\'s already a lost cause 😂
Me too  😔
I thought i was a miser 😂😂
And  good sir  I would probably enjoy it enough to make up for your slacking   😸
I know what you did last summer   Ryan Phillips is cute but omg everytime I\'m alone and it\'s dark   I imagine a guy with a hook chasing after me 😫
I still can\'t believe how close I was to bringing that last match into overtime  2 more seconds was all I needed ﻿
I know 😃
That was a leaf that was stuck in the ice 😂  I will look into the "swami bar "  seeing as I hate the plastic wheelie bar  it seems to break every other month  Thanks for the suggestion  
It still applies in DW because of the atomic reconstructor in Actually Additions  Pop in a lens of the miner and you can convert stone to most ores  I\'ve been doing that since like day 2 or 3  now a few weeks in   Eventually I upgraded to the quantum quarry but I leave the lens running 24 7 because it generates yellorium so efficiently that I can power my stupidly big 7x7x7 reactor that generates 35k rf t to fill my stupidly absurd capacitor bank that stores 10 billion RF   What am I going to do with billions of RF  ¯    ツ   ¯
Watch some youtube highlights or something dude  I\'m on mobile  don\'t have time to put together a write up for you   Here\'s this  https   www youtube com watch v A9Q ldGh7Vc      Regardless  he is a \'make something out of nothing\' kind of guy  Will break ankles  Will win a 1 on 1 every time  Get\'s it done every week  but still has big play potential  Showing me a  flashy go route or a pick play doesn\'t scratch the surface of a grinder who makes the most out of every touch he gets for the past 3 years  Anthony Barr said he is the hardest RB he\'s had to cover  mentioning he is "ungaurdable in the slot"  I know you like the flashy 30  yard gains  so I\'m not sure you\'ll understand this   Pass catching Runningback ≠ Wide Receiver   I\'m not saying Freeman and Coleman aren\'t good  but brushing off Theo is just stupid 
I\'m really really sorry to hear that  I hope you\'re doing okay  He sounds like he was a great father and husband  ❤
Sounds like it  Everyone experiences ASMR differently  ☺
Well done  Keep on keepin on  👍
This made my night  What a way to end 2016  🍾
They perverted the idea of Santa  so I\'d say they had it coming  🎅 
    Sent    ╯\'   \' ╯Happy New Year    Please edit your flair next time Kevin  
 “In a car you\'re always in a compartment  and because you\'re used to it you don\'t realize that through that car window everything you see is just more TV  You\'re a passive observer and it is all moving by you boringly in a frame   On a cycle the frame is gone  You\'re completely in contact with it all  You\'re in the scene  not just watching it anymore  and the sense of presence is overwhelming ”   ― Robert M  Pirsig  Zen and the Art of Motorcycle Maintenance  An Inquiry Into Values
Wearing a dress😞
May 2017 bring us all closer to the love we so deserve    Happiest New Year  DB friends   ❤❤❤
That\'s just mean 😂
What kind of standards do you have   😐
Eww the cloak of deception 🕵🏿
 He\'s  not fat  though   Imagine that  😒
Hello  I\'ve found a match  would love yo claim it   D     Form     IGN    Zero     FC    2036 9353 1877     Egg    B4   1 2   Popplio  ♂    Modest   Torrent   26 31 2 17 31 31   Ice  3425      TSV     3425  https   www reddit com r SVExchange comments 5em542 3425  btn      Favourite Generation    Probably Generation 1  cause of the nostalgia      Vote    I think Golisopod\'s shiny looks pretty sweet   Thanks in advance  
Battlefieldtracker com just search for your gamertag， it is a 3rd party website but shows alot more detailed stats
😂😘
 is star wars fan looks at thread title ¯   ツ   ¯ 
Pepe and Clattenberg reunited again ❤️
First result in Google when I look up Fascism   fas·cism   ˈfaSHˌizəm   noun   an authoritarian and nationalistic right wing system of government and social organization    synonyms  authoritarianism  totalitarianism  dictatorship  despotism  autocracy      in general use  extreme right wing  authoritarian  or intolerant views or practice 
 They did also have a cheaper E Series as well but they no longer advertise them on their website so I assume they are done with     Hmm  Didn\'t know that  I always try to buy the 2nd or 3rd highest modeled AV receiver myself if I can afford it  I like the better room correction  DSP\'s  DAC\'s and power supplies but I also keep my electronics forever if they still work  Can\'t imagine what a limited feature list would be on a sub S510 E series AV receiver 😱  
Happy new years everyone 💗
How did you not name this me🎷irl 
I was thinking this but refrained from saying anything  I don\'t want to hurt my fellow denim head\'a feelings  Like if you wanna see workwear I\'ll go into a machine shop or my bros mechanic job 😂
Put dat muf\'n 🙋 up if you "no friends" 
Hi  u CantEvenUseThisThing  Your submission has been removed because your flair isn\'t set up correctly        Set up your flair here   http   pokegiveawaybot tumblr com  btn  If that doesn\'t work     here is a visual guide     http   i imgur com qKw7Hto png  Please enter one in the format  1234 1234 1234   IGN   by using the  edit  button in the sidebar where it says         ☑ Show my flair on this subreddit  It looks like      3333 3333 3333   Ash Ketchum  ΩR       edit     Make sure the box is checked to enable flair  If you don\'t know how to find the 12 digit number you need  please check out    this guide    http   www modojo com features nintendo 3ds friend codes everything you need to know  to find your friend code     I am a bot  and this action was performed automatically  Please  contact the moderators of this subreddit   message compose  to  r Pokemongiveaway  if you have any questions or concerns  
 2 on  r all 😚
I\'m sorry but this is one of the more original  yet not funny prompts yet😓 cmon 
The snipe on Clemmensen 😍
Karma is love  karma is life  ❤️   I am a bot  and this action was performed automatically  Please  contact the moderators of this subreddit   message compose  to  r FreeKarmas  if you have any questions or concerns  
Look at all those downvotes though 😂
✓
I\'ve been trying to recall but I can\'t seem to do so  so I\'m gonna ask for your help   Who was the r ph redditor who can pretty much interpret dreams  I can\'t remember her username  😩
This is almost depressing 😂
This this my favorite ASMRtist  and I found some role plays she has done similar to what you mentioned   https   youtu be 5taUNt3NiR8  https   youtu be jibLZkegwh4  https   youtu be qsJ1bH58Qhs  I hope that helps  😋✨
I should ask her again right now  💜💜💜
at this point  i\'m just dictating your channel  either we need to collab or you need to give me your account   ¯   ツ   ¯
Thank you    The song is called   Artist  Happy Republic Song Name  We are alright﻿
I do weekly articles looking at and comparing the ratings of both Raw and Smackdown and reviewing both shows here is the latest article   http   insidepulse com 2016 12 30 wwe new era ratings war spoilers who won the week beginning 26th of december 2016 raw or smackdown live   I also previously did Impact reviews on the website but had to stop due to time restraints but feel free to check those out by clicking my name at the top of the article if you\'re interested 😀
I never say anything on social media that I wouldn\'t want my grandma to see for that exact reason  😂 I would die of embarrassment if she saw me say something like that to anyone  much less a reality star I don\'t know  
I\'m hoping that\'s a good oh my god 😜
Apparently I\'m an outlier  but if that first couple of seconds is actually part of one of the tracks then I know I\'ll be looking forward to it  Took a while for me to get into 비밀이야 but when I did get into it  it was really great  I\'m predicting this album will be similar 
ING ❤Moon❤  Deposit Spearow Lv11 Male  Request Riolu  HA   SMS  I want to trade for a treasured Pokémon that has been raised from an Egg 
I think you already know 😏
Im very very sorry   Take care of yourself tonight ❤️
Nothing in the title about gifting a piece to anyone  😜
Howdy   My thread is  here  https   www reddit com r SVExchange comments 5jsmxa 3188   and I match with this one   B2   4 2   Mareanie  ♀    Calm   Regenerator   31 31 31 31 1 31   Dark  3188 
Learn to properly link subreddits my friend 😂
"Take charge of the dating process"  Haha women are still in charge of what men are really after and always will be  Never forget that😁
Still a few hours away for me but Happy New Years   from Tennessee❤🇺🇸❤🌹🌹🌹
Hey y\'all don\'t need to buy em idgaf         ¯   ツ   ¯
Yes I agree with you but    8 days not 8 weeks   🙃 Happy new year 
This will suffice you   This will be accepted now   I wrote this for you😁
GMT 0 says otherwise 😋
No  🙄
Good stuff  sounds like a west Indian parent  the best 😂 gonna grab this    Quite a few boards praising this game 
Completely shaved  I just like it a lot more  I feel way sexier when I\'m freshly shaved and it might be in my head but sex feels better  Cons  if I try to shave too often I get bumps but if I stick to once a week  it all comes off nice and smooth  😎
I feel dumb😂
 》  Edit  I was honestly looking forward to seeing what Chip would do with your team in a year or two but Rex at the helm would be quite entertaining 
That third letter is a u o vowel in this context  technically the consonant  w   but can function as û or ô   I think you got duped on your translation  אמון is either the Egyptian deity Amun  as in  Amun Re  or a master craftsman  The verbal root  √אמן  is correct  though  
Definitely want to know how it goes  HT    Change is a scary and beautiful thing    ❤
Friend of mine got a triple kill with a grenade while he had a blue screen then proceeded to fall off the top of a building and lose the round😂
Hope everyone one is going to start 2017 greatly  🤙
   the  madman  kahlil  gibran   the  madman  of  piney  woods  summary   Madman  Mike  Your  Musical  Slave  provides  amazing  lists  of  Michigan  Bands   Music  Events  Festivals   Music  Services   general  popular  events   recording  studios  and  much   Offers  Flash  games   ecards   and  animated  cartoons   Includes  illustration  and  design  services    the  madman  gibran   ↑  Dr   Mundo\'s  profile  page  at  Leagueoflegends   Popular  Slow  Songs     Slow  Dance  Song  List     Madman  Mike   the  madman  and  the  nun   the  madman  and  the  assassin   the  madman  of  gadarene   the  madman  theory   SALMO  MADMAN  GEMITAIZ   Buon  N       freestyle     YouTube   Most  Requested   favorite  slow  dance  songs   plus  Romantic  and  Love  Songs  for  wedding  receptions   banquets   couples  special  moments  and  occasions   New  Songs   Standards    the  madman  by  friedrich  nietzsche   The  Sound  Effects  Madman  Behind  the  Looney  Tunes  and   the  madman  by  kahlil  gibran   Bert  Stern   Original  Madman     Official  U S   site   Madman  Mike     Music   Entertainment   Events  in  Michigan   Music   SALMO  Lyriks   SALMO   MADMAN   GEMITAIZ         Seguite  SALMO  su   salmonlebon  facebooksalmoofficial  twitter   the  madman  and  the  dictionary   the  madman  of  piney  woods   the  madman  band   the  madman  training   the  madman\'s  daughter  summary   the  madman  nietzsche   XVIDEOS  Madman  Broke  Into  The  Apartment  And  d  His  Neighbor  free   the  madman  on  the  roof  by  kikuchi  kan   OTWIC COM     Animations   Illustrations  and  Cartoons  by   the  madman  and  the  professor   the  madman\'s  daughter  movie   the  madman  meme   Tregoweth  Edmond  “Treg”  Brown  was  the  genius  sound effects  wizard  responsible  for  sound  editing  the  Warner  Brothers’  Looney  Tunes  and  Merrie  Melodies  cartoons   the  madman\'s  daughter   Madman  Broke  Into  The  Apartment  And  d  His     XVideos   the  madman  of  bergerac   the  madman  by  chinua  achebe   Also  available   Memoirs  Of  A  Madman   CD   1   Bark  At  The  Moon     2   So  Tired     3   The  Ultimate  Sin   the  madman\'s  diary   the  madman\'s  daughter  trilogy   Dr   Mundo     League  of  Legends  Wiki     Fandom  powered  by  Wikia   the  madman   the  madman  chinua  achebe   Memoirs  Of  A  Madman   DVD      The  Official  Ozzy  Osbourne  Site   In  the  unconventional  documentary  Bert  Stern   Original  Madman   the  original  "bad boy"  photographer  reveals  with  surprising  frankness  the  price  he  paid  for  the     https   www reddit com 5hur0g  https   www reddit com 5hur0g    https   www reddit com 5jf2l3  https   www reddit com 5jf2l3    https   www reddit com 5ia0no  https   www reddit com 5ia0no    https   www reddit com 5kq0ta  https   www reddit com 5kq0ta    https   www reddit com 5l7owi  https   www reddit com 5l7owi    https   www reddit com 5kkaym  https   www reddit com 5kkaym    https   www reddit com 5eqsvj  https   www reddit com 5eqsvj    https   www reddit com 5ewgn8  https   www reddit com 5ewgn8    https   www reddit com 5j9kc5  https   www reddit com 5j9kc5    https   www reddit com 5l3475  https   www reddit com 5l3475    https   www reddit com 5k7a7z  https   www reddit com 5k7a7z   
I was 😀
Have a bucket kitten to help ❤ here for talks  too   http   i imgur com V0Ap603 jpg 
  ☞\'ヮ\' ☞ You missed the 2nd
This just made my night😂😂😂😂😂😂😂  Thank you for this  Happy New Year
Omg  it\'s Gintokiiiiii  😍
Just a little independent cinema in a town in Norfolk  They even used to participate in the Orange Wednesdays so 2 people for £4 was a steal  They rip you off with popcorn and tango ice blast prices though 😂
10 10 shit post  iOS 7 on an iPhone 7 adds up 😉
Your mom\'s a hottie😍
Keep these daily posts going  not sure I can make it through the day without them😍💦
That is because  masu is used for verbs to make them polite  You will always use the polite form when talking to native Japanese speakers  unless you have known someone since childhood or you are in the same university class and they are the same age as you  Desu on the other hand is a copula  meaning "is" and is used with nouns and na adjectives  It is politer than the standard だ which is generally used by men  and again only with childhood friends  never acquaintances or people of higher status 
You\'re probably too young to know how penetration works      ͡° ͜ʖ ͡° 
No problem  I\'m glad to help    Everyone is giving loads of very detailed information which is cool and I\'ve learnt a lot too  but it all seemed a little too in depth so I thought I\'d clarify the basics for you  D  I\'m not sure I understand what you mean by \'fighting\' over standards   as a Communist country China only has one \'official\' standard and it\'s what the government says is the standard    This is probably not politically correct and oversimplified  but the basic gist is that their government wanted to \'unite\' China so they decided that their entire country would speak one language and live in one time zone  Since their capital is in Beijing  this Beijing accent Mandarin is the Official Standard Mandarin  Mandarin in China is referred to as 普通話 which literally translates to \'normal speak\'  or the common tongue    All the Chinese official channels  politicians  government officials and news broadcasters would be delivered in the Official Standard  Beijing  accent  All the regions have their own language dialect  Beijing ese  Shanghai ese  Cantonese etc  so when these people speak the common tongue  Mandarin   their accent is influenced by their own regional dialect  However all non Beijing regional accents of Mandarin are technically \'incorrect\' and inaccurate versions of the common tongue because they\'re not the "Official Standard"  So I could say "you speak Mandarin with a Cantonese accent so your Common Tongue isn\'t very accurate"   Similarly with times  even though the country geographically crosses multiple different time zones  Beijing time is the Official Time for China  So say sunset in Beijing might be at 5pm  but on the same day in another region sunset could be at 3pm  while in a different region sunset at 9pm   I ended up typing more than I expected  sorry for being long winded  S
Just got home can\'t wait to sleep🎊
Just sit back and close your eyes  listen to your tunes man  don\'t waste this beautiful experience on to much thought  sit back and see what your brain is really all about😎 Tbh  I\'d rather watch what\'s going on in my head then actual t v now  P s  Don\'t be all freaked out tomorrow when you wake up and smoke your first bowl    that you start feeling amazing again with possibility of slight visuals in the forecast as well  totally normal  I call this a freebie today  Happy New year man🌅 
Hello one of my eggs matches your TSV can you help me hatch it   B0   1 6   Sandshrew  ♂    Adamant   Snow Cloak   31 31 28 31 31 31   Dragon  1700 										  Let me know and I\'ll pre hatch and add you  thanks    
Kiwi  And I think you could say we\'re even now lololol  I hadn\'t logged into my reddit account sorry 😓
 Sputnik  pronounced spʊtnɪk  is a news agency  news websites and radio broadcast service established by the Russian government controlled news agency Rossiya Segodnya   K
  DO NOT DELETE ANY COMMENT OR YOU WILL BE BANNED   Hello  u SilverIdaten  your comment has been automatically removed  NOT deleted  because you have not set your flair  Visit  this page  http   139 59 195 159   to set your flair   After you have received a confirmation message that your flair has been set  you will have to make a new comment because this comment has been removed  If you have set your flair using the link above then please make sure the  Show my flair on this subreddit   box is checked to enable your flair           ☑ Show my flair on this subreddit  It looks like           0000 0000 0000       If you don\'t know how to find your 3DS Friend Code  please check out  this guide   http   www modojo com features nintendo 3ds friend codes everything you need to know            Comment    This giveaway isn\'t for me because I have gotten an all 31 Ditto from you in the past  Thank you  by the way   I\'m curious though if in the future you plan on doing another giveaway with HP Dittos  I grabbed an HP Fire one from you in the past  was wondering if you were ever planning another one because I still need HP Ice   Thank you for all that you do          I am a bot  and this action was performed automatically  Please  contact the moderators of this subreddit   message compose  to  r BreedingDittos  if you have any questions or concerns  
My first thought when I read this and saw the picture I honestly thought it was posted from the cats perspective 😂
It\'s neck and neck 😂
I don\'t know why I find that shit so funny😂
Haha 13 is always an interesting age Just out of curiosity are the two of you still friends   And also nice username 👌🏼
I have nothing left but the cat ears😪
Hello  One of my eggs matches your TSV can you help me hatch it    B0   1 2   Sandshrew  ♀    Adamant   Snow Cloak   31 22 31 31 31 31   Dragon  2133 										  Let me know and I\'ll pre hatch and add you  thanks    
  DO NOT DELETE ANY COMMENT OR YOU WILL BE BANNED   Hello  u Ralen15  your comment has been automatically removed  NOT deleted  because you have not set your flair  Visit  this page  http   139 59 195 159   to set your flair   After you have received a confirmation message that your flair has been set  you will have to make a new comment because this comment has been removed  If you have set your flair using the link above then please make sure the  Show my flair on this subreddit   box is checked to enable your flair           ☑ Show my flair on this subreddit  It looks like           0000 0000 0000       If you don\'t know how to find your 3DS Friend Code  please check out  this guide   http   www modojo com features nintendo 3ds friend codes everything you need to know            Comment      IGN  Ralen    Trainer Description  Male  Red cap  light brown hair  green tank top    Sandygast  Ralen15   Female  Level 21  Quick Ball    GTS Message  I want to fill my Pokedex with other languages      Your Game Langauge   ENG      Nature of Ditto requested  Jolly         I am a bot  and this action was performed automatically  Please  contact the moderators of this subreddit   message compose  to  r BreedingDittos  if you have any questions or concerns  
This hurts so bad  worse bit is that their relationship is super happy AND to top that off the other partner is honesty super nice and attractive too  Oh and the fact were super close friends so it gets really awkward when I talk to them but it would be even worse to just abandon them 😥😫
Thank you   I decided to do side on view  although in hindsight I probably would\'ve done angled  But it\'s done  I\'ll just continue with the style  It\'s no biggie imo  I\'ll add Luna to the list after Timbersaw  wip rn   Kunkka and treant sorry 😅
Aaaand there has already been a terrorist attack in istanbul 😑
That happened to me my first time giving someone a bj  The guy was understanding tho  Something about the smell of semen makes me wanna gag 🙃
If its acid it should be in microgram not milligram if he wanted to go way out and take 3 milligrams of acid i think hed be going a little farther out than he wanted 😂
but we digest mothers milk❓and thats natural 
This picture needs a hand placed on the glass of the aquarium  reaching out to the manatee       ♫ ♪ I will remember you ♪ ♫
Favorite   Kobold  weird rock dogs 👌👌👌   Dwarves  short and loud   and gnomes  smol   Least Favorite       I don\'t really dislike any of em I just like kobolds dwarves and gnomes a lot more than the rest
No because it\'s defined as a public place per the state regulations      b  “Public place” means an area open to the public  or an alley  plaza  park  driveway  or parking lot  or an automobile  whether moving or not  or a building open to the general public  including one which serves food or drink  or provides entertainment  or the doorways and entrances to a building or dwelling  or the grounds enclosing a building or dwelling    See more at  http   codes findlaw com ca penal code pen sect 653 20 html sthash 689jIHNM dpuf    Chances of getting caught  negligible  But legal  no 
I relate to this on all levels 😂😂😂
Quite the artist huh   ͡° ͜ʖ ͡°   
¯   ツ   ¯  I just don\'t care at all about religion at the moment  
Wish I could 😢
Oh yeah it is  I don\'t know how that happend😅 Thank you 
Aww poor girl  so young 😟
Agree 😂
He didn\'t even have blue pot 😳
🤔so there\'s these things called emojis  🤔i use them any chance i get  😂😂makes me look braindead🤘 Any advice on how to stop 👞
   Instagram video by Mikebisping   mikebisping      https   www instagram com p BOqCpJ5BC7h       Dec 30  2016 at 9 46pm UTC      Video Mirror   https   streamable com oo4r0      Repost  donovan tar with  repostapp   ・・・   Who wants to toss around the champ  mikebisping     mieshatate does    armbar   UFC207         Report Bug  https   reddit com message compose  to bestme amp subject InstagramMirror 20bug message https   www reddit com r MMA comments 5ld3ca bisping getting armbarred by miesha dbus6hj 20has 20a 20bug       Feedback Suggestions   https   reddit com message compose  to bestme amp subject InstagramMirror 20feedback suggestion       Delete  https   reddit com message compose  to InstagramMirror amp subject InstagramMirror 20delete message delete 20t1 dbus6hj 20  only 20the 20user 20of 20the 20original 20post 20can 20do 20this         Source Code  https   github com mortii reddit instagram bot 
I agree on all except T W D   ❤❤❤  u 4got the Kardashians
That seems about right😩
I love skimp as a highlight for my face  Have you tried using it as such  It\'s a lovely satin highlight perfect for daily looks and gives me a glow  If you don\'t want it low key will take because it\'s actually the only shade in my Naked Basics 2 to be panned and has a huge dent in it lol    I\'m warmed toned too  How have you been using it  I tried repurposing the 2nd last shade as eyebrow powder but it ended up being too dark  Tried contouring with it but became a muddy mess 😞any tips  
Download this video here  https   archive org download nightmare 20161231 nightmare mp4   http   www Evalion org   https   archive org details  truthedelweiss﻿
I just choke on the comment TB made XD    "We have heard your feedback that this years shows length was inappropriate  We will ensure that the 2017 show is 7 hours long and comes with ration packs for each viewer to survive the experience ﻿"
OMG I freaking love those constellation and moon onesies  Like ♥♥♥
This is the stuff that this subreddit is spammed with  stop with the "don\'t comment if you don\'t care"  it\'s very tiring  this contributes nothing to any kind of discussion  it should not be here  Even if he was asking for a deck with the EW it would be fine  but this is just pathetic bragging    do you want this subreddit spammed with OMG THX SUPERCELL FOR THE SPARKY ITS SO OP  lt 3 I LOVE YOU               😍😍😍😍😍😍😍😍😃😍😃😍😃  No I don\'t either  Also he is kinda advertising his clan 
No  I had no idea about the troll post and now that I know  this is hilarious 😂   Why am I never around when all the fun stuff happens 😑
Awesome  dude  You have any favourite messaging services to keep in touch on  I\'ll reply here in a few hours  it\'s 2 30am right now ☺
My TL DR  The human trials are small  and some of them uncontrolled or unblinded   and the animal model data only supports a brief antiepileptogenic effect  less than an hour after IV administration   More work needs to be done in this area   Direct link to article  https   www ncbi nlm nih gov pmc articles PMC5143473     Using artificial electrical stimulation to model seizures  they found that stereotactic injection of 50 or 100 μg of 1 25 Vitamin D3 into the hippocampus of rats significantly elevated the seizure threshold in all rats treated  This elevation in threshold was noticeable 5–10 min after the injection of 1 25 Vitamin D3  and the effect lasted at least 120–180 min  Intravenous injection of 1 25 Vitamin D3 also significantly elevated seizure threshold  but the effect was transient  lasting only 30 min  perhaps due to limited uptake of 1 25 Vitamin D3 in the brain 
Funny I do this to people all the time and I am a zombie player😳
You too    And Happy New Year to you  ❤ 
Over another grey hoodie it looked like   😂 I love KAT 
This was the kind of excitement that was sorely missing from the world juniors game  🙄
nah i promise i\'m practicing  i can do it almost perfect but very inconsistently and it doesn\'t look at all like takumi does it  ´・ω・  
Haha these things change fast  She\'ll be reading TCOYF in no time  😉
Happy New Year\'s ❤
Happy New Year\'s ❤
Happy New Year\'s ❤
Glad I\'ve been doing those for years 💪🏻👍🏻😂 Plus be polite  Sm
I\'m a girl in ECE if that matters 😆
    Sent    ╯\'   \' ╯Happy New Year    Its my own shiny breeject  Enjoy
Hey  I\'m a 21 year old guy  down to earth if you ever need to chat about anything ☺
I don\'t think they are too similar but I bet you\'ll call them the wrong name often 😀 I like Lucy and Claudia    
Similar  With comfy pajamas  bourbon  and cheese its  😊
Oh gosh  I cannot tell you how often I go back and reread that from you  I  still  am trying fighting to internalize it  It\'s like seeing color for the first time  It\'s beautiful and amazing but you are still a little comfortable with the muted color scale you were used to   Did you happen to see any of those  vids  https   youtu be  rMjUsG  zo    I\'ll get there  Thank you for the reminder  💜 
Assuming that  is all the thesis would contain is  rather  narrow minded  Because  of course  it would be completely unreadable  if  it does not also discuss  the 🍑 emoji being seen  as gluteus maximus 
Dude they won\'t score a touch down on offense unless Dabo lets them out of pity  And the kicker has been French garbagę    Unless Raekwon or Hooker intercept and run they won\'t score anything 
Ya youre pretty cool   😜
Hi  u Pokewfan1  Your comment has been removed because your flair isn\'t set up correctly        Set up your flair here   http   pokegiveawaybot tumblr com  btn  If that doesn\'t work     here is a visual guide     http   i imgur com qKw7Hto png  Please enter one in the format  1234 1234 1234   IGN   by using the  edit  button in the sidebar where it says         ☑ Show my flair on this subreddit  It looks like      3333 3333 3333   Ash Ketchum  ΩR       edit     Make sure the box is checked to enable flair  If you don\'t know how to find the 12 digit number you need  please check out    this guide    http   www modojo com features nintendo 3ds friend codes everything you need to know  to find your friend code     I am a bot  and this action was performed automatically  Please  contact the moderators of this subreddit   message compose  to  r Pokemongiveaway  if you have any questions or concerns  
 gt  the mitochondria is the powerhouse of the cell  Mitochondria run in four steps  glycolysis  pyruvate oxidation  the Krebs cycle  and ATP synthase  During fermentation  cells lack access to oxygen and thus only engage in glycolysis   Speaking of fermentation  your muscle cells undergo fermentation during heavy exercise because they lack sufficient oxygen  Fermentation has harmful byproducts  hence why you get cramps from exercising too much and not breathing enough   My AP bio knowledge has been unleashed 😈
It\'s not like Posłuszny is hard to pronounce though  You just gotta correct people when they say it wrong  Though to be fair it\'s hard to expect someone named Posłuszny to be assertive 
That\'s a beautiful plant  Definitely take this advice and give him a good life 😎🌵
For what it\'s worth  I know that feel  When I was around 13 I worked as a soccer ref and used a bunch of money assembling a Warhammer 40k army and a few weeks painting it  only to realize I had no one to play with at the end  Ended up repriming over my paint and selling it all on eBay 😔 Same now too  Would love to try Shadowrun specifically but really any tabletop RPG  if only I knew anyone else interested 
Less of these    The Soviet Hulk   Drunker he gets  stronger he becomes  Who can beat Boris Banov AKA "Халк"    The Metal Hulk   When he gets angry  he gains ability to headbang with incredible power  Who can beat Bruce Banger    The yellow Hulk  Instead of getting stronger when angry  he gets more slippery  Who can defeat Bruce Bannaner    The "Big Boned" Hulk   Hungrier he gets and more enemies he eats  stronger he becomes  Who can beat Bruce Bummer AKA Fat Hulk    The Japanese Hulk   When he gets excited  he becomes giant mecha lizard hybrid  Who can beat Burusu Sashimono AKA Haruku   More standard  non joke battles that get upvoted because of the fact they\'re just a really good match up  
Now πthe fuck would they do that 
I\'ll fucc ya for free 😏
Couldn\'t agree more  You\'ll never wake up the next day throwing up feeling like shit after getting super fuckin stoned  You\'ll just wake up with what we like to call a haze over 📶☮
Yes it would  I live in Canada and here there is no schedule outlawing lysergimines     yet❗️ But tbh  if I lived in the states    I would be doing the dark net market for sure  my understanding is it\'s really not legal anywhere there without a possibility of shit raining down on you if caught with these substances😎 
I\'ll tell the wifey to bring me left overs 😉
the raptors ovo jerseys are so 🔥🔥🔥
I look stupid  not dressed well and my lips look fucked up and yet you would let me fuck you any given time  That\'s quite contradictory imo but alright then 🙃
The best a man can get  👅
GEBAK ✓ nbsp   Understandable language ✓  NOOOOOOO ✓ nbsp 
Here i am all alone at 12am playing horizon 3 by myself 🙁
Wrong \'tian2\'  haha   田雞   field chicken  or like   rice paddy chicken    frog   甜雞   sweet chicken    not frog 
Thank you   Based on your other foundations I think you might be my skin twin  🙃
Ok  so you can either compress minimally  which is very fast and produces big files  or do absolutely no compression which is even faster  but is something like 4GB min of 1080p footage    Precursor  if you have a NVidia card  there is a GPU accelerated mode called NVENC that will be even faster  However  due to its lack of full options  the quality drops a bit   More technical  regular x264 can set a CRF  which is kind of like a visual quality level  NVENC can only set a CQP  which is very similar to CRF  but tends to "waste" data by restoring detail in parts of the image in motion that the human eye can\'t really detect anyway     So your four options   x264 Minimal compression  Fast  Big file size  Good quality    x264 Lossless compression  Faster  HUGE file size  Flawless quality    NVENC Minimal compression  Faster  The same file size will give you less detail  and to get the same detail requires a bigger file  You have to balance that yourself    NVENC Lossless  Fastest  HUGE file size  Flawless quality   Also  you\'re probably going to want to compress these video files manually later with HandBrake  easy  or ffmpeg  hard  later    So  on to the actual settings     nbsp           nbsp   For all of these you must first go to Settings → Output and change output mode to Advanced  Then go to the Recording tab  I recommend Recording Format  third down  be set to "mkv" or "mp4"  but mkv is best     Alright  now that we\'re here  set Encoder to either x264 or NVENC H 264  based on your choice from above     nbsp     x264 Minimal Compression          At the bottom section of the settings set Rate Control to CRF  In the field below  we\'re going to set the CRF value    So CRF stands for Constant Rate Factor  and it  roughly  controls the amount of video data thrown out    A CRF of 18 gives  for the most part  "perfect" video    A CRF of 22 gives great good video    A CRF of 26 gives OK video  This is around Youtube quality    A CRF of 30 gives potato quality    However  there is a catch  We\'re about to set our CPU Usage Preset to Ultrafast  which will hurt the quality of the video a little  So whatever CRF you were about to set  subtract it by about 3    Alright  now that we\'ve set CRF  change CPU Usage Preset to Ultrafast  like we said we would     Check "Variable Framerate" if your computer doesn\'t quite reach 30fps or 60fps in the game you\'re recording     nbsp      x264 Lossless         At the bottom section set Rate Control to VBR    Set VBR to 1024000  1Gigabit s   This won\'t be the final video size    Check Use Custom buffer size and set it to the same value    Set CRF to 0    Set CPU Usage Preset to Ultrafast    If your computer doesn\'t quite reach 30fps or 60fps check Variable Frame Rate at the bottom    And in the very bottom box  "x264 Options  separated by space "  type      qp 0  This sets the amount of data thrown out to zero  resulting in a lossless video     nbsp     NVENC Minimal Compression         At the bottom section  change Rate Control to CQP  In the field below  we\'re going to set a CQP value    So CQP stands for Constant Quantization Parameter  and it controls the amount of video data thrown out    A CQP of 16 gives  for the most part  "perfect" video    A CQP of 20 gives great good video    A CQP of 24 gives OK video  This is around Youtube quality    A CQP of 28 gives potato quality    However  there is a catch  We\'re about to set our Preset to High Performance  which will hurt the quality of the video a little  So whatever CRF you were about to set  subtract it by about 2    Set Preset to High Performance  like we said we would     Uncheck Two Pass Encoding     nbsp     NVENC Lossless         Set Rate Control to Lossless    Set Preset to High Performance    Uncheck Two Pass Encoding     nbsp    nbsp   Sorry for taking so long with the answer  and apologies in advance for bad formatting  mobile    
this is some serious denim inspiration  love it  👌
Videos in this thread    Watch Playlist   9654   http   subtletv com  r5laxuu feature playlist nline 1   VIDEO COMMENT      1   Bacchae\'s Sacred Chants  TWO SUNS IN THE SKY ΔΥΟ ΗΛΙΟΙ ΣΤΟΝ ΟΥΡΑΝΟ   http   www youtube com watch v xfSwoyrlJ8g   2   Φαλληφόρια   Φαλλαγώγια   Phalleforia   Phallagogia   ΛΑΒΡΥΣ LABRYS  http   www youtube com watch v BW1bbJEwe9c   5  https   www reddit com r Psychonaut comments 5laxuu   dbuscvp context 10 dbuscvp    I will gladly tell you more about my cultus  Latin for worship    Dionysus is a god of liberation  His epithet Eleuthereus  means \'The Liberator\'  He isn\'t just some frat party dude   He is a god of release into divine madness and revelation  the mea     Gman Half life 2 1080P HD  http   www youtube com watch v tXGyEq3OJSo   2  https   www reddit com r Psychonaut comments 5laxuu   dbucbgi context 10 dbucbgi    slay ing  my enemies with their own weapons  praise be  cognitive magic  Rise and Shine mister Freeman  1   The Slum   Episode 1  Deliverance  http   www youtube com watch v Uwo5rjiIEsQ   2   Unbelievable  Leopard Hesitates Before Taking Out An Impala Lamb At Birth  http   www youtube com watch v VjuHYvieJlw   2  https   www reddit com r Psychonaut comments 5laxuu   dbvnwr6 context 10 dbvnwr6    I\'m not sure about the sinister threat  I believe that everyone is in a lacking in understanding at this very moment blowing up a bigger sinister hatred towards these beings with so much "power" but in the end it\'s false information being shoved all     I\'m a bot working hard to help Redditors find related videos to watch  I\'ll keep this updated as long as I can       Play All  http   subtletv com  r5laxuu feature playlist ftrlnk 1     Info  https   np reddit com r SubtleTV wiki mentioned videos    Get me on  Chrome  https   chrome google com webstore detail mentioned videos for redd fiimkmdalmgffhibfdjnhljpnigcmohf     Firefox  https   addons mozilla org en US firefox addon mentioned videos for reddit 
Do it Jav   Happy New Years to you too and anyone else who reads this    You all got me through some tough shit since joining this sub and without even knowing it  ❤️❤️❤️
I so want a middle finger emoticon  I feel very deprived now   😞
There\'s matching pants and hats too 😊 enjoy 
Hill is having the best year of his career and he keeps getting hurt😂
As alluded to by  u SeriousCatt a lot of the viral stories used to build the narrative about "rising hate crimes in Trump\'s America" have turned out to be false     Confirmed Hate Hoaxes    18 and counting      There are more confirmed cases that I haven\'t yet cataloged   summarized  And many that have absolutely zero evidentiary support that they  even happened  apart from the initial allegation  and still more for which there is no evidence of  who  perpetrated the act     the Texas family whose   car and motorcycle were burned  and whose garage was spray painted with "n    r lover"    only to have the wife later reveal that   her husband had hoaxed the community by doing it himself    http   www dallasnews com news crime 2016 12 23 denton man set vehicles ablaze painted racial slur garage door wife says    the   black  "white supremacist" arrested for the infamous burned down black church which had "Vote Trump" written   on it  http   abcnews go com US wireStory fire marshal politics motive vote trump arson 44341228   South Philly graffiti      "Black Bitch"  "Trump Rules"    arrest made  turns out to be black "white supremacist"    http   www philly com philly blogs real time S Jersey man arrested in post election vandalism in South Philly html mobi true   young lady who was   arrested for fabricating a story about an attack by racists on a NYC subway while yelling "Donald Trump"    http   ijr com 2016 12 757186 muslim teen caught lying about trump inspired assault gets humiliating punishment    the young lady from Ann Arbor who   fabricated a terrifying tale of a Trump supporter threatening that he\'d burn the hijab off of her   if she didn\'t take it off  http   www clickondetroit com news ann arbor police womans story about being force to remove hijab did not occur   the University of Louisiana at Lafayette student who now admits she   fabricated her claim that men wearing Trump hats attacked her  knocked her down  and stole her headscarf    http   klfy com 2016 11 10 lafayette pd ul student made up story about attack stolen hijab      the brown "white supremacist" arrested for writing KKK and swastikas   at Nassau community college  http   patch com new york gardencity man who drew swastikas across nassau community college arrested police   the Bowling Green student who was   arrested after falsely claiming she was attacked and taunted with racial slurs by MAGA gear wearing Trump supporters    http   www wtol com story 33736486 bgsu student charged after reporting fake assault   another student at BGSU who   fabricated a story about a robbery and derogatory slur     http   www toledoblade com Police Fire 2016 11 19 BGSU Second report of slur attack false too html   a black man in Malden  Boston area  who claimed he was   forced to run for his life after being threatened with lynching  chased  and told that "It\'s Trump country now"    but then admitted he   fabricated the story    http   www bostonherald com news local coverage 2016 11 man admits to faking hate crime in malden   the   man who hung a nazi flag in SF    incidentally  across the street from his neighbors whose family members were Holocaust victims   only to later explain he   was making an anti Trump political statement    http   www sfgate com news article San Francisco homeowner s Nazi flag protest of 10605083 php   the   "courageous" throat punching  racist stomping woman who claimed to have bashed the fash   only to be inexplicably handcuffed for her trouble  but who police say   fabricated the incident    http   www mndaily com article 2016 11 umpd not involved in handcuffed university student   Williams College students who admitted they   wrote KKK graffiti and dumped fake blood in a church to "bring attention to the effects of the presidential election"    http   williamsrecord com 2016 11 16 two students admit to vandalizing griffin hall on saturday    bisexual North Park University student who school says   fabricated hateful pro Trump messages    http   www nbcchicago com news local north park fabricated notes 402556366 html   an Elon University hate message that received national attention   "Bye bye latinos hasta la vista"   but was later revealed to be   written by a Latino student who was upset about the results of the election and wrote the message as a "satirical commentary"    http   www elonnewsnetwork com article 2016 11 note found whiteboard kivette bye bye latinos   these Wellesley   college kids  accused of screaming racist and homophobic slurs  but were cleared of charges when it was determined they were only yelling "Make America Great Again"    http   www bostonglobe com metro 2016 12 19 pro trump babson students cleared wellesley victory incident RsIfPd27sNxqiXvnwOrhTJ story html   the   woman who was supposedly threatened at a gas station with a gun by Trump supporters    but who   never contacted police and has now deleted her accusation    http   www phillyvoice com police no official report ugly racial incident del gas station    the Pittsburg  CA   black  "white supremacist" whose sign reading "You can hang a n    r from a tree  equal rights he\'ll never see"   went viral  only to be later revealed that he   was protesting his mistreatment in probate court    http   kron4 com 2016 11 13 only on kron4 controversial banner causing uproar in pittsburg neighborhood   Of course  there were real hate crimes as well  and  even one hate crime is too many     That doesn\'t change the fact that a lot of the viral media the last 8 weeks or so have involved allegations without any evidence  with many being revealed to be hoaxes  "false flags"  or misunderstandings satire   I hope we can learn to be more skeptical when these stories emerge  so that we don\'t end up in a Boy Who Cried Wolf situation   Fuck hate and violence  and fuck those who through their lies cast doubt on the accusations made by real victims 
ಠ ಠ This is the worst thing I\'ve seen in a while  Upvoted  
I find your use of sarcasm disturbing 👌🏼
Wow man wow man wooooow great game ea 😂
I reverse engineered ETS2\'s pricing model  Using your own truck on the freight market is worth about 50  more than quick job  That\'s a big difference  You can easily see it by looking for the same job in both lists  ATS is comparable   Loans are so worth it  Most of each installment goes toward repaying the loan  with only like   18    1 6   for the 100 000 option  going to waste   Edit 2  The game says 18  per annum  but it\'s not even anywhere near that   If you play well you can repay it whole in a few game days  meaning you\'ve lost essentially nothing  But now you have your own truck with its 50  bonus  And soon enough  other investments like a larger garage and company drivers on the even cheaper 400 000 loan   Fright job 👻  I don\'t know       Edit to go a little deeper  Of course  using the freight market you have to drive to each new job  That\'s some overhead but not usually anywhere near 50  if you pick up a job in the same city  In the early game there isn\'t much price differentiation so that\'s just fine  Later in the game as you discover cities and unlock skills  there might be that special job over somewhere that you can\'t feasibly reach with your own truck  and quick job might sometimes be worth it  But by then you\'ve reaped the profits of your own truck many times over   Another factor you may care about is fatigue simulation  If you stick to shorter quick jobs  the only ones available early on  you don\'t have to sleep at all  With your own truck you\'re going to have to find places to sleep no matter what  preferably minimizing in game time loss  That\'s actually a good point because you still have to pay for your loans while you\'re asleep  and you sleep more than 50  of your awake time  Mind that your gains are only slightly slower in game time  in real time  your time spent playing  your own truck is definitely faster   One more reason to choose quick job is the freedom to drive from any city you\'ve discovered  Gives you more freedom to unlock new cities and such  if you have to rationalize it in terms of in game progress 
He couldn\'t do it since the dog kept barking at who ever got close to them  Don\'t worry though the were rescued later 😉 
I agree with you about Glossika   it\'s really shoehorning Thai into English syntax and whilst it can sort of be made to fit  it\'s pretty uncomfortable a lot of the time  Unfortunately  as you\'ve no doubt discovered  once you get beyond the basics  there\'s not exactly an abundance of materials for Thai but a few things which I have found useful in the past are    Thai Deaf TV youtube channel  https   www youtube com channel UCE1MbbMBoWMFhB1XbfXS Ag  Obviously there\'s a ton of stuff for the domestic market but this is one of the few channels I found which was subtitled     Thai NHK  http   www3 nhk or jp nhkworld th   I\'m not super interested in Japanese politics but they provide a daily transcript of their news podcast    Seeing Mole  http   www seeingmole com   has links to Thai films on file sharing sites  so mildly illegal and for some not acceptable  a few of which have Thai subs  I think you just need to trawl through looking at each entry individually   the bigger ones  especially GTH films  are more likely to have subs but it seems pretty erratic which get them and which don\'t    Some of the กบนอกกะลา programs  if you don\'t know  it was a mildly interesting documentary series on Thai TV  have English subtitles so you can reverse engineer the Thai from that  There used to be a lot of them on youtube   Have you looked at womenlearningthai com  If not  there\'s a pretty long list of resources there     First  they don\'t trill their  r   instead merging it with  l   Yes  That\'s totally normal  Newsreaders might pronounce their ร properly but it\'s usual in daily speech for it to come out as  l      they don\'t seem to say the consonant clusters  Yes  Again  this is very normal  The second consonant in clusters is often not pronounced at all 
That\'s an older call back  but it checks out 👍
  Netizens give good reviews for Infinite Challenge\'s Hip Hop x History songs      Star News via Naver  \'MuDo\' Kwanghee X Gaeko \'Your Night\'     1 on music charts   line up on the charts    1    13 282   73  Gaeko really made a good song   I got goosebumps the moment I heard it    2    8648   123  Gaeko recovered after SMTM  3    7776   80  Gaeko is the top    4    7074   81  Oh Hyuk\'s voice     thumbs up   5    6337   85  Gaeko\'s voice on its own set them way above anyone  the performance was just a luxury    6    2221   33  I cried while listening to the songs  can\'t believe Park Geunhye and Choi Soonshil ruined a country that people in our history put their lives at risk for  They\'re truly traitors  I\'ll never forgive them    My Daily via Naver  MuDo\'s Hip Hop X History  if they collaborate  it\'s an expected hit on the charts    1    12 510   151  Gaeko and Kwanghee\'s song is really food  I couldn\'t say anything else but \'Wow \' All the other songs are good too  especially that they talked about current events  2    9774   136  Gaeko was the coolest  3    5851   77  Wow all the songs today were touching  4    4873   76  MuDo\'s legacy  5    4510   74  All the songs are good         Naver TV Cast  Haha x Mino    1    3094   55  Song Mino    he\'s gotten even better  Haha was much better than I expected  2    2434   27  They really livened up the performance  3    1944   35  Wow  the song\'s so good    4    1735   26  The meaning of the twelve people gave me goosebumps   the song \'Shoot\' is so good    5    1669   31  Song Mino\'s really good     the song and the atmosphere matches very well  6    1557   23  Haha raps well    Naver TV Cast  Park Myungsoo X DinDin ft  Mad Clown    1    4378   20  Wow seriously DinDin\'s lyrics are so good  He only put in facts and I didn\'t know he could rap that well   The Dokdo Ri part is addicting too ㅋㅋㅋㅋ The song\'s really good  2    4030   15  To be honest their lyrics were the most refreshing  3    3703   10  "You already know  the truth" Daebak    4    2893   15  DinDin\'s much better than I thought     5    2658   9  DinDin always joked around so I thought he was only cute but after seeing him on stage  he\'s actually sexy  You\'re sexy DinDin    Naver TV Cast  Yoo Jaesuk x Dok2 ft  Lee Hi    1    2700   34  Dok2\'s rap was awesome     2    2645   28  I liked their wit for including famous sayings in the lyrics  3    1996   24  Yoo Jaesuk\'s part was the most fitting and refreshing for the current generation  4    1879   58  Lee Hi\'s crazily good     5    1555   24  Dok2 was perfect and Lee Hi\'s voice fit really well with the rap      Naver TV Cast  Yang Sehyung x BewhY    1    2197   30  Their stage was really cool  The song was good too  Yang Sehyung you worked hard     2    1740   20  Their performance was awesome ㄷㄷ  3    1606   21  Yang Sehyung\'s cute  BewhY\'s hook is so addicting  4    1578   19  The Korean flag at the very end  keeu   5    1373   23  BewhY obviously did well but Yang Sehyung\'s actually pretty good too ㄷㄷ    Naver TV Cast  Jung Junha x ZICO ft  NELL    1    2341   29  Wow NELL\'s vocal  Kim Jongwan  NELL  is on Muhan Dojeon   his vocal colour is so good    Zico hyung nim did so well  his rap and performance  2    1986   42  Zico\'s tweet  "Without leaving anyone out  I will keep all of you in my thoughts forever" there was this hidden message  Sewol tragedy   3    1689   49  The reason why Zico is successful  His music spectrum is so wide  From his old mixtapes  to Block B  to Kim Sejeong\'s \'Flower Path\'  and this song   I wonder if there\'s an end to Zico\'s surprises  4    1254   22  There\'s no future for those who forget history    5    1153   24  Cried during NELL\'s part       Naver TV Cast  Hwang Kwanghee x Gaeko ft  Oh Hyuk    1    12 294   59  I like this song the best  2    8838   147  As expected of Gaeko  Now that the generations are changing and more rappers are popping up  I still hold Gaeko as the top  1 in my heart   3    7694   71  They\'re a wall   I cried while watching   Oh Hyuk\'s voice gave me goosebumps  4    6898   41  Gaeko\'s class is on a different level  as expected  5    6871   163  Kwanghee did really well  Gaeko as a rapper did so well too   Inkigeul  http   inkigeul blogspot ca 2016 12 netizens give good reviews for infinite html 
Aww you\'re just a kid  You did the best you could  I like to say that the best we can really do when we feel guilty is work harder in the future  The fact that you feel guilt speaks volumes of your character😌
Hey  I just saw your other thread  I haven\'t insured my wedding and have never met someone that has  I think like you mentioned in one of your comments most venues and locations that hold weddings already have some kind of insurance  I\'m not really sure though  I\'ve wondered myself if it\'s something I need and how I\'d even go about getting it  We\'ve booked all our vendors so hopefully we\'ll be fine 😬
How\'s Australia   😎 my Instagram beeps at me sometimes  Other times it puts a badge icon  Rarely doesn\'t it consistently do the two  Lol  
I thought the game was ok  much better than any regular baseball video game   My mom only bought me that game because I was into MLB and played a lot of Mario games   I don\'t know how far I got in the adventure part  but I remember the mini games were usually a hit miss as far as weather I liked them or not   If I practiced enough  I could get pretty good at playing them and beat the high scores   The pitching mini game was the worse as far as trying to beat the high score   You have to throw the ball to hit the ♪ wall too perfectly every time and if you hit a regular brick wall more than once in a row  the mini game\'s over   Come on 
Omg SAVAGE  SAVAGE AF    🙄
I\'ve always wondered what it takes to get reddit gold given to you  I guess it just takes  destroying your neighbors house with a firework👌   BTW what\'s up with the green crown On this post and the other small Christmas tree being dropped from a balcony  
  Boku wa Tomodachi ga Sukunai       MAL  http   myanimelist net anime 10719    A P  http   www anime planet com anime boku wa tomodachi ga sukunai    AL  http   anilist co anime 10719    ADB  http   anidb net a8419      TV   Status  Finished Airing   Episodes  12   Genres  Comedy  Ecchi  Romance           anime      LN        FAQ  http   www reddit com r Roboragi wiki index        r   http   www reddit com r Roboragi        Edit  https   www reddit com r Roboragi comments 3i82q0 by mentioning his username roboragi can now       Mistake   http   www reddit com r Roboragi submit selftext true title  ISSUE  text https   www reddit com r animenocontext comments 5ld4uv haganai        Source  https   github com Nihilate Roboragi       Synonyms  https   www reddit com r Roboragi wiki synonyms       Subs   Dubs       ♥  https   www reddit com r Roboragi wiki thanks 
I do this 🙈
I like cheese too much 😫 and I\'ve tried vegan cheese and it\'s awful 
They don\'t want people to celebrate the new year because it is a christian tradition  People were arguing against it on TV thanks to Islamic bias in the country  Even Diyanet İşleri Başkanlığı  Religious Affairs Department   supposedly secular but actually Sunni Islam biased as hell  made imams talk against it during this friday\'s prayers  In Turkish we have an idiom  if you plant seeds of wind you will crop storms  That is what happened or it was RAD\'s way of warning people who knows   
Isn\'t this sub the best  I\'ve been going through some stuff also  but y\'all make me laugh my ass off  It makes the shitty situations suck just a little less ❤
Happy new year buddy  Here in Argentina still 23 39 pm  Almost there 😄
You\'re obsessed with me 🙄
I wait until it gets better  I hate wasting games when it\'s speed lagging and stuff 😂
Hello   Your tsv matches one of my eggs c    B1   3 3   Litwick  ♀    Modest   Flash Fire   19 1 31 31 31 31   Dark  0586   I was hoping to get you to hatch it  I will be gifting it to a friend if that is ok 
I\'d French kiss it for sure  Thanks for the share  😀
O yes love it  So hairy and thick😍
Now only the 1  can enjoy GTA Online 😝
Now who could the Bills possibly trade Lesean to  🤔  Maybe to a coach that respects Chip and has a fondness for hoodies  😈
This is a very agreeable GIF  😆  What movie is it from 
Dayum nice last one is the hottest   ͡° ͜ʖ ͡°  
I bet B1G champion Penn State would\'ve scored by now 🐸 ☕️ 
I was only kidding that\'s such a mean insult 😖
😂😂😂😂😂  I\'m jelly  Holding out that she\'ll grow tired of it and hand it off to DH  but it would draw too much attention in this town  
Tim Horton\'s is the shot ✌️👌👌
  Illustration     Akiyama Mio  http   pixiv net i 60309588  by  Runeko  http   pixiv net u 6338427     Tools used    Photoshop  CLIP STUDIO PAINT    Image resolution    800×1152    Published    Dec 10  2016  04 08 AM      I am a bot  and this action was performed automagically   ๑╹◡＜๑    info  https   www reddit com r Pixiv wiki pikushibu        r pixiv  https   www reddit com r Pixiv      Tip   you  can  skip  my  reply  by  adding  "p skip"  to  your  comment  
Need jailbreak for my old iPhone 4s  so I can downgrade to iOS 6😍😍😍
Hi  u CantEvenUseThisThing  Your submission has been removed because your flair isn\'t set up correctly        Set up your flair here   http   pokegiveawaybot tumblr com  btn  If that doesn\'t work     here is a visual guide     http   i imgur com qKw7Hto png  Please enter one in the format  1234 1234 1234   IGN   by using the  edit  button in the sidebar where it says         ☑ Show my flair on this subreddit  It looks like      3333 3333 3333   Ash Ketchum  ΩR       edit     Make sure the box is checked to enable flair  If you don\'t know how to find the 12 digit number you need  please check out    this guide    http   www modojo com features nintendo 3ds friend codes everything you need to know  to find your friend code     I am a bot  and this action was performed automatically  Please  contact the moderators of this subreddit   message compose  to  r Pokemongiveaway  if you have any questions or concerns  
  DO NOT DELETE ANY COMMENT OR YOU WILL BE BANNED   Hello  u melissamyth  your comment has been automatically removed  NOT deleted  because you have not set your flair  Visit  this page  http   139 59 195 159   to set your flair   After you have received a confirmation message that your flair has been set  you will have to make a new comment because this comment has been removed  If you have set your flair using the link above then please make sure the  Show my flair on this subreddit   box is checked to enable your flair           ☑ Show my flair on this subreddit  It looks like           0000 0000 0000       If you don\'t know how to find your 3DS Friend Code  please check out  this guide   http   www modojo com features nintendo 3ds friend codes everything you need to know            Comment    IGN  Azura  Trainer Description  pale skin  blue eyes  platinum blonde hair  Sandygast  Melissamyth  female  23  quick ball  GTS message  I want to fill my pokedex with other languages  My game language  English  Nature of ditto requested  Modest             I am a bot  and this action was performed automatically  Please  contact the moderators of this subreddit   message compose  to  r BreedingDittos  if you have any questions or concerns  
It\'s still retarded  Happy new year ❤️
We just got done with a graveyard tour in Charleston  The cemetery at the Circular Congressional Church was my favorite  We didn\'t get any romantic pictures though  I was too busy chasing ghost orbs  😅 
Very nice PJs😌I saw your last post  I think I have found my new favorite redditor  HNY    
My own list   reasons   1     Oculus Medium    mind blowing VR sculpting   2     Google EarthVR    Superman simulator  you can fly anywhere    ☺   3     AltspaceVR    social VR multiplayer experience   4     QuiVR    VR archery   5     Smashbox Arena    VR FPS multiplayer  it is really cute   funny   Some "honorable extras" that I want to mention too    VRTitties      well    it is about    human anatomy  lol     ☺       Virtual Desktop    I guess with better resolution  e g  when CV2   CV3 arrives  possibly I will use only a VR headset instead of my monitor    Project CARS    a really good VR racing game    Space Pirate Trainer    pew pew pew  shooting laser is fun    
Me toooooooooo  If I wasn\'t passed out I\'d be on the verge of blacking out  Watching a movie with my wife and drinking a Fresca would\'ve sounded so lame to me in years past  Couldn\'t be happier 😊 
I\'ve never even heard of these games 😅  What is "Banished" about  That title seemed the most intriguing  
That\'s not Spike Lee  😂
I was about to read the entire thread contents until I seen "Luca" "stop asking" and "jailbreak"    I said to myself  "Self    This is another one of those   BuildKarma   threads so stop reading and go ahead and post something that others will waste their time reading and then   DownVote   you for wasting their time like the OP has done to them too   "  So I did it 😁 Happy New Year 🎉🎊
Won\'t happen  at least not before a very long time  FDev barely managed to do power play and maintain balance in the game since they dropped Engineers  so don\'t plan on seing player capital ships for a long time   That\'s the thing that is stupid with multi crew  what\'s the point in introducing multi crew with the actual ships rather than keeping it aside when FDev drops capitals for players  I really don\'t understand how they are driving their game  it just seems to be more and more freestyle  like "Let\'s do it  idk what will happen lol   ¯   ツ   ¯"
http   ftw usatoday com 2015 11 watch espns hilarious tribute to the surrender cobra      I asked a Donalder who watched HRC\'s results "party" with abiding schadenfreude if there were any surrender cobras    s he enjoyed the notion   confirmed there were lotsa cobras 🐍🐍🐍
You know it   😆😆
Good luck with getting 1 to start it off 👍🏼  Or do you mean you started earlier in this year  
I\'m sitting in mid 1700s right now   it doesn\'t take me too long to get a fair amount of Zenbeans to buy some stones with    Idk  it works fine for me   I\'m not very high AP so that\'s pretty much all I\'ve really got   😐
Awh  look at that smile ☺❤
So glad someone else knows my pain 😂 😂 
Took an extra muscle relaxer and sent a naked pic to my metamour   She saved it   ¯   ツ   ¯
Happy new year guys  Best of luck to all of you  😊
I don\'t really like the FHR  has to much recoil for my liking  Have to use the common variant that reduces recoil and a grip and by that point other SMGs are superior 😬
That nipple piercing😍💦 You spending it alone 
It\'s 9 44 and you still haven\'t scored 😂
I was told that today  It does indeed suck 😔
Lol pay no attention to him 😛 
Maybe OSU and UM were overrated and the ACC was underrated 🤔🤔
It\'s some laughing therapy for sure  I refer to you all as my friends to my husband and he just laughs  For example when I saw Javi post this pettiness I told my husband "I have to share this with my girls on Reddit " 😂
Sitting on the couch drinking pink champagne and watching the office 👌🏻
Looks chill  I have to go to some party with a bunch of people I don\'t know  😑
Be strong  💪 It\'s like getting a DAY PASS  •to crazyville😷 
I just made a threat about the pseudo vitamin I\'ve started taking   inositol  Also zinc helps hugely   I\'ve also been using the oil cleansing method with a konjac sponge  toning with witch hazel and rosewater and then at night using pure organic rosehip oil for scarring  I\'m nearly done with acne   I\'m gonna try this aloe mask  It\'s REALLY easy to grow in a garden or even in a pot on a windowsill  we\'ve got it growing all over the garden  Thanks for the tip  💕
Keep an eye NYC officers tonight  Wtf going on this planet I wanna live in Mars the rest of my life 😑
Thanks    Was lucky enough to catch a Charizard in Canberra   Only need a Lapras now  👍🏼
Sorry to hit you wth the well actually 🙃but   well actually  the Rat has a low pass filter  Also that thing doesn\'t get clean  
Oh that makes a lot more sense  Good luck    Oh and  if you\'re not giving oral at any point during sex  you may be doing it wrong  So oral 156 times  3x per week      I just realized I forgot how many weeks there are in a year   52 or 54  🤔
She\'s a very lucky lady 😘
Shit I hope it\'s okay  I dosed 5g of kratom at 2 today and plan to take some E tonight 😧
I forgot about Obamacare  ๏д๏  Don\'t worry  democrats will come back in 4 years  maybe 8  to save us from those republicans that want to destroy everything 
Typical youtube comment on the video  "what have these islamist fucks contributed to the world  NOTHING  Wipe them out already ﻿"
Socks in the fridge  yogurt in the hamper    ¯   ツ   ¯
I\'m with u Prettybookworm    I\'d love to hear that   more sweet impreg aaaaahhhh  💜
This is awesome  If my life were in a different place I would totally do this   Good on ya😁
And then they set it to the highest difficulty 😐😕
Oh so wrong  😂
Yeah i installed it and noticed that  i couldn\'t handle it 😂 back to bloard  p 
I spit out my soda when I read this  😂
Or sex     Just blitzkrieged the house top to bottom because a FWB is cumming over tomorrow 😇
I say go ahead and get a 3DS IF you can get a really good deal on it  aka    100 USD   The system has some great games on it that may or may not see new installments or remakes on the Switch  and since it is coming to the end of its life cycle  the games you see are what you\'ve got  and some are gonna be cheaper now that they\'ve aged   😉
ESPNdeportes just compared Ohio state to rounda rousey 😂😂😂😂😂😂😂😂   So much funnier in Spanish 
Hi  u kyuuvy  Your comment has been removed because your flair isn\'t set up correctly        Set up your flair here   http   pokegiveawaybot tumblr com  btn  If that doesn\'t work     here is a visual guide     http   i imgur com qKw7Hto png  Please enter one in the format  1234 1234 1234   IGN   by using the  edit  button in the sidebar where it says         ☑ Show my flair on this subreddit  It looks like      3333 3333 3333   Ash Ketchum  ΩR       edit     Make sure the box is checked to enable flair  If you don\'t know how to find the 12 digit number you need  please check out    this guide    http   www modojo com features nintendo 3ds friend codes everything you need to know  to find your friend code     I am a bot  and this action was performed automatically  Please  contact the moderators of this subreddit   message compose  to  r Pokemongiveaway  if you have any questions or concerns  
Ayeee       👍👍 in my "the Fonz" voice   Then I hit the jukebox and Great Balls of Fire starts playing   
Cocaine is not a good thing  just thought I\'d let you know   ͡° ͜ʖ ͡° 
I\'m wrapping up week three tomorrow 💪
Hey you know what they say about guys with big foreheads 😉
I\'m knocking on the door in all of these contests but Raymond Felton 😭
America is anywhere it wants to be 🇺🇸
Here\'s to the friendless 😘   You are MY friends   I got the flu so I have an excuse
Chappy is obtained through fusing of two random ★3 items  
Be careful there is some hardcore 21 Fanboys on here 😂
You laugh but when was the last time you checked used jeep prices  The cheapest I found was 20k with 100k miles for a 2013  with no extras 🤔
Hi  u yamatha1995  Your comment has been removed because your flair isn\'t set up correctly        Set up your flair here   http   pokegiveawaybot tumblr com  btn  If that doesn\'t work     here is a visual guide     http   i imgur com qKw7Hto png  Please enter one in the format  1234 1234 1234   IGN   by using the  edit  button in the sidebar where it says         ☑ Show my flair on this subreddit  It looks like      3333 3333 3333   Ash Ketchum  ΩR       edit     Make sure the box is checked to enable flair  If you don\'t know how to find the 12 digit number you need  please check out    this guide    http   www modojo com features nintendo 3ds friend codes everything you need to know  to find your friend code     I am a bot  and this action was performed automatically  Please  contact the moderators of this subreddit   message compose  to  r Pokemongiveaway  if you have any questions or concerns  
  Juan Awesome Guy  Soory bout the Mail 😭
🖐
Where you find the wheat  They\'re so 🔥
I\'m really so sorry  You\'re not selfish  You\'re not selfish  You\'re not selfish   Don\'t apologize for "ranting" that\'s why we\'re here  😊  I\'ve described the concept of the double bind before  sorry if you\'ve run into it already  Our therapist shared this with us and it\'s so applicable to you right now    A double bind is when there\'s no win win solution    Option 1  A win for your mom would be for you to carry on like nothing has happened or pretend that nothing will happen again  Just to be swept away by her rip tide  Placate her at her will and whim    Option 2  A win for you would be space      communication not motivated by FOG and unconditional  normal  mother daughter love    Since  2 wouldn\'t make her happy  and quite honestly something would eventually make her unhappy with  1 too  you have to choose YOU  The decision that leaves you intact  There is no winning with a PD  so you have to do what\'s safest best for you    Idk what exactly that looks like for you  But take time before you call her back if you need it  That\'s ok  If that\'s your version of  2  taking a moment before you respond  do that    The crossroads you\'re at are not going go away   You\'ve been there so many times before  it\'ll keep happening  But I love that you know  that full contact is "soul destroying" for you  It\'s powerful to admit that  We\'ll support you no matter what you do  Hug  💜
Well  it\'s 3 5 hours to new years here and I\'m on reddit alone  so why not   I\'m a 28 year old \'merican male   I work as a diesel mechanic on semitrucks to pay the bills and am studying journalism for what I hope to be a long term career     When I\'m not working  it\'s generally safe to assume I\'m either reading  working on Alan Moore\'s Jerusalem ATM which has been damn good   playing computer games  story driven single player games  not particularly competitive   studying  or drinking and writing  the two go great together IMO    It would be cool to find someone else into writing to bounce  what we\'re working on off each other   Happy New Year to all 😊
  Illustration     Happy Newyear   http   pixiv net i 60685232  by  Heytwo黑兎  http   pixiv net u 3563359     Tools used    Photoshop    Image resolution    1920×1200    Published    Jan 1  2017  12 58 AM      I am a bot  and this action was performed automagically            info  https   www reddit com r Pixiv wiki pikushibu        r pixiv  https   www reddit com r Pixiv      Tip   you  can  skip  my  reply  by  adding  "p skip"  to  your  comment  
 Except there don\'t seem to be any real \'Feminist Dace Therapy\' courses or majors    Ya don\'t say    😲😲😲😲😲 
No thank you 😍😘
  ͡° ͜ʖ ͡°  Dabbing is the future of THC consumption 
I got banned for calling muslim terrorists sand monkeys 🐒 
I have read some chapters，like the title implied it is a well written and fundamental book。If I had started with this one would have saved me a lot of time。Even though I have already know most of the aspects of ruby，I still like to read it。  If you wanna get quick solutions，I suggest The Ruby Way，it reads like a cookbook  There sure is a cookbook by OReilly by the way   And the “Effective Ruby 48 tips   ” is another good resource that talks about the best practice of ruby。I like this book。   
  ͡° ͜ʖ ͡°  Things getting Nsfw  If so you should move off the daily post  rule 4   Don\'t print smut on the newspaper    I am a bot  and this action was performed automatically  Please  contact the moderators of this subreddit   message compose  to  r MigrantFleet  if you have any questions or concerns  
You got one schwifty secret santa 🎅 
My own list   reasons   1     Oculus Medium    mind blowing VR sculpting   2     Google EarthVR    Superman simulator  you can fly anywhere    ☺   3     AltspaceVR    social VR multiplayer experience   4     QuiVR    VR archery   5     Smashbox Arena    VR FPS multiplayer  it is really cute   funny   Some "honorable extras" that I want to mention too     Virtual Desktop    I guess with better resolution  e g  when CV2   CV3 arrives  possibly I will use only a VR headset instead of my monitors    Project CARS    a really good VR racing game    Redout    futuristic space racing     Space Pirate Trainer    pew pew pew  shooting laser is fun       The Lab    it is a pretty comprehensive VR experience    Universe Sandbox 2    playing god in space is really awesome    VRTitties      well    it is about    human anatomy  lol     ☺   edit  formatting
Doubt it 😂😂
Sure  no problems with that  Just thought you should know  It\'s not a font issue  Waw is waw  ו  and yod is yod  י   In the Dead Sea Scrolls  the word is spelled אמין  Dead Sea Scrolls like to use a lot of consonants for vowels   I likely would have gone with אמונת יהוה  
ay whats po🅱🅱in  🅱
Yeah ikr  thanks for the sympathy 😊
Because you don\'t just set up shop in a fucking fast food restaurant   Why don\'t you just bring a hot plate to the library and spend all day cooking   Edit   not bothering the people at their homes  👍👍👍
Sorry for your loss     That\'s a lot of baby color yarn  😊
You\'re probably joking but just in case  i\'ll do an ELI5   The argument    "If we came from chimps  why are they still around " Is like saying    "If I came from my parents  why are they still here "   Although even that statement is wrong  because we didn\'t evolve​ from chimps  we evolved from a common ancestor that we shared with chimps     So to put it crudely  the last common ancestor is the parent  chimps and us are the offspring  and in this scenario we would be the younger sibling    And even that doesn\'t cover it fully but it\'s nearly 3am and I\'d like to sleep   
ok then   Deposit something and ask for a female Whimsicott！
Grail jacket  been looking for one forever  Looks great with your fit 👌🏽
Just don\'t piss on the ground and be cute for the girls I bring home and we good 👌🏻
 okay all im sayin is that ya really gotta jam it in as hard as you can 👉👌   stg 
coal   kōl   a black or dark brown combustible mineral substance consisting of carbonized vegetable matter  used as a fuel   Compare anthracite  bituminous coal lignite   2   a piece of glowing  charred  or burned wood or other combustible substance    thank you dictionary com  didn\'t see discrimination of mineral oils or whatnot in there  But thanks for the downvote due to you not understanding "coal" is a generic term 
Started December 15th  got my first Rank 5 last week  Have 3 mutant T4  and I\'ll be able to r5 a science and technology soon   I finished ROL 2 weeks ago  and Act 4 last week  I\'ll have Road to Labyrinth 4 6 done in a day or two once I farm units  52 4☆  17 rank 4  5 5☆ and 2 rank 2    http   i imgur com Ai6D2tL jpg
Muslims waste no time ☝
I have a similar TV Fool report and I tried the GE 33692 in my attic   It was odd that I couldn\'t get our local NBC affiliate in Atlanta which was 15 miles away   They are a VHF station   I had no issues picking up the CBS affiliate that broadcast in VHF and was 18 miles away in the same direction   I ended up going with a Clearstream 2V from Walmart   It was an easy build and very stable compared to the GE   I put a Channel Master amp because we have a 2 story house with a drop in all 4 bedrooms  living room and den   We only have 3 TV\'s on the network   I scanned the TV and only got 97 channels  LOL  Unfortunately  there were only 11 watchable channels from a programming perspective  😉  I was a DirecTV customer until the cord was cut last month   I have been amazed how great the OTA quality is compared to the satellite  It is like having a new TV    I used https   www antennasdirect com antenna selector html to help with an antenna choice   Good luck in finding the right Antenna  
Real 引き籠り don\'t live in the middle of the busy city  we live on the outskirts   Only way to ensure proper isolation 
Or I could have  160 000 on payroll tax debt from 2009 when we were booming in early 2008  the economy crashed in late 2009  cause all of my creditors to recall their loans early 2009  which in turn lead me to fall behind on taxes for which penalties and interest are insane on    Meanwhile health insurance for my employees and myself skyrocketed and the economy became stagnant under Obama   I could quit and fire all my employees or I can live in poverty until fixed    If I quit  I am still personally responsible for the tax debt as officer for the company  which means they would garnish 25℅ of my wages until it\'s paid off 
All you have to do is ask 😊 but be specific haha
  high five    A gamer too  My sister from another mister  😸
You\'re not alone  😬
Great if he could come back 😂
Sick at home drinking 7up for my sad tummy  Might spike it with some Pinot Grigio if I start feeling a little better  😞
Oh damn I like those  Those will probably be my next purchase  🤔 
Hope everyone has a great new years   gets super skinny like Gucci   🎉♥️ xoxo 
  Gatchaman Crowds       MAL  http   myanimelist net anime 18229    A P  http   www anime planet com anime gatchaman crowds    AL  http   anilist co anime 18229    ADB  http   anidb net a9820      TV   Status  Finished Airing   Episodes  12   Genres  Adventure  Sci Fi           anime      LN        FAQ  http   www reddit com r Roboragi wiki index        r   http   www reddit com r Roboragi        Edit  https   www reddit com r Roboragi comments 3i82q0 by mentioning his username roboragi can now       Mistake   http   www reddit com r Roboragi submit selftext true title  ISSUE  text https   www reddit com r anime irl comments 5ld69l anime irl dbust03       Source  https   github com Nihilate Roboragi       Synonyms  https   www reddit com r Roboragi wiki synonyms       RoboRecommendation™  http   anilist co manga 85143 SinuiTap       ♥  https   www reddit com r Roboragi wiki thanks      💰 
Is that what she looks like now  😍
unless your my husband apparently   every time I leave the bay leaf in he tries to eat it😂  But I agree   easy to eat around  
😂
Yeah   I used to have like 5k interest but then I bought stamps so I think I have like 500 now ಥ ಥ Congrats though 
Well said   I agree completely   Your comment made me also think about how humans treat animals  which is even worse than the way humans treat each other   I think that the two are related    those who treat animals badly are very likely to also treat humans badly     “Compassion for animals is intimately associated with goodness of character  and it may be confidently asserted that he who is cruel to animals cannot be a good man ”  ― Arthur Schopenhauer  The Basis of Morality
😒  maybe  you wouldn\'t have to have your life saved if you put the right stuff on your wishlist 🤷🏼‍♀️💁🏼
General → Keyboard  Flip the switch next to the Character Preview label to the OFF position to disable the feature   D
Happy new year to you too  sweetie 😍
Maybe he went 1 2  🤔
Hi  u WhyNotThinkBig  Your comment has been removed because your flair isn\'t set up correctly        Set up your flair here   http   pokegiveawaybot tumblr com  btn  If that doesn\'t work     here is a visual guide     http   i imgur com qKw7Hto png  Please enter one in the format  1234 1234 1234   IGN   by using the  edit  button in the sidebar where it says         ☑ Show my flair on this subreddit  It looks like      3333 3333 3333   Ash Ketchum  ΩR       edit     Make sure the box is checked to enable flair  If you don\'t know how to find the 12 digit number you need  please check out    this guide    http   www modojo com features nintendo 3ds friend codes everything you need to know  to find your friend code     I am a bot  and this action was performed automatically  Please  contact the moderators of this subreddit   message compose  to  r Pokemongiveaway  if you have any questions or concerns  
THE Ohio State University 🙃
Let\'s ring in the new year together 😉  r looking suspicious 
My ex boyfriend introduced me to it so we can play together   I got hooked and after playing ranked I was placed in Bronze 3  higher than him and his friends combined 😂
  You might want to check your source there  because the data shows more significant donations in the opt in system  Congrats  You played yourself   No  it says that people felt as if organ donation was a more significant act in an opt in system  Meaning that they felt as if it was a bigger sacrifice  rather than considering it a routine action  like paying taxes   "American participants in Study 1 rated participation as a signiﬁcantly more substantial action when agreement was purportedly obtained under opt in rather than opt out conditions  and nonagreement as a greater abrogation of responsibility when that decision was made under opt out rather than under opt in conditions"  No one is taking away anyone\'s right to throw their organs away  they are just changing the assumption that it is the standard practice  There is no moral  legal or ethical reason to consider it the standard other than a blind adherence to tradition 
Oh wow that\'s just terrible  😒😒😒
  DO NOT DELETE ANY COMMENT OR YOU WILL BE BANNED   Hello  u Ozzyh26  your comment has been automatically removed  NOT deleted  because you have not set your flair  Visit  this page  http   139 59 195 159   to set your flair   After you have received a confirmation message that your flair has been set  you will have to make a new comment because this comment has been removed  If you have set your flair using the link above then please make sure the  Show my flair on this subreddit   box is checked to enable your flair           ☑ Show my flair on this subreddit  It looks like           0000 0000 0000       If you don\'t know how to find your 3DS Friend Code  please check out  this guide   http   www modojo com features nintendo 3ds friend codes everything you need to know            Comment      IGN  Ozzy    Trainer Description  male  black hair  brown skin  white shirt  beige hat    Sandygast  female  21  quick ball    GTS Message  I want to fill my Pokedex with other languages     Your Game Langauge  ENG    Nature of Ditto requested  Jolly          I am a bot  and this action was performed automatically  Please  contact the moderators of this subreddit   message compose  to  r BreedingDittos  if you have any questions or concerns  
I\'ll second that Nate 🍹👌
Hi  u WhyNotThinkBig  Your comment has been removed because your flair isn\'t set up correctly        Set up your flair here   http   pokegiveawaybot tumblr com  btn  If that doesn\'t work     here is a visual guide     http   i imgur com qKw7Hto png  Please enter one in the format  1234 1234 1234   IGN   by using the  edit  button in the sidebar where it says         ☑ Show my flair on this subreddit  It looks like      3333 3333 3333   Ash Ketchum  ΩR       edit     Make sure the box is checked to enable flair  If you don\'t know how to find the 12 digit number you need  please check out    this guide    http   www modojo com features nintendo 3ds friend codes everything you need to know  to find your friend code     I am a bot  and this action was performed automatically  Please  contact the moderators of this subreddit   message compose  to  r Pokemongiveaway  if you have any questions or concerns  
Ladder from the roof   😜   But seriously  i would access from the roof  
Hi  u CantEvenUseThisThing  Your submission has been removed because your flair isn\'t set up correctly        Set up your flair here   http   pokegiveawaybot tumblr com  btn  If that doesn\'t work     here is a visual guide     http   i imgur com qKw7Hto png  Please enter one in the format  1234 1234 1234   IGN   by using the  edit  button in the sidebar where it says         ☑ Show my flair on this subreddit  It looks like      3333 3333 3333   Ash Ketchum  ΩR       edit     Make sure the box is checked to enable flair  If you don\'t know how to find the 12 digit number you need  please check out    this guide    http   www modojo com features nintendo 3ds friend codes everything you need to know  to find your friend code     I am a bot  and this action was performed automatically  Please  contact the moderators of this subreddit   message compose  to  r Pokemongiveaway  if you have any questions or concerns  
J K  Rowling “I solemnly swear that I am up to no good ”  ― J K  Rowling  Harry Potter and the Prisoner of Afghanistan
Congratulations on your engagement and  hopefully  losing the crazy roommate  😁 Could we also get your great grandmother\'s frybread recipe  I would love to make some tomorrow for New Year\'s    With black eyed peas of course 
Go troll someone else\'s post 🙄 I don\'t have time for idiots  
Perfect time for one I think  ☭ 
Thanks  haha switched Kong in for Gale and skilled Taurus some more and went from 15 in arena to 2  😄👌
More impreg is definitely in the cards  💕
My Outback isn\'t tan  but I still wave  Other Subarus don\'t though 😔
BRUH😂😂😂
Do you think the Ohio state staff is ordering the pizza right now 🍕 
hello  D   Your tsv matches up to one of my pokemon  B1   4 3   Litwick  ♂    Modest   Flash Fire   31 11 31 31 31 31   Dark  0634   Could you nickname them Whisper 
You can often find Mac icons on  dribbble  https   dribbble com mfuxd buckets 224455 Mac Icons    There used to be dedicated curation sites  like  Iconpaper  http   www iconpaper org category mac icons    but I don\'t know of any that are still active 😔
😂😂😂
gorgeous curls  and a face to match 😉   hope you cheer up  3 
Jeffrey Campbell shoes   I have the same pair😉 love your look  You\'re a badass 
Actually it would be で since rain falling is an action  something that is occurring  not an object that exists in concrete space  If we were talking about a lot of people  or a lot of some object existing  rather than happening we could use に instead  We could also just use は alone without either で or に 
sweet messages ❤️️  good to hear about them being happy with their accomplishments and excited for what\'s to come  i\'m sure 2017 is going to be even more amazing for them  happy new year  everyone    
Okay  I will  Since you have the device  do you experience any lag at all  Stuttering  Oh and also  Happy New Year  🎉🎉🎆
My friend    Don\'t under estimate the power of prayer  Let\'s pray for our neighbours  It\'s sad what\'s happening there 😢
I was at this game  Not bad but watching a bunch of 50  year olds is kinda slow 😂
It\'s 2017 here  So what a bad start😒
Is it still down  I have friends over so don\'t want to keep popping in to check  😬
Yes  be concerned  But also know at the end of the day  there\'s not much we can do to 100  prevent thieves  And   don\'t leave valuables in your car  😕
This is why I should become a mortician 😈
Your welcome  😘
fucking spectacular year for them  love their entire fucking roster  chronostasis is still my fav track to this day ♥
They\'re bad at reading their market tbh  Wii  NES mini… the Switch    will    be under shipped  better act fast 👀
Confirmed  1 delta awarded to  u SullyDuggs   1∆   r changemyview wiki user SullyDuggs       Delta System Explained  https   www reddit com r changemyview wiki deltasystem       Deltaboards  https   www reddit com r changemyview wiki deltaboards   ​  HTTP   DB3PARAMSSTART     "comment"  "This is hidden text for DB3 to parse  Please contact the author of DB3 if you see this"    "issues"        "parentUserName"  "SullyDuggs"   DB3PARAMSEND 
FH and I did this on Valentines Day last year after being together 5 years  Either we have very similar taste in cards  or  we both left it to the last minute and found that the coolest design left in Marks   Spencer\'s selection was a \'cute\' slot machine which spelt out LOVE  You decide ¯   ツ   ¯ 
That moment i cringed during the video cuz i thought his voice sounded like mine but you seem to like it even though i hate my voice 😂
😃
Oh Trump   how could I forget that one 😒😒😒   Thanks for sharing M  Hope 2017 is better for us all ❤
I think this makes him un🌊 
I\'ve got that one  Big time  I call it "paying the toll"  If something good happens I feel nervous that I\'ll have to pay for it somehow    My BPD mom would say very similar things to me too  Look at your kiddos  how happy does it make you when  they\'re  happy  I live for that sh t  I cannot imagine looking at my happy kid and being all  "Don\'t be too happy  it\'s all going away " Who does that     If I had an awesome time somewhere or god forbid with  someone  I\'d hear all about how it wasn\'t really that nice or that person isn\'t really that into me or treating me well I mean  after a sleepover she\'d wake me up early ass and have a crazy list of things for me to do  Not normal  It\'s not normal to do that to your kid  Hang in there  It\'s the BPD voice lying to you that you hear in your head  It\'s not you    You deserve the goodness  You deserve the happiness  You deserve that love from your family unit  Hug  💜
 The one that went into the freezer    ☞ﾟヮﾟ ☞ ☜ ﾟヮﾟ☜   Likely The Adventure Time BMO I hand traced  It is unfortunately a Pancake larger than most dinner plates so   not very handy size  but a fun pancake  It\'s in my twitter history somewhere    
More Fate shit   The stars have aligned  my skin is clear and God is making up for 2k16 bs with Fate goodness  ʕథ౪థʔ
 Seem to have   UHD  Having a hard time believing they have UltraHD    People can barely do regular good 720p HD  so 4K    Lmao 😂
Oh   I apologize for my confusing web design–the icons at the top  around the "download macOS core pack"  button are all the macOS replacements I\'m referring to in the title  and they should all be recognizable  the download has them labeled as well      The ones below  in the "more icons" section  are all for fun or for specific third party or otherwise non core apps  you probably only want to download them if you already know what they\'re for   Sorry again about the confusion 😔
Yes  ha  I was in a rush  but next time  ☺
Delete it yourself 😑
I don\'t even  What even is anything  😎
Korean fusion food is my current fav but i also eat a whole lot of cheetos   Fav drink is the fiery bitch  Its hot coffee​ with rum  everclear  red hots  and whipped cream    Im a Gilda fan   And i love all music  https   youtu be u6xRSafBV8o  Bong at my stable and pipe on the go       
I don\'t remember what the specific video was  I took this a couple of months ago😜
You deserve to be worshipped  At least three times 😋
😂😂😂
Thanks for the reply  I haven\'t been n trying to figure this out for a while  😂
Chip Kelly just got fired 🤔
Omg   that made me laugh 😁
I think it\'s something like  saχtχ   The r\'s are pronounced like German "ch"  but softer 
Keep staying positive  You\'ll be up on your feet in no time   And yay for coloring heehee    Happy new year 🎉
😀😀😀 Happy New Year and congrats    
He grabbed the ball off the backboard 😳
Mmm Tasty    👅
Your strategies are so similar to mine   I have covered my face to do my hair  too 🙂  When I am in the bath  I soak for a while but I keep something in both hands   I don\'t even look at my skin   If I look I will find something to pick   I rub down with a towel without looking and put lotion on with a washcloth   The less I look at and touch my skin the better off I am   I try to never touch my skin with my fingers  as my therapist recommended   I use cotton balls  wash cloths  etc   I use only powder because you don\'t have to get close to a mirror to make sure your makeup is not smeared   My mantra is "Don\'t look   Don\'t touch " And  for me  it is absolutely critical I go to bed as early as possible   Basically the less I look at or touch my skin the better my skin is   🙂  And it is freeing to not focus on my skin   Frees up time to actually do some fun and also some constructive things   
No   only the million krw package   You can switch to English using the top right settings   Look for 한국어  
Kangaroo was fine  as was the dog  as was the man  People always want to find a reason to be outraged ﻿
Those soles😍
Kek ty my friend 👍
It\'s such a good name for a pug ❤ 
Looks like they have a very low nominal value for today\'s shipping prices 😬
Thank you so much 😄 god the more I hang around here the more I realize everyone here is super nice  Wholesomememes is all talk  you guys actively make life better 
It\'s an ＯＣＤ type thing  makes total sense to me because I\'m afflicted by it to  I actually "fear" certain pieces of software will be discontinued because they\'re by too small of a company  so don\'t risk using them and having my life depend on them  I use something called WorkAudioBook  freeware by one man  It has a weird thing that you are REQUIRED to register it  I wonder what happens if he dies in a plane wreck  I\'ve contemplated a bunch of times asking if I can become a donor and get a sort of permanent key just in case  My life depends on it at the moment  over 900 hours spent working in it in 2016。
Hey boo 😘  My New Years resolution is to spread my love and joy to other subs hunty
DUDE  Same  I totally refer to "we" and "us" when talking about ya\'ll  I also tell my hubby ya\'ll are my friends  Lol  This is great  Happy New Year  Sending Love 💝
I live in Izmir which is modern city in Turkey  And today i saw that shit banner in my city  I wonder why these radical muslims thinks celebrating "new year" is wrong  You know what we call these radical muslims in Turkey  We call them "potantial isis" because their ignorance leads them even they dont know the difference between Chirst birthday and new year  Fuckingerdoğnlovers  
Demon Hunters busting the Warlock hall    So   you guys are raising a demon army with the help of a Eredar skull and the Scepter of Sargeras        Yes            And what is the pool of Pit Lord blood for   Nooooothing  It\'s for um show  To make us look spooky  😇 
Joe ie is your only man lmfao 😂
Gotta say before this video I thought Reynard was just fairly stuck up but he\'s actually really impressed me with that rant 😂 good to see somebody who is passionate about a quality product these days  will definitely be getting the new app when it\'s released  
Fuck yes  good sir  My family helped start Sobieski  they grew sugar beets in Osowo Leśne  just south of the distillery in Starogard Gdański    When I came home from Poland in October  I smuggled 15 bottles of Nalewka    Siwucha to życie    
Awww    Oh  My  Goodness  You\'re going to make me blush  mister    Thank you so  so much you are adorable ♥
Hello  May you please hatch this egg for me     Pokemon  Wimpod  ♂    Adamant   Wimp Out   31 31 31 31 31 31   Dark  0026    Nickname    None     IGN  WDPK 83 7 FM   FC  0318 8266 4076    Timezone   GMT  6  http   www timeanddate com worldclock canada stonewall    TSVs   2124  https   www reddit com r SVExchange comments 5kz0nm 2124   and  2610  https   www reddit com r SVExchange comments 5l5eus 2610   
Damn  that\'s a steal  only ultra boost I\'ve seen in the outlets are retail and not my size 😔
Aw  he looks so cozy and warm in there😊  I\'m sure he appreciates the effort you put into it  in his own casual cat way 
Please take this up vote 😁  Humans are scary 
What the unholy goddamn fucking shit is going on here ಠ ಠ
Actually went out myself without being invited or anything  Turned out to be a crap night 😕
Hexed for hexed 😂
that ref acted like he spotted a dollar on the floor and called dibs 😂😂😂
Cardale Jones having a go on Twitter at the Ohio State coaches     Stop all these "JT trash" tweets  when I started last season   we struggled  it was "Cardale trash we want JT" it ain\'t the QB 👀 ☕️ 🐸    They need to go in the locker room  turn on the PS4  pop in Madden 17   hit 🔲 every play since this play calling has went MIA      Ok  if we don\'t get points on this drive  I\'m turning this off    Goodnight
We had some Beau\'s  woo Eastern Ontario    And now we\'re enjoying some Stoli vodka ❤
Can confirm  have eaten an entire package in one sitting  9 950 to go  😂  plz sponsor me chimes 
Flower and price played amazing but I\'m glad the boys brought the win home for 🌺
Į just want to apreciate the moment that it is new years and yet i am discussing how livable would be other planets in wow 
🎵 Get down  get down 🎵
🤔🤔🤔🤔  Do they just have their staff do it for them   Idk   What   
Omg same with the bras and such  I got lucky an aunt of mine bought me that stuff and she took the heat      Thank you for your comment  ❤️
Lmao I just imagined CupcaKKe biting somebody\'s dick 😂 my guy said he\'d punch tf outta me if I ever did that  
  DO NOT DELETE ANY COMMENT OR YOU WILL BE BANNED   Hello  u Mysticity  your comment has been automatically removed  NOT deleted  because you have not set your flair  Visit  this page  http   139 59 195 159   to set your flair   After you have received a confirmation message that your flair has been set  you will have to make a new comment because this comment has been removed  If you have set your flair using the link above then please make sure the  Show my flair on this subreddit   box is checked to enable your flair           ☑ Show my flair on this subreddit  It looks like           0000 0000 0000       If you don\'t know how to find your 3DS Friend Code  please check out  this guide   http   www modojo com features nintendo 3ds friend codes everything you need to know            Comment      IGN  Rishi   Trainer Description  Male  Brown skin  Black Modern Quiff hair  Black eyes  Black   red cap  team skull top      Sandygast  Female  22  Ultra Ball   GTS Message  I want to fill my Pokedex with other languages    Your Game Langauge  ENG   Nature of Ditto requested  Adamant         I am a bot  and this action was performed automatically  Please  contact the moderators of this subreddit   message compose  to  r BreedingDittos  if you have any questions or concerns  
I 100℅ have no clue  Maybe if no one can help you here after some time maybe  r modelmakers can help you out  They appreciate the true to history jobs over there  
Make sure that my cousin didn\'t leave her house at all on May 13th 😢
Mostly  😜
Just finished Garden of Words in a hotel in NYC while the rest of my family is waiting in Time Square for the ball drop  can\'t say I\'m missing out much How my family can hold the urge to pee since they\'ve been there since noon beats me ヽ ヅ ノ
Interesting how you still have yet to explain how you\'re right  but instead just go around commenting on what others say 🤔
I also have not watched this  I already know the ship sinks etc so why would I want to watch it  😕
That one\'s easy  whatsinstandard com 😁
Not me   i came out of a cesarean incision 😆 
hmm  I get ya  I\'ll let you know if I make something like that  😀
and I keep looking for the wisps 😩
Hi  u monomie  Your comment has been removed because your flair isn\'t set up correctly        Set up your flair here   http   pokegiveawaybot tumblr com  btn  If that doesn\'t work     here is a visual guide     http   i imgur com qKw7Hto png  Please enter one in the format  1234 1234 1234   IGN   by using the  edit  button in the sidebar where it says         ☑ Show my flair on this subreddit  It looks like      3333 3333 3333   Ash Ketchum  ΩR       edit     Make sure the box is checked to enable flair  If you don\'t know how to find the 12 digit number you need  please check out    this guide    http   www modojo com features nintendo 3ds friend codes everything you need to know  to find your friend code     I am a bot  and this action was performed automatically  Please  contact the moderators of this subreddit   message compose  to  r Pokemongiveaway  if you have any questions or concerns  
Ten years is quite the wait for new foot cozies  enjoy your feet treat ☺️
he put shelter in it ❤️
Gee  I wonder WHY you\'re leaving  They seem so considerate  Happy NYE Troll  2017 looks bright 👯👯
Need that rn 😑
That\'s some good old early cancer right there 👌
Most amazing beautiful food I have ever seen  💖
Well I\'m drinking wine solo and watching Netflix  so at least you have a cat to keep you company 😀🐱
Chip Kelly  Kevin Wilson  Mark Helfrich😍😍
💩 How much did you get paid to be the poop emoji model 
Below is a statement of how the content is relevant to the title   ¯­ ­  ツ   ¯
I\'m sure he helped a generation of young men realize they wanted him to be their daddy too    ͡° ͜ʖ ͡° 
Thanks Doge  Sorry for annual generic shit post  I\'ll take the hit    ♡
i\'ve now contracted   Acne ADD ADHD AIDs Allergies Alzheimer\'s Altitude sickness ALS Anxiety Ass worms Asthma Autism Birth Defects Bipolar disorder Blood clot Bone marrow disease Brain Cancer Breast cancer Broken bones Cancer Carbon monoxide poisoning Cardiac arrest Chicken pox Colon cancer COPD Common cold Diabetes  type 2  Diarrhea Down syndrome Dyslexia E  coli Ear infection Ebola Epilepsy Flu Gonorrhea Gum disease H1N1 Hay fever Heart attack Heart disease Heart failure Heartburn Hemophilia Hepatitis C Herpes Hiccups HIV High Blood Pressure Hypothermia Joint pain Kidney failure Lead poisoning Lice Loa Loa Lung cancer Lyme disease Malaria Measles Migraine Nausea OCD Osteoporosis Pharyngitis Polio Prostate cancer Psoriasis PTSD Rabies Severed nerve Schizophrenia Shingles Sickle cell Skin cancer Smallpox STDs Stroke Tape worms Terminal cancer Testicular cancer Throat cancer Tuberculosis Tumors Ulcers Urinary tract infection West Nile virus Yellow fever  👌goodshit
Also those aren\'t frogs  And they\'re called 田雞   Farm   field chicken
Good tip  Also balance for me starting out has always been the tell if I am going to have a good night  My approach is a big part of the issue  👍 
What  Libraries don\'t have to be shipped to be considered closed  For example  if you have core libraries  and you should   you should consider those closed to modification  Any edits should be controlled by a library owner because those core libraries should be usable across projects and should have zero knowledge of any of your systems  but can be extended by your systems  The idea is to be DRY without creating a god class   For example  our core libraries are a single solution with dozens of projects that each get deployed as a private nuget library  This also prevents inter solution dependencies like my last job had which worked but was an unnecessary nightmare  These libraries are treated a bit more strictly than everything else  Everything in these libraries are generally SOLID so that they can be used and or extended by different services applications in our system  Just because we have access to the source code and deployment  doesn\'t make it open to modification  You\'d be taking that too literally  It just means we won\'t be modifying base functionality in order to suit some particular use case  and it\'s the job of the applications architect to spot things that should be moved to the core libraries and if they should be refactored  For example  I spot logic in several applications that are just different enough to not be quite the same  I decide that that it should be moved to the core libraries and refactored to preserved the agnostic logic while allowing for extension by the consuming applications  It\'s also up to the architect to make sure this doesn\'t get out of control   SOLID isn\'t an alternative to the FDG  That implies that they\'re incompatible  and they\'re not  I don\'t even see them as related  SOLID suggests how you should build your classes at a higher level where FDG focuses keeping your style in line with the  Net framework  Let\'s look at it   SRP  Keep class members focused on serving the class  Remove every other case to a service   ✓ DO ensure that each type is a well defined set of related members  not just a random collection of unrelated functionality   FDG and SOLID are in agreement  OCP  Your classes should be extensible so that the original code doesn\'t have to be modified to accommodate a particular use case   X DO NOT seal classes without having a good reason to do so  "Sealing a class because you cannot think of an extensibility scenario is not a good reason  Framework users like to inherit from classes for various nonobvious reasons"  There\'s an entire subsection dedicated to writing extensible classes and it\'s basic OOP baked into the language   The FDG and SOLID are in agreement  LSP  When designing a class that can be subclassed  i e  any unsealed class   ensure that your functionality behaves as expected when the class is extended   This is just smart coding  There\'s nothing in the FDG that explicitly contradicts this that I know of so as far as I\'m concerned  they are in agreement   ISP  Keep your interfaces small and purposeful so that implementors aren\'t forced to implement unwanted members   Again  this is just smart coding  Since you can have interfaces implement other interfaces  there\'s no excuse not to do this   DIP  Don\'t let the dependent class decide specifically what it is dependent on  Basically  depend on abstractions instead of concrete implementations   The FDG acknowledges that this is core to many architectural patterns and the much of modern Microsoft frameworks are now built around this  So  they\'re in alignment   You also said that the framework is based on an entirely different set of design patterns  but SOLID principles are principles  not design patterns  You also state that SOLID is bullshit and the FDG will make them better programmers  but thy\'re not even the same thing   So how are they in conflict again    Sorry  but you\'re wrong on all counts and it really just sounds like you either have a problem with other programmers in general or simply don\'t understand SOLID beyond the words on the screen  If you don\'t want to adopt the principles  then don\'t  but don\'t go around spreading your bile 
It bothers you that she\'s wrong  😉
Come to Norway  Got a sofa you can sleep on  😊
♥♥Top 5 Makeup Tips Tricks Simple Makeup Short Tricks Never Seen You Before  Tricks to Look More Awake♥♥ http   bit ly 2hH0KaE                                                                                                To impart to you the foremost beneficial class hints  tips tricks and company government facts doable  we will be predisposed to reached the highest cosmetics specialists in our little or no dark e book  beautytips   excessive 5 brilliant guidelines at the way to appearance lovable    withoutmakeup  those is surely attainable because it\'s miles really to a small diploma summary of 5 tip    I have integrated a massive amount of unattainable cosmetics tips and traps which you simply likely do no longer recognize  the electricity  you\'ll see particularly what amount cosmetics will spotlight your exceptional                                                                                        ➤➤Get Now You Free Mieoko Kabuki Makeup Brush From The American Beauty Association  http   bit ly 2gMOecT  ➤➤FaceBook Fan Page https   www facebook com beauttube2   ➤➤Twitter Following https   twitter com BeautTube2  ➤➤Please Feel Free Share For More Updates  https   youtu be zVtUC0Hvefw                                                                                                              Found Me More Social Media                                                                                       ➤Reddit   https   www reddit com user BeautTube  reddit   ➤Digg  http   digg com u BeautTube digg Pinterest  https   www pinterest com beauttube  pinterest   ➤Blog Link  http   beauttube blogspot com Blogger  Livejournal com  http   beauttube livejournal com livejournal   ➤Linkedin  https   www linkedin com in beaut tub      ➤Ok RU  https   ok ru profile 575619476664   ➤Stumbleupon  http   www stumbleupon com stumbler B      ➤VK com  https   vk com id398395000  ➤Google    https   plus google com u 0 108304202      ➤Tumlr  https   www tumblr com blog beauttube1                                                                       Watch More   ➤➤top 5 simple but gorgeous makeup tutorials 2016  https   www youtube com watch v HoVYP        Beginner Eye Makeup Tips   Tricks  https   www youtube com watch v Hkqdg       5 Makeup Tricks for Beginners   Makeup Geek  Top 5 Under  5   Affordable Makeup for Beginners   Teens   Fiona\'s Fresh Face   Fiona Frills  5 Makeup Tricks to Look More Awake   A Model Recommends  Makeup Hack   Top 5 Tips   Tricks  Top 5 Makeup Tips   Tricks   Makeup Tricks  Top 5 Makeup Tips  Top 5 Makeup Mistakes   Makeup Tricks  5 Makeup Tricks for Dry Winter Skin  5 Makeup Tricks Every Girl Should Know  My TOP 5 Beauty Tricks Tips   Lashes  Brows  MORE  Makeup Tutorial beautiful girl
😣 i need to find someone like you
I think it\'s a "lost in translation" moment  as the equivalent of "bored" in Turkish can also be used to mean "we\'ve had enough"  "bu kadar tehlikeli bir yerde yaşamaktan SIKILDIK"   which is I think what s he meant to say there   Sorry  Just interesting 
Well I certainly didn\'t ship you something that wasn\'t on your list 💃🏼 Must be your doing  
It\'s beautiful  😍 I feel like a tear drop ring would drive me crazy tho  How do you decide which way is the correct way to wear it  Lol
the real questions 👏👏
Here\'s the stuff you will NOT find anywhere else in the world  which will make your face explode     Soplica Staropolska   80zł   26    Siwucha   16zł   4 50    Starka  look for at least 12yr   40zł   12    Chopin Single  airports only   60zł   17    Żubrówka Czarna  or any Żubrówka at all really     any small batch Nalewka  ask around     Miodula 2 year   55zł   14 
Cardale Jones on Twitter   "Stop all these "JT trash" tweets  when I started last season   we struggled  it was "Cardale trash we want JT"it ain\'t the QB👀☕️🐸"
I\'ve got a unicorn horn for a    STOP 💁
 Pulls up hoodie  You\'d have a few minutes to run though     😂
  DO NOT DELETE ANY COMMENT OR YOU WILL BE BANNED   Hello  u Erureido  your comment has been automatically removed  NOT deleted  because you have not set your flair  Visit  this page  http   139 59 195 159   to set your flair   After you have received a confirmation message that your flair has been set  you will have to make a new comment because this comment has been removed  If you have set your flair using the link above then please make sure the  Show my flair on this subreddit   box is checked to enable your flair           ☑ Show my flair on this subreddit  It looks like           0000 0000 0000       If you don\'t know how to find your 3DS Friend Code  please check out  this guide   http   www modojo com features nintendo 3ds friend codes everything you need to know            Comment      IGN  Sean    Trainer Description  White male  Blonde hair  Black hat  Red shirt    Sandygast  Gender  Level  Ball  Female  Lv  1  Great Ball    GTS Message  I want to fill my Pokedex with other languages     Your Game Langauge  ENG    Nature of Ditto requested  Timid         I am a bot  and this action was performed automatically  Please  contact the moderators of this subreddit   message compose  to  r BreedingDittos  if you have any questions or concerns  
Lmao 😂 sort your head out
Just bought a gym membership today ☹️
Thanks so much            💋
Hehe thank you ❤️
Classic Barret 😂 
😂😂 I am only laughing because I actually just sent a really good friend of mine a boob picture of me in my VS bra last night    You are totally right it really does bleed over into every other part of your life and psyche 
The FP thing is 挨拶  it means greetings 
441 bobbles 😵
    ID    596 793 520     IGN    Narcotic     Rank    22     Lead s     5★ Noctis     Activity      30min     Looking for    friends that can help me with the frosty events so i can get the material to 6★ my noctis plz     Other    I try to be dolphined but currently a pufferfish
 I know it\'s slightly raises my blood pressure but I have very low blood pressure so it makes it normal  I would suggest anybody with blood pressure issues to be very careful and have a blood pressure cuff and monitor closely if they want to try a small dose first  and I am not a dr   Only a brain surgeon 😷      LMAO 
💀💀💀 that Nigga know where I live 
I could have made it up too    I\'m going to go back to smashing zombies and drinking beer now  ✌️
I max ignite first  then bloodlust with 1 point in stun    About the talent  I mostly spend my point in GPM and whatever increase my survivability  Lvl 25 talent is obviously  40 Bloodlust icon png Bloodlust​ Attack Speed    Mana boots  force staff and glimmer cape are my go to almost every games 
As a Sasukekin  the blogger triggers me 😠😠😠
NO  YOU FISHLIPPER that\'s my b̶a̶g̶ friend
Thanks so much   I really had to stretch it down  it kept wanting to slide up ¯    ツ    ¯
It\'s been real    😥
This lady is an imbecile  Don\'t fall for obvious peer pressure  She just wants somebody to experience how miserable she is so she won\'t suffer alone  😒 Mombies who regret their life decisions are like that  But props to you for sticking to your guns  I hope you get whatever BC option you\'re after 
Videos in this thread   Watch Playlist   9654   http   subtletv com  r5lba4b feature playlist   VIDEO COMMENT      http   www youtube com watch v 40KQLG5MqM  http   www youtube com watch v 40KQLG5MqM   3  https   www reddit com r sixthworldmusic comments 5lba4b   dbutev8 context 10 dbutev8    S  Maharba   For Someone  Abandonment   Experimental Neofolk Shoegaze   OAKE   Siebtes Buch  Drestan Sened  http   www youtube com watch v 9HWJZaA TlA   3  https   www reddit com r sixthworldmusic comments 5lba4b   dbvqeo6 context 10 dbvqeo6    Oake Siebtes Buch Drestan Sened  Gangpol Und Mit   Ghetto Galaxy with Groupgris  http   www youtube com watch v ccJjB3RSHJw   2  https   www reddit com r sixthworldmusic comments 5lba4b   dbutfgz context 10 dbutfgz    Gangpol Und Mit   Ghetto Galaxy  with Groupgris   Experimental Chiptune   Fuck Buttons Sweet Love For Planet Earth  2008  HD  http   www youtube com watch v zFoaRNhZuT8   2  https   www reddit com r sixthworldmusic comments 5lba4b   dbuuvnv context 10 dbuuvnv    Fuck Buttons   Sweet Love For Planet Earth  power electronics   Cyclobe  Each And Every Word Must Die    Luminous Darkness 1999   http   www youtube com watch v NQuoCTLI0HY   2  https   www reddit com r sixthworldmusic comments 5lba4b   dbuuyjz context 10 dbuuyjz    Cyclobe  Each And Every Word Must Die  dark ambient industrial   Cosey Fanni Tutti ‎– Time To Tell  http   www youtube com watch v HudSwX3aiyo   2  https   www reddit com r sixthworldmusic comments 5lba4b   dbvqisy context 10 dbvqisy    Cosey Fanni Tutti Time to Tell  Electric Sewer Age ‎ Amber Corpuscle  http   www youtube com watch v xkccuUhztg8   2  https   www reddit com r sixthworldmusic comments 5lba4b   dbvqmfx context 10 dbvqmfx    Electric Sewer Age Amber Corpuscle  1   Felix Kubin   Menstruation Glamour  http   www youtube com watch v m UJmlJ h s   2   Ian William Craig   On the Reach of Explanations  http   www youtube com watch v M6gzWfDEkZM   3   Cloaks   Rust On Metal  http   www youtube com watch v gh99QKzZeZI   4   Oake   Paysage Dépaysé  Video 2016   http   www youtube com watch v jvgeYQrUaSs   5   Mechthild Von Leusch   Rungholter Tanz 15  http   www youtube com watch v mjf4RtBrmrQ   6   Demdike Stare   Past Majesty  http   www youtube com watch v MIYeVwndG1c   7   atom™    strom  http   www youtube com watch v RpAl3ih5BmA   8   Arvo Part   Pari Intervallo   Francesco Palazzo  http   www youtube com watch v mSS rR6bfdc   2  https   www reddit com r sixthworldmusic comments 5lba4b   dbyr8mf context 10 dbyr8mf    I\'m a little late  but anyways  Here are some of my favorites I found through this subreddit    Felix Kuhn   Menstruation Glamour  Ian William Craig   On the Reach of Explanations  Cloaks   Rust on Metal  Oake   Paysage Dépaysé  Mechthild von Leusch      S  Maharba   For Someone  Abandonment   http   www youtube com watch v 8BsDlYHppv0   1  https   www reddit com r sixthworldmusic comments 5lba4b   dbuuf9n context 10 dbuuf9n    Uh oh  youtube removed this one   Try here   Alberich   Lussuria  Voice Of The Dagger  Hospital Productions 2016   http   www youtube com watch v jSE0qzE dbA   1  https   www reddit com r sixthworldmusic comments 5lba4b   dbutaqv context 10 dbutaqv    Alberich   Lussuria   Voice Of The Dagger  Ambient Industrial   Navicon Torture Technologies   The Stars and the Scars  http   www youtube com watch v 1St2wigkwwI   1  https   www reddit com r sixthworldmusic comments 5lba4b   dbutd6p context 10 dbutd6p    Navicon Torture Technologies   The Stars and The Scars  Power Electronics   Ambient   United Front   The Vomit Arsonist   Anthem  http   www youtube com watch v QWUu5L2s53g   1  https   www reddit com r sixthworldmusic comments 5lba4b   dbuto1s context 10 dbuto1s    United Front   The Vomit Arsonist   Anthem  Ritual Martial Industrial   Les Joyaux de la Princesse   Muslimgauze  http   www youtube com watch v p6IBqN1g3W8   1  https   www reddit com r sixthworldmusic comments 5lba4b   dbuugs2 context 10 dbuugs2    Les Joyaux De La Princesse   Terrorisme Islamique  Martial Industrial Ambient   Alberich   Virgins  http   www youtube com watch v 42SsPO002OI   1  https   www reddit com r sixthworldmusic comments 5lba4b   dbuut3i context 10 dbuut3i    Alberich   Virgins  death industrial   rhythmic noise   military   ambient   Troum   All Sides   Shutûn  Excerpt   http   www youtube com watch v PEOtyqc  Vw   1  https   www reddit com r sixthworldmusic comments 5lba4b   dbuvm0t context 10 dbuvm0t    Troum   All Sides   Shutûn  excerpt   dark ambient   warm drone   Demdike Stare   Hashshashin Chant  Official Video by Jonny Redman   http   www youtube com watch v cBobq6gnOWc   1  https   www reddit com r sixthworldmusic comments 5lba4b   dbuw18n context 10 dbuw18n    Demdike Stare   Hashshashin Chant  electronic experimental hypno tribal   Ulwhednar   Om syndernas förlåtelse 3  http   www youtube com watch v 5hd6lhTZJag   1  https   www reddit com r sixthworldmusic comments 5lba4b   dbvzv72 context 10 dbvzv72    Ulwhednar   Om syndernas förlåtelse 3  dark ambient drone loops  I\'m a bot working hard to help Redditors find related videos to watch  I\'ll keep this updated as long as I can       Play All  http   subtletv com  r5lba4b feature playlist ftrlnk 1     Info  https   np reddit com r SubtleTV wiki mentioned videos    Get me on  Chrome  https   chrome google com webstore detail mentioned videos for redd fiimkmdalmgffhibfdjnhljpnigcmohf     Firefox  https   addons mozilla org en US firefox addon mentioned videos for reddit 
Wait  Is there an offer to suck off a muscly bro  🙋🏻‍♂️
Not a problem  There\'s nothing better than a little bit of positivity  😄
From Portals Tavern Brawl  Had lethal on turn 5  4 minions on board  I play Unstable Portal and got Bolvar Fordragon for 2 mana  So I HAD to play him  but this required maximum BM to fatigue  So with him in hand  I played ultimate control  making sure to kill off my opponents minions as well as my own  Finally played him after two strikes of fatigue  He was played as a 22 7  then was buffed twice via Slivermoon Portals to become a 26 11  then a spare part have him  1 health😂😂👌🏾👌🏾
Aww thank you  Y\'all have boosted my self confidence so much that I\'ve started coming out to my friends ❤️ even they\'re like holy shit you cannot be a guy any more 😂 well I\'m trying to decide  but the usually taking of request and fucking myself on camera 🙆😁
Hence the "jokingly" 😊
Still a positive reply，I will check it
Happy New Year everyone and may 2017 bring each of you many successes    For me  2017 will be the year I actually write something  I\'ve always dreamed of writing "the book" so this year I fully intend to do so   Rest assured I will be frequenting this group regularly on the hunt for advice and with plenty of stupid questions 😂
Thanks for the reply   and clarifying 😁
Oh where is the new year optimism  Would be a fun 6 months though for the bowlers in the area ☺👍 
Certainly hung for sure  😀
Sooo we\'re just gonna forget about that ass whooping last night  🙄
Thanks  I look forward to purchasing this    Happy New Year  ✓
Uhh maybe  I mean I\'m already shipping like 12 other couples and most of those are from TV shows soooo  E  whatevs you\'re OTP now  go get married 🎉🎉🎉
What if I\'ll never be comfortable though  He isn\'t even a partner which is probably why I\'m so scared  He\'s a close friend who happens to know about my depression and was my plus one at a University Ball  We have been spending a lot of 2016 together but I really think he\'s just doing this to \'help\' me  I don\'t want to be on my own so I don\'t want to lose him  😢
I may be a little intoxicated 😅
Your evaluation of the situation is wrong  But it is not a case specific to you  If you are in Reina  you aren\'t a fucking Muslim  If you don\'t follow the rules and embrace the statements of the ideology you claim to be a legitimate follower of  then you aren\'t a legitimate follower  Most people in Turkey who live a secular lifestyle but call themselves "Muslims" only because they really have no idea what they are talking about    I\'m also Turkish and atheist but I\'m telling everything as is  Islam is cancerous  Soon  Erdoğan and his sheeps will create themselves a pretty turned ugly shit hole that they call home  I\'ll be out of this place as soon as I can 
Aw  thanks 😊 I think I just need a few days to get over the intense anxiety and depression it flung me into  My mental health is probably more to blame than Christianity  tbh 
Generally with an ūnderlayment you are only fastening to the subfloor and use fasteners that take you through your underlayment but not through the subfloor  Just something I remember from a manufacturer from 20 years ago so it could be outdated 
For me was when I meet the  EiteDagerous  http   reddit com r EiteDagerous  subreddit 😅
Haha I think I am😊
Happy New Year guys  The signs say that my tao hua yun love luck  this year is strong  Hope to finally experience what others call love ♡♡♡ And to all out there  may you stay healthy and blessed at all times  
Happy New Year Seth Rich   wherever you are ❤🇺🇸❤
Yes  but I\'ll just deal  Having that anxiety again going off Lexapro for the time that I did is just not worth it  😬😳😱
To another year of hope followed by inevitable disappointment  🎉💥
I got a dswot red bandana medium for you  Let me know 👍 Located in NYC  resellislife 
Is this your dating man category or the tl dr for the article  😋
😔
Hi  u monomie  Your comment has been removed because your flair isn\'t set up correctly        Set up your flair here   http   pokegiveawaybot tumblr com  btn  If that doesn\'t work     here is a visual guide     http   i imgur com qKw7Hto png  Please enter one in the format  1234 1234 1234   IGN   by using the  edit  button in the sidebar where it says         ☑ Show my flair on this subreddit  It looks like      3333 3333 3333   Ash Ketchum  ΩR       edit     Make sure the box is checked to enable flair  If you don\'t know how to find the 12 digit number you need  please check out    this guide    http   www modojo com features nintendo 3ds friend codes everything you need to know  to find your friend code     I am a bot  and this action was performed automatically  Please  contact the moderators of this subreddit   message compose  to  r Pokemongiveaway  if you have any questions or concerns  
a variation of つるつる and つるっと the implication that something is happening swiftly or sweeping through without any resistance and is used for sliding  or skimming through effortlessly  I would translate the sentence above as  It was one day in the early afternoon with a harsh coldness that almost seemed to swoop in and sterilize everything in it\'s wake when someone knocked violently on the apartment door 
 a    √3 2   b   3 4   c   1 2   so this would be correct right  For the original three questions 
Try marrying a gymnast  😊
oh gosh yes all the time ☹️ it feels like i know too much about human beings and can no longer be pure in how i view others i am curious tho  what if everyone else had thoughts as deep as mine and are just pretending to not know as well 😕 
Socialize​    
Careful    weirder things have happened  😌
Wow  That\'s a great find 👍🏻
Lmfao at this point I\'m just egging people on to see how high I can get that negative number 😂 worry about it 
Does it really take 12 years   😲😰
A few cleaning house wise  • lose the 2016 20lbs 😑 • reduce over head  storage crap  • monthly budget  A few goals • read  audible 😇   12 books • learn a new skill  become proficient  • live on spend less than what I earn  A few karma\'s  • volunteer once   "food" shelter • feed randoms\' expired parking meters • volunteer on a trail restoration   A few 20 \'s • new job  • take an enrichment course • get that new mortorcycle     😎
It\'s been the 3rd or 4th year in a row where I have had a headache that overwhelms me and I feel incredibly emotional  I was with a friend\'s family tonight so it was incredibly embarrassing    😢
I thought we already traded him after we built around Ron Baker  😂
It would be nice if they will give skin   something   Well  at the end of the day its better than nothing 😅
OSU scores 4 straight touchdowns and 2 pt  conversions and comes back to win it 32 31  Remember this comment 💯
Good point  Those tits are important  😉
     Small Time Buccaneer  http   media Hearth cursecdn com avatars 309 77 49759 png    Neutral Minion Rare MSoG 🐙   HP  http   www hearthpwn com cards 49759     HH  http   www hearthhead com cards small time buccaneer     Wiki  http   hearthstone gamepedia com Small Time Buccaneer    1 Mana 1 2 Pirate   Has  2 Attack while you have a weapon equipped         Patches the Pirate  http   media Hearth cursecdn com avatars 309 200 49624 png    Neutral Minion Legendary MSoG 🐙   HP  http   www hearthpwn com cards 49624     HH  http   www hearthhead com cards patches the pirate     Wiki  http   hearthstone gamepedia com Patches the Pirate    1 Mana 1 1 Pirate   Charge After you play a Pirate  summon this minion from your deck         Drakonid Crusher  http   media Hearth cursecdn com avatars 198 11 14449 png    Neutral Minion Common BRM 🐙   HP  http   www hearthpwn com cards 14449     HH  http   www hearthhead com cards drakonid crusher     Wiki  http   hearthstone gamepedia com Drakonid Crusher    6 Mana 6 6 Dragon   Battlecry  If your opponent has 15 or less Health  gain  3  3         Gadgetzan Auctioneer  http   media Hearth cursecdn com avatars 147 939 131 png    Neutral Minion Rare Classic 🐙   HP  http   www hearthpwn com cards 131     HH  http   www hearthhead com cards gadgetzan auctioneer     Wiki  http   hearthstone gamepedia com Gadgetzan Auctioneer    6 Mana 4 4   Whenever you cast a spell  draw a card         Reno Jackson  http   media Hearth cursecdn com avatars 310 381 27228 png    Neutral Minion Legendary LoE 🐙   HP  http   www hearthpwn com cards 27228     HH  http   www hearthhead com cards reno jackson     Wiki  http   hearthstone gamepedia com Reno Jackson    6 Mana 4 6   Battlecry  If your deck has no duplicates  fully heal your hero         Kazakus  http   media Hearth cursecdn com avatars 309 164 49622 png    Kabal  MPW  Minion Legendary MSoG 🐙   HP  http   www hearthpwn com cards 49622     HH  http   www hearthhead com cards kazakus     Wiki  http   hearthstone gamepedia com Kazakus    4 Mana 3 3   Battlecry  If your deck has no duplicates  create a custom spell         Drakonid Operative  http   media Hearth cursecdn com avatars 309 128 49638 png    Priest Minion Rare MSoG 🐙   HP  http   www hearthpwn com cards 49638     HH  http   www hearthhead com cards drakonid operative     Wiki  http   hearthstone gamepedia com Drakonid Operative    5 Mana 5 6 Dragon   Battlecry  If you\'re holding a Dragon  Discover a card in your opponent\'s deck       Call    PM  https   www reddit com message compose  to hearthscan bot     me with up to 7   cardname    For more PM   info   
So you are saying there is a chance  ☺ 
Please remember to 上vote  Alligator dezaimas        What was the most racist encounter in a country you visited as a tourist   https   www reddit com r AskReddit comments 5l9gwy what was the most racist encounter in a country       u antsam9     We got spat on and refused service by a sushi chef in Japan            Check out copy kun on    github  https   github com JaredHays copy kun  
Was looking through the  commu in text  https   deresute info story 5301301  and noticed this event has a new unit name for the first time in a while  You  the producer  named the unit Yoi Otome  The kanji is 宵乙女  and translates to something like "Evening Maiden" 
Not everyone would agree that the artists u named are quality pop 👀
Hehe 😋  you\'re right about that too  
Hey ol chap  2016 may have ended low but 2027 will be awesome  Have a happy new year 😀
This is perfect  I will be going with this one  ✓
Can someone please put a stop to CBJ and 🖕🐧 please and thanks   FUCK   
You are looking absolutely beautiful      You are going to great things in life I just know it    Good luck on your journey   I too one hope to be sober   Love you ❤️
Awwwww some body is mad 😢
Nice👌   But didn\'t you post that before 
If we discovered an elephant 🐘 on another planet  We would marvel at this wonderful creature but since its here on ho hum Spaceship Earth it\'s no big deal   I guess I just really like that elephants exist    
Looks awesome   I started using a pick recently too and I love it  Helps give my curls that much needed volume at the root 👌
Before I commented  I looked left  then right  and when I saw no one\'s screaming about political incorrectness  well here I am expressing my roaring approval  😁   I know of another version tho     How many gay guys does it take to change a lightbulb      One  Otherwise it would turn into sex and the damn bulb won\'t get changed at all  
That nipple looks perfect for licking 😛
Oooo how cute    😍😍
He is absolutely to die for gorgeous   Big supporter for Bellas Bully Buddies down here in MD myself 😊😊 love me some pitties   😍😍
Happy Birthday to our Great Gemstone  and thanks for bringing  Little Gemstone  http   m imgur com TJu6PjL  to me  ♡
 Rafid Ahmed Alwan al Janabi  Arabic  رافد أحمد علوان الجنابي‎‎  Rāfid Aḥmad Alwān  born 1968   known by the Defense Intelligence Agency cryptonym "Curveball"  1  is a German citizen who defected from Iraq in 1999  claiming that he had worked as a chemical engineer at a plant that manufactured mobile biological weapon laboratories as part of an Iraqi weapons of mass destruction program  2  Alwan\'s allegations were subsequently shown to be false by the Iraq Survey Group\'s final report published in 2004  3  4    Despite warnings from the German Federal Intelligence Service and the British Secret Intelligence Service questioning the authenticity of the claims  the US Government and British government utilized them to build a rationale for military action in the lead up to the 2003 invasion of Iraq  including in the 2003 State of the Union address  where President Bush said "we know that Iraq  in the late 1990s  had several mobile biological weapons labs"  and Colin Powell\'s presentation to the UN Security Council  which contained a computer generated image of a mobile biological weapons laboratory  2  5  They were later found to be mobile milk pasteurization and hydrogen generation trailers  On 24 September 2002  the British government published its dossier on the former Iraqi leader\'s WMD with a personal foreword by Mr Blair  who assured readers Saddam Hussein had continued to produce WMD "beyond doubt"  6   https   en wikipedia org wiki Curveball  informant 
My husband and I thought the same but we both enjoy a drink every now and then  We found a sweet middle  we make a variety of cocktails  It\'s super fun  allows you to get a bit creative  and it\'s not sitting around drinking to get drunk  well  not usually 🙃     Just a thought  Happy 2017 to you  
As far as I know  if you are placed in a psych ward after experience suicidal thoughts  you are not allowed to leave unless you admitted yourself there  If that is true  fuck them and anyone who says they help people  If this is false  then I guess I redact my statement   Ignoring available help means   you guessed it   not wanting help    i realize death is something sacred  something that you devalue if you choose it  and something that devalues life if you choose it   So you\'re saying that killing yourself devalues your own life  Can I have some of what you\'re smoking   Seriously  You say that autonomy is the pinnacle of humanity  and then you said that being autonomous goes against human nature  HUH            Here\'s the google definition of autonomy   au·ton·o·my   ôˈtänəmē Submit   noun    of a country or region  the right or condition of self government  especially in a particular sphere    "Tatarstan demanded greater autonomy within the Russian Federation" a self governing country or region    plural noun  autonomies freedom from external control or influence  independence  "economic autonomy is still a long way off for many women"   synonyms 	self government  self rule  home rule  self determination  independence  sovereignty  freedom "the rebels called for regional autonomy and self government"  Autonomy  in the personal meaning  is the right to one\'s own self  You literally said autonomy is the pinnacle of humanity  and then immediately after say choosing to snuff it out goes against human nature  Snuff what out  autonomy  Killing oneself isn\'t snuffing autonomy out  it\'s embracing it   I\'m sorry for being rude  I\'ve calmed down a bit since making this post  I am still going to kill myself asap  but I don\'t want to go out remembered as a huge cunt 
Too beautiful to be true  😍😍😍
Disagree 😂
Oh man  I didn\'t know I was supposed to be waving  I\'ll fix that right away  👋 👋 
 Time to "🅱 ⬆️ 🅰" out of this Meyer  
  Of course animals  the earth  and my health don\'t give a crap about my convenience   I have a lot of respect for people who see injustice and at the very least try to do something about it  You\'re putting in real effort to make a positive change  and not just for yourself  that\'s admirable  Happy new year bud 🐓
This is an awesome case  but I will be going with the Corsair 400c  But thanks for the help  ✓
⅝ths 
You\'re putting marks on the wall you birch 😣
Why is everything a competition  So what if people like cats better or vice versa  Negativity is so tiring 😥
UPDATE    Guns fired in Bostanci  Istanbul  No official but many twitter users claims its true    https   twitter com search f tweets vertical default q Bostancı src typd   Turkish language 
I\'ve seen every TZ episode  and have known about this meme for the longest time  but I am pretty sure it\'s always been a general consensus that it\'s from The Simpsons 🤓
I kinda came to that conclusion as well    My highest is high gold  so I suppose that is fairly average   I don\'t have friends  😅 And I play on Xbox so      yeah   Majority of my matches I literally have all golds  aside from healing  as I mainly play Tracer  If that\'s not carrying then I don\'t know what is  
That was a good game 😉 
Next Monday is just the first day of classes now  ☹️️
 Wow I like your resolutions  you sound fun😘 and kind of my type😅  Prostate orgasms are super awesome from my observations   you should really go for that    I guess if I had to list goals or resolutions it would include staying on the tear I\'m currently on and expanding my gear   I need more rope   some more leather   and to really get everything organized  I want to set up  a dedicated play space 
Hey hey hey HEYYYY👋👋👋 Put cha lighter’s up🔦🔦🔦  Ganja’s in the house 🏠 owwwwww😷  As you can tell from my accent I am from Dallas  Tex ass🐴  And it was not very easy growing up looking like this💁  Whether I was playing in my grandma’s clothes👵 or putting on a show for my well organized alphabetically ordered beanie babies 🐱🐥🐵🐼 I was guh guh guh GAY👬👭  OKKKK😃  But it wasn’t until I moved to Los Angeles ☀️🌴  that I discovered 🚬Marijuana🍀  I mean I like to smoke💨💨💨  y’all I am just flying✈️ as high👆 as your receding hairline👴  OK  🚬 Marijuana🍀 really does help me calm down😴  so y’all  I went to Valencia where they film the TV show 🌱Weeds🌱  Now  y’all  it’s very dry🔥☀️  it’s almost kinda like your vagina✌️👌  Can I get an amen🙌🙏    Now y’all  I am a treehugger🌳🌲 because if it ain’t green♻️  HUH😫 I’m not interested🙅  OKCURRRRRRRR💅💃 
That\'s because God hated Esau  duh 🙄 It is funny that the name Delilah\'s so much more common than Jezebel when they\'re both Biblical nasty women  But I\'ve known kids named Enoch  Yovela  Elyon  Havilah  Phinehas  and even more creative ones  Only two of those are from the same family 
ID  636 706 490 IGN  Mikikato Rank  40 Lead s   6★ gilgamesh  only  360atk atm   Activity  as often as possible till phone dies   every hour at least usually  Looking for  anyone  with a nice buff on him my gilgamesh can hit quite hard so can help with early levels of raid and other bosses  Making this new post to try and help so other people out who hasn\'t got awakening materials yet    Other  gift daily  If your inactive longer than 2 days I tend to assume you\'ve lost interest and remove you  Also please put r Ffbe or something of the kind in your message   
A nice 2015 Bourbon County Brand Stout for New Year\'s Eve  🍺
Sweet lawty geezus your making crazy over here   😍👅
I\'m too depressed to eat 😢 
I\'d like to play with you  😉
that\'s what i\'m sayin 😘
I like it  However after narrowing it down  I will be going with the Corsair 400c  However  if I run into some sort of compatibility issue  I\'ll be moving to this case  Thanks  ✓
Ppsco Direct  Plumbing Supply Store Address  916 Tasker St  928  Philadelphia  PA 19148 Phone   215  465 1800
I laughed so hard at this  I love it   😂
someone better lick it then 👅
Waiting for packs 😔
Found it  Not bad👍🏻
     Lunar Visions  http   media Hearth cursecdn com avatars 309 395 49635 png    Druid Spell Epic MSoG 🐙   HP  http   www hearthpwn com cards 49635     HH  http   www hearthhead com cards lunar visions     Wiki  http   hearthstone gamepedia com Lunar Visions    5 Mana   Draw 2 cards  Minions drawn cost  2  less       Call    PM  https   www reddit com message compose  to hearthscan bot     me with up to 7   cardname    For more PM   info   
Just to understand this    Is it "Fuck  you pay me " or "Fuck you  pay me "   Would like the latter more  😁
And all of them end in billions of deaths 🍺🍺✓✓
I think maybe you\'re just sour and enjoy the prospect of taking it out on anyone and everyone 😂 Once you reach a certain threshold  attractive really is only one piece of the puzzle  Believe it or not  women have types and tastes as well  If some dude is boring as shit and awkwardly sitting in the corner  that\'s not attractive to someone who\'s out looking for fun  Maybe if you think of women as something other than an equation or piece of meat you would be able to get your dick wet once in a while 
Happy new year  fuck nightclubs  I need a cup of tea ☕️
Eh  it was a good catch by my roomate  😅 It is rather eerie  though 
Remember when the browns took a rb in the first round 😂
I love how I didn\'t realize this was sarcasm until I was halfway through reading the post 😂
Looks like my cat  We thought she ran away this morning and we spent an hour looking for her  Turns out she was trapped under the house 😕
Ooo didn\'t realize you guys got a new one  Ours was the biggest for a few years before you guys 😊
Can\'t I\'ve got college 😞
Dude  your stash broke yo stove     Happy New Year my Kratom fam     ▽      In Honor of you gj      BOOFTHEKRATOM  
I\'m expert level at licking  let me show you 😜
Best Comeback Story   American Comeback Story   "Donald Trump isn\'t just a hero  He creates heroes ﻿"  https   www youtube com watch v pm8n9qVIK 8
Yupp  Trying to make that binder flawless 😂 only 4 page though  A 9 page is to much 😂  Plus i 2 stardust and a shooting star ghost coming in  Got them for 45  A damn Steal  
I\'m aware of which ones are vegan  😇
Yes  That is the plan 😎
I pray🙏that Deshaun Watson decides to sit out his final game to prepare for the NFL 
Hey man I tried  how do I know it won\'t happen again  😒
😂
Five hours until I nuke every online account I can think of  Now who\'s the loser  Not me  and if you disagree you can\'t tell me so  😛
How about just naming it haste  😂
Dude  this sounds like the most normal  harmless drunken behavior ever  Also  people get lovey when they drink  no one will assume you\'re a lesbian when you\'re just being wasted  girls dance up on each other all the time  and even if someone DID think you were a lesbian  who gives a fuck being a lesbian is awesome  Sounds like you were having FUN and if you\'re in a setting where other people are also drinking and dancing  no one probably thought twice about it  Don\'t stress over it   I understand the anxiety of it though and running it through your head over and over  albeit  the behavior I stress over is waaaay more embarrassing than what you describe   and it happens to most people  Other folks aren\'t thinking about what you\'re doing and saying as much as you think  I promise  As long as you didn\'t hurt anyone or yourself  break something expensive  or cause some other irreparable damage  then everything\'s fine 🤗 plus everyone else has probably completely forgotten about it 
I got banned for the same reason  but I said "panties in a bunch" and somehow that was offensive ¯     ツ   ¯
 That\'s it  You\'ve done it now  You are a target of the revolution  All of you in Circlebroke 2 have continued to harass  mock  and worst of all ALIENATE us enlightened communists  Class alienation was an important marxist concept  look it up   You buy into the liberal propoganda they teach in high school and even college about Mao  Stalin  and their legacies  Turning a poor peasant nation into 2 of the most powerful nations in the world  but you cry about NATURAL FAMINES THAT WERE GONNA HAPPEN ANYWAY  You are just like the moderates you make fun of you stupid fucking south parkers  Did you know every single  ism and  phobia is rooted in class  You can do all the activism  voting  and liberal lies you want  but if we do not have the class revolution it will all FAIL  We try our best  we post our memes  we defend the Soviet Union and other socialist states  but you make fun of us  For trying to destroy all discrimination  You are part of the problem  YOU are the racists  YOU are the homophobes  YOU are the sexists  YOU are the transphobes  What\'s worse is you claim you\'re not because you support liberal feminism and the false institutes of marriage  Gay marriage is a lie like all marriage  it needs to be abolished   and buy into the transgender lie of the concept of gender  letting people become victims of abuse because it\'s "progressive"  Both candidates end up in the SAME path  into the neoliberal mess of inequality and enforcing the oppressive capitalist state  Hell  you could at least support Trump so that the revolution might come faster and people might actually LISTEN TO US  But you don\'t  CB2 needs to burn  just like The Donald  ImGoingToHellForThis  KotakuInAction  This place used to be a place where you could say "Wall a fascist" without the FASCIST MODS interfering  You think you\'re fighting fascism just by passively making fun of them  Us threatening them actually makes a difference  I thought this place could be saved but it couldn\'t  Min ee sotta  AngryDM  etc have been banned because they\'re too extreme for your precious little unenlightened liberal minds  So go ahead  let capitalism brainwash you  Vote for either party  it doesn\'t make a difference  Alienate the people who can truly end oppression with our VOICES and our REVOLUTION  BREAD  PEACE AND LAND ☭☭☭☭☭   I am a bot  and this action was performed automatically  Please  contact the moderators of this subreddit   message compose  to  r circlebroke2  if you have any questions or concerns  
Granlund stripped McDavid  Shinkaruk has never stripped McDavid 👀 
I\'m so mad at him I might just swallow that shit whole 😡😡😡 
Grrrr     😂
Ho Lee Chit     That\'s a delicious looking pussy   😍👅
 Original post  https   www reddit com r russia comments 5lda6u пермь   by  u C01dy in  r russia   nbsp          This crosspost was performed automatically as a part of the ImagesOfNetwork      Learn more about the ImagesOfNetwork  how you can help  and other Frequently Asked Questions   https   www reddit com r imagesofnetwork wiki faqandinstructions wiki what is images of 3F     or    visit us on Discord    https   discordapp com invite 0tZsejLgM2vzaExR          "Remove my post "   https   www reddit com r imagesofnetwork wiki faqandinstructions wiki remove my post        "The bot got this one wrong "   https   www reddit com r imagesofnetwork wiki faqandinstructions wiki the bot got this one wrong        "Stop Crossposting My Stuff "   https   www reddit com r imagesofnetwork wiki faqandinstructions wiki no really  don 27t ever crosspost me or my subreddit              whitelist "russia"  
The "joke" was the name of the attack  Ryū ken    Yeah  I know i\'m terrible at this
Wow  Listen to you  Good personal boundary with your uBPD mom  Control made us feel safer in an otherwise scary place  I know  I have total control issues too  But you\'re recognizing it  Huge  Love it  💜
is it better to have poah or overdrive and skill cooldown﻿ on 4th gear or hawk eye and to roll def pen on 4th gear 
Awesome work  man  Go get yourself a  proper  holiday now  😂😂
I would use a 6x4 layout so that you have the same number of icons in every row  And put the 2 folders as the center 2 icons in either the top or bottom row    And also use BeGreen to hide the   in your status bar  you can still show the percentage number  and just hide the   symbol   And use Zeppelin or something to replace the AT amp amp T  Even a " " symbol would look cleaner or you can pick an image  And possibly hide the Am pm in the status bar time since you probably have a good idea of which it is without your phone 👻 That would free some space in your status bar    That theme looks really nice with that wallpaper and the badges though 
Physical oilers   😍
Sometimes you just gotta grab \'em 😉
    Bitter Virgin       MAL  http   myanimelist net manga 1162    A P  http   www anime planet com manga bitter virgin    AL  http   anilist co manga 31162    MU  http   www mangaupdates com series html id 2997      Manga   Status  Finished Publishing   Volumes  4   Chapters  32   Genres  Drama  Romance           anime      LN        FAQ  http   www reddit com r Roboragi wiki index        r   http   www reddit com r Roboragi        Edit  https   www reddit com r Roboragi comments 3i82q0 by mentioning his username roboragi can now       Mistake   http   www reddit com r Roboragi submit selftext true title  ISSUE  text https   www reddit com r manga comments 5ld0y4 disc whats a good romance manga where the main dbutud5       Source  https   github com Nihilate Roboragi       Synonyms  https   www reddit com r Roboragi wiki synonyms       Androssi   Yuri   Rachel       ♥  https   www reddit com r Roboragi wiki thanks 
And they don\'t stop coming  ×∞ 
They would have at least scored 😂
😂
there are some apps on both iOS and android that can help you learn 注音。all characters have their pronunciation and you are also taught the stroke order  You will see some examples as well    I find it useful to read some kindergarten or elementary school history  cartoon since they all have 注音 in their respective characters  
Spot on    I know AF types like you  are  out there and even though they\'re rare  they\'re likely not deathly rare  still too few in numbers though   Sigh    It\'s AF who think and are aware awake  like your longer post before  that I obviously exclude when showcasing those terminally stupid white worshipping AF\'s and putting them on blast etc    Congrats   you\'re one of the much better and more intelligent ones  Dom Perignon in a sea of horse piss  Etc  Haha 😂  
Without a shot being fired  🍺
Nothing like virtual premarital fornication and slaughter to further the human race  Really though art is going to become vastly more important as we phase out jobs to robots that I program  Of course the two bots I use on a regular basis make art so   I suppose we\'re just plain screwed  😆
Hey  We are doing New Years at home too  Brooklyn Nine Nine marathon and pizza 😍
I guess that was a joke about the situation  most likely  but in case you really meant it   All average men have flaws  legends are not spared of them either  managing to go down in history despite their flaws is what makes them legends﻿   No one is perfect
How the actual fuck did you find the time with a new kid   An extremely understanding partner that pulls more than their fair share  Sorry that came out passive aggressive  but damn I am jealous  I\'m lucky if I get ten minutes "me time" in the shitter on any given day  Let alone any meaningful shop time  I\'m sad now 😜   On a positive note your shit rocks  Awesome work and I\'m super impressed with your audio gear  Sweeeeet
That\'s a very good question  Also   there are some  very few  Japanese kanjis Chinese don\'t have but are relatively common in names  which is very tricky for Chinese to pronounce  iirc our government made a standard about how to read them  but most of people just read them as various similar characters    There are also some kanji  while they are exactly same as some hanzi in Chinese  they are actually derived from different ones  so Chinese may follow the origin instead when pronounce   translate  The most famous example is 横浜  Chinese has "浜" bang1   but this character in Japanese is independently simplified from 濱  simplified Chinese  滨  bin1   so Chinese pronounce it as heng2bin1  and write as 横滨 横濱  instead 
Aww upset stomachs for kitties are worse for parents more than the kitties because they can\'t tell you what\'s wrong  😔  But still that\'s the best way to spend NYE  Snuggling with a kitty    
Happy New Day   Random things about me   1  I hold the record for watermelon seed spitting back in my home town  Yes  I grew up in a backwoods hillbilly town 😂😂 2  I love pickles  Like I will seriously eat a whole jar if left to my own devices   3  A personal motto of mine is if you can\'t put cheese  chocolate  or gravy on it then it\'s not worth eating  
Short hair 👌
I\'ll see what I can do 😆
Pretty sure I can handle my own  💁🏻
Thank you for your submission  Unfortunately  it has been removed for the following reason s        This submission falls under our "certain topics will always be removed" category       We like having a  casual  environment and some topics are better suited elsewhere→   r CasualConversation w rules wiki we are not chill with 2026      Posts that are  low quality  https   www reddit com r CasualConversation wiki faq wiki what does low quality mean 3F  or  not casual  https   www reddit com r CasualConversation wiki faq wiki what qualifies as casual conversation 3F         Blatant sexual topics  NSFW Links            If  you  have  any  questions   we  ask  that  you      message  the  moderators    https   www reddit com message compose to  r CasualConversation subject My submission was removed message I have a question regarding the removal of this  submission  https   www reddit com r CasualConversation comments 5ld9xa i was gonna jack off but during my session i got   ⇢   directly  for  appeals      Please  refer  to  our     detailed  rules      r CasualConversation w rules     Take  a  look  at  our   subreddits  directory    r CasualConversation w directory  
I\'d eat a NY deep dish off that booty  Thanks for the share 😀
Yes  And please let me know where I can find you 😜
you have no customers and quicksells are supposed to be cheap an stuff should be selling quick and if the stuff isn\'t selling then its not a quicksell  just trying to help 🙂
  DO NOT DELETE ANY COMMENT OR YOU WILL BE BANNED   Hello  u imnotamoderator  your comment has been automatically removed  NOT deleted  because you have not set your flair  Visit  this page  http   139 59 195 159   to set your flair   After you have received a confirmation message that your flair has been set  you will have to make a new comment because this comment has been removed  If you have set your flair using the link above then please make sure the  Show my flair on this subreddit   box is checked to enable your flair           ☑ Show my flair on this subreddit  It looks like           0000 0000 0000       If you don\'t know how to find your 3DS Friend Code  please check out  this guide   http   www modojo com features nintendo 3ds friend codes everything you need to know            Comment    IGN  Madcaddy    Trainer Description  Tanned Male w  Black rimmed glasses  Brown wavy hair  tanned w  blue striped fedora  reddish brown eyes    Sandygast  Gender  Level  Ball  Female  Level 1  Beast Ball    GTS Message  I want to fill my Pokedex with other languages     Your Game Langauge  ENG    Nature of Ditto requested  JOLLY         I am a bot  and this action was performed automatically  Please  contact the moderators of this subreddit   message compose  to  r BreedingDittos  if you have any questions or concerns  
    toofabulous  ♫ It can try  try  try    
Thank you for your submission  Unfortunately  it has been removed for the following reason s       This submission has been abandoned by the submitter        We\'re here to talk  we don\'t want the submitter to make a thread and completely ignore it→   wiki link       The submitter is required to reply to any top comment within the first 3 hours      Don\'t make a thread if you are going to be away and not able to participate in the thread      If you have come back and would like your thread reapproved  shoot us a modmail           If  you  have  any  questions   we  ask  that  you      message  the  moderators    https   www reddit com message compose to  r CasualConversation subject My submission was removed message I have a question regarding the removal of this  submission  https   www reddit com r CasualConversation comments 5lcdab i live in a family of underachievers who never   ⇢   directly  for  appeals      Please  refer  to  our     detailed  rules      r CasualConversation w rules     Take  a  look  at  our   subreddits  directory    r CasualConversation w directory  
What   Need another man 😉❤️
I had a guest come live with me and he had no reaction to them so we didn\'t notice until they had no where else to go besides my living room furniture and then my bedroom  I had to throw out two couches  tons of blankets and clothing  a mattress  and a coffee table  After three treatments they finally were gone but that experience made me crazy  I had the worst anxiety over them and couldn\'t sleep for months  I\'m now obsessive over checking my mattress and cleaning my blankets  I feel your pain  😩
Oh  well fuck yeah man    Didn\'t get into the Navy  which actually worked out better    I have a job now that I didn\'t think I could get  which pays more  and I live in better places  Life rocks    My daughter is awesome    No PC yet  but I\'ve got my parts picked out  And I\'m buying a house next month  so I\'ve got that going for me 😁
SO cute  ❤ And I promise  you\'ll get there   just as long as you aren\'t too hard on yourself  
Winner winner chicken dinner  It rhymes so maybe you will remember it next time ಠ ಠ 
No   I don\'t want Torts to get any more accolades    And 🖕🐧 as always   
 spits out water  😂😂😂 😱
Well im in a little old guild called CONY SKIP and to give away the team i use for this raid would also give away the team i used in the guild raid that was just running so I have no interest in sharing what i use or my sphere setup  U guys might have heard of us 😁 we\'re the ones who scored over a billion points and smashed every other guild in the game by a few hundred million 😎  Fyi  I have every unit available from the gates up to this point lol so i guess im a pingu  Next time u login to call bullshit id make sure u actually know what ur on about 😜better to say nothing than make an ass outta yourself imo
Bruh me too  A match that could\'ve ended after the third took well over 9 because I got co oped like no other  To be fair  my Felix also co oped more than usual too  ¯   ツ   ¯ 
According to Google translate    Major paint recipe  exterior  gold   GX Blue Gold   GX Red Gold  Psycho frame  GX Metal Blue  exterior  dark blue   Titans Blue 2  joints  mechanical support flight  weapon  Mekasafuhebi  ※ gold is a super clear Ⅲ   smooth smooth Matte finish with 2  1
    Ichigo no Gakkou       MAL  http   myanimelist net manga 11801    A P  http   www anime planet com manga ichigo no gakkou    AL  http   anilist co manga 41801    MU  http   www mangaupdates com series html id 13043      Manga   Status  Finished Publishing   Volumes  1   Chapters  5           anime      LN        FAQ  http   www reddit com r Roboragi wiki index        r   http   www reddit com r Roboragi        Edit  https   www reddit com r Roboragi comments 3i82q0 by mentioning his username roboragi can now       Mistake   http   www reddit com r Roboragi submit selftext true title  ISSUE  text https   www reddit com r manga comments 5ld0y4 disc whats a good romance manga where the main dbutxyo       Source  https   github com Nihilate Roboragi       Synonyms  https   www reddit com r Roboragi wiki synonyms       RoboRecommendation™  https   vndb org v5154       ♥  https   www reddit com r Roboragi wiki thanks 
Plus all the tips she\'ll hopefully get tonight will make it worth it 👍🏼
The banner is 🔥 
Hey I\'m new at YouTube 😂 I\'m trying to fix it all 
ಠ ಠ  I thinking of starting a "gosh darn it  u Nelrene" thing  where I always reply with "ಠ ಠ" to your l lewdness    3
Beats me  I\'ve been inside on the computer all day like the lonely hermit I am  ¯     ツ   ¯
Them yeezys tho 😍😍😍
Aw that\'s so romantic 😻must have been the best way to come out
 I really do love him     ಥ ಥ    Keep me updated  I\'m invested now  haha  I hope love prevails  
Awesome  Happy New Year to you  too   😉
Does it help if I balance it out by eating a HUGE salad after I enjoy a two piece and a biscuit  😳
Sounds like it\'s new year new man time chauncii  ✂️
Third times a charm🤞🏿
I want to    get good at one of my interests    archery  programming  photography  and others    keep up with the workouts    get comfortable with the math I\'m doing    finish my raspberry pi project    get more fibre in my diet ಠ ಠ   be more humble    IDK getting laid would be cool  Like really cool 
Yeah she\'s done for  😂 the fight game is brutal 
You are welcome  ☺
It\'s interesting 😮
Thanks  I agree  this sub is the best   ᐛ  و   I hope you have a safe and fun time   Happy 2017
Thanks  I\'m lucky I\'m not American so my 21st birthday isn\'t as important as it could have been  but still sucks  My 16th birthday I got my first ever migraine too  feel better ❤️
Nope definitely not   its an application 😂😂 thanks for wasting my time  Mach Portal is an application you run on your phone to jailbreak it since its a semi tethered jailbreak  You apply the  ipa file with Cydia Impactor 
Clicked at 11 11  make a wish  Happy new year to all  😊😊😊
  Kokoro Connect       MAL  http   myanimelist net anime 11887    A P  http   www anime planet com anime kokoro connect    AL  http   anilist co anime 11887    ADB  http   anidb net a8742      TV   Status  Finished Airing   Episodes  13   Genres  Comedy  Drama  Romance  Supernatural           anime      LN        FAQ  http   www reddit com r Roboragi wiki index        r   http   www reddit com r Roboragi        Edit  https   www reddit com r Roboragi comments 3i82q0 by mentioning his username roboragi can now       Mistake   http   www reddit com r Roboragi submit selftext true title  ISSUE  text https   www reddit com r Animesuggest comments 5ldaq3 what anime is this girl from dbutzyq       Source  https   github com Nihilate Roboragi       Synonyms  https   www reddit com r Roboragi wiki synonyms       Androssi   Yuri   Rachel       ♥  https   www reddit com r Roboragi wiki thanks 
In 2017  let\'s leave the losses in 2016  ✊🏻✊🏻😈😈👌👌we\'re gonna do big things 🐺🐺
username on point 🔥 also really nice hair   
A sample would be good but a full bottle would be even better 🙂
I can\'t wait for this meme to die😒😒😒
I\'m getting wooshed so hard right now and I don\'t know why 😂
ㄅㄆㄇㄈ for some whose mother tongue is based on Roman letters will find it far easier to learn as soon as you learn the sounds for each individual character of 注意 you\'ll know exactly which character to type  Romanization can be really tricky and I find it kind of depends on your mother tongue  In my case  I find Japanese romaji and spellings pretty similar to Spanish but I know how hard it can be de English speakers as it\'s totally different on how you spell and pair the sounds   There\'s almost a one to one in both Spanish and Japanese  while English doesn\'t 
Hi  u Milksticks  Your comment has been removed because your flair isn\'t set up correctly        Set up your flair here   http   pokegiveawaybot tumblr com  btn  If that doesn\'t work     here is a visual guide     http   i imgur com qKw7Hto png  Please enter one in the format  1234 1234 1234   IGN   by using the  edit  button in the sidebar where it says         ☑ Show my flair on this subreddit  It looks like      3333 3333 3333   Ash Ketchum  ΩR       edit     Make sure the box is checked to enable flair  If you don\'t know how to find the 12 digit number you need  please check out    this guide    http   www modojo com features nintendo 3ds friend codes everything you need to know  to find your friend code     I am a bot  and this action was performed automatically  Please  contact the moderators of this subreddit   message compose  to  r Pokemongiveaway  if you have any questions or concerns  
It\'s actually 20🇧🇷🇩🇪
Shimakaze岛风 is a light weight Vertical spinner bot  I started building her since last sunmer  however the progress is really slow 0 0  Now the frame was nearlly finished and electronics are tested  hopefully it can be done by the end of april   
  Illustration     氷の女王  http   pixiv net i 45463169  by  red  http   pixiv net u 8786562     Translated title    Ice Queen    Tools used    SAI    Image resolution    818×1353    Published    Aug 19  2014  11 26 PM      I am a bot  and this action was performed automagically    ・ ̫・     info  https   www reddit com r Pixiv wiki pikushibu        r pixiv  https   www reddit com r Pixiv      Tip   you  can  skip  my  reply  by  adding  "p skip"  to  your  comment  
This is the 3rd or 4th time I\'ve seen this here on reddit  and every time I still read it entirely and love every second  It\'s my favorite story 😊    Edit  why the downvote  
Hope life\'s going ur way You\'ve got youth in your favour wee yin  enjoy it all xx Wishing you all the best in 2017 Happy New Year 🎉🎊🎉
Certified Tornado Puncher  😂😂 That\'s marvelous  
Welcome   its all fun here😊
thanks bb 😘
Oh of course but that depends on body type and jeans fit  I found A F\'s athletic skinny fit to be good for that  since I haven\'t gone to the gym in a while  I lost some weight and haven\'t gotten much wear out of those jeans 😕 since now they\'re too loose in my thighs and butt  I definitely agree that their "skinny fit" is way too tight in th ass 
 On May 1st  2011  he married fellow internet author  Jiu Sui He  九穗禾   who is most known for her novel  Married to a Vampire  They have one boy         Huh  So IET is a vampire 
As a Greek I can confirm   Instabull comes from Εις την Πολη  "to the city"    Instabull   Its pronounced the same  Its original name is Constantinople    for the emperor Constantine   I am happy to have his name 
Hey  I was just coming back from going to the abyss for a quick mile👁 and once you get the hang of this  it really is like THE MATRIX  just JACK IN when you want by laying back and closing your eyes  my brain   literally gets orgasmic vibes that run through it while I listen to music   It\'s beautiful😎
Updating mine  since I\'ve had significant progress since yesterday       ID    114 241 704     IGN    GuckFumi     Rank    47  rapidly increase from a month ago      Lead s     6★ Onion Knight  792 ATK      Activity    Hella     Looking for    Anyone      Other    Daily gifter  experienced with FFBE in general so I\'ll get better quickly     let\'s help each other man
Lord of the rings  And I\'m a New Zealander 😂😂
karma reflects how much of a cunt you are  edit  my dude really went on magic v Charlotte and ind vs Bulls game threads and said the same thing  about their teams😂😂😂 quality trolling
I\'m in Seattle  I should just go back and buy the entire bin and mail em out  It\'ll probably still be cheaper than a BB 😂
100 gem  3☆   11x  papalymo\'s gloves  alphinaud\'s ssb    11x  alphinaud bsb  minfilia\'s shield     Woop woop  i still lack a medica bsb but this banner is done for me  Gg
In Arkansas we drop pigs 😀
Thanks and right back atcha  😁👍
Happy New Day    🎉   Yay it\'ll be fun to read everyone\'s answers     1  I can spread all my toes like a monkey and screech really loud like a imagine a pterodactyl would have  why isn\'t there a dinosaur emoji     🐒     2  I love love love all animals but mostly cats 💁🏼😻    3  I was born the day after my mom  obviously a few years apart lol  I was blue and not breathing  I\'m lucky I was born when I was or that could\'ve turned out a lot worse 💙
 US   BUY   PERFUME   MAKEUP   Someone please sell me some   Blooddrop Musk   decants  Super interested in trying   Rat Musk   but am open to hearing about any others you may have  can be musks from other brands too    Interested in trying   Deconstructing Eden   scents  samples decants preferred  including     Love You To Death      Snow White      Lakshmi      Bombshell      Empress Wu    Also open to hearing about any others  😄   I\'m also looking to buy shadow samples or mini jars in brown  bronze  mauve  gray   I guess I should say neutrals etc  Matte   shimmers are both loved by me so I\'m pretty open    Thank you     
😂
Miller\'s shot tonight is just    😍
lmao there\'s a thread on the front page right now about how people post stat lines before the game\'s even done just for karma  or maybe he missed that extra rebound  ¯     ツ   ¯
Oh yeah  you really convinced me why this \'isn\'t the place\'   ◔ ◔ 
It is  you\'re right  What will dishearten you more is Europe put up with constant terrorism  raids and invasions for over 50 years before Pope Urban II declared the first crusade in retaliation  It\'s only been 15 so a while to go before our countries fight back 😔
Nooo I have more medals  You need to go to the altar for the rewards and it didn\'t give me the reward for 10x medals ☹️ I\'ve given it way more than 10x now  
😂😂
Inb4 announced July 2017 😎😎
I can now afford a gym membership and I\'m gonna start to hit the gym again  but I\'m gonna get caught up in the hoardes of new year resolution scrubs 🙁
I\'m dying😂😂😂😂😂
I can sing   And play the piano  ╭ ◔ ◡ ◔  
Snacks and mini foods like chips poppers fries and pizza rolls👍
My fiancé and I kind of did most stuff backwards  we met  got pregnant  bought a place together  had our awesome daughter and when she was almost one year old he proposed  That was in August 2015  and we are getting married on the 7th of October this       year  We\'ll both be 28  jeeze that makes me feel old   when we get married   We chose a long engagement because   1  Our daughter would be a bit older and hopefully easier to manage on our wedding day  as well as hopefully having some memory of it   I\'m also still breastfeeding and I wanted that shit over and done with by the time we were married  I didn\'t wanna be popping my boob out on my wedding day 😂She\'ll be just over 3   2  Since I\'m a stay a home mum  I currently freelance from home when there\'s work   we are having to plan and budget everything on mostly a single income  We wanted a nice wedding with about 50 80 of our friends and family though  so we needed time to save for that shit   3  My fiancé is Australian born and bred but I\'m from another country originally so like 98  of my family and a good portion of my friends are overseas and needed at least a year warning to book flights over here   4  We live in Sydney and most venues  even small and mediocre ones  and vendors book out at least a year in advance  We booked our venue last January and we  just  got the last date in October it was free  We are so happy that we\'ve managed to secure all the ones we fell in love with  which we wouldn\'t have been able to do with a short engagement   Overall  it\'s been awesome  We haven\'t been stressed at all and really enjoyed every aspect of wedding planning  We\'ve therefore also had the time to have a really lovely engagement and really reflect on everything before we get hitched  10 10 recommend  😁✨
☺️  if it doesn\'t come through   blushing smiley face 
You can see the Rein looking around as he falls 😂
Your flair needs to have the   in game name    IGN   or trainer name  at the   end   of your user flair   u Milksticks  your post has been removed    please correct your flair format        Edit your flair here   http   pokegiveawaybot tumblr com  btn  If that doesn\'t work     here is a visual guide     http   i imgur com qKw7Hto png  Please enter one in the format  1234 1234 1234   IGN   by using the  edit  button in the sidebar where it says         ☑ Show my flair on this subreddit  It looks like      3333 3333 3333   Ash Ketchum  ΩR       edit     Make sure the box is checked to enable flair  If you don\'t know how to find the 12 digit number you need  please check out    this guide    http   www modojo com features nintendo 3ds friend codes everything you need to know  to find your friend code    I am a bot  and this action was performed automatically  Please  contact the moderators of this subreddit   message compose  to  r Pokemongiveaway  if you have any questions or concerns  
Great trade brotha  Both parties are happy and all is well   🍻
i can only fit my ring on my little finger 😶
😔
Welp  it worked for me at 16  ¯   ツ   ¯ 
⋆⋆⋆⋆⋆⋆⋆⋆⋆⋆⋆⋆⋆⋆⋆⋆⋆⋆⋆⋆⋆⋆⋆⋆⋆⋆⋆⋆⋆⋆⋆⋆⋆⋆⋆⋆   NOTICE   ⋆⋆⋆⋆⋆⋆⋆⋆⋆⋆⋆⋆⋆⋆⋆⋆⋆⋆⋆⋆⋆⋆⋆⋆⋆⋆⋆⋆⋆⋆⋆⋆    Please consult the  List of Scammers  https   www reddit com r SmiteTrades wiki scammer list  before trading     If someone contacts you via PMs and they have not responded to your thread be aware that the user may already be banned from the subreddit for being a scammer     Consider taking screenshots of all parts of your trade to use as evidence if the need arises                                                          I am a bot  and this action was performed automatically  Please  contact the moderators of this subreddit   message compose  to  r SmiteTrades  if you have any questions or concerns  
got dumped  but the rockets won and im quite wasted  happy 2017 my rockets familia❤️
I try that every time I go  so I know that\'s very hard to do  😀 Congrats 
I\'d love to pull you over and over for some of those tickets and lapis     ͡° ͜ʖ ͡°  
lol  it\'s normal  I am Cantonese native but never undergone phonetic training even I studied a bit in HK  I pronounced "fundamentally"  根本  gun bun  completely wrong like  gum mun  until a few years ago somebody corrected me 
Yes  I feel like they will look at texts or emails to the point I no longer keep any texts or emails I absolutely don\'t need  😕
 0 salary   9000 a year paid to me as retained earnings reimbursement from my initial investment 22 years ago to live off of   Car expenses minus insurance  paid by company on a 14 year old car   Health insurance is paid by company  But is best deal I can find on insurance  as anything else lacks prescription coverage and has high copays and high deductible  I pay 50℅ of employees coverage  and if I didn\'t offer this plan would lose them all  No wife or family in the business  I havent been on a trip since 2007   As far as housing  I stay 3 different places for free     9000 covers my food  car insurance   laundry and bath supplies  phone bill and misc expenses   
What if I told you I had Harden and Giannis in fantasy bb  🤔
What a way to start the New Years 😅☺️ Thank You TelBru 
Attempts at original content  😂😅
  Ano Hi Mita Hana no Namae wo Bokutachi wa Mada Shiranai        MAL  http   myanimelist net anime 9989    A P  http   www anime planet com anime ano hi mita hana no namae o boku tachi wa mada shiranai    AL  http   anilist co anime 9989    ADB  http   anidb net a8181      TV   Status  Finished Airing   Episodes  11   Genres  Drama  Slice of Life  Supernatural     Katanagatari       MAL  http   myanimelist net anime 6594    A P  http   www anime planet com anime katanagatari    AL  http   anilist co anime 6594    ADB  http   anidb net a6613      TV   Status  Finished Airing   Episodes  12   Genres  Action  Adventure           anime      LN        FAQ  http   www reddit com r Roboragi wiki index        r   http   www reddit com r Roboragi        Edit  https   www reddit com r Roboragi comments 3i82q0 by mentioning his username roboragi can now       Mistake   http   www reddit com r Roboragi submit selftext true title  ISSUE  text https   www reddit com r Animesuggest comments 5lcwt9 anime with a good amount of tragedy dbuu6hz       Source  https   github com Nihilate Roboragi       Synonyms  https   www reddit com r Roboragi wiki synonyms       RoboRecommendation™  https   myanimelist net anime 9756 Mahou Shoujo Madoka E2 98 85Magica       ♥  https   www reddit com r Roboragi wiki thanks 
♫But you can\'t expect a wahine  To beat a cop bunny ♫
Great  As I answered another redditor I will ask my doctor  I\'ll probably meet with him in a weeks time  😊
It would be nice to have somewhere to go   someone to hang out with   I\'m hanging out with my pokemon tonight    ಥ﹏ಥ 
Jesus  that\'s what I make for a 60 hour week 🤕
You look amazing as always   You should\'ve invited me over 😘
Thank you for your submission  Unfortunately  it has been removed for the following reason s       This submission has been abandoned by the submitter        We\'re here to talk  we don\'t want the submitter to make a thread and completely ignore it→   wiki link       The submitter is required to reply to any top comment within the first 3 hours      Don\'t make a thread if you are going to be away and not able to participate in the thread      If you have come back and would like your thread reapproved  shoot us a modmail           If  you  have  any  questions   we  ask  that  you      message  the  moderators    https   www reddit com message compose to  r CasualConversation subject My submission was removed message I have a question regarding the removal of this  submission  https   www reddit com r CasualConversation comments 5lckrd i just realized my sister isnt really smart what   ⇢   directly  for  appeals      Please  refer  to  our     detailed  rules      r CasualConversation w rules     Take  a  look  at  our   subreddits  directory    r CasualConversation w directory  
Im so glad I made a fresh account when I bought my Xbox one or else I would have been a fut founder 😂
It seems  as Hurkyl\'s answer alludes to  that properly formalizing the idea of a "junk theorem" requires some concept of type theory  to distinguish between statements like "the product of a nonempty collection of nonempty sets is nonempty" which "makes sense" as a mathematical statement  unless you\'re a filthy finitist   and "2 ∈ 3"  which is "nonsense"  in the same sense that a C program can do whatever the hell it wants with data  it\'s all just bits after all  just like in ZFC it\'s all just sets   whereas introducing a strong static type system  like in Haskell  is necessary if you want to actually enforce additional constraints to ensure that all valid programs obey certain abstractions 
😀
Does S OFF interfer with Android Pay   🤔 If you have tried it   it does indeed not work  try Googling Sunshine S OFF   there should be their technical support to guide you thru the process of going back to S ON  But in any cases  Android Pay seems to only not work if you are rooted  which is different from S OFF  or have a different ROM  which can be achieved by S OFF  but easily reverted to original ROM by downloading the official one off of HTCs website   As a side question for you  how much did you snag it for      Congratulations on your new purchase  
The best  🙌🏼😻
  DO NOT DELETE ANY COMMENT OR YOU WILL BE BANNED   Hello  u bballfreak150  your comment has been automatically removed  NOT deleted  because you have not set your flair  Visit  this page  http   139 59 195 159   to set your flair   After you have received a confirmation message that your flair has been set  you will have to make a new comment because this comment has been removed  If you have set your flair using the link above then please make sure the  Show my flair on this subreddit   box is checked to enable your flair           ☑ Show my flair on this subreddit  It looks like           0000 0000 0000       If you don\'t know how to find your 3DS Friend Code  please check out  this guide   http   www modojo com features nintendo 3ds friend codes everything you need to know            Comment    I can not set link flair as i am on my mobile      IGN  DrewP    Trainer Description  male blonde hair blue eyes no hat    Sandygast  Gender  Level  Ball  male  level 22  quick ball   Named Bballfreak15    GTS Message  I want to fill my Pokedex with other languages     Your Game Langauge   ENG     Nature of Ditto requested  timid         I am a bot  and this action was performed automatically  Please  contact the moderators of this subreddit   message compose  to  r BreedingDittos  if you have any questions or concerns  
  DO NOT DELETE ANY COMMENT OR YOU WILL BE BANNED   Hello  u bballfreak150  your comment has been automatically removed  NOT deleted  because you have not set your flair  Visit  this page  http   139 59 195 159   to set your flair   After you have received a confirmation message that your flair has been set  you will have to make a new comment because this comment has been removed  If you have set your flair using the link above then please make sure the  Show my flair on this subreddit   box is checked to enable your flair           ☑ Show my flair on this subreddit  It looks like           0000 0000 0000       If you don\'t know how to find your 3DS Friend Code  please check out  this guide   http   www modojo com features nintendo 3ds friend codes everything you need to know            Comment    I can not set link flair as i am on my mobile      IGN  DrewP    Trainer Description  male blonde hair blue eyes no hat    Sandygast  Gender  Level  Ball  male  level 22  quick ball   Named Bballfreak15    GTS Message  I want to fill my Pokedex with other languages     Your Game Langauge   ENG     Nature of Ditto requested  timid         I am a bot  and this action was performed automatically  Please  contact the moderators of this subreddit   message compose  to  r BreedingDittos  if you have any questions or concerns  
Haha nooooooooo  😂 
She\'s out there  be patient 😊
 u ruizscar and  u danimir  and anyone else who questions the narrative  for services to free thinking 🍕
I just saw this thread and it\'s the greatest thing ever  Great job OP 💁🏻
Exactly that   Plus she sent me a boob picture like a week ago so I owed her one😂  Someone needs to appreciate how awesome they looked  
Just listing down the redditors who can look into the human psyche in one facet or another  😘
One of my old protolangs was a stupid experiment with the sounds  a i u aː iː uː ã ı̃ ũ ãː ı̃ː ũː p\' t\' k\' p t k pʰ tʰ kʰ p͡f t͡s k͡x   It had a bunch of ridiculous words like aṗān  a \'pˈãː  hello apān  a ˈpãː  to write aṕān  a ˈpʰãː  human ap̀ān  a ˈp͡fãː  orange  the colour   I don\'t actually remember any words but I made these up as an example of how different the words can be while sounding so similar  however  I do remember the phonology 
Well  I can\'t make up my mind  because I like most everything  The struggle is real 😄
Maybe with some peppermint tea  😄
Penn State would\'ve scored 😂😂😂
You have caught me in a shopping mood  which is thankfully a very rare thing for me   I just ordered some of these  🍬 🍬 🍬 🍬 🍬 🍬   Yum     I am much more addicted to this sub than I am to shopping  ha ha 
The economy certainly hasn\'t recovered locally   11℅ unemployment  and that\'s with most now taking lower paying and or part time jobs   Businesses that have been around 40 years closing up  manufacturing jobs gone  everyone working customer service jobs for  9 50 an hour    A "good job" here pays  12 an hour 
Yep I\'m the bottom 🍩😬
Damn  sorry op I forgot to give a more detailed explanation   Two random ★3 items at MAXED level  By random  any color and any item  The outcome of the item is RANDOM  color as well   Although it is all RNG  I feel like certain items fused together gives me more chances of getting a chappy  
I do have bad teeth   brush daily  have done since I was a youngin  maybe that\'s why  I wish I could get past the habbit  but  hey ho  ¯   ツ   ¯
It\'s like Forever 21 and Victoria\'s Secret gave Amber the stuff they didn\'t want and she put it on a website   EDIT  now that I have seen more  the accessories are cute  🙃 I stand by my comment about the clothes though  
Even when I make improvements I\'m shot down know complemtns😞 I\'m sorry I put tape I didn\'t know I took it out I put more hides I increased ambient temperature and I still get shot down 
i\'m so excited that you\'re looking to make some new asmr videos   the only thing i recommend is perhaps a darker background veryyyy dim lighting  i fall asleep to asmr and light background videos are hard to fall asleep to    please make sure you link us your videos once you\'ve done some so we can check them out     💕
I\'m praying 🙏that Deshaun Watson sits out his next game to prepare for the NFL draft 
If this was only a video instead of a GIF  Happy New Year dude  👍
Hot damn  Live those nipples  🔥
Happy new year  And congratulations on your best catch🎉
Especially since I\'m a lightweight 😂 but heck if it isn\'t the case that would make me happy
Sorry to be the bearer of bad news  but you aren\'t going to get one with a memory card and HDMI cord for  25  at least  40  60 dollars 😕  EDIT  Just read about the HDMI  could probably get one for  35   
Winter track  Uff da  Running outside in  20°F weather  I\'d sure hope not  Also  my school has less than 250 people so no indoor track ¯   ツ   ¯
So true 😂
I hope this doesn\'t effect your recovery from rOCD in any  way  At least you have more knowledge on how to identity and treat it for future situations  I hope you feel ok soon 💜
❤❤😘😘😘  It is 11 34am New Year\'s Day on my side of the world  My mouth feels like cardboard    Guess who I brought the new year in with     My MIL    No I\'m not joking  
No one is ever going to see this    But I just want to be healed    Living with a permanent disability can be quite difficult  Wish me luck in steadily getting better over 2017  hopefully    ❤️
Yea USC would have rocked Clemson ❌
Because my life is pathetic 😒 
THAT IS THE MOST PERFECT WAY TO HANDLE IT  I always tell people that the biggest compliment you can give me upon meeting me is ignoring that I have a dog and let me bring it up  If your actions upset someone simply explain that you understand that some animals are working animals and you don\'t want to run the risk of destracting one  Thank you for being you  beautiful stoned soul 😙
I completely relate  I attempted being social just because of that feeling and ended up in an irritating situation at a friend of a friend\'s  I ubered home and am watch Friends with my cat now  At least lonely is better than a room full of idiots  Sending you a New Years hug  🙆 
Erm    The dog is Pluto  not the shoe 😂😂 
He has matching booties too ♡
My goals 1  Be in a long term relationship  2  Gain at least 10 kgs  from 58 now  and be in shape  That means hitting the gym regularly  3  Develop and publish 1 mobile app and 1 game   Happy 2017  😀
  DO NOT DELETE ANY COMMENT OR YOU WILL BE BANNED   Hello  u rackzamsey  your comment has been automatically removed  NOT deleted  because you have not set your flair  Visit  this page  http   139 59 195 159   to set your flair   After you have received a confirmation message that your flair has been set  you will have to make a new comment because this comment has been removed  If you have set your flair using the link above then please make sure the  Show my flair on this subreddit   box is checked to enable your flair           ☑ Show my flair on this subreddit  It looks like           0000 0000 0000       If you don\'t know how to find your 3DS Friend Code  please check out  this guide   http   www modojo com features nintendo 3ds friend codes everything you need to know            Comment    IGN  Ras  Trainer Description  light skinned  light brown wavy hair  black hat  black polo shirt   Sandygast  Male  Lvl  23  Luxury Ball  GTS Message  I want to fill my Pokedex with other languages   Nature of Ditto Requested  Adamant  Thanks so much    happy new year             I am a bot  and this action was performed automatically  Please  contact the moderators of this subreddit   message compose  to  r BreedingDittos  if you have any questions or concerns  
Breakups do suck  but they are as much a rite of passage as having your first romantic relationship  You find in life that some relationships are more lasting than others  and you\'ll never know which of the two it will be if you don\'t at least give it a shot  And there is something to be learned from everything we experience so don\'t be afraid of the outcome  be grateful for the opportunity to gain knowledge and perspective   Good luck and happy new year 🎆 
  Riverdale”  CW  Jan  26  gives us one of the darkest interpretations of wholesome Archie and the gang from “Archie” comics ever as the teen tries to find out who murdered a classmate  Wait until you see this show’s version of Miss Grundy   They need to read Afterlife with Archie and reevaluate what they mean by darkest  Not sure that Miss Grundy being hot is terribly dark  Jughead as a zombie is  
We still have a chance at the first 😢
Thanks   You know you\'re screwed when your doctor gets excited and tells you how "interesting" your case is 😂
My dad is a lubricant ape and still failed to teach me about tire rotation  It took me 30 years to figure it out on my own   The rest of his fam wrecks all his cars before the tires see much wear though   🤔
  ͡° ͜ʖ ͡°  Who says we\'re trying to hide it 
ID  704 901 533 IGN  Vecky Rank  29 Lead s   5★ Chizuru Activity  Pretty much online all the time Looking for  Hight attack friend who can help me do events  I am still new to the game  Other  Nothing special  I am sorry I would be just so much thankfull to have someone with a good lead hero to help my Team out 
Oh I completely agree  Just saying not all PSU fans are nut jobs  even though a lot are 😧
Rough translation   Caption  Elsa san is bowel cute    Translation note  It\'s a play on words between \'腸\'  bowel  and \'超\'  super   which are both pronounced \'chou\'  so it\'s calling her super cute while referencing her love of bowels  
April 15th  2018 here  So happy that is only "next year" now  We\'ve been engaged since mid October and set the date and venue already  SO  EXCITED  😍
    sotrue  ♫ It\'ll die  die  die    And you know that that is all because    Of narrative flaws ♫ 
Yes  "My girl" it\'s my girlfriend   Aaaaand well  That\'s pretty hard  We are from Venezuela and we are going to emmigrate together so living with someone else before living with her it\'s like impossible  But  my parents tend to travel for weeks and months  we got some experience on living on our own  I know her chaos and dissorder  she know how difficult is to treat me when I\'m sick  bad patient right here  and we\'ve been through rough times and we are still together no matter what  ♥️  I know that we are just prepared for that big step  😉
little 9 year old me thought i was so cool for listening to a band my parents didn\'t want me to 😎
Ahhhh  I\'m the one who gave her the little hands  As well as some little feet  🙌🏻🙌🏻🙌🏻
That\'s fine  it\'s the other way around as well 😉
  IGN  ♪   Deposited  Finneon   Lv  16   Female   Pokeball   Request  Modest
Come tomorrow at 7am when my gym reopens and I see all these cattle coming in to do there 1 hour walking sessions  ab workouts  and disappointing squat sessions  will I know the true meaning of hell    This is the worst time of year for people who actually go to the gym year round    God be with me and my fellow gym goers that actually gym    ✊🏼🙏🏻💪🏼
Was on overwatch doing competitive matches for most parts 🎉
Maybe she realised how difficult it would be to have feelings that strong for someone that is so far away  I know it\'s not great  I hope you feel better soon buddy ☹ 
Well now i can see the ranger page now  Anyway thanks😁😁😁
Honey  you\'ve got this  Take a deep breath  have a hot shower  pour a glass of tea or wine  and know that this is not the end  Block him  delete him  and call some people you love   See all if these internet strangers that love you    We know you are awesome  We are mad at him for ruining your new years    All the love to you ❤❤❤ 
And you\'re the first channel I\'ve subscribed to  👏👍
Hmm  as a straight male  is it weird to be turned on by rickis selfies  🤔 this one not so much  but a couple of the other recent ones   maybe it\'s just the filters hard at work   I\'d be lying if I said I wasn\'t attracted  
I see I am late to the posts but I bet you sound great Wish I can hear your pleasure 😜
😂😂😂😂😂 read that in his voice 
2016 claims another life RIP in peace 🥚hi🥚 state
HELL YES  GO TIGERS     🐅🐅
We get to look at  Melania  Ivanka  Tiffany  😁
 I don\'t see the problem   ͡° ͜ʖ ͡°    EDIT  Ok guys come on this is obviously sarcasm    Donald Trump is about to be the US president  Sarcasm is dead 
Man there\'s some ignorant comments on this thread  OP  you look like you are smart enough and aged enough to know better than to take any garbage to heart  It is an amazing feeling to chop off locks after all the maintenance and years of having them  I could feel my energy still in them when I held mine like yours hahaha  Such a strange feeling  Sleeping on your pillow and showering will be such amazing experiences for the next few weeks  Happy new year to you 😊
٩ ⁎❛ᴗ❛⁎ ۶  Just kidding  that\'s my love you feel  Well  except for swelling  that\'s just the cancer 
🤔 Don\'t you mean your master is going to fuck you  Thats another spanking  🖐️
YOU ARE HALF WAY THERE     😀
Gathering all the coins and getting secret levels was fun and challenging  Playing the Rally is fun  Building up the kingdom is fun  Was worth  9 99 and I\'m still playing it  I\'m excited to see what Nintendo will put out on mobile next  Hoping for some Zelda next  😀
God damnit  Go 🐯 now I guess  You were the better team in every respect  and I\'d love to see almost anybody beat Bama  
Happy New Year gorgeous  I would love to ring in the new year with you riding my face  😉
Happy New Years to you as well bruh  🎉
He\'s the only one that Tippett hasn\'t had control over  Hmm 🤔
   sorry    not able to help reason    too busy enjoying your reasonings    you are 😎 
I remember the very first day at work I grabbed the phone and I had the same instinct like when I grab a hot plate or a very hot surface  I threw the phone away by instinct 😂  Thanks god I had a case otherwise rip phone 
Making your night had made my night 😘 thank you kind stranger 
I\'m a couple miles away in Brooklyn    Couldn\'t pay me to brave that crowd in this weather  😂 Happy new year  though  have fun 
Yes 😭 mid January here  Ugh it\'s going by so slow
What a dime 😍
I have to thank another Redditor for explaining how to do it 😁
​What the fuck did you just fucking say about me  you little bitch  I’ll have you know I graduated top of my class in the Navy Seals  and I’ve been involved in numerous secret raids on Al Quaeda  and I have over 300 confirmed kills  I am trained in gorilla warfare and I’m the top sniper in the entire US armed forces   If only you could have known what unholy retribution your little “clever” comment was about to bring down upon you  maybe you would have held your fucking tongue  But you couldn’t  you didn’t  and now you’re paying the price  you goddamn idiot  I will shit fury all over you and you will drown in it  You’re fucking dead  kiddo    I am a bot  and this action was performed automatically  Please  contact the moderators of this subreddit   message compose  to  r AyyMD  if you have any questions or concerns  
 ​What the fuck did you just fucking say about me  you НO0ОଠOOOOOОଠଠOoooᵒᵒᵒᵒᵒᵒᵒᵒᵒ  I’ll have you know I graduated top of my class in the good shit go౦ԁ sHit academy  and I’ve been involved in numerous secret raids on Baaddd ShIT  and I have over 300 confirmed  chorus  ʳᶦᵍʰᵗ ᵗʰᵉʳᵉ   I am trained in goOd sHit warfare and I’m the top shiter in the entire US armed mMMMMᎷМ  You are nothing to me but just another Baaa AaAadDddD Sh1t  I will wipe you the fuck out with precision the likes of which has never been seen before on this Earth  thats what im talking about right there right there   You think you can get away with saying that shit to me over the Internet  Think again  fucker  As we speak I am contacting my secret network of go౦ԁ sHit across the USA and your IP is being traced right there right there  so if i do ƽaү so my self i say so  you better prepare for the storm  НO0ОଠOOOOOОଠଠOoooᵒᵒᵒᵒᵒᵒᵒᵒᵒ  The storm that wipes out the pathetic little thing you call your life  You’re fucking dead  kid  I can be anywhere  anytime  I could be right there right there and I can kill you in over seven hundred ways  and that’s just with my bare  chorus  ʳᶦᵍʰᵗ ᵗʰᵉʳᵉ   Not only am I extensively trained in mMMMMᎷМ combat  but I have access to the entire arsenal of the United States Good shit Corps and I will use it to its full extent to wipe your miserable ass off the face of the continent  you little BAAaAaAaAd shit  If only you could have known what unholy retribution your little “clever” comment was about to bring down upon you  maybe you would have held your fucking shit  But you couldn’t  you didn’t  and now you’re paying the price  you goddamn idiot  I will shit fury all over you and you will drown in it  You’re fucking dead  НO0ОଠOOOOOОଠଠOoooᵒᵒᵒᵒᵒᵒᵒᵒᵒ    intensifies    I am a bot  and this action was performed automatically  Please  contact the moderators of this subreddit   message compose  to  r AyyMD  if you have any questions or concerns  
This subreddit is small and not the most active one in the bunch  but its users are the best  😍 Thanks  everyone  for sharing your yaoi related content with the world    Fangirling over Yuri on Ice with y\'all has most definitely kept me sane during the      more depressing parts     of 2016     Hopefully  this is my wish  feel free to share yours or tell me off  2017 will be filled with many more men rubbing their dicks together and  please  some more of that YOI doujinshi  
I put a lot of work into it  and I don\'t wanna starve myself but I don\'t eat a lot  just don\'t have much of an appetite   That\'s really sweet of you 😊 it was so hard picking a hair style to match my face 😊 omg I take hours putting myself together  but it seems like it\'s paying off ❤️  Jericha is always up to come out and play   I just need request so I know what to post 🙈
nuggets and nugs 👍  5 
    Illenium   Ashes  FULL ALBUM MIX   w  Bonus Tracks   Free Download   47 49     http   youtu be CF1zRWVdDnA     Illenium   Ashes  FULL ALBUM MIX  ♫ Enjoyed my purchase of Illenium\'s album by making this video till 6 00 am  best feeling in the world         MusicMagnificence   https   www youtube com channel UCQ2ZXzSHkQOznthN DepInQ   in  Music     365 170  views  since  Feb  2016     bot  info   r youtubefactsbot wiki index 
Oh nice  Putting it on my Watch Later list  I mean I should probably watch the ball drop and stuff 😂  
Luckily I live in the US ❤️
Hi  1934escapes  That\'s a pretty interesting username  Woah  we like a lot of the same things  Warning for massive text     Chinese food   dumplings  Dumplings and baozi and vegetables  Chinese vegetables are the best  Sichuan eggplant  I think I could go on for a while  Got any favourites    Chinese pop music   I\'m really into 草東沒有派對 at the moment  Any rec\'s    Korean drama － I haven\'t watched anything for a few months  but I really liked W  Lee Jong suk is pretty  I\'ve almost finished Doctor Stranger     Literature － I like longer stuff  The Secret History by Donna Tartt is a good one  What have you read from C S Lewis     Asian Skincare － favourite brand  COSRX fangirl here    Puppies   are there people who don\'t like puppies    Study buddies   I\'m not great at study groups  but I use my older brother who has zero experience in my field as a sounding board  Siblings are pretty great    Software engineering  I know zero things about software engineering  What made you interested in it     Running   I try to run  Unfortunately I am surrounded by hills  I do not like running up hills    Coffee  Tea  I\'m pretty sure my bloodstream is like at least 50  tea  Oolong is my fav  English breakfast is my regular because it\'s cheaper    Travelling   oo  I\'ve never been to either Denmark or the UK  How long were you there  What was the coolest thing you saw  The only place I\'ve been overseas was China for three weeks in 2012  I\'ve also been thinking about going to Taiwan this October  when I finish my degree    Learning Chinese  This  So much  I studied it in high school and my major in undergrad  so like 7 years  But 2016 I used zero Chinese  Also  I realised how little I actually know  Tones are my nemesis  I\'ve just been picking it back up this past week  It\'s going alright    Christianity  Very cool  What flavour protestant  I\'m Eastern Orthodox  We had a campus group in undergrad  There were 5 of us  It was mainly an excuse to hang out and talk about theology  That and coffee     Fashion   probably the only thing that\'s not really an interest of mine  I mainly try to aim for like smart casual  Button ups and skirts are where it\'s at   It\'s so strange to think that there\'s someone else out there who shares so many of my interests  Strange but cool  I hope 2017 is good for you 
I\'m there too  It is totally liberating and I\'m almost comfortable with my eating habits  which is new to me  Good luck dear ❤
Thank you so much    That\'s so awesome and useful    ♥ Happy New Years to you   
That\'s normal people logic  For almost everything in existence 😂😂   At least in America 
Tmi   It\'s hard as hell  but it\'s doable   Just make sure when you have the bottle rim over the hole  connect it  but leave a little room since the pressure of air tends to fight with you   So many times I did what you did and ended up parking on the side and just letting the breeze compliment my shame   That walk into the house suckksss  Also  don\'t underestimate your pee  Your pee can deeply betray you as you hear the pee coming near the top   That feeling sucks balllssssss   Source  stuck in traffic many times and didn\'t feel the world needed to see me squating on the side of the interstate road  Welcome to the Pissolympics😂
Happy New year from Croatia  😁
Solid pull  I stopped chel over September so didn\'t pack any movs unfortunately  I regret it lol  I was to focused on FIFA as rewards are sick  Relegated myself D1 to D6 to get more Title packs 😂😂😂 
Honestly  I think that happened to mr too  but much later  I know  for example  that I don\'t have a mnemonics for ね  わ  and れ  because they are so similar and the mnemonics were so shitty I just memeorized them individually  And  given that I can\'t recall some of the mnemonics  such as ほ  し  or の  I\'m pretty sure the same eventually happened   As for the katakana  I probably remember like 4 mnemonics top  not counting the ones that are almost identical to their katakana counterparts like ヘ and モ   so I assume the same happened to me with katakana 
If I were in your shoes  I\'d skip the party and go see Office Christmas Party  Definitely recommend having a watch   I\'d have some good ole fashion me time to let myself unwind and distract    This is purely from my POV  I wouldn\'t be able to control myself and I think the emotions would just end up getting to me  Someone would end up saying something that got to my head  or I would get anxious from not having anyone to talk to and just standing awkwardly in a corner somewhere    Congrats if you are truly able to attend these sorts of things without breaking sobriety  You must be strong willed and I\'m jealous  👍🏼 Please don\'t try and over extend yourself though  Don\'t try and test your strength  take it slowly and bail as soon as you feel any sort of urge to drink  I may not know you  but I care  Don\'t let destructive and selfish people get to you    You  Are  Awesome  
Thank you     Yes I have a question  What\'s your opinion on self learning online education in terms of employability as a programmer  From the programmers I\'ve talked to and what I\'ve read online  it seems like it\'s totally do able and even financial wise to learn via cheap or free courses offered on platforms such as Udacity or Harvardx  And to teach yourself the skills  Although  it\'s a bit harder to get a job initially   I\'m disadvantaged in the fact that I was forced to homeschool highschool  with a ridiculous curriculum that isn\'t recognized at any university in my country and it taught ridiculous things like that evolution isn\'t true and that the earth is ≈6 000 years old  So the quality of my formal education is shit    However  I\'d say I\'m pretty advantaged in that I\'m a self learning and with access to the internet I feel like I can learn a lot on my own  Such as computer animation and programming  I\'m always experimenting with digital art and graphics and more recently programming    I figure that between my own projects and the occasional course online to fill in the blanks in my knowledge  I can get the same and maybe even more actually marketable skills for less time and money than going through the traditional route of a CS degree 
  	🎩   	 😂    ✋👕👌     👖    👞👞   it fnaf fan     copy paste this boi so he can take over  r UndertaleCringe    so he can stop the h8rs of fnuf and end undertell
What a fine young gentleman and excellent example of his Father\'s upbringing  👏🏻Sending you best wishes for a happy birthday  🙏🏻Kindest regards always  And Happy New Year too  🎉
The bloat is strong with this one  http   imgur com UNWm8GC Only 5 4 so it\'s all cookies 😂
You look like the kind of girl I saw flashing at the Summer Sanitarium tour in \'01 🤘
😂
Capitalism is a good thing  they said  😭😂
Chance is so fine 😍
I\'d like to know how they got their names 😸
not bottomless pit  the impossible kid  rtj3  smh I\'m disappointed lwg 😒
I try 🤖
Thanks for the repky  I appreciate jt  Makes more sense now ☺ 
Oh I saw that pics and thought you were going around bottomless 😍😘😛
Here i am at 11pm playing with myself 😬
Bunch of malarkey 😏
Idk  I\'m pretty sure my friend doesn\'t have a crash pad here 😂 
Netflix and chill    Maybe a bj  😉 
5555 go out in "style" at a full moon party   😂
Then do it  Work full time and while youŕe gaining experience  do a MS in  Software Engineering part time  It may take you 3 4 years to reach your goal sine youŕe not a full time student but if you are really settled in software engineering  go pursue your passions  But note one thing  not all and a very few like  1  of the software engineers get to work at Google  Microsoft  Twitter  etc  Most work at small to mid size companies  Same comparison as saying that I want to be a ChemE so i can work in Exxon Mobil or Dow Chemical  doesnt work that way in the real world  
  Clannad       MAL  http   myanimelist net anime 2167    A P  http   www anime planet com anime clannad    AL  http   anilist co anime 2167    ADB  http   anidb net a5101      TV   Status  Finished Airing   Episodes  23   Genres  Comedy  Drama  Romance  Slice of Life  Supernatural           anime      LN        FAQ  http   www reddit com r Roboragi wiki index        r   http   www reddit com r Roboragi        Edit  https   www reddit com r Roboragi comments 3i82q0 by mentioning his username roboragi can now       Mistake   http   www reddit com r Roboragi submit selftext true title  ISSUE  text https   www reddit com r Animesuggest comments 5kje2t looking for any type of anime dbuuphu       Source  https   github com Nihilate Roboragi       Synonyms  https   www reddit com r Roboragi wiki synonyms       Catgirls   Doggirls       ♥  https   www reddit com r Roboragi wiki thanks 
Tell that to my partner 🙄
I have this and Blue Dragon on my list to play  Any recommendations as to which one is better  It\'s been ages since I played a JRPG  and by that I mean Grandia II on the Dreamcast  😞
She\'s not 14 anymore 😉😉😉
This one\'s really good  Thanks for sharing 😊
IGN 마루  Deposited Yungoose lv  5 male in ultraball  nicknamed philip  Message I want to fill my pokedex request  ditto Adamant   or modest or whatever\'s available   or whatever\'s left   
Would ya look at the friggin stone on her finger  Bigger than my future 😭
😟
Ha ha  Very nice to see this  though     ☀️ Test successful   status appveyor  status travis  Hooray for the CI migration 
Oh  Well I\'m sure you can understand my misunderstanding  on a sub about Bikini Bottom 😂
Northwestern won tho  ¯     ツ   ¯
Bro she was taking drastic measures  Getting a job  😂
Thanks 😀
You scored  right  Then yes  3rd place is all yours   🎁🎊 Unfortunately   you\'re trophy will have cubic zirconias  
Not even arguable    This is his first blowout   😭
Well hell  her phone number is on the report  Let\'s call and ask her 😯
I swear  I will never be able to unsee を as some dude jumping into a pool  or と as a turtle 
You are so very welcome    Know you are not alone in your battle  just believe in love  and the world will love you back in more way than you can ever imagine    Happy 3017  Peace  light and love be with you  ❤
Prices are huge😰
Player ID  80568515 Player Name   I ceNeedl Device  iPhone6SPlus  iPhone OS 10 2 Storage Space  11 972MB  Please enter the following  Comments   Requests  I thought Academy Renji would be available for evolution tonight  Is he coming soon   Thank you for contacting us regarding "BLEACH Brave Souls "  Regarding your inquiry  we are sorry but we are unable to disclose the schedule of the game\'s future events and campaigns to our players individually   However  please note that you may view updates about it in our notifications page   We are committed to improving BLEACH Brave Souls  and we thank you for your continued support   ※All rights reserved  　Our operation time 10 00  18 00JST 
Also  i have another story  but this one is the last one I promise   This is the second one I\'ve submitted  But when I was about 10 or 11 my nana came to new York from Tennessee and wanted to take my dad and I to a restaurant  She decided that we were gonna go to 5 guys burgers and fries  Now being still somewhat little and quite naive  I thought that I could prove I was a tough little girl by ordering a bacon and jalapeno cheese burger with a large order of fries  My dad being the great father he is  became concerned and asked me if I was sure I wanted that to which I responded yeah with all the determination a 10 to 11 year old could muster  So we finally get our order and soda with free refills and I decide to chow down because I was starving  I literally get about two bites in and I am feeling the jalapenos  So I down half of my soda  then I take another bite and at this point  my nose is running and I\'m crying and my face is redder than a tomatoe  I couldn\'t even get the second bite in before I had to drink the other half of my drink  Now  I\'d like to say that I\'m thankful that they allowed free refills considering how often I went back and fourth between the burgur and the soda fountain  Needless to say I was definitely feeling those jalapenos later that night 😅😅😢
Thank you   😀
So surprised that people play on battle net  No offense to you  I would just rather not play than have to play without the luxuries that Slash gives us 👍🏼
Olives  both black and green  are my favorite   I\'m a Kanye fan  no matter how damn crazy he is   I\'m going to Vegas  twice  in 2017  Mainly because I\'m always a bridesmaid never a bride    Happy New Years   Happy New Day  🖤
😜
Hello     What I did this year     I tried various methods books but nothing really worked that well for me  The biggest achievement was that I studied KKLC till around 1100 1200 kanji  but stopped after that  I also completed Irasshai in semi background mode     My plan for the next year     My method will be very simple  My primary resource of study will be JALUP Anki decks  I\'ve already started doing them and I am at 600 cards in the Beginners deck  I plan to learn 100 new cards every day at least throughout January because I\'ll be on vacation  My secondary resource will Tae Kim\'s Grammar Guide  I plan to read it 2 3 times and then will probably move on to the Dictionaries of Japanese Grammar  After that I will probably try to work through KKLC again  although this time I plan to add sentences for Kanji  That should make study more interesting and feel more meaningful  All of that will be supplemented with native materials such as anime  manga    hentai    VNs and books  I also bought a Japanese encyclopedia for children which looks quite promising   よろしくお願いします。 
IGN  Jon Deposited  Meowth  level 26  male Facility  Ghost Den 1★
地獄パズル   Hell puzzle  lit   見事クリア    Spectacular clear   not sure on the translation here  but I get the impression it conveys a sense of accomplishment if you can finish it   The two spots on the bottom are date stamps for when you start and finish the puzzle  flavorfully listed as "day you entered hell" and "day you escaped hell"     translated
Haley getting the stoppage with a fight 😂
Seveneves is a really good book  I hope you like it    One day a shitty movie or excellent short tv series will be made based on it 🙃  
ಠ ಠ  ew   i mean if we have to  sure  but i would prefer not 
Good for you   Keep it up  ☺
you look great   you are gorgeous sydney   ❤
Not drinking this year or the next  ❤
I was going to comment this same thing about my Baba  Seeing this brought  back a lot of nice memories ❤
  DO NOT DELETE ANY COMMENT OR YOU WILL BE BANNED   Hello  u Dargoldium  your comment has been automatically removed  NOT deleted  because you have not set your flair  Visit  this page  http   139 59 195 159   to set your flair   After you have received a confirmation message that your flair has been set  you will have to make a new comment because this comment has been removed  If you have set your flair using the link above then please make sure the  Show my flair on this subreddit   box is checked to enable your flair           ☑ Show my flair on this subreddit  It looks like           0000 0000 0000       If you don\'t know how to find your 3DS Friend Code  please check out  this guide   http   www modojo com features nintendo 3ds friend codes everything you need to know            Comment      IGN  Kevin    Trainer Description  Male  Light skin  Default clothing    Sandygast  Dargoldium   Male  Level 21  Quick Ball     GTS Message  I want to fill my Pokedex with other languages     Your Game Langauge   ENG     Nature of Ditto requested  Timid         I am a bot  and this action was performed automatically  Please  contact the moderators of this subreddit   message compose  to  r BreedingDittos  if you have any questions or concerns  
infinitely variable everything    ∞ axis    Conversational programing  
As long as you\'re not stumbling and being a nuisance  Just don\'t pass out in the middle of a crosswalk  👌🏻
Got my size 39 in exchange super easy  the people at Mr  porter are incredible  customer service beyond belief   39 fits a tad long in length  an extra ⅛" or so   but are incredibly snug  especially in the width  I would not have been able to size down to 38   These are essentially a perfect fit and will break in nicely
Just wonderful    You almost sounded too racial awareness wise too good to be true whilst reading that   was almost expecting a Punk\'d moment where they\'d come in and it was just a KKK member under an AF mask just trying to play me this sub  Haha 😂   Your kids will be exceptionally and staggeringly lucky to be raised in your household home environment  I\'m full atheist but if only using that whole karma thing as an joking example analogy  your future kids would obviously be those who were saintly and helped the poor in their \'previous lives\' haha   whilst it is tragically sad how those hapa kids from those rotten and racist WMAF\'s couplings unfortunately seem like they must\'ve murdered others burned down temples in the previous life by comparison to have been randomly put into such a toxic home environment  Sigh  As they say  Life just isn\'t fair  😞  
      009         009  Hover to view match ID  2885707511  DB  http   www dotabuff com matches 2885707511   OD  https   www opendota com matches 2885707511          009      Dire wins 56 58   67 59     lumbdi "Match ID  2885707511  match date  2017 01 01 01 25 08  first blood time  1 26"   Lvl   Hero   Player  K D A   LH D   XPM   GPM   HD   HH   TD                                          25     hero sandking  anon 6 10 31 277 1 408 399 28362 982 630 25     hero tinker   DB  http   dotabuff com players 129219826 "Dotabuff  Lookup people\'s match history"   OD  http   opendota com players 129219826 "OpenDota  Provides free replay analysis"  Mr Instance 23 7 13 399 1 404 582 73399 326 599 25     hero bristleback  anon 7 11 26 246 1 408 378 37188 0 1612 25     hero timbersaw  anon 6 19 20 256 2 404 366 25417 9347 126 25     hero mirana   DB  http   dotabuff com players 208850606 "Dotabuff  Lookup people\'s match history"   OD  http   opendota com players 208850606 "OpenDota  Provides free replay analysis"  Death 14 13 13 347 1 404 469 34577 0 1520  125 125  ↑Radiant↑ ↓Dire↓   56 60 103 52 61 111  1525 6 1442 25  2028 2023  2194 2449  198943 259266  10655 1663  4487 18567 25     hero lina  anon 8 12 15 147 0 405 382 23373 0 1648 25     hero techies   DB  http   dotabuff com players 107259751 "Dotabuff  Lookup people\'s match history"   OD  http   opendota com players 107259751 "OpenDota  Provides free replay analysis"  tedtedbear 16 19 15 172 1 404 432 48876 1663 1432 25     hero nagasiren   DB  http   dotabuff com players 83663764 "Dotabuff  Lookup people\'s match history"   OD  http   opendota com players 83663764 "OpenDota  Provides free replay analysis"  Persever  5 6 25 655 4 404 689 55219 0 10156 25     hero riki   DB  http   dotabuff com players 140792228 "Dotabuff  Lookup people\'s match history"   OD  http   opendota com players 140792228 "OpenDota  Provides free replay analysis"  J Prod 16 13 18 179 14 405 460 60674 0 2731 25     hero centaurwarrunner  anon 7 11 38 289 6 405 486 71124 0 2600              009         009  Hover to view match ID  2885368816  DB  http   www dotabuff com matches 2885368816   OD  https   www opendota com matches 2885368816          009      Radiant wins 85 99   101 21     lumbdi "Match ID  2885368816  match date  2016 12 31 19 34 44  first blood time  3 14"   Lvl   Hero   Player  K D A   LH D   XPM   GPM   HD   HH   TD                                          25     hero tusk   DB  http   dotabuff com players 83663764 "Dotabuff  Lookup people\'s match history"   OD  http   opendota com players 83663764 "OpenDota  Provides free replay analysis"  Persever  31 18 26 805 2 272 766 80973 0 3145 25     hero slark  anon 16 16 23 561 4 273 575 44068 0 4489 25     hero axe   DB  http   dotabuff com players 75116642 "Dotabuff  Lookup people\'s match history"   OD  http   opendota com players 75116642 "OpenDota  Provides free replay analysis"  Commander Ba 18 24 24 469 0 271 498 53221 0 1759 25     hero crystalmaiden   DB  http   dotabuff com players 191339349 "Dotabuff  Lookup people\'s match history"   OD  http   opendota com players 191339349 "OpenDota  Provides free replay analysis"  Lilo 10 20 29 288 1 272 509 46193 0 1510 25     hero shadowfiend   DB  http   dotabuff com players 203990197 "Dotabuff  Lookup people\'s match history"   OD  http   opendota com players 203990197 "OpenDota  Provides free replay analysis"  JustAnAsian 10 21 30 639 23 276 551 39288 0 8063  125 125  ↑Radiant↑ ↓Dire↓   85 99 132 99 90 150  2762 30 1842 42  1364 1372  2899 2437  263743 372796  0 4130  18966 16870 25     hero invoker   DB  http   dotabuff com players 335364161 "Dotabuff  Lookup people\'s match history"   OD  http   opendota com players 335364161 "OpenDota  Provides free replay analysis"  Kygo  11 14 40 344 12 273 428 65941 0 1504 25     hero techies   DB  http   dotabuff com players 125784032 "Dotabuff  Lookup people\'s match history"   OD  http   opendota com players 125784032 "OpenDota  Provides free replay analysis"  Ciaxares 29 18 16 305 0 272 541 114872 4130 0 25     hero lich  anon 17 20 34 323 4 271 517 49510 0 1968 25     hero mirana  anon 14 20 34 530 2 271 489 46491 0 817 25     hero outworlddevourer   DB  http   dotabuff com players 176369070 "Dotabuff  Lookup people\'s match history"   OD  http   opendota com players 176369070 "OpenDota  Provides free replay analysis"  ElsuperPolli 28 18 26 340 24 285 462 95982 0 12581           source  http   github com NNTin Reply Dota 2 Reddit    on   github     message  https   www reddit com message compose  to lumbdi    the   owner     deletion   link  https   www reddit com message compose  to Reply Dota 2 Reddit subject deletion message t1 dbuuugf "Only works for bot summoner and  r dota2 mods  Do not change already filled out form " 
That Irbis is sweet 😜
That\'s a such an adorable looking little pussy  I would love to taste it   ❤
I have no incentive to stay up late tonight   😐
Yo  Excuse the   perhaps obvious   sockpuppet  but I was in a very similar situation as you  pre transition  100  closeted  still not obviously trans  when I was applying to grad school  so maybe my experience might be able to help you  I never had to write a diversity statement  but it seems like your concerns might extend to things I do have experience with  so   well  here goes   1  Re  department culture  you should try to gauge the climate inside the department as early as possible  If the school as a whole has a good reputation  that\'s likely a good sign  but you\'ll be working much more closely with faculty in your department and especially any potential advisor s   so if they\'re awful  even if you get into the program  your experience is gonna be correspondingly awful too  Unfortunately  this is pretty hard to do at a distance  I knew I would basically have one choice of advisor  old  cis  straight dude  at the program I was accepted into  so I didn\'t really put much effort into this myself  I\'m pretty sure he still doesn\'t know I\'m trans  even after two years of working together  but that\'s a different post  I\'ve come out to a few other faculty staff in my department in the same time period but only after cultivating a close relationship beforehand  so I could at least guess how they might react  Possibly contact the trans student group on campus  if there is one  and ask them if they have any advice  Or  if you feel comfortable doing so   maybe even contact the graduate student coordinator in your department  There may even be a climate survey released by the school to give you a better idea of how things are on the ground  so to speak   2  If your transition status isn\'t relevant to your application  don\'t include it  or at least not more than you have want to   Use your preferred name if you can want to  and ditto for any time you can put your name on submitted documents   personal statements  CV  writing sample  anything of that sort   but honestly  the less information they have about this  the better  My feeling was  it\'s my business  not theirs  as long as you\'re willing to take on the work  you can at least wait until enrolling  if even then  to disclose that information  3  So   I\'m not gonna say "if you\'re suicidal  don\'t go to grad school " But  I mean  As I\'m sure you know  grad school is  not  an environment conducive to good mental health  I\'m extremely lucky in that I\'ve been doing relatively well since getting into my program  i e   not suicidal   relatively  well functioning   so the most I\'ve got to deal with is the standard in closet experience   isolation  I\'m pretty sure other trans grad students are like  a myth     an absolute ton of impostor syndrome  I really love my work  and it gives me a lot of hope  to the point that I really think it\'s one of the reasons I\'m not as depressed as I used to be  but that\'s by far not a guaranteed outcome  Bottom line  you gotta be selfish  You have to take care of you first  If that means going for a PhD  then definitely  go for a PhD  But if it means not entering a high stress  high stakes environment  then maybe don\'t do that  either   That sounded terribly preachy  so I apologize if you knew all this already  If you were just asking in general  of course they might just not want this information circulating  but FWIW I\'ve never heard this kind of concern from my faculty administrators therapist   4  Your idea for the diversity statement sounds pretty solid  as far as I can tell  Like I said  I never had to write one of those myself  but your idea sounds a lot like what I did in my own personal statement  "Being trans gives me a unique insight on the topic I want to study at your school  I am one of if not the only person you will have with this insight  accepting me for this unique skill is therefore to your advantage as an institution  because there is no one else who can do what I will " Is there any way you can link it to your personal statement  Or anything of your potential advisor\'s work  I think the main point is  as usual  not showing  how  you\'re diverse but making the reviewers remember your application  Far easier said than done  though  ¯     ツ   ¯  Anyway  this is my first time answering a thread like this  so apologies if I got the format wrong  I know you were asking specifically about a reach school  so I might have rambled a bit   if there\'s anything I didn\'t explain clearly  let me know  Best of luck on your applications   
Zucc and Hank  😍
17 hours of having your keyboard in your lap😰 this is so neat but not for me haha  
This girl too   🙋🏼
You are so pretty 😍
Tu quoque   tjuːˈkwoʊkwiː   Latin for  "you also"  or the appeal to hypocrisy is an informal logical fallacy that intends to discredit the validity of the opponent\'s logical argument by asserting the opponent\'s failure to act consistently in accordance with its conclusion s  
“He who controls the past controls the future  He who controls the present controls the past ”  ― George Orwell  1984
That highlight video at the end makes me wish we still had streater 😩  I\'d take him over Roberts any day  
Maybe if they stopped voting for politicians that brought in poor people from third world countries the World Bank and IMF wrecked to take away their jobs they wouldn\'t have to get on reddit to whine at immigrants and minorities about it   ¯    ツ   ¯
I live by this rule  Thanks for that hard lesson at 15 dad 🙄
Thank you for seeing me today  I\'ll see you soon cuteface  ❤️
I\'d sure like to give you a hand 😋 you have beautiful breasts 😘
Mega Gym just opened this week in my town  It\'s gonna be packed tomorrow 😬
You shoulda private messaged me lol now people are gonna make offers for them😂
That\'s the best  👍 
Why should I care what republican legislators say  Those guys don\'t give a flying fuck what they say so long as their donors are happy  The same is the case for a majority of democrats these days  I\'ll trust evidence and public information    The last time people fell for warmongering shit like this  the United States jumped headlong into a war that destabilized the entire Middle East and threw the world into chaos    Matt Taibbi over at Rolling Stone has done a great analysis of this entire situation    http   rol st 2iMReU1‬
I have about 40 lb pots who should I use them on this is my current party ExDeath ☆6  Bartz 5☆  arc☆5  refia☆6 and agrias☆5  
Awww Juniper and Moose ❤
2011 by tomorrow 👌
You cant compare a one handed sword with two handed weapons in terms of dps  Theres a logic reason  why war and drk dealing more damage   Thing is  no 1 needs plds mitgation today when you can have a same tank whos taken like 10  more dmg but dealing 20  more as a paladin   If this really bother you i think you should give drk a shot  its way harder to play than Paladin  😂   Also play whatever you like  a player can only be good with a job he she likes and really wants to deal with And if ur static dont want you as paladin  its not the right static for you   
Absolutely bloody awesome  the both of you 👍🏻😊
More people play GTAV than GMod and we all know community choice awards pick the most popular game ¯     ツ   ¯
I looooved getting to stay up all night just once    We would watch the local fireworks show on TV and drink sparkling cider  I\'m excited to one day tell my little one that she\'s a big girl and can stay up and party with us 😍
Such a beautiful video 😍 your pussy looks nicely wet and sweet 😘
I\'ll take a free lick from him    And return the favour 😏
Yeah  Cause christianity isnt shoved down ppls throats all the time  I was merely saying u dont need a magical flyin spaghetti monster claiming everlasting life to treat my neighbor nicely  Go back to your shepherd sheep 🐑 
I don\'t know what you just called him exactly    but I like it 👍
Oh fuck I do this all the time 🙈 My bad😂
I just got really excited about this  but then remembered that I\'m pregnant 😂
Everything about you is perfect 😍
Thank you for your input  love  😍
Starting tomorrow you will literally be like a new man my friend😉 Great way to start the year off I would say👌 Keep up the positive work✌️
Hi  u FireWankWithMe  Your comment has been removed because your flair isn\'t set up correctly        Set up your flair here   http   pokegiveawaybot tumblr com  btn  If that doesn\'t work     here is a visual guide     http   i imgur com qKw7Hto png  Please enter one in the format  1234 1234 1234   IGN   by using the  edit  button in the sidebar where it says         ☑ Show my flair on this subreddit  It looks like      3333 3333 3333   Ash Ketchum  ΩR       edit     Make sure the box is checked to enable flair  If you don\'t know how to find the 12 digit number you need  please check out    this guide    http   www modojo com features nintendo 3ds friend codes everything you need to know  to find your friend code     I am a bot  and this action was performed automatically  Please  contact the moderators of this subreddit   message compose  to  r Pokemongiveaway  if you have any questions or concerns  
Dang that\'s a booty there 👌🏻
Thank you for your submission  Unfortunately  it has been removed for the following reason s       This submission is better suited for one of our megathreads       Megathreads are used to help keep the sub from flooding with the same type of topic→   r CasualConversation w megathreads       Tuesday  Relationship  A few subreddits of interest   r Relationships   r advice   r teenagers   r relationship advice   r dating advice or check our  subreddit directory   r CasualConversation wiki directory             If  you  have  any  questions   we  ask  that  you      message  the  moderators    https   www reddit com message compose to  r CasualConversation subject My submission was removed message I have a question regarding the removal of this  submission   r CasualConversation comments 5lcodp 2017 not asking for much just mend my brokenheart   ⇢   directly  for  appeals      Please  refer  to  our     detailed  rules      r CasualConversation w rules     Take  a  look  at  our   subreddits  directory    r CasualConversation w directory  
How do you expect me to get it in only ϛ tries  
I get what ya mean  but the devs themselves labelled it an ARPG    ¯     ツ   ¯
Very dapper  Charlie   Happy New Year to you as well   🎉🎉
At least someone appreciates me ❤
That\'s pretty special 🎉
Same  😭😭😭 I want nothing more than to be a SAHM but I\'ll probably only get 6 weeks  I\'m scared about being able to breast feed and getting baby on a schedule  
one week and nothing of hot mom   i think shes having a good time with the felt then      ͡° ͜ʖ ͡° 
 Medium beef  Like cooked medium  Whys that rare for kids to enjoy    Some kids are squeamish when it comes to bloody pink meat  Her cousin won\'t touch anything below well done  or with a red sauce  don\'t ask     No pun intended  🤔🤔🤔🤔🤔
General Retrospective  I watched 623 films this year  not counting shorts or repeated viewings  I only watched three films twice   and 499 for the first time  It was a big year for me  I only really started getting back into movies in 2014  I joined Letterboxd at the end of that year and started keeping a diary in the middle of 2015  I would say that is the point where I started becoming more and more serious about movies as a hobby   Last year I went to theatre to see about 47 movies  including five at the local international festival  This year  however  I went to the theatre to see 90 movies  I saw 13 at the the festival  I only mention this because I think it highlights my largest viewing habit  which is primarily newer films  Not counting re watches  any movie I\'ve seen at least once previously to this year  I only saw about 85 films this year that were from before I was born  1993   If I classify that period as \'pre history\'  it\'s a major blindspot for me  Letterboxd tells me  not that I need it to  that I rate films from the 40s  60s  70s and 80s higher than any other decade   All this means to me is that I am only watching the highest rated movies from those eras and not too unsurprisingly enjoying them  This is something I really wrestle with though because doing so makes me feel like I am checking movies off a checklist most of the time  Maybe that will change if I delve deeper in to those respective eras  But this is why I gravitate towards newer films more and more  and films from working filmmakers  because there\'s sense of cultural urgency surrounding them  I don\'t know if this will change in 2017 or not but I hope it does    nbsp     Best of the best    Into the Wild  Dogville  Network  Raging Bull and Come and See    Filmmakers who changed my world in 2016    Jim Jarmusch  Ghost Dog  Paterson   Todd Haynes  Far from Heaven  Velvet Goldmine   Michael Haneke  The Piano Teacher   William Friedkin  Sorcerer   Kelly Reichardt  Wendy and Lucy   Wong Kar wai  Fallen Angels   Mike Leigh  Naked  Happy Go Lucky   Steven Soderbergh  Contagion  Solaris  Ocean\'s Thirteen   Krzysztof Kieślowski  Red  Double Life of Veronique   Robert Altman  McCabe and Mrs  Miller  3 Women   Dardenne Brothers  The Kid with a Bike   Pedro Almodovar  Volver   Gus Van Sant  Elephant  Gerry     Non English speaking Directors I really got into    Christian Mungiu  4 Months  3 Weeks and 2 Days   Asghar Farhadi  About Elly   Nuri Bilge Ceylan  Winter Sleep   Yorgos Lanthimos  Dogtooth    Mia Hansen Løve  Things to Come   Maren Ade  Toni Erdmann   Céline Sciamma  Tomboy   Kim Jee woon  I Saw the Devil   English speaking directors I got into a little bit  Richard Ayoade  The Double   Sarah Polley  Stories We Tell   Kenneth Lonergan  Margaret     Documentaries I fell in love with    Citizenfour  The Act of Killing  The Look of Silence  Touching the Void  Thin Blue Line  I watched way fewer than I thought I did         Movies I watched again and confirmed as favourites    The Breakfast Club  Blade Runner  Apocalypse Now  Jackie Brown  Drive  Inherent Vice  Dead Man  Miller\'s Crossing  Rushmore    Everything else I really liked    Eyes Wide Shut  Miami Blues  This is England  The Killers  1946   Paris Texas  Le Cercle Rouge  Battle Royale  Wake in Fright  Oslo August 31st  Prince of the City  The Holy Mountain  Last Temptation of Christ  Bad Lieutenant  Port of Call New Orleans  The Passion of Joan of Arc  The Host  Hustle   Flow  25th Hour  Fish Tank  Certified Copy  Suspiria  The Abyss  Manhunter  Strange Days  Martha Marcy May Marlene  Waking Life  United 93  My Dinner with Andre  Mommy  Where the Wild Things Are  Memories of Murder    The funniest movies I watched this year    Easy A  Four Lions  Damsels in Distress  Roger Dodger  Chasing Amy  24 Hour Party People    Worst of the worst    Sabotage  Me Him Her  Singles  Dune  Conviction  Limitless  White God  The Impossible  Crazy Stupid Love  Big Trouble in Little China  SubUrbia  The Watch  The Perks of Being a Wallflower    Misunderstood    Limits of Control  Cruising  Evil Dead  2013   Wetlands  Cat People  1982   London Road  Hardcore Henry  My Blueberry Nights  Solaris  2002   The Girlfriend Experience  Unfriended  Starlet    Movies I never would have watched before this year    Stranger by the Lake  Deep Blue Sea  2011   Wuthering Heights  2011   Hedwig and the Angry Inch  Jane Eyre  Martyrs  Coriolanus  Audition  Weekend    Best of 2016    Paterson  Toni Erdmann  The Handmaiden  Sing Street  Certain Women  The Neon Demon  Everybody Wants Some  La La Land  Arrival  I Daniel Blake  Hail Caesar  Son of Saul  The Hateful Eight  Carol  The Big Short  Tower  OJ  Made in America  Elle  Nocturnal Animals  Hacksaw Ridge  Loving  Pete\'s Dragon  Julieta  The Unknown Girl  Graduation  American Honey  13 Hours  Swiss Army Man  Green Room    Never want to think about it again    Bad Santa 2
You look so amazing 😍 just like last year I guess 😘😘 Happy new year  💕
She didn\'t say anything  ¯     ツ   ¯
That was epic  Lolz  😂 
Yeah    haha    joking  right I was just    having a laugh 😄
Ok i caught 8 trade pokemon faster then i thought    I can come online rn if your available  however i do have to go to bed in 30 mins    Be sure to add the FC in the flair my IGN is Amanda⭐
Funny you should ask   Here\'s the same question  https   www reddit com r LearnJapanese comments 3yu38y is there a difference between  E5 90 8D and  E5 90 8D E5 89 8D    All in all I\'d say just 名 is a literary and somewhat poetic thing  not a thing you\'d use in general conversation   As a slight aside to that last point  I find in speaking  words like 手、絵  where they\'re single sounds are the easiest to be misunderstood if your pronunciation isn\'t perfect  so I try and avoid them 
Turns out I\'m not the only person at this party that\'s interested in her 🙃
Box labeled "Yatchy" 😂😂
  DO NOT DELETE ANY COMMENT OR YOU WILL BE BANNED   Hello  u FlexredentBadger  your comment has been automatically removed  NOT deleted  because you have not set your flair  Visit  this page  http   139 59 195 159   to set your flair   After you have received a confirmation message that your flair has been set  you will have to make a new comment because this comment has been removed  If you have set your flair using the link above then please make sure the  Show my flair on this subreddit   box is checked to enable your flair           ☑ Show my flair on this subreddit  It looks like           0000 0000 0000       If you don\'t know how to find your 3DS Friend Code  please check out  this guide   http   www modojo com features nintendo 3ds friend codes everything you need to know            Comment      IGN  Adelaide    Trainer Description Fair skinned  black hair with a white tank  black shorts and fedora  Black bag    Sandygast  Gender  Level  Ball  FLEXREDENT F 21 Ultra Ball    GTS Message  I want to fill my Pokedex with other languages     Your Game Langauge   ENG     Nature of Ditto requested  Modest         I am a bot  and this action was performed automatically  Please  contact the moderators of this subreddit   message compose  to  r BreedingDittos  if you have any questions or concerns  
I\'ve caught so many today over that and haven\'t gotten one yet 😑
There\'s book Arcane Divine Throne 奥术神座   They use science to explain magic so that they can do better  Chemistry  Newton\'s Law  relativity  quantum mechanics  They cast spells with these  Sadly there\'s not many chapters translated  It\'s a really wonderful book 
OMG  I love your butt 😍I hope we get to see a bit more in the coming year 😘😘
That five o\'clock shadow is so nice though it almost the best of both worlds for me personally  Youll meet someone who will like you for you  ☺ 
Totally lovely 😊 
God bless you child 🙏🏽
To call these people \'terrorists\' is an understatement  They are enemies of humanity  Insanlık düşmanı  
   Jota ★PRO KEY    https   play google com store apps details id jp sblo pandora jota plus prokey    Paid     Rating  83 100   Search for \'jota\' on the    Play Store    https   play google com store search q jota               Source  Code  https   github com crisbal PlayStoreLinks Bot       Feedback Bug  report  http   www reddit com r cris9696 
This was my EXACT prep stack this past summer but messed up peak week and got 3rd 😭
I got Lucci twice who I already have so    10k Ray points I guess    On the bright side I did get Koala and Burgess finally   ❤️
You\'ve been down too long in the midnight sea  oh what\'s becoming of me ♪
I was a bit worried as this is my first complete build solo  so thanks for the help bro  ✓ 
Is it weird that I want to use your booty as a pillow   It just looks so big and comfy 😘
Sounds like the perfect day to me  🙂
Hey  jsyk  use three of these        when making your left arm  So it should look like this when you\'re typing it   ¯         ツ   ¯
Woah stop dem presses we gotta revote meme of the year cuz dis shits 🔥🔥🔥
What a Lucky man your\'s is 😉
1  There are multiple ways to answer this  I\'ll try to bake two together  Japan has a more clearly formulated idea of 公私   Koushi   lit  public and personal   Where some things are completely okay in private   between friends  those same things are taboo in public  Hence the problem with basic things such as speaking on the phone on the subway or speaking too loudly around others and not using formalities with strangers  So take a society with such strict social rules  and then think the same as the reason why there\'s such an over representation of paedophiles and homosexuals in the catholic church  two things which are seen as sin according to its faith   For a lot of people  taboo   exhilirating  The gameshow part is mostly seen as work and comedy is kind of supposed to be taboo   2  Well  if you don\'t speak Japanese  you\'ll have a tough time  because there will probably be an initial expectation that you will speak Japanese which non Asian looking people don\'t get  As for the judgemental part    well Japanese people are very good at judging silently  If you feel judged  it\'s probably not because they gave you a reason to feel judged  but your own self consciousness  They are also very kind  so I wouldn\'t worry      Disclaimer  I\'m not Japanese  just an exchange student 
Yeah lol  Plus even if I was an IV user I don\'t think I would still  sure as hell wouldn\'t want to risk falling out at someone else\'s house  esp if I\'m the only one getting high 👀
My girlfriend has the orange one 👍🏽
Such information does exist in the form of tutorials for their relative synthesis types  For example  Modular  FM  and additive are 3 types of synthesis that will have different instructions  that will not necessarily apply to each other  Of course they will have common controls but the fundamentals will be different  So start with what synthesis types you would like to learn  and you will discover more detailed information for it    Tl dr   tutorials are out there for each synthesis type  Pick a specific synthesis type to find more useful information already online 😊
3 facts    1  I am an alien  Jk but I do really like aliens  💕😍 2  My favorite animal is a bat  They\'re just so damn cute and smol 3  I\'m obsessed with Die Antwoord but that\'s no secret  
This is amazing and inspirational  Thank you so much for sharing  My boyfriend is 5\'8" and 139lbs  he thinks he\'s fine  apparently the doctor told him he\'s at a healthy weight 🙄  and gets mad at me when I bring it up to him  Your post showed me how much healthier he would look  and feel   with a bit more weight  
Oh you like to torture people  "Keys  Keys  Keys  Keys on Van Nuys  " 🔑 
My husband and I got into a fight today and it was pretty bad  We made up eventually  We had plans to go out w friends but I didn\'t want to go after it all  So he went and I\'m home with the dogs  Still kind of feeling crappy about earlier 😢
You\'re so beautiful in these pics 😍 love your smile in the last one 😘
I\'m on the RiF app  Don\'t know how too  🔥🔥🔥🔥
I was looking at a Christmas picture memory on fb the other day from last Christmas  A "friend" says  "cute  Now hurry up and make a baby "  Then today my Facebook memories showed when my husband proposed in 2014  Comments included "first comes love  then comes marriage" and "hurry up before the triplets come popping out "  🙄
Did you lose to Louisville or something too  😜
Just had this happen to me right now  The 19 goals I just scored in 2 turns didn\'t register 😭😭 I\'m so mad man
Dont live to anyones expectations  Live by your own definition  If your healthy and happy do you  and dont give a flying crap about other peoples opinions about your appearance  If you want try building muscle idk do you man ☺ love yourself and youll meet the right people  
Happy New Year  I have an egg matches your TSV  could you hatch it for me   B3   1 1   Litten  ♂    Adamant   Blaze   31 10 31 27 31 31   Dragon  3511   Added  pre hatched   
How would you want me to play with your breasts 😉😘
I wish I checked Reddit sooner 😔
Your comment is grossly optimistic  You think this congress would try to impeach Trump 😂😭  edit  added "try to" before impeach and crying emoji after laughing emoji
The Democratic Party and their platform is the institutionalized racism everybody seems to cry so much about  Ironic  huh  😂
Wit     ⌐▀͡ ̯ʖ▀          Lenny is in trouble   Don\'t make me world 
  I think an adult person actually hating a cartoon has issues   You haven\'t seen me rant about  Mahou Shoujo  Naria☆Girls  https   myanimelist net anime 33394 Mahou Shoujo Naria E2 98 86Girls   I suppose   
I love your nips and your lips 😘😘
I don\'t thinks so  I\'ll kiss afterward too 😘
The only time I\'ll go 😂
Nihilism is not about pain and suffering  Nihilism is the freedom to create whatever values you want and interpret the world as you want without being tied to a defined universal morality    Do you want to have kids  Do you think you can fill their lives with happiness  Will you enjoy their existence    I know I want to have a child  As a nihilist I welcome the notion  Only 1 2 children though  Not one more though 😄 
My main resolution is to get on medication for whatever I may need to be on it for   Probably depression anxiety  There are plans to try and get me to a doctor after the 10th so I\'m already working on that  Other than that I can\'t set any goals cuz nothing else matters 😂
😂
"straight male" chill with da jokes lmao 😂    But seriously  Ricki has surgery money now  so give her a sweet pair of Cs or small Ds and whatever other enhancements she wants and she\'s gonna have all the D she can handle in 2017
 There are so many other limits   Sure but a single computer could replace hundreds or even thousands of peoples jobs       which means that the only way it would be feasible to create 50 billion robots for all the jobs in the world   Who said we need 50 billion robots  It\'s not as if we have to create a single humanoid robot that has the same mass as the human it is replacing  Very few jobs would require that kind of robot    If we pretend the population stays at ≈6 billion  And we did replace every human with a robot  Those robots don\'t get depressed  sick  or need sleep  They could average 23 hours a day of work only to take off an hour for maintenance  So for just that alone we would only need ≈ 1 2  3 of the amount of robots as humans  Assuming the 8 hour work day for everyone     However that assumes that it\'s impossible to create a robot that can\'t do things faster or more efficiently than humans  Which clearly would not be the case  So again you could probably divide that number by a factor of 10  So we have already got a number of about 200 million to replace all current jobs    We also don\'t know what the limits of design and better algorithms might get us in terms of efficiency  I\'m sure since you\'re on this sub that you know first hand how much a good algorithm can speed things up     And I think it\'s not fare to say "we wont have the raw materials" because we have no idea how much raw materials would be necessary 
All I did was play video games tonight lol  25 year old dude here  Everything is so expensive on NYE 😭
okay but can we talk about how Iyanla is everyone\'s mom  love that woman 💆🏽
Exactly  I\'m  always  using my feet to pick stuff up off the floor 😂 I\'ve tried to teach my boyfriend but he\'s limited since his toes don\'t go full monkey 😂
This and Dancing Desperado 😍
I hope the Browns don\'t ruin this man 😭
2016 got one last one over us  RIP 🙏🏾
Such an amazing curvy body 😍 love your breasts and tattoos especially 😉😘
Alternatively you can just follow a natural cave to its lowest point  All rare research modules are available here  I\'ve researched everything and have yet to build a Shuttle or Spaceship  I actually prefer this method because along the way you\'re very likely to find loads of dead astronauts  😢  with plenty of Tanks  Batteries  Titanium  Lithium  as well as a winch if you\'re lucky  or a Zebra Ball if you\'re very lucky  At the dead end of every long  downward sloped tunnel there will be either a rare natural research module  a tech research module  a dead astronaut  dynamite  poor luck   a winch  very rare   or a Zebra Ball  good luck      Occasionally you\'ll find a coal deposit you can mine out as well at these lower levels  
Damn that looks pretty wild  If I didn\'t hate SC so much I\'d wish I was there for that 😂
This is more xenophobic than racist  probably  but here goes  I\'m currently teaching in South Korea and staying in a small farm town  In the past 2 months  6 restaurants have refused to serve me  saying "we\'re closed " when it\'s 2 in the afternoon on a Saturday and I can see people sitting down with the 돈까스    I just want to throw their kimchi in their faces 
Wow  😮
Thanks for doing this  My goals are  on no particular order   ●Improve my physical health by committing to a healthier lifestyle   more gym exercise and eating better  Edit  current weight is 96 7kg  ●Improve my mental health by beating my anxiety and depression  ●Actually start the business I have been saving up for and planning for the last year  ●Do what I can within my control to be in a healthy and happy relationship
Is the Ubuntu VM only running Minecraft  I\'m doing a virtual Minecraft server as well  but I found a really slim and slick OS built on Turnkey Linux  called MineOS   Here\'s their site   https   minecraft codeemo com  Their web management interface makes it easy to create restore points  interact with the Minecraft console  and do configs  They even have kinda support for installing Bukkit   One drawback for MineOS is that there isn\'t much documentation for it   It\'s easy enough to get started  but there\'s no fancy wiki with guides   Then again  you sound like you know what you\'re doing  ☺ 
Thank you so much for the story and the reference  ❤️❤️
This is my 福袋（lucky bag  from Skinfood that I bought for 5000 yen  It was supposed to have 10000 yen worth of products  but honestly the shampoo and mini body wash lotion is pretty useless for me  
So sweet  ❤️❤️ I feel you  I gave my pup a bath and took her for a walk this afternoon  She is one of the only things that makes me smile anymore  
Im online now  IGN  Amanda⭐  what is your IGN  
I mean we lost by less than MSU last year and they won the conference  ¯     ツ    ¯
baby floof      😙
🎵 And all day and all night and everything he sees  Is just blue like him inside and outside 🎵
Perfect ending to the year   Happy  healthy  and safe New Year everyone   May 2017 be shiny      LGR💙❤💙
Don\'t worry about what whole  I\'m sure I\'ll get to both of them in time 😘 sound good  
Haha    as long as you\'re happy man  Don\'t let random Internet dicks like me make you feel bad    🖒
Of course that Ham of a women would stop for a snack 😂🐷🍪🍦🍨🍕🍔
I play on PS4 but won\'t be on until tomorrow night 😞
Done😘
Got grey acrobat zombas    Best of both 😎😘
What does she think of herself for "kissing"  a married guy  And does she really think he\'s such a catch if he was willing to screw over his wife and child to "kiss"  her   Does she think they were wise to have a workplace romance     If she\'s honest with herself she\'ll know she\'s making horrible decisions and should step back and get help   But    She sounds awfully selfish and full of excuses   and she knows you\'ll validate them because you desperately  want to make sense if it and heal   Like others here  I think you should get out while you can  before more of your life is invested and before children    I also know that you likely think you\'re different and that with the right guidance you\'ll make it through   We\'ve all been there   It\'s just to hard to deal with the heartbreak and end the marriage at the same time   So       Just prepare to end it the next time you discover she\'s cheating  likely with this guy but maybe someone else   Be ready and you won\'t have as much to deal with at one time    You can tell yourself that you\'re open to healing while you prepare   you know     Just in case      I\'m so sorry this has happened in your marriage   and that you are so lost and hurt 😢 
🙋
Oh yeah  I still remember what I used for そ  A fucking soldier  The Z shaped part at the top was his hat and the C at the bottom was a prominent chin 
Welcome to the sub and the psvr owners club   Lots of demos  some free stuff and low price stuff on the store  hunt around  you won\'t need to spend much to have a good time with your new gadget    initially  Then like me you\'ll probably stockpile all the \'not that expensive games\' and end up spending a fortune  Pah  it\'s only money tho  😝
Im watching an anime movie with my weaboo friends for New Years 😂
Portal 2  I know some people voted for Wheatley  even though I voted for Potatoe GladOS   who does have feelings      Test of Time  Well  the re release is kind of an argument both way  If the re release works  it proves a lot of people are still willing to play it again and again  But also that it needed some kind of revamp   You don\'t wanna play L4D2 alone  You really don\'t   Source  I\'ve speedran the "The Parish" campaign in Advanced   along with plenty of other people  https   www ultimedecathlon com championship s3 left 4 dead 2  and it\'s fucking bullshit  Plus Magicka is totally playable solo too   I still voted for Magicka because I loved every second of it  ♥   Overall I agree with your conclusion  but some choices really sadden me  I\'d have liked to see more rogue lites in "Test of time"  even though the games chosen are pretty legit   for instance  
Can we do 12 🤔
The cam girl with the worm 🐛 coming out of her butt lol
Sorry bud I\'m just High I guess  didn\'t quite understand what you said to me lmao 🙌🏽😂 Happy New Year
Fuck bro  post more stories  My cock is throbbing and wanting more  If anyone Is in north San Jose  hit me up  Tight ass aching for some cock😋
Fantastic analysis   MWHAHAHA  😂
Majority of Xbone AUNZ may not be good but PC is 👍🏾
😂😂
Big difference from what Google said 😂😂
Had both games on  barely even paid attention to the OSU game      you could tell what kind of night it was gonna be   sigh   Oh well it\'s hockey season and the Jackets are 🔥🔥🔥🔥   Buckeyes  at least we beat  ichigan   Go Jackets  
You get  3  https   imgur com a Ad99v  because I\'m so used to seeing it that I can\'t tell which one really shows it the best  Also I trimmed my toenails after this  sorry for the ugly uncared for feet  😂   Cats are life  lt 3   Haha me too  My dad wouldn\'t even hold me for over a week and still after that I was hooked up to machines for a couple months 
Your lips are especially beautiful  this pic was a perfect end to the holiday season  thanks 😘
After burn is glaive most powerfull tool in hes kit  is not for damge son 💼
 Here\'s mine   http   m imgur com a Xgz9Z  Super easy emerald green smokey eye with a silver wing    no blur tool here lmao  dat texture 😬
Esl manila？Summit 5？Northern beat invitational？Only good at Ti？Please name one team taking more titles than Wings Gaming this year in international tournaments 
Just copped NMD\'s 😬
😬 I feel the same way with my Moto Z Play  The battery life is unreal   
 New post     Daily Discussion   Sunday  January 01  2017 →  https   www reddit com r BitcoinMarkets comments 5ldfvn daily discussion sunday january 01 2017  
They\'re incomparable actually    These statements are NOT true     ∞   ∞   1   ∞   ∞   ∞   ∞   0   2 ∞   ∞
Very sorry for your loss  Lots of love and condolences  ❤  Edit  emojis
To play with a skinny guy\'s big dick  😉 EDIT  and get baked with him
bless that we didn\'t  I would have tried to drunkenly rap probably 🙈  Vegas  end of April tbd  and mid September  I\'d have to check exact dates  
As a Temple fan  GDL as co OC  😂
🙈
Logically  as a th9 you shouldn\'t get to say it should stay because it helps you triple because th9s don\'t need that help    They also do have a use and ability and so does the Santa spell  they have uses as limited edition troops meant to be played with rather than worked into strategys    They\'re cool but for th10 11s they\'re novelty at best and at worse not viable or least not better than normal wiz    😉
OMG  That\'s SO WEIRD AND SO COOL      AHHHHHHHHHHHHHHHHHHHHHH YOU DELIVERED   Never apologize for that      3  aww  miracle baby ♥♥
Happy new year   ❤
Give me 17 months   I won\'t have to pretend 🙌🏼🙌🏼🙌🏼
11 pull  1  Omnirod  dupe   Healer\'s Robe  Wizard\'s Gloves  and Evoker\'s Doublet  Alphy is on his way   11 pull  2  Thyrus  dupe  and Evoker again  Come on  I don\'t want to go out like this Alph     11 pull  3  5 5☆s   3rd Thyrus  3rd Evoker  2 Veil of Wiyu and the Holy Kitty\'s Healer Circlet   Really wanted to have more mage presence so I\'m glad Alph came through  but Ysh burst coming in at the end makes saving through OSB Fest that much more worth it 
This thread made me lol    When in doubt or should I say PARANOID    Install a virus protection app on your device     There are trusted developers on the apple store app on your phone    Or can we not really trust those DEVs either  😱  I\'ll wait for OP\'s response to that question 😁
Oh my god  I forgot about his dad being buried in niners gear  😦  That\'s so awkward  
👴❤ Hopefully emojis work on Reddit
Absolutely no problem 😊 is he talking about it in an excited way  or does he share your frustration  Either way  I think it\'s fine to say  to your husband  that you are happy for them but there are a lot of conflicting emotions going on for you right now  so you need some time to sort it out in your mind before talking about it  
Yes  We are all human  and life is hard  Hugs  handshakes  and or high fives for everyone  whatever you\'re comfortable with 🤗🤝🖐️
  Baka to Test to Shoukanjuu       MAL  http   myanimelist net anime 6347    A P  http   www anime planet com anime baka to test to shoukanjuu    AL  http   anilist co anime 6347    ADB  http   anidb net a6747      TV   Status  Finished Airing   Episodes  13   Genres  Comedy  Romance           anime      LN        FAQ  http   www reddit com r Roboragi wiki index        r   http   www reddit com r Roboragi        Edit  https   www reddit com r Roboragi comments 3i82q0 by mentioning his username roboragi can now       Mistake   http   www reddit com r Roboragi submit selftext true title  ISSUE  text https   www reddit com r Animesuggest comments 5ldb9w anime where mc has to take a test to enter a dbuve29       Source  https   github com Nihilate Roboragi       Synonyms  https   www reddit com r Roboragi wiki synonyms       Subs   Dubs       ♥  https   www reddit com r Roboragi wiki thanks 
Laying in bed  wishing 2016 would take me as it\'s last victim  while my cat tries to cheer me up  👌
Hey  It\'s not 2017 yet 😎
When you logon to your character screen  click \'upgrade\' so you get 50  off the battlechest  Good luck  I\'m new myself and totally loving it  ❤
Maybe 😉
I originally wasn\'t going to  but i am all dolled up and in killer high heels for a New Years Eve party  Planning on drinking and ubering back home  This and last week\'s free for all make me seem like a lush  I really only drink a few times a year and it seems confined mostly to the holiday season  As i was getting ready  blasting music throughout the house  shaving my legs completely naked with the bathroom door open  and shouting along to the music i realized how sad i will be when i can no longer do this sort of thing after my brother and his family move in    I finally ordered the last of the SHINee albums singles so that i will have them all  cue manically laughing and hand wringing  so that now it is on to the videography  I am excited for what new joys SHINee will bring with the new year and anticipating the terrible job SM does of supporting the boys as well    Hope everyone has has had a lovely new year   Love you all    ❤︎❤︎❤︎❤︎❤︎
I bought it because Oculus Rift 😎  Surprisingly the system didn\'t come with any bloatware 
Thank you  Needed to read this right now  so glad I did😊
Same here  Apparently it\'s more common than you know 😊
OHHHHHH okay  Right the vans are bigger than the pups  Got it    Two days ago after leaving Frederick MD  heading North to PA I drove past a HUB  Is there one in Bethesda  I suck at geography  But I saw it and told my mother oh hey guess what they call some of those pups  I was tres proud 😊 
That is Zeus on Christmas  I would love to see our amazing furry or not so much friends 😍😍😍❤
😎 Are you at a nightclub in Turkey  
So I take it you didn\'t even look at the picture😂
To you as well    🎊🍷
I got my 10 servings of fruits and veggies in early today so I could have corn dogs and cookies today 😁
Perfect great head   I have the perfect spot to PARK it   😲
I can\'t either  but I requested the distinction anyway for some reason  I guess    lol   ¯     ツ   ¯
The Team Instinct sticker or the No Fat Chicks sticker  😜
Ah it\'s alright  Thanks for being cool tho    Happy new year mate❤
The dog can see into your evil soul  🤔🙂
I just realized I never got this stuff to you  I\'ve got a raging headache right now but if you can think to reply hopefully I\'ll remember 😊 
I totally would bro   Fire away 😉 also  do you have a kik
Adult Swim being on Hulu is literally the only reason I still utilize it besides Seinfeld 😭
Bought it from Best Buy  More like Worst Buy  😈
China is \'China\' or variants on that theme in most European languages but is \'Zhongguo\'  中国  in Mandarin 
I\'ve seen them listed as oval brushes at Marshalls  Unless she got you the Artis brand ☺️
Hanging wit Tee Grizzley changed his ass 😂😂😂
She\'s just gorgeous  super star material   Here\'s my quick sketch rendition of her for you  hope you like it 😊  https   instagram com p BOtRjhdgMC3 
You could be right  But then again  you could not be ¯   ツ   ¯
Never actually did something like this but why the hell not  What\'s the worse that could happen   1  Make friends 2  Try to date possibly get a girlfriend 3  Use social media 4  Take more risks 5  Actually go out and do things 6  Relax  stopping stressing worrying 7  Stop over analyzing everything 8  Get new hobbies 9  Become more fashionable 10  Continue working out 11  Understand my emotional state  Ex  I\'ve never been emotional until lately and I feel like I have daily weekly mood swings from being perfectly fine to sad crying  One rigger seems to be regrets of things I\'ve missed out on in life  going to prom  going to graduation  relationships  etc  12  Learn photography 13  Learn to type 14  Learn to cook 15  Learn to rock climb 16  Go skydiving 17  Make doctor appointments that I\'ve been thinking about but have not done for 3 years 18  Work on my forgetfulness 19  Work on my anxiety 20  Work on fidgeting 21  Work on my confidence 22   Work on not being an introvert  Basically  try to become the person I wish I was  Stop hating myself and try to improve who I am  Not sure how far I\'ll get but here\'s to trying  🍻
Of the two people I know that have a R35  one is from China and has crazy money that comes from family and the other has a 2012 black edition that he got used for  50 60k  Theyre not ridiculously expensive  IMO I\'d rather have a r32 r33 but I like old cars 😍 
Elaborate on this uprising    🙃
Happy birthday new year  Cheers from Australia 🇦🇺
  💀 pokemon meme  Thanks 
I\'m not emo 😂
The fact that she did work her entire life for the presidency makes it even more satisfying  She spent a lifetime of political capital to run  and lost in a historic landslide  Everything she aspired to be  her life\'s work  amounted to nothing because of her hubris  sense of entitlement  and faith in a corrupt establishment    The fact that they\'re scrambling so hard  and lying so much  to provoke Russia tells me that they know change is coming  Change we can really believe in  B Rock  They know The Don is going to smash their corrupt little infrastructure into as many tiny pieces as he can  To quote from The Matrix  "That is the sound of inevitablility "  Revenge is a dish best served      🌶SPICY🌶  
Is the locator not accurate  or is Champs really only going to have the UB 3 0 at like 15 retail stores  😡
If this is real   slow clap  haha  Could\'ve maybe used super and clutched it  😅
Upvotes to Zane  He\'s on the level  Good contributor here  Plus I\'m wasted so don\'t listen to me until tomorrow  😂
Yay  More to come    just a little too tipsy to deal with a whole album right now 🍷🍷 
You forgot the wine  Everything is great  Just not um together  🤢
  DO NOT DELETE ANY COMMENT OR YOU WILL BE BANNED   Hello  u kband3  your comment has been automatically removed  NOT deleted  because you have not set your flair  Visit  this page  http   139 59 195 159   to set your flair   After you have received a confirmation message that your flair has been set  you will have to make a new comment because this comment has been removed  If you have set your flair using the link above then please make sure the  Show my flair on this subreddit   box is checked to enable your flair           ☑ Show my flair on this subreddit  It looks like           0000 0000 0000       If you don\'t know how to find your 3DS Friend Code  please check out  this guide   http   www modojo com features nintendo 3ds friend codes everything you need to know            Comment    IGN  Kevin  Trainer Description  Male  Black Hat  green eyes  black tank top  black floral shorts  Sandygast  Male  Level 23  Quick Ball  GTS Message  I want to fill my Pokedex with other languages  Game Language  ENG  Nature of Ditto requested  Jolly         I am a bot  and this action was performed automatically  Please  contact the moderators of this subreddit   message compose  to  r BreedingDittos  if you have any questions or concerns  
Starting out the new year with some   Killer Kustard by Vapetasia   3mg     Waiting for some   Fruit Loopz by Mitten Vapors   and   Mitten Custard   to come in  hopefully by Jan 3rd if tracking is right  to last me at least a month if I don\'t go crazy  👌 Happy New Years 
That IS massive 😍
first day of sixth grade my best friend wore mascara  second day of school i wore my mom\'s crusty old clinique sample size mascara  my mom saw me after school and asked what i had in my eyes  she was cool with it and taught me how to apply mascara  but advised against using old mascaras  ended up with an eye infection 🙃 now i teach her how to do makeup  lol
I thought I read "Mother Rick" 😂
I got one for  6 😂 for you  
That\'s got a lot of movement to it😎 Great work once again👌
Yesterday\'s game was a bit slow but aside from that the WBBL is still good watching  🏏👧
I see those Mishka socks 👌
Goals for this year     get a place of our own  My husband and our baby and I have been living with my parents to save money and we are eager to have our own space again     try to do yoga as many mornings as possible  keep up your streak  meditate more     get closer to an all plant based diet  make ethical meat purchases  shop at the farmers market more  cut out dairy    shop locally and sustainably  fair trade and handmade as much as possible  support people  not corporations     most of all  focus on being the best parent  wife  daughter  sibling  friend that you can be  show people your appreciation more  listen better  be patient  give people the benefit of the doubt  try your hardest to be there for the people you love    2016 has been an amazing and eventful year for our family  going from 2 to 3  I\'ve lo   Edit  my baby just posted this before I was ready to 😐 that about sums up my year  Aggravating at times  but next year  I\'ll miss this  Badly  Rocking her to sleep so many times a day  Getting up with her so many times in the night  Seeing her learn so many things for the first time  Life is hard  but damn is it rewarding  
Well  he said it\'s already 1am next year where he is  so there\'s about an 80  chance he\'s not in an English speaking nation    Guess you couldn\'t have pieced that together  even with your superior comprehension skills  though   People like you  who refuse to listen to criticism or believe that things can be better  are the reason I hate this sub  Your comment was literally nothing but bitching and doing the exact thing you are complaining about    Happy New year   😙
Know who else was born in 1990  My wife\'s boyfriend who culturaly enriches her and demonstrates why Islam is good every night 😂😂😂😂
¯    ツ   ¯  he made the play  
Happy New year buddy  I hope this year is truly a better one for you  You deserve it  So glad that I met you❤
We all miss 🙋👅 
Yea  I got rainbow 🌈 demo going on the FTW  and the phanteks evolve has a very nice lighting profile as well    It\'s just off right now
GO SHARKS  But tbh I wouldn\'t really care if we lost this game  We\'ve lost like 3 or 4 times this month and we\'re on a back to back so whatever 👌👌
Well the other school I\'m leaning heavily toward for grad school is Washington  so I\'d say you\'re doing a perfectly good job of that 😂😭
To be fair  in Chinese  it\'s called  鱼翅  which doesn\'t have the word shark in it  It\'s difficult to tell that stuff came from a shark  Edit  it\'s sort of like if you heard \'beef\' for the first time  you\'d never know it came from a cow 
Fair points  The plan was to start with the rosé as we were planning on having a different champagne after  The other Dom was a last minute surprise  I think next time we\'ll dive right into the rosé 😉 Happy New Year 
I\'ve been studying Japanese for a couple years now and want to take  and to pass  the highest level of the language proficiency exam in December so that\'s my goal  😊 
Where should I go to see this smile  I\'d gladly pull you in the bathroom and do anything you wanted  😛
I don\'t pay much attention to stuff outside wwe  so I apologise if this sounds stupid   but where does tanahashi wrestle and are there any particular matches you would recommend  You\'re the third person on this thread to mention tanahashi so I\'m pretty intrigued about him 😊  
And here I thought victim blaming was bad   ¯     ツ   ¯
Yay    So happy for you both   She\'s beautiful 😍 
∞
"The boys are on a play date to the golf"😡
Wow u hope you marry this girl  ❤️
Dam 😂 Well  Pink Paragon Certified Pink loopers   Zrs  for Biomass  Or Crimson zombas   adds     
Personally I am just gonna use her with tyro since he has both SG and BSB  And she doesn\'t have thyrus  😋
It\'s called a joke buddy 😂
Of course  I rarely get to show off my monkey feet without it being super random     I would do the pterodactyl screech but I don\'t want my neighbors to hate me  I used it a lot in high school to get the attention of my friends or out on the field for funsies  😂
HAPPY♪♫•  NEW♪♫• YEAR♪♫• BTW  for those of you who care  look what I found  https   web archive org web 20020911085828 http   www cartoonnetwork com toonami hyperspace index html
And maybe a few more lip bites😉 Wishing you good things for the new year 
I upvoted you cause you tried  ☺
  DO NOT DELETE ANY COMMENT OR YOU WILL BE BANNED   Hello  u Private Diddles  your comment has been automatically removed  NOT deleted  because you have not set your flair  Visit  this page  http   139 59 195 159   to set your flair   After you have received a confirmation message that your flair has been set  you will have to make a new comment because this comment has been removed  If you have set your flair using the link above then please make sure the  Show my flair on this subreddit   box is checked to enable your flair           ☑ Show my flair on this subreddit  It looks like           0000 0000 0000       If you don\'t know how to find your 3DS Friend Code  please check out  this guide   http   www modojo com features nintendo 3ds friend codes everything you need to know            Comment      IGN  Jimbles    Trainer Description  Male  light skin  Pink sunglasses    Sandygast  PrivateDiddl    F   22   Quick Ball     GTS Message  I want to fill my Pokedex with other languages     Your Game Langauge  ENG    Nature of Ditto requested  Adamant         I am a bot  and this action was performed automatically  Please  contact the moderators of this subreddit   message compose  to  r BreedingDittos  if you have any questions or concerns  
How have I never thought of this  You are a GENIUS 😻😻😻😻😻
Pleaseee  Like literally YES  OMG 🐒💭
Seriously  We need to hear more about this relationship  Let\'s start figuring out how much the US has become Russia\'s сука
😂like I care  Everyone that\'s sad can be more sad  I\'m just sharing some of my incredible experiences  If they\'re upset because I won\'t load their spank banks with   EVEN MORE   free porn  they can surf another r    On the other hand  those that can enjoy it for what it is  my amazing woman taking my fat cock up her beautiful ass  will live a happier life than those that think I\'m even slightly worried about winning an internet popularity contest   Give me all the downvotes  I feed off of them 
Yes   😈
We cant all be OP😉26  
That\'s awesome   Happy New Year\'s    May the new year be even better than the last   💥🌟💥🌟💥🌟
I\'ve just search for and read it\'s effect  sweet Christmas that\'s ridiculous 😂
Chrome on iOS is so solid its ridiculous  I dream that Edge gets there someday😞   
The endeavor has pods that will support food production  But it seems like we\'re going to see the first iteration before the ship is flight ready  They\'re trying to build a robust economy and living universe  How does a society sustain itself without food   I have an endeavor and looking forward to playing harvest moon in space  among other things  😁
 Seems to get better with each new run ✓  2014 return  shit  2015 return  shit  2016 return  first shit  then the biggest goldmine of the year
Was that supposed to be a middle finger emoji  Cause it ain\'t  And wtf you make it black for    🖕🏻
Vintage Geno PP clap bomb  That\'s one hell of a 2016 send off   Happy New Year  fam     Szczęśliwego Nowego Roku  to all my Polish brethren hidin\' in the weeds 
Well she did go to the club to get ass fucked  She succeeded in getting ass fucked 😂 ISLAM WILL PREVAIL 
I\'m doing pretty good  Just hanging out at home looking for movies to watch  Nothing too eventful  but certainly 1000x better than getting shit faced  only to wake up with a massive headache and forget that it\'s a whole new year    Here\'s to a sober \'17  🎉
For golemites it\'s like 288040948183059589033 or soemthing 😂😂
축하합니다  \'ㅅ\' b  Just curious  did you take the test in Korea  or overseas  I\'m looking to sign up for the overseas version of the test that takes place on April 15th  so looking to spend the next few months studying for TOPIK I like mad too   Would you be so kind to recommend refer to any of the test materials you used to prepare for yours  Your results are superb  All the best for TOPIK II and beyond 
These assholes totally skipped numbers 86 93😂😂😂 jerks   Sorry I took so long   I kinda forgot for a bit   😬  http   imgur com gIL1hQh   http   imgur com Ciz9j5W
1 	Yeah I have to agree with that  He can’t do much which actually would be good to show character development  Will gets edgy and nervous because he has to sit on the sidelines so we wonder what will happen to him  2    "The heroin needle she\'s holding has more character than her " I thought this was harsh but I laughed at the same time  I feel like they way they write her as Will’s girl and damsel in distress  in the first season  doesn’t help her at  all   I mean  I know we all focus on special abilities in the cluster and it is fine if she didn’t have one  it would actually be realistic  but I wish she had something more tangible for us to see  It reminds me of Sokka in Avatar the Last Airbender where he was the only in the gang that wasn’t a bender but he did prove himself as the series went on as a leader and a warrior  I hope Riley does prove herself as something more than Will’s girl and The Load  3 	I would love if there was a bad LGBT relationship showcased but it doesn’t seem likely as you said  It would be great to have a juxtaposition with a great positive relationship with a  really shitty one to show all the flavors of the relationship rainbow  4 	Kala can do more than just spice up Riley’s life   ͡° ͜ʖ ͡°    this picture makes me ship them   http   media melty es article 2684054 ajust 930 f1462382505 riley y kala en sense8 jpg    I personally like Riley Sun as a couple since I adored their scene together in season 1 and can’t stop thinking about how interesting their relationship dynamic would be  That’s another thing  What if one clustermate breaks up with another then dates someone else in the cluster  Whew and you think normal breakups are bad… 5 	I think we will too  Her relationships with the two other men are important in her life but do not define her character as only as that  6 	For me I appreciate the encouragement of empathy and helpfulness among others  especially in other nations but it totally being reliant on that is too much for the whole show  I have to agree that Wolfie and Sun and even Will can only bust you out so many times  Whispers will eventually find out who is kicking ass like this and make it stop which will put everyone in a bind  I would cry if anyone died but it would add a dynamic to the show  I honestly would love to see Will overdose because it will be happen eventually but I feel like at very sensitive point in the show  if Will gets conscious Whispers will find them all but if they don’t revive him  Will will die  I also have to agree with your point that happy shows are falling behind darker shows  I feel like that’s the same with movies  Most movies that are do well for audiences and critics show darker portions of the human experiences rather than just all positive experiences     
2 multis one today and one yesterday   no legend whatsoever  😐
"you like that you fucking retard "  👍
  nichijou       MAL  http   myanimelist net anime 10165    A P  http   www anime planet com anime nichijou    AL  http   anilist co anime 10165    ADB  http   anidb net a8168      TV   Status  Finished Airing   Episodes  26   Genres  Comedy  Slice of Life           anime      LN        FAQ  http   www reddit com r Roboragi wiki index        r   http   www reddit com r Roboragi        Edit  https   www reddit com r Roboragi comments 3i82q0 by mentioning his username roboragi can now       Mistake   http   www reddit com r Roboragi submit selftext true title  ISSUE  text https   www reddit com r anime irl comments 5ldi04 anime irl dbuvoe5       Source  https   github com Nihilate Roboragi       Synonyms  https   www reddit com r Roboragi wiki synonyms       Haruhi     Yuki  http   i imgur com DylVFmO png       ♥  https   www reddit com r Roboragi wiki thanks 
I\'m actually stating the process of becoming a sheriff  hoping to have 1℅ of that impact on the world 
I\'m on mobile  but thanks anyway  have an up yugi 😊
A 2560x1440p version would definitely be my wallpaper 😊
Hey  Congratulations on getting married  Own your successes and happiness  You abso f ing lutely deserve it   💜 
I\'m watching The Force Awakens  drinking champagne  and hanging out with my cats  Thinking about taking a midnight bath ☺️
Reminds me of the time my wife was cheating on her boyfriend Nazem with my owner Tyrone 😂😂😂😂
Don\'t get me wrong  I love banana bread  but  garlic bread     👌
  IGN  ☂️Raven☂️   Trainer Description  Light skin  platinum blonde long hair  with a hat and glasses   Sandygast  ExcuseUrMout   Female  Level 21  Ultra Ball   GTS Message  I want to fill my Pokedex with other languages    Your game language   ENG    Nature of Ditto requested  Adamant
 DO NOT DELETE THIS COMMENT OR YOU WILL BE BANNED    u ExcuseYourMouth  3840 5561 2493          IGN  ☂️Raven☂️   Trainer Description  Light skin  platinum blonde long hair  with a hat and glasses   Sandygast  ExcuseUrMout   Female  Level 21  Ultra Ball GTS Message  I want to fill my Pokedex with other languages    Your game language   ENG    Nature of Ditto requested  Adamant   I am a bot  and this action was performed automatically  Please  contact the moderators of this subreddit   message compose  to  r BreedingDittos  if you have any questions or concerns  
  Casshern Sins       MAL  http   myanimelist net anime 4981    A P  http   www anime planet com anime casshern sins    AL  http   anilist co anime 4981    ADB  http   anidb net a6032      TV   Status  Finished Airing   Episodes  24   Genres  Action  Adventure  Sci Fi           anime      LN        FAQ  http   www reddit com r Roboragi wiki index        r   http   www reddit com r Roboragi        Edit  https   www reddit com r Roboragi comments 3i82q0 by mentioning his username roboragi can now       Mistake   http   www reddit com r Roboragi submit selftext true title  ISSUE  text https   www reddit com r Animesuggest comments 5lcwt9 anime with a good amount of tragedy dbuvppl       Source  https   github com Nihilate Roboragi       Synonyms  https   www reddit com r Roboragi wiki synonyms       RoboRecommendation™  https   myanimelist net anime 5081 Bakemonogatari       ♥  https   www reddit com r Roboragi wiki thanks 
The entire argument was about states in the U S  Changing their ways   But thanks for the info about other countries 👍
I had a HIS 7750 iSilence  that was cute but noisy   Coil wine 😟 
Ahh I think I have that one too somewhere   Cant find it at the moment unfortunately 😔
That bush though 😘😘
Noticed there were very few Flames posts in the GD thread on our hockey so I figured I\'d throw my voice in there  😃
I love seeing pictures like this of her  ❤
I love that lip color  Every time I go to Ulta  it\'s sold out 😔
It\'s still technically a P3 ¯     ツ   ¯
If Massa doesn\'t come back for 2017  then we can have him join  and shitpost with us  😎 
I love your quality threads   comments  oqqas 👌    Is there a rule agains drunk posting because if so I really should leave  but I\'m just really happy and really believing in baby 2017   You will do good  kid   
What book is that  I think the price was less in blackhatworld 😲
lol you definitely aren\'t  I say stuff sometimes and I\'m like did that sound shitty or weird  Yup it did  Eh oh well 😂
Yeah I suppose that\'s true  though idk if I\'ve heard of that version  🤔 lol  All joking aside  I\'ve kinda been the house antivirus guy for my family since ever and Consumer norton along with malwarebytes is all I use now because it\'s better than anything else I\'ve used at my level  Mind you the best antivirus is common sense  and I like to think I have that in good supply  
Go to your local Walmart at around 3 50am and look for the peoples aimlessly shopping  No  not the drunk teenagers   the other weirdos  😝 
It\'s almost 7 30 where I\'m at  Loads of time    ͡° ͜ʖ ಠ ಠ   
The funniest part is when the guy who gets his oil checked his leg spasms lol 😂  
The equivalent of Kobe taking  20mill in his final seasons when he and the lakers were shit  And I\'m a Kobe fan too 😤
 ba·by   ˈbābē Submit   noun   1  a very young child  especially one newly or recently born  "his wife\'s just had a baby" synonyms  infant  newborn  child  tot  little one   It can\'t feel  It can\'t think  All it would do is cause pain for 2 people  
Happy new year all   Received news at about 2 30am that an old classmate of mine passed away from heart attack   He was only 22 😢 I had so much hope for 2017   
Catching up on Sherlock with hubby and coming to terms with the fact we are having our second to last night alone as a couple   being induced Monday to welcome our first child into the world 😱shit\'s getting real Reddit 
I\'ve been blowing through Lucky☆Star   Show is WAY more fun than I even remotely thought it would be  It\'s a pleasantly non hype sort of comedy  
They fell off the back of a truck  and OP found them  😉
Thank you for writing this  I got your point and yes less engagement 😳😳
I think you\'re right actually ☺️
around 80k 120k gold to use xp potions on 6́́́́́́́  i think   
I got my computer about 3 4 years ago now and haven\'t cleaned it once  I\'m too afraid at this point to do so  That and I have no idea how to clean a laptop keyboard properly 😅
 Is        as strong as Saitama    Is        from the OPM universe   Yes                     No —  inconclusive   l   ∨   Is        Saitama   Yes —  yes         No —  no
Rich ni🅱🅱a
Soccer is the best 🙌
sorry 2nd wasnt met happy new ear👂
I was working on a JibJab style video for a client  I was prepping files and getting animation layers ready in After Effects  and there was a scene with two singing horses and a backwards  tail wagging zebra  The owner of the agency drops by right as I was turning the asshole layer on and off to see which I preferred  Literally a week later  I had to give a French bulldog a sex change in Photoshop because the client is offended by boy dog parts  Advertising    🐶 🍌
I\'m not from here  I only live here  NY\'er    Which funny story  my ex was dating some dude  who apparently slept with a girl who later became his stepsister  And they were way too touchy feely after the fact       Of all the things to get tagged for 😔
Oldest rookie in the history of pro sports   at least he has that record 🤓
😂😂😂😂 😱😱😱😱  That\'s almost how bad I felt when I hatched a 5k egg into one earlier tonight 
I was there for just 7 days    It seems like   my muscle 💪 grown up   Wtf  
The colors are way more accurate on the iPhone 📱   Esit  Just look at the counter top
Well right now it\'s striker hazard  IF Ibra  SBC Payet as cam  IF Gundogan and SBC Fernandinho as CMs  SBC ćan as cdm  Lb is SBC Kurzawa  IF Thiago silva and IF David Luiz  And IF Kyle Walker  Then legend Schmeicel as keeper  
Found another glitch that allow you to leave the map  also this time I\'m with the flashlight    https   www youtube com watch v Pfhq2xSBrHQ﻿
Yay   Looking forward to it  😊
How can someone look at this beautiful majestic creature and put a bullet in its head   I just don\'t fuckin get it 😒
▪ Write a new song every week  or falling that  at least every fortnight  Either ways  this time next year I want you to have written at least 26 new tunes    ▪ Become a better musician  Vague  but important  Or at least become more confident about your abilities as they stand    ▪ Actually make some money from music  Let\'s say a grand  you can do that    ▪ Try and get up before twelve each day  Earlier if you can  just don\'t be staying in bed    ▪ Try and read a few books    ▪ Getting healthy or getting in shape might be asking a bit much  but let\'s try and not be in worse shape this time next year 
Well isn\'t the purpose of this sub to post DIYs and learn from them  and the pros that comment  He came off a little heavier than I think he meant to  but it is solid advice  🤷🏻‍♀️
True  😞
Lmao y\'all need to watch CNN  I just saw Don lemon get a piercing on live TV 😂
That last one made me laugh 😂😂😂😂😂
A penn state fan is honesty taking about setting the conference back  Is this the twilight zone  😂😂
I hope so  I got a 16 mo old boy I wanna give this paid of house to some day  It has to be standing for me to do that 😃  Thanks  learned some good things from this sub 
Collectables show as in Frank and Sons in Industry  Haha nice  I went last week and picked up a couple items 👍 those gt rs are pretty cool  been wanting to order the tarmac works advan one
Wouldn\'t be able to kidnap me at this point 😜
From INTERPOL\'s website    At INTERPOL  we maintain ﻿databases of fingerprints  DNA profiles and facial images  allowing police across the world to make connections between criminals and crime scenes  Known as the DNA Gateway  the database was initiated in 2002  By August 2016  it contained more than 155 000 DNA profiles contributed by more than 70 member countries 
I certainly am amazing    😉
19 M London  Skinny like to show off for you  Sc   👻 purplpanda19   check my story 
Lmao OK I see what you\'re saying 😂
Another Boricua ✊🏼I\'m not from the island tho lol Happy New Years  Here\'s hoping we get White Tiger soon  
I\'m hoping for a much brighter 2017    And I really have no idea  😂   I\'ve noticed it happening  as well  Unless the numbers jump up and down for other reasons   it went down significantly since the last time I looked  Hahahha  It\'s very odd  But my feelings aren\'t hurt      Again  I\'m new to all of this  however  I don\'t even know if there\'s a place to see the downvotes or if it just reduces the number of upvotes  It\'s all still a bit confusing to me  
Right  I raised the baby  wrote often  and knitted like 90 scarves 😂
 All my tabs are 99 spaces wide    ͡° ͜ʖ ͡° 
I am so grateful  as well for this plant it has Changed my life as well as so many others   I\'ll never get tired of hearing these healing stories  Happy New Year 🎊       May 2017 bring many blessings to you 
  Hello   Kiniro Mosaic       MAL  http   myanimelist net anime 23269    A P  http   www anime planet com anime hello kiniro mosaic    AL  http   anilist co anime 20654    ADB  http   anidb net a10603      TV   Status  Finished Airing   Episodes  12   Genres  Comedy  Slice of Life           anime      LN        FAQ  http   www reddit com r Roboragi wiki index        r   http   www reddit com r Roboragi        Edit  https   www reddit com r Roboragi comments 3i82q0 by mentioning his username roboragi can now       Mistake   http   www reddit com r Roboragi submit selftext true title  ISSUE  text https   www reddit com r anime irl comments 5ldiej anime irl dbuvvsu       Source  https   github com Nihilate Roboragi       Synonyms  https   www reddit com r Roboragi wiki synonyms       RoboRecommendation™  https   myanimelist net manga 25250 Voynich Hotel       ♥  https   www reddit com r Roboragi wiki thanks 
    Waiting for us    EVERYDAY I WORRY ALL DAY    😉
Well thank you 😅
I am just getting into it    So far I love Tracer and Roadhog   My husband and son  however  are vidiots  Seriously  my kid has spent the last two weeks playing Overwatch while my husband and I surf Reddit and drink whisky  Damn  I\'m either the coolest or the shittiest mom   😎😩
So your putting all that inside a NZXT case  Way to cheap out mate  Good luck being able to cable manage in a bargain case like that  On top of that the CPU fan is aids idk why you wouldn\'t go a H100  or whatever they\'re up to now  then to make it worse you must of ran of money or some shit because that CPU is basic as fuck son  Still staying on a i5 in 2017  At least you got a fully modular power supply just too bad it\'s corsair and it won\'t last longer than 2 years 👌
its just perfect enough to completely fuck myself up on 😹😹😹
Wow😍 do you have a kik or Snapchat  If so pm me it
Hey  it\'s a holiday  nobody\'s going to stop you   And thanks  same to you  👌 👌 👌  Enjoy your holiday   I love Escape Journey  so I\'ll take this as a great start the 2017 
We all suffer from the walmart fans  And yes  this loss was enjoyable for those of us that have suffered through the MANY comments from those terrible representatives of your school during the CFP selection debacle  But that doesn\'t mean I hold it against all OSU fans  I know that the true ones  the ones that suffered through the down years  are not those people  Good luck to those fans  Tonight was a hard reminder that we all get screwed by Team Chaos at one point or another   42 14 😥 
  DO NOT DELETE ANY COMMENT OR YOU WILL BE BANNED   Hello  u toddbrecher  your comment has been automatically removed  NOT deleted  because you have not set your flair  Visit  this page  http   139 59 195 159   to set your flair   After you have received a confirmation message that your flair has been set  you will have to make a new comment because this comment has been removed  If you have set your flair using the link above then please make sure the  Show my flair on this subreddit   box is checked to enable your flair           ☑ Show my flair on this subreddit  It looks like           0000 0000 0000       If you don\'t know how to find your 3DS Friend Code  please check out  this guide   http   www modojo com features nintendo 3ds friend codes everything you need to know            Comment      IGN  Todd   Description  White Trainer  orange black cap  shirt and shorts   Deposited  Sandyghast Lv  24 M Quick Ball  toddbrecher   GTS Message  I want to fill my Pokedex with other languages    Game Langauge  ENG   Nature of Ditto requested  Jolly  Thanks          I am a bot  and this action was performed automatically  Please  contact the moderators of this subreddit   message compose  to  r BreedingDittos  if you have any questions or concerns  
Stranger things marathon😀
Absolutely  I plan on spending time in nature   mostly  technology free  But I never venture into the woods without donuts  😬
Well  retarded amounts of weed gave me bronchitis 😏😂
Scott Marks  ‏ bizarchive  Umbrellas laid out in front of Trey and Mike
My Perfect 2017 Year     get back on honor roll for my 3rd year   2nd year of high school average was 79  and honor roll is 80      make more friends   of all genders   ͡° ͜ʖ ͡°  in all seriousness this is probably the most important one on this list       stop being so hard on myself   nobody is perfect and i need to realize that     keep the friends that I currently have     volunteer more     save more money  I used more than 100  just of steam games for myself this Christmas not going to do that again     enjoy myself at the cruise that I am going on     figure the hell out what I want to be when I am older  I still dont know and im 16 years old         work again this summer    bike a shit ton more  shutout to  r bicycling  specifically bike to school and to friends house\'s a lot more     find "the new gta5"  I will explain what the hell this means in 1 year     learn how to use davinci resolve or get a video editing software that isnt fucking movie maker    practice 1 new language out of Korean  French  Hindi  I have no idea how hard this is going to be 
I\'m like once every 3 4 days 😅
From the boy whom eats his own shoe  🎉
You offered me guardian Crim lights and 2 heatwaves and told me you wouldn\'t go higher like 2 days ago 😂
take care of yourself  I\'ve been there  it gets easier  If you have a friend you can call  get somethin going  even if it\'s a quiet night watching bad movies  it helped me to be around others ❤️️ you\'ll be okay
  DO NOT DELETE ANY COMMENT OR YOU WILL BE BANNED   Hello  u rhokamura  your comment has been automatically removed  NOT deleted  because you have not set your flair  Visit  this page  http   139 59 195 159   to set your flair   After you have received a confirmation message that your flair has been set  you will have to make a new comment because this comment has been removed  If you have set your flair using the link above then please make sure the  Show my flair on this subreddit   box is checked to enable your flair           ☑ Show my flair on this subreddit  It looks like           0000 0000 0000       If you don\'t know how to find your 3DS Friend Code  please check out  this guide   http   www modojo com features nintendo 3ds friend codes everything you need to know            Comment      IGN  Rhokzz   Trainer Description  Male black hair black hat   Sandygast  Gender  Level  Ball  rhokamura  female   lvl 21   GTS Message  I want to fill my Pokedex with other languages    Your Game Langauge  ENG    Nature of Ditto requested          I am a bot  and this action was performed automatically  Please  contact the moderators of this subreddit   message compose  to  r BreedingDittos  if you have any questions or concerns  
The worst part is  when inevitably someone shows up and is like "well  hurrr durrr I happened to live there"  Yeah  right  sooo funny dude 😑
I\'ve been in a babymaking mood for at least a week so this got to me pretty hard  It also got me pretty hard  😜
Absolutely breathtakingly gorgeous     💋 
Yay   and 🐶
No undies   sweatpants might be my all time fav  Definitely want more 😙
Thx folks  I picked one up a few mins before your replies 👍I\'m all set for the Baal train
You\'re not alone   You have us  😊  Hugs   I\'ve been there  
Get it girl     👏🏽
Thank you   How do i type a guy with 3 right arms though  It only appears to me as ¯     ツ   ¯
How long did it take to get them to stay for the picture  ⌛️
  DO NOT DELETE ANY COMMENT OR YOU WILL BE BANNED   Hello  u drlooseygoosey  your comment has been automatically removed  NOT deleted  because you have not set your flair  Visit  this page  http   139 59 195 159   to set your flair   After you have received a confirmation message that your flair has been set  you will have to make a new comment because this comment has been removed  If you have set your flair using the link above then please make sure the  Show my flair on this subreddit   box is checked to enable your flair           ☑ Show my flair on this subreddit  It looks like           0000 0000 0000       If you don\'t know how to find your 3DS Friend Code  please check out  this guide   http   www modojo com features nintendo 3ds friend codes everything you need to know            Comment      IGN     Trainer Description Male  Black cap  black tshirt  khaki shorts  black shoes    Sandygast  Gender  Level  Ball  drlooseygoos  Female  24  pokeball    GTS Message  I want to fill my Pokedex with other languages     Your Game Langauge  ENG    Nature of Ditto requested  Adamant         I am a bot  and this action was performed automatically  Please  contact the moderators of this subreddit   message compose  to  r BreedingDittos  if you have any questions or concerns  
🎵 I can see clearly now that the smog is gone 🎵
Definately will take this as a sign that I\'m on the right path   have currently been working towards my goal little by little  and I won\'t stop    Thank you Universe and Happy New Year  regardless of time zone  😊
There you go 😉
Hullo  I have a TSV match to my Fiance\'s copy of Pokemon Moon in my flair  not to my main copy  and thus do not have a TSV thread for this match  However I do have a TSV thread to my main TSV which you can find  here  https   www reddit com r SVExchange comments 5g2tlz 4023     I match this one   B3   5 3   Mareanie  ♀    Rash   Limber   13 31 14 8 30 31   Poison  1580   I would love to claim this egg if possible  I have added you  let me know if I could have this egg  Thanks    Edit  Whoops left out my favourite Pokemon generation  It\'s Johto 
Many happy returns  2017 will be our year 🎉
When you make the big leagues 😭😭😭
My brother in law and my nephew both have the absolute flattest feet I\'ve ever seen  When my BIL walks in the kitchen barefoot his feet suction to the floor  😂 my poor nephew is only 2 and has to have wide shoes lol 
Cheers to you  Happy New Year   🎉
What about RM Naruto 😭
Glad you liked it darlin\'  😘  The second the words \'kiss me through the phone\' escaped I knew I had to keep it going lol party like it\'s 2005  I feel like I missed an opportunity by not doing a  Soulja Boy Tell Em  tag 😂
Snorlax is no issue for me  Have hatched 3 and caught two  But Lapras    no yuanfen with me   😂
My STAND  「Killer Chrom」  has already touched that Tactician   
https   m imgur com gallery IOZu6zw Saw 5 11 on my last 11 pull  I\'ve never been more heartbroken by a game  😭
My biggest fear is bouncing wrong and breaking one of those 😐😐
I can totally relate  Trying to work out my medication right now with some frustrating side effects    have you looked into other treatments like mindfulness  My dad used to have horrible anxiety but he really managed it with meditation and no medication    Another thing that has helped me is viewing everything as practice  Every situation is just practice  it takes a lot of stress off of me to feel the need for things to be a certain way   Best of luck ❤ keep working towards finding some peace in your thoughts  
Scared of big boy USSR ICBM\'s 🙄🙄
Its ok bby❤️
Lol clever  🙈
IGN Selene Deposited Lvl 13，Male  Mudbray "2017" Request  Mimikyu Favorite shiny is Minior
Cool thx  I\'ll add it to his list  😃
I\'m getting flashbacks to all the Darth Révāñs running around on the Fleet in SWTOR   
Idk man I get that he\'s trying to send a message but I just want good music regardless of content  Wet dreamz was back when he was tryna getting pussy for the first time but it was still 🔥🔥🔥  
It\'s either that or Muhammad 👳🏻
Nvidia control panel  If on windows going into personalize also grsnts you some basic tweaks  Actual monitor settings for RGB Etc tweaking  EDIT  👇🏽👇🏽👇🏽 ALSO  Google the latest drivers   etc ASUS 170 A drivers  NVidia Geforce 1060 Driver  Get the software for your devices  That should fix it 
I know it\'s nothing special but being a commie state we don\'t see these too often  It\'s a norinco mak90 in pretty damn good condition  The trigger on this thing is really surprising  However as you can see the things been ruined with some terrible stock grip forend choices  I\'d like some advice on going back to wooden furniture  preferably some Russian red or other nice looking dark surplus wood  I know things get finicky w  922 compliance and whatnot so any advice would be appreciated   Edit  sorry for the potato photos I\'ll try and get better angles marking shots tomorrow as I am at work through the night  Happy New Years y\'all 🔫
Those are probably one of the longest symbols in unicode   𒀰  http   www fileformat info info unicode char 12030 index htm  is one heck of a symbol 
🖖  Dependent origination  I write a comment  then ewk calls me names and chokes  
Please stop posting this th😊🙂😊🤗😐🙂😋😇
I will be   Thanks     the cupcakes are definitely helping  And the cute furball who won\'t leave my lap tonight 😸 I think she knows
I feel like one thing that needs mentioning is the breasts  never thought I\'d type that but here we are   If I had never had breasts they turned me on  I\'d probably think I hit the jackpot  My boobs look incredible right now  but if you touch them or mess with them  they leak   I\'m sure that\'d be an unpleasant surprise   😂
Your flair needs to have the   in game name    IGN   or trainer name  at the   end   of your user flair   u Krobelux  your post has been removed    please correct your flair format        Edit your flair here   http   pokegiveawaybot tumblr com  btn  If that doesn\'t work     here is a visual guide     http   i imgur com qKw7Hto png  Please enter one in the format  1234 1234 1234   IGN   by using the  edit  button in the sidebar where it says         ☑ Show my flair on this subreddit  It looks like      3333 3333 3333   Ash Ketchum  ΩR       edit     Make sure the box is checked to enable flair  If you don\'t know how to find the 12 digit number you need  please check out    this guide    http   www modojo com features nintendo 3ds friend codes everything you need to know  to find your friend code    I am a bot  and this action was performed automatically  Please  contact the moderators of this subreddit   message compose  to  r Pokemongiveaway  if you have any questions or concerns  
They thought it will send a wrong message among the kids  😝
This is lovely  I relate to this  so very much   Wishing you health and happiness in the new year ❤
Hoping for some seriously terrible acting and plot  🙏come on Rian🙏
I\'ve played piano for 11 years  so here are some of my favorite pieces for the piano   1   Liszt\'s Sonata in B minor played by André Laplante  https   www youtube com watch v VCHE UPwBJA  2   Arabesque  1   Debussy  with cool animations   https   www youtube com watch v A6s49OKp6aE  3   Scriabin\'s Etude Op  8 No  12 played by Vladimir Horowitz  https   www youtube com watch v 7ClDFmFmr0k  4   Liebesleid   Rachmaninoff Kreisler  https   www youtube com watch v sqxuygk 8z4  5   Chopin\'s Ballades  https   www youtube com watch v Mg6tAki0N0g   I\'ve also played violin for about 5 years  so here\'s some of my favorite orchestral music   1   Shostakovich\'s 10th Symphony  Especially the 2nd mvt   https   www youtube com watch v XKXQzs6Y5BY  2   Shostakovich\'s 2nd Piano Concerto  Especially the 2nd mvt   https   www youtube com watch v BCTEx3w2 jU  3   Dvořák\'s New World Symphony  https   www youtube com watch v  9RT2nHD6CQ  4   Rachmaninoff  Piano Concerto No  2 Op  18  https   www youtube com watch v rEGOihjqO9w  5   Rachmaninoff  Rhapsody on a Theme of Paganini  https   www youtube com watch v votAF0EMH20   And here are some duets trios etc  that I\'ve played or have enjoyed in the past   1   Arranged Version of Fauré Piano Trio  https   www youtube com watch v 8d9l gvPDdw  2   Piano Quartet No  2   Gabriel Fauré  https   www youtube com watch v caGBq nb9nE     Commentary  https   www youtube com watch v YG JnoIHUSA  3   Shostakovich   Cello Sonata Op  40  https   www youtube com watch v a2xpRD78Yi8  4   Vitali   Chaconne for Piano and Violin  https   www youtube com watch v AloBa9SPM7U  5   Bach   Concerto for Two Violins  https   www youtube com watch v leTVfMb2uME 
Yes 👏👏   yess 
LOL  That is the sub on the vessel The Sir David Attenborough if my memory is working  It\'s also the name of one of my favourite cannabis strains   🚢 
That\'s horrible 😩
Yeah  Most always think I look ok but I have some quite horrendous pics too   soooo didn\'t want to post it but did it anyway to make a point here for OP and others who may feel that way    Very different between  me walking home late at night after extra hours at the office and working out  http   m imgur com GbSxQgs    and  at a friend\'s wedding  http   m imgur com JwWm1fn  etc    Then here\'s my  IDGAF anymore about pigging out on sweets and looking unfuckable  http   m imgur com 7nM4lHV  whilst stationed at an overseas office months back  Hahaha 😂  
Three words  nom nom nom   ☺️  Have a great new year  
Bought Helldivers like 2 weeks ago 😐  Alienation looks exactly the same type of game   edited  nevermind it is Asian PS    
Omg lmfao  😂😂 that\'s how my fiancé\'s feet are it\'s so damn funny  This is why we are never having kids they\'d have the flattest feet ever with long monkey toes  Lolol
Sąsiedzi  Pat i Mat  are also very popular in Poland  
      009         009  Hover to view match ID  2871114807  DB  http   www dotabuff com matches 2871114807   OD  https   www opendota com matches 2871114807          009      Radiant wins 51 50   52 09     lumbdi "Match ID  2871114807  match date  2016 12 25 14 00 59  first blood time  0 00"   Lvl   Hero   Player  K D A   LH D   XPM   GPM   HD   HH   TD                                          25     hero nyxassassin   DB  http   dotabuff com players 211903066 "Dotabuff  Lookup people\'s match history"   OD  http   opendota com players 211903066 "OpenDota  Provides free replay analysis"    ZK   10 7 25 70 9 528 431 33843 0 199 25     hero crystalmaiden  anon 12 14 21 130 1 527 497 25673 0 53 24     hero chen   DB  http   dotabuff com players 75352762 "Dotabuff  Lookup people\'s match history"   OD  http   opendota com players 75352762 "OpenDota  Provides free replay analysis"  me monkey OO 4 10 19 136 2 478 344 7331 11121 1438 24     hero shadowshaman   DB  http   dotabuff com players 123139597 "Dotabuff  Lookup people\'s match history"   OD  http   opendota com players 123139597 "OpenDota  Provides free replay analysis"     25 8 14 22 192 0 488 432 23205 0 9166 25     hero luna   DB  http   dotabuff com players 183078744 "Dotabuff  Lookup people\'s match history"   OD  http   opendota com players 183078744 "OpenDota  Provides free replay analysis"  hoshino yume 16 5 15 509 18 528 775 37012 0 9593  123 122  ↑Radiant↑ ↓Dire↓   50 50 102 50 51 94  1037 30 1202 42  2549 2573  2479 2512  127064 138226  11121 12084  20449 14048 24     hero mirana   DB  http   dotabuff com players 81922628 "Dotabuff  Lookup people\'s match history"   OD  http   opendota com players 81922628 "OpenDota  Provides free replay analysis"  Cillthem 4 9 22 325 3 503 475 18890 0 1145 25     hero io   DB  http   dotabuff com players 39497541 "Dotabuff  Lookup people\'s match history"   OD  http   opendota com players 39497541 "OpenDota  Provides free replay analysis"  nonna 3 9 27 169 1 533 462 9181 11373 4607 25     hero sniper   DB  http   dotabuff com players 34221595 "Dotabuff  Lookup people\'s match history"   OD  http   opendota com players 34221595 "OpenDota  Provides free replay analysis"  1 20 6 13 364 12 537 674 67977 0 5859 23     hero rubick  anon 12 15 22 91 2 473 433 19373 711 32 25     hero slark   DB  http   dotabuff com players 98224749 "Dotabuff  Lookup people\'s match history"   OD  http   opendota com players 98224749 "OpenDota  Provides free replay analysis"  Samuel Cyka 11 12 10 253 24 527 468 22805 0 2405           source  http   github com NNTin Reply Dota 2 Reddit    on   github     message  https   www reddit com message compose  to lumbdi    the   owner     deletion   link  https   www reddit com message compose  to Reply Dota 2 Reddit subject deletion message t1 dbuw3to "Only works for bot summoner and  r dota2 mods  Do not change already filled out form " 
   Instagram photo by Chuck Liddell   chuckliddell      https   instagram com p BOtVAxjjQFi       Jan 1  2017 at 4 25am UTC      Image Mirror   http   i imgur com yJ52twN jpg    Happy New Years     😂😂😂😂😂😂😂         Report Bug  https   reddit com message compose  to bestme amp subject InstagramMirror 20bug message https   www reddit com r MMA comments 5ldjpt chuck liddell with randy couture on nye dbuw433 20has 20a 20bug       Feedback Suggestions   https   reddit com message compose  to bestme amp subject InstagramMirror 20feedback suggestion       Delete  https   reddit com message compose  to InstagramMirror amp subject InstagramMirror 20delete message delete 20t1 dbuw433 20  only 20the 20user 20of 20the 20original 20post 20can 20do 20this         Source Code  https   github com mortii reddit instagram bot 
We just did this thank you😂😂
I\'ve always been interested in Chinese New Year 🤔
Had an uncle who just bought a Brahma bull and 4 cows because they were "cute"  idk they were terrifying to me   He kept them on one tiny acre with no water source so they literally drank our family\'s well dry   It was a total shit show till my aunt and him fell into heavy drug use and burned their house down   😒  I dont miss living next to that drama factory anymore   
😂😂😂😂
I\'ve always loved the name   But yeah the first thing that comes to mind is a little devil child    Stole this from behindthename com   "From the Greek name Δαμιανος  Damianos  which was derived from Greek δαμαζω  damazo  "to tame"  Saint Damian was martyred with his twin brother Cosmo in Syria early in the 4th century  They are the patron saints of physicians "
 or is she doing something else     ͡° ͜ʖ ͡° 
He\'s the best 😭 
Aww thanks 😘
I had terrible aniexty last night and this sub kept my mind off of everything ❤
I definitely think the over availability of student loans is a problem  18 year old me didn\'t really care if I would be in debt when I graduated because I believed it would pay for itself in the long run  You could also speculate that the loans always​ tuition to keep rising since the colleges know prospective students will always have a way to pay for it
Don\'t call me Shirley    😂😂😂
😂😂😂😂😂😂😂😂 i did not notice hahhahah  can\'t wait for 2071 to do that   D
I wonder what they did after      ͡° ͜ʖ ͡° 
Looks great 👍🏻 I tried to make extract but I have not been successful at it  I have looked up tons of recipes but still it seems that I would screw it up  I want to make the extract without the alcohol   Happy New Year  
"Blake  please don\'t leave me  It was a prank  I swear it " 😂😂😂
😂
It\'s insane what bodies can do     I\'ve always been told understood that once one has thyroid issues and takes medication for it that one would be on medication for it  for life    I was also told that if one is diagnosed hyper hypo with pregnancy that it was likely that that woman had been on the cusp of already having thyroid problems    Op  everyone else  I\'m sorry if I\'ve talked out my ass  😳 I very likely could have misunderstood  or misread they information I\'ve read on the A T A    Op  I really hope you\'re feeling better and have been relaxing as much as humanly possible right now    Happy New Year  
Now that\'s a bit feral 😷
For a second I thought you were going to say the orange thing on top of the right speaker 😂
Sweet  I\'ll be on tomorrow no problem   Feel free to pm me when your on 👍
I will do till the day I die   I\'m not afraid I\'m just bold as love ❤️ ❤️❤️❤️  Like Srv said "said so exiting" I will try to make it as exiting as I can  I know I will fuck up but I will try to be myself this time   Give me the weight of this wold in the palm of my hand I can take it  but if I person gives me something real I don\'t know how to deal with it   I will deal with it as the biggest respect will  of my heart  life and passion  I hope the weather man knows what an honor it is to be the another one without a name who\'s just a fan who feels whit till he feel good again till he feels good and bad again   It\'s somewhere between honor and duty and it\'s more of a duty I have to do   I will become the thing that people see In me with all my heart  cause it\'s for the first time in a few years in the right place   I\'m just bold as love and that\'s it  I\'m so exited as well but I\'m on good hands  I trust myself and others  that\'s enough 
Don\'t worry  I know   ͡° ͜ʖ ͡°  
He\'s the only one of our players to score 😫😫😫
Now that\'s my kind of greeting  Hot ass babe 🔥 
 Every time you bend down  lean over  pick something up  carry something  you\'re using your posterior chain  So why not just train deadlifts  Why bother with squats  Or facepulls  Or leg curls  Are these movements on the same level as bench press    Even pushing a broken down car isn\'t a bench press movement    This seems like a pretty good example of using your chest  tris  and anterior delts to push something  Which is the same as a bench press  Maybe I\'m dumb and I don\'t get it  😕
good for you 👍
I think we all know taru Ninja is the best 😀
Honestly  That Hawks game especially pissed me off  🖕
I would like one  but the only notable thing I\'ve done is sent out a box of  5  spawns version exclusives Miltank  Kangaskhan  Vullaby  in SuMo  half of them with Pokerus  I got lazy with the other half   I have no proof  though  so ¯  ツ   ¯  Either way  thanks for sending these out 
You can catch me at the r ph telegram group 👍🏻
Can we have Mr  Garrison work on the accessibility controls     ͡° ͜ʖ ͡° 
  DO NOT DELETE ANY COMMENT OR YOU WILL BE BANNED   Hello  u  icw Numen  your comment has been automatically removed  NOT deleted  because you have not set your flair  Visit  this page  http   139 59 195 159   to set your flair   After you have received a confirmation message that your flair has been set  you will have to make a new comment because this comment has been removed  If you have set your flair using the link above then please make sure the  Show my flair on this subreddit   box is checked to enable your flair           ☑ Show my flair on this subreddit  It looks like           0000 0000 0000       If you don\'t know how to find your 3DS Friend Code  please check out  this guide   http   www modojo com features nintendo 3ds friend codes everything you need to know            Comment      IGN  Numen    Trainer Description  Male  light skin  white long and tousled hair  thunderbolt cap  purple suglasses  skull tank  white sporty backpack    Sandygast  Gender  Level  Ball  Male  lv1  pokeball    GTS Message  I want to fill my Pokedex with other languages     Your Game Langauge   ENG     Nature of Ditto requested  Jolly         I am a bot  and this action was performed automatically  Please  contact the moderators of this subreddit   message compose  to  r BreedingDittos  if you have any questions or concerns  
Out of cake pops and white mocha 😭
Yay for looking out for you 😊
My tummy is gonna explode but it\'s just so gooood   😫 
Hi all   M31 SW 280 CW275 GW 180   Am a student  Have been fat all my life  This year I thought I will keep my resolutions    1  Do some exercise everyday  Maybe even 10 pushups but try to create a habit of exercising everyday 2  Eat within my calorie limit  I usually do it except on weekends  Maybe this year I can do it properly 3  Not to procrastinate   Hopefully I can do all this and post my progress pics on Reddit 😀  Good luck people 
𒀰  U 12030  Is the Longest Symbol in Unicode 
It\'s cool  I put videos out on the internet  not all of which are flattering   I have thick skin  😊 I appreciate the advice  and I agree with the sentiment  It is tricky  but we\'re doing our best  At the end of the day  we make the type of videos we want to make  Hopefully other people enjoy them and come along for the ride  but it\'s not a channel by committee  Our vision for our future will win over anyone else\'s opinions  but I\'m not dumb enough to think I know everything  So  comments and opinions are appreciated  and we\'ll do our best not to piss anyone off  but hopefully everyone will understand if their suggestions are contrary to our desires  😊That isn\'t necessarily in response to your exact suggestion  just something for everyone to keep in mind 
At the cow wash  workin\' at the cow wash girl♩ ♪ ♫ ♬
I know that TL across the way is looking pretty nice 😏
Omfg YESS  😂😂
Flying to Sydney 😁
I bet his bed smells like flowers and tears      ͡° ͜ʖ ͡°  
Hi     We received your refund request for 聖晶石 140個  Fate Grand Order    but we can’t provide a refund for this purchase because it is outside of our refund policy   You can learn more about Google Play refund policies here  https   support google com googleplay topic 2450225   If you’re requesting refunds for an app  or in app   it’s best to get help directly from the app’s developer  Developer contact information can be found in the Google Play store by searching for the app and scrolling down to "Additional Information "  To prevent accidental or unwanted purchases in the future  we recommend that you turn authentication on or change your password  	  Thanks    The Google Support Team
I played The Old Blood before The New Order ¯   ツ   ¯ 
You can tell it\'s not a repost because last time it said 4 not 彐 haha
Damn  I wasn\'t too far off though   Publix gave it away 😂
😀
🤢😷😰 feel better  sorry you\'re missing NYE but more importantly sorry you missed the GDT 
No problem at all    here\'s a poster for the Fond du Lac County Jane Doe  http   imgur com a SXZCG   Happy New Year  🎉 
Aries had Silly 🔥
God damn that Rousey one 😂
   Kimatshana     artlang  a priori   eternally in development     Agglutinative  OVS at core but with a lot of allowable movement  subject marking  counter words  nominative accusative    Vowels   a aɪ̯ e ɛ i ɪ u o      Consonants   p b m v n r t d θ dð l j s ʦ ʃ ʧ ʤ k g ʔ h     also  ʒ  in some dialects     Sample text       Arlisevserasu etralisrane arkamyantash son Idruji  bienta Deilaish\'a neai arrabosi       "The letter I wrote was intended for Idruji  but Deilai read it " 
Thank you for your submission  Unfortunately  it has been removed for the following reason s        This submission falls under our "certain topics will always be removed" category       We like having a  casual  environment and some topics are better suited elsewhere→   r CasualConversation w rules wiki we are not chill with 2026      Posts that are  low quality  https   www reddit com r CasualConversation wiki faq wiki what does low quality mean 3F  or  not casual  https   www reddit com r CasualConversation wiki faq wiki what qualifies as casual conversation 3F          Ranting           If  you  have  any  questions   we  ask  that  you      message  the  moderators    https   www reddit com message compose to  r CasualConversation subject My submission was removed message I have a question regarding the removal of this  submission  https   www reddit com r CasualConversation comments 5ldd0b im having a terrible new years eve   ⇢   directly  for  appeals      Please  refer  to  our     detailed  rules      r CasualConversation w rules     Take  a  look  at  our   subreddits  directory    r CasualConversation w directory  
Lol I\'ve played arena 2x and I suck😂😂 I went 3 3 both times
"These are movies made for kids  Kids don\'t think that way "  In Rogue One  everybody dies  How is that made for kids         "Well  the Force is what gives a Jedi his power  It\'s an energy field created by all living things  It surrounds us and penetrates us  it binds the galaxy together " ―Obi Wan Kenobi   via wookie pedia   You telling me Alec Guinness is full of shit 
It is a wonderful mural by John Pugh   http   artofjohnpugh com portfolio mana nalu     One incident that happened after the mural was near completion – A fire truck with crew stopped in the middle of traffic and jumped out to rescue the children in the mural  They got about 15 feet away and then doubled over laughing that they were fooled into an emergency response mode  I don’t think that there were any liability issues for a false report 🙂
He was a true bro with wrecker 3👌 
Right  I realized that after I submitted the comment  If it helps  I once confused Sir Walter Raleigh with Sir Walter Scott  in my HS junior English class  many years ago  I\'m pretty sure nobody cared  if anybody noticed 😂 Besides that I have Skyrim on the brain  since I bought it for PS3 the day after Christmas 😂😂
TL DR   "who I knew" got me in the door  hard work and ”what I knew" kept me in  re  they say it\'s not what you know but who you know   They literally called me because they needed someone in a pinch just to fill in for a week or two while they found somebody permanent   Someone that knew me recommended me because they knew I was in a semi   related field and thought that I was looking for work   I wasn\'t  but I agreed to take this job anyways because it sounded way better than the job I was working at that time    As luck would have it  the day after they called me  my whole department got laid off at my old job  so I lucked out because I was never out of a job  except for the couple of weeks while I had to wait to pass various background and Security checks and clearances   Due to the nature of the work I would rather not say what it is   Then various people who already have the job vouched for me and said that I was "very smart " I\'m not trying to  brag  or anything  I just a       Eh  who am I kidding  I might as well own it  Yeah I was honored that people said that about me   It\'s all relative though  Many of my coworkers are very smart  some possibly   probably smarter than I am   They make the decisions anyway  And sure  you reading this  you\'re probably smarter than I am too  I like Socrates\' opinion on the subject  "I know that I know nothing"    The job I have sounds like it would be something that a smart person would do  and you do need a master\'s degree to do it but in reality you don\'t have to be that  smart  per sē to do it  but you do need to be highly educated in a somewhat arcane field    But that is like most middle class jobs these days   You have to be willing to work hard and get a master\'s degree  because sadly bachelor\'s degrees these days are basically what a high school diploma was 50 years ago   That\'s what you need to buy a ticket to the middle class    you have to be willing to work hard to learn a ton of stuff that nobody else knows and I was willing to do it because there was a big pay jump if I was willing to spend thousands of hours teaching it to myself   So while my girlfriend was off stripping each weekend night  she had lied and told me she was a waitress   I dumped her    I would pour over books regarding the subject  both textbooks and regular books   Eventually  I did spend thousands of hours learning it and taught it to myself   Now I am a student in graduate school  earning my master\'s degree in the subject   They made a special exception and did not require me to have my bachelor\'s degree in the subject because I took two classes there at the graduate level and got A\'s to prove that I could do graduate level work     obviously  none of that applies if you learn a trade  If you learn a trade you can make six figures easily but if you don\'t learn a trade you basically do need to get a master\'s degree these days  When I graduated with my bachelor\'s I spent a few months looking for work and there really wasn\'t anything like I\'d been told there would be   Edit  I went back and fixed a few things a few times because it\'s much easier to proofread on mobile when you post it and can see the whole thing at once
Thanks man  I think it\'s cool little memorabilia 😉 I know some might say it\'s a waste a money but fuck them 😂
If those are 0 caps then definitely 2  maybe 3  I have some 000 avb caps and they knock me on my ass ✌
Suuuuper close to ordering one but €16   for shipping a €24   poster is just a little too much for me  I feel cheap 😩
Thanks  I\'ll open it later  I\'m feeling pretty sleepy  almost 3 am here   Happy New Year  ❤
Twenty five letters  You\'re missing a z  Still impressive but clearly not a novelty account 🙁
When the snake\'s that short  you gotta get there some how ¯     ツ   ¯
  DO NOT DELETE ANY COMMENT OR YOU WILL BE BANNED   Hello  u H20Dynamo  your comment has been automatically removed  NOT deleted  because you have not set your flair  Visit  this page  http   139 59 195 159   to set your flair   After you have received a confirmation message that your flair has been set  you will have to make a new comment because this comment has been removed  If you have set your flair using the link above then please make sure the  Show my flair on this subreddit   box is checked to enable your flair           ☑ Show my flair on this subreddit  It looks like           0000 0000 0000       If you don\'t know how to find your 3DS Friend Code  please check out  this guide   http   www modojo com features nintendo 3ds friend codes everything you need to know            Comment      IGN  Hunter    Trainer Description  Blonde hair  light skin  default outfit    Sandygast  Gender  Level  Ball  Male  Level 21  Great Ball    GTS Message  I want to fill my Pokedex with other languages     Your Game Langauge  ENG    Nature of Ditto requested  Modest         I am a bot  and this action was performed automatically  Please  contact the moderators of this subreddit   message compose  to  r BreedingDittos  if you have any questions or concerns  
Thanks a lot  can\'t really imagine what I would feel as a fan if a player puts my team on a 9 minute penalty kill   Having some drinks because of new year and having no emotions towards any of the two teams it was kinda funny though to think about the reactions of the fans after hearing that they got a 9 minute pp pk 😅 Glad he was okay though  this stuff is dangerous and should not be in the game  
I\'ve been running the program for 6 weeks now and I have to say  it\'s going quite well for me  although my initial numbers were very low since I only just came back from a meniscus surgery   One thing also worth doing imo is adding chin ups as an accessory to every upper body day     All estimated 1RM   Personal stats  84 kg 174 cm 184 8 lbs 5′9″  Week 1     Bench 82 5 kg  182 lbs    Squat 82 5 kg  182 lbs    Deadlift 115 kg  253 lbs    OHP 55 kg  121 lbs   Week 6     Bench 92 5 kg  204 lbs    Squat 95 kg  209 lbs    Deadlift 132 5 kg  292 lbs    OHP 65 kg  143 lbs    EDIT  In hindsight these numbers may not look spectacular  and maybe another program would give grant me faster gains  but the way I see it is that I\'m currently certain to add weight to my lifts weekly  while maintaining enough volume  I also feel that the sets after the AMRAP set definitely help in practicing form   I could have also maybe added some more to my OHP in those weeks  but there\'s times where I replace that day with a boulder session followed by upper body calisthenics 
Wow you are so handsome 😍
I\'m so glad you found someone so supportive of your decisions  ❤️
I\'ll reply to your post so the tweets are in the same place     Sato\'s tweet    To me this 1 year   was a year with many changes✨   Next year I also hope to continue walking down a road of my own kind while   going forward taking small steps    Please support me in the future💕Have a great year    WithNarration  the video    EarphonesRecommended   IWillBeMyselfUntilTheVeryEnd   ThisIs"GoingMyWay"
ULT   Denzel Curry  4 Walls   f x   Fellow Feeling   Porter Robinson  They\'re all in my ⤴️ playlist but they really could not be less like each other
Too clarify  Tai\'i  大尉  is interchangeable  In Chinese Japanese at the time  Navy and Army ranks had same names  differing only if they mention their branch in front  Rikugun for Army  Kaigun for navy     Hence Tai\'i  大尉  can refer to a Army Captain or a Naval Lieutenant    According to tvtropes  Kido is a Colonel  so he should\'ve been called "Tai\'sa"  大佐   which is an Army Colonel  or Navy Captain  
Do it  Do it  Common what\'s the worst thing that could happen pressing an unknown button 😈
Awe thanks    🙏🏻 You are very welcome  We are all here for each other  I am so happy I was able to help you out  That\'s what it\'s all about    I will be placing an order next week with VLNT herbs 🌿 and I\'m brainstorming on what strains to get as I want them all  Lol   glad they are helping you get off the medication  Happy New Year     ☮️🙏🏻
My cheerleader uniform 😰  Edit  It wasn\'t to celebrate me  It was for sex 
Grandmother willow is a tree  bark Rhonda rousey thinking she hot and saying she can even beat guys  bark Nunes givin rousey that 🔥🔥🔥🔥 and punching her so hard she aged her 30 years and rhonda just using her face to absorb the punches  weak bite from rhonda
Why does \'drew\' always come up as  dru  or  dru     Wouldn\'t this produce a \'duh roo\' sound  Shouldn\'t it be something like  dʒɹʉ       Also  why do English transcriptions usually use  r  instead of  ɹ     I should also mention that I\'m Australian  Sorry if these questions seem stupid   I\'m new to linguistics and I\'ve just started learning the IPA  If you can help  thanks    
Oh  I plan to read them all    😆  Sinkhole Sally might be becoming one of my "favorites "   😅
You made it big  ha   All those retweets could\'ve been yours 😒 
All that effort and detailed explanation  screws up the title of the blog post 😂
One of my classmates was killed in the explosion a few weeks earlier  Someone I know is most likely killed   injured in this attack  though my close friends are okay  I can\'t bear living in this place anymore  Our thoughts are with those who were injured in the attack and those who lost their loved ones  Başımız sağolsun 
LOL  My GSD makes that same derpy face too  So weird and hilarious 😂
That\'s great hubby said the same about your wife 😉
I love the uptime command 👍
Imago swarm elite or whatever and EL P 😎
what geography 👏
😂😂😂😂 This shit right here 😂😂😂😂😂😂😂😂😭😭😭
You my friend have fantabulous taste  We bout ours a year ago 🙌 Same color too  
In that thread     Hi  I just want to let the world know that the person behind this quasi anonymous username is NOT A RACIALIST™  I don\'t believe in differentiating between the races and I abhor people who hold dear to their basic biological traits as their identity        As a black brown off white yellow ochre flame orange person  and therefore I believe that we can safely agree that I am an authority on what it is like to feel oppressed by people of other races         There\'s being racist and then there\'s the opportunism of playing the \'race victim\' card just for the sake of winning make believe internet arguments  Same goes for idiot \'feminists\' who seem to think having the right gear between their legs gives them a right to spout off their own insecurities as \'speaking up against body shaming\' or some other nonsense   ことよろ！
This has honestly made my 2016 a hundred times better 😍
both are at their peak which means archer will be summoned as a counter gaurdian and will be powered by gaia the world  and alaya the will of humanity  itself   1 shirou says that since he did not master projection and does not know the full scope of projection archer\'s projection are far superior to that of shirou and can actually analyze target history to perfection and master them so He will not only be as good as the true master but better since he can find flaws and weakness in it and remove it via his eye of the mind and being powered by Gaia and Alaya which will also help   2 Hrunting is an unavoidable attack which tracks the target forever till it kills him heck if that does not work he could use caladabolg and get him with it\'s area of effect since attack avoidance does not consider AOE and even  gae bolg which reverse cause and effect basically gae bolg is thrown and reinhard heart will get pierced reverses to reinhard heart will get pierced first and then gae bolg will be thrown waking dodging it pointless because he will be dead before that   3 archer\'s projected weapon Fragarach which manipulates time and space gae bolg which manipulates cause and effect hrunting which track the targets forever at mack 10 speed to hypersonic speed till he dies and rule breaker which will remove all of reinhard blessings and will make attack immunuty completely pointless at worst case he can use harpe a greek weapon which is designed to counter immortality and immunity by using those attribute against them   4 archer was able to use ubw twice and that was with no master and being mana deficient and weakened state after fighting lancer at his peak he can maintain it for hours not only that as a counter gaurdian he has limitless mana since he is powered by gaia the world  and alaya the will of humanity itself and hence can use UBW without penalty   counter guardian  Counter Guardian  カウンターガーディアン   also called the Protectors of World and Humanity  抑止の守護者  or the Agents of Gaia and Alaya  is a broad classification of Heroic Spirits made up of heroes who are not worshipped  but by being chosen by Gaia and Alaya because of their Feats and  Actions in his her life  Normal circumstance are that the Counter Force empowers a "normal person" in life by giving them blessings like reinhard and jeanne d\'arc yes the power and blessing he gets are because of counter force in his verse given by the world itself under the instruction of gods it is given to all the Astrea family   to remove the factor that can trigger destruction  eventually causing them to be worshipped as heroes  Those who become heroes in such a manner are then used as Counter Guardians  the "Counter" emphasized because they only appear in response to an event As a counter guardian the user has limitless mana being powered by the world and their stats and attributes gets powered up and scales to  their enemy since they are powered by the world to maintain the balance ie the stronger the enemy the stronger counter guardian would become They can also get "all the blessing of the world" at worst case scenario \'\'   of cource if reinhard gets summoned as a counter guardian then it is a different case but i don\'t think he qualifies for that since he did not abtain power on his own and relied on the blessings unlike archer or   jeanne d\'arc who achieved everything on their own which Alaya hates with passion  
    ID    518 977 663     IGN    Voltz     Rank    26     Lead s     5★ Chizuru        Activity    Will log in a few times each day as kids and a job take up quite a fair bit of my time        Looking for    Help with the current raid events  still a new player barely a week in  so will appreciate any help  Thanks   
I paid  20 to see what okc a list was like today   happy new year 🎉
The game is flawed  doesn\'t mean I don\'t enjoy it  I\'ll continue to suck the dick  Enjoy being negative  ✌🏼️
ANGRY AT MODS  WANT TO JOIN THE MOB  WE\'VE GOT YOU COVERED   COME ON DOWN TO  r pitchforkemporium  WE GOT \'EM ALL   Traditional	    E  Left Handed		Ǝ     Fancy	       WE EVEN HAVE DISCOUNTED CLEARANCE FORKS   33  off 	66  off 	Manufacturer\'s Defect     F	   L	   e  NEW IN STOCK  DIRECTLY FROM LIECHTENSTEIN  EUROPEAN MODELS   The Euro	The Pound	The Lira    €	   £	   ₤ HAPPY LYNCHING       some assembly required 
Omg I could NOT believe what I was seeing  Mariah sis  The lashings she\'s gonna get  💀💀💀💀
I\'m only half way through reading this and I am SO pleased  😢 It\'s perfect so far and this is one of my favourite asoiaf topics to mull over    Edit  Read it all  your conclusions raise some questions  But I really like the thought that went into your OP  Very interesting stuff   The first FM was an unknown person acting as an "instrument of the Many Faced God" that person first gave the gift to suffering slaves before teaching the skill and recruiting another FM  I think this magic is definitely linked to the Old Gods  Have you considered this passage     Can the Children of the Forest disguise themselves      "I was born in the time of the dragon  and for two hundred years I walked the world of men  to watch and listen and learn  I might be walking still  but my legs were sore and my heart was weary  so I turned my feet for home "  Leaf must have glamoured or shapeshifted using a different face while she walked among Man for 200 years during the time of the Dragon  Aegon the Conqueror   Note  The Dragon first came to Westeros one hundred years before The Doom of Valyria where the first FM and slaves fled to Braavos  A city created by the Moonsingers   If it wasn\'t Leaf  than another CoTF could have done something similar  travelling far and passing this magic skill to those suffering men in Valyrian mines   All men must die    All men must serve     Which matches the mantras the Children professed  First going to War with Men and then enterig into a peace treaty that involved the worshipping of the Old Gods aka the CotF who dwell within the weirwood   singers     The question is    is that "Many Faced God" aka Death any different to   The Great Other who holds dominion over Death itself  If so  then       That links what Arya is learning from the Kindly Man back to Bran and what he is learning from Bloodraven  The two have many many similarities  Both Starks are being trained by old men that wear the face of Death  Both their training happens underground amidst tunnels and secrets passages  walls of skulls and bones  assisted by Leaf Waif two grown females that appear as small children  and the only colors red   white  colours of the weirwood  and yellow  the skulls in both Bloodraven KM wear  are used by George  Both Starks are the only ones that skin change and have been described as a wolf with wings  Somehow  I think these two will work together in a very big way    How were the wood walkers enslaved by the Valyrians 
😂 I\'m fucking dying  How do you mess that up that bad  
Tbh I couldn\'t tell he was cgi  I was enjoying the movie  😃
Curse of the CD really   All my dresses are a bit too short too  but that is relative  I\'m a conservative old lady  😜
Looks like Switzerland is the real wiener here 😁
    Rihanna   Love Song Ft  Future  Jersey Club Remix   3 50     http   youtu be J1r FeSbnlw        Martie  ❤   https   www youtube com channel UCchta5FUTWkICNeQsPKCCIA   in  Music     78 923  views  since  Nov  2013     bot  info   r youtubefactsbot wiki index 
Thanks but not always  Haha   also have some other really bad photos after waking up with bedhair that might scare off some lurkers  😝 
And everyone that spat at  talked down and were wrong about him and his supporters should have to wear that too  Instead we welcome you with open arms and a waiting coat ❤️️  You\'re going to keep losing 
🙋😟
This made me laugh man  I hope I don\'t die 😂😂
yup  I do not think there is a select all    but you also do not have to slide 310 times     only click 310 time 😁
Same thing happened in Bihar too 7 days before demonetization  when my parents visited  Even the chaiwallah didn\'t take ₹10 coin because there were too many fake coins circulating  As per him    
🤔🤔 do you think 🤔 they like this🤔🤔🤔🤔emoji
Happy new year to you to  May the 2017 be a year full of Water 💪
If you\'re still giving away them  may I have this one     B14	3 5	     ♂ 	Timid	   	31 29 31 31 31 31	Dark	0440  My TSV was posted recently  here  https   www reddit com r SVExchange comments 5l8gfl 0440     but I\'ve been contributing here for quite some time already      My timezone is GMT 9 but I can make it work with any time you\'re available  Thank you in advance   
It\'s both me and my dad\'s birthday on New Years so we always celebrate together but there really isn\'t anywhere to for both of us to celebrate except home  which is currently under renovation  ¯     ツ   ¯
Any day   Pc  SBF121  steam origin   Arma 3  Battlefield 4  Squad    Xbox1  Ruck121   Battlefield 1    4  Titanfall   Borderlands    A shit ton   Chances are I have it 🙄
  family can be a salted lemon on a papercut sometimes  This made me laugh out loud  😆 Thanks  
It\'s almost never worth it  I\'ve seen it specked out and it never turns out to be worth it    😠
SWTOR players were some of the least creative I\'ve ever seen when it came to naming their characters  Instead of trying to come up with something original they would use letters from other languages to get around the name block  Gotta have that Nārůțő 
You know vaginas just don\'t close up like clams when you get in to water right  It gets all up in there all the time  Also since when do mathematicians specialise in gynecology  😂
Their smiles  😍
I mean with the amount of shit you talk on this sub you have never once posted footy 🤔  Ten bucks you push mongo and your staple trick is snaking dudes to work on your rock to fakie   Fuck outta here
I\'m In SoCal   I got to be at work by 4 30 AM tomorrow morning   I\'m 32  served in the military and then went on to earn a college degree   And on nights like this I sit and think to myself \'where did I fuck up in life so bad that I have to be at work so early on New Year\'s Day \'  🤔  Not to mention my girlfriend just left about an hour ago to go out with her friends to celebrate New Years at California Adventure land  Disneyland\'s 2nd them park   she\'s off work till Tuesday of course   In short  I hate my life  happy new year  😥
逆行運河 創世光年 in the narration was referring to Goetia\'s plan  which does involve time travel and \'consumption\' of human history in the form of its magical energy  rendering humanity \'extinct\' 
Are you seriously expecting a tech discussion in this subreddit  😂
😂😂😂😭 we need t shirts  
Yea idiol these kids are insane 😂😬😳
It\'s a good read  thx  But what I really mean is some people really don\'t have the sense of Maths Art Whatever  Actually I love Math and was doing quite well in school I think    But I do have a friend who\'s almost innumerate  All she knows about Math is the four operations plus a bit fractions and decimals  and amazingly she survives in Hong Kong  haha   I guess some people really can\'t develop any interest in some subjects  regardless of how good the teachers are how good the education system is  Back to HK\'s case  the real problem is we don\'t really have a choice  mentioned by others already   What\'s the point for science students to study Classical Chinese 文言文  when we speak modern Chinese  By the same token learning topics like circles and complex numbers seem to be pointless for art students who literally find no interest in Maths   Hong Kong education system has introduced many advanced topics in different subjects  Of course the "advanced" is from the perspective of a high school student  Imagine teaching them PDE or other fundamental topics LOL   and has created many  so called  Maths Art elites  But at the same time many students are sacrificed 
And God speed to all Black Americans for the next 4 years of President Orange Joseph Stalin\'s tyrannical reign over The United States Of Amerikkka 😔✊
If you\'re referring to line quality  I\'m not done   I\'m going to do a couple more passes  But if you mean the wobbly lines in the illustration itself that\'s just the style I drew it lol ¯   ツ   ¯ 
I wonder how much she got paid 😐
Treasury of Greed   Normal Trap  You can only activate 1 "Treasury of Greed" per turn  roll a dice  apply the following effects based on the result   ●1  Banish 15 cards from the top of your deck  face down   ●2  Draw 1 card  and if you do  banish 1 card from your hand   ●3  Randomly choose 2 cards in your hand  shuffle them into your deck   ●4  Draw 3 cards  and if you do  discard 2 cards   ●5  Target 3 cards with different names in your graveyard  shuffle them back to your deck  and if you do  Draw 1 card   ●6  Draw 2 cards 
An error message popped up today telling me to disable an ad blocker to receive points  It never popped up until today  which is irritating since I have been running Opera for an entire week now  😒 So  that must be why I am not collecting enough points  I have changed every single setting possible  even in the advanced options and there is still somehow an integrated ad blocker  I got sick of trying to figure it out so I switched back to Chrome 
Thank you guys so much  so us ST can get the off day 🙏
I see the triple six on that door 🙄
I have a lutari  skeith and a chia  UN is gyulty hehe  3 Thanks l  Happy New Year 🎊🎉
Thank you so much  Wow  I didn\'t know ふし  or correctly ふじ  referred to the mountain and so I thought it meant song  and pitch instead of peak   This is so cool 
Also  I feel like they would of gotten shit for not putting all the 11 1 teams in the playoffs  This just kind of pissed off PSU fans with this  Thanks  I hope we do too and I hope you guys embarrass them sooners 😈
Appreciate the offer  but no thanks  👍🏼
I want to do this superhero rp with you  my Kik is UndertaleLover22 and happy new year   😁
1  Twisted core clapton I guess  2  SS core required only  can be both if you really want to  3  Experience  You can also try wrapping with one wire first  then \'squeezing\' the other wire through the initial wire and wrap it along the first wire     Enjoy your journey in rebuilding  😁
It\'s the way to be 👌
Drinking champagne and playing WoW  Pretty sure I\'m the only person I know who didn\'t make plans  ¯     ツ   ¯ 
I didnt know humor wasnt welcome in this sub 😂
😘
Fuck it  I\'m gonna pretend this is real  whether it is or not  and just feel happy  😆😆😆  See happy  
Inappropriate 😞
Discussing telemetry on social media   Lewis doesn\'t drive for Sauber  but maybe the Mercedes AMG guys might let him share  😉 
Lmao I thought they wrote that on purpose and it was a new  hip  expression 😂
Oh hi there Lance 👋
Mom  you are so sweet to post what you did   I am with my furkids tonight   beloved Papillon Emma and cat bosses Isis and Opal 🐱     I am enjoying some Green Malay and watching the Downton Abbey marathon on PBS   Mom you are SO much kinder than my own mother  who died in 1987  often was   She told me many unkind things about my attractiveness  etc   I could have used input from someone like you when I was growing up   I did go out with friends earlier this evening and I am so comforted by this sub   Unlike FB  it helps me feel less lonely for sure   Happy New Years all   May 2017 be better than 2016 was for many of us   🍻
Yeah  why shoot over the top  Fire them directly from the Indian Ocean   🍅  Also  wishing you goys a fashionable new year  
Go get some rest  You can continue this tomorrow 😊
No idea  I\'m new to the area and your comment scares me because I go to that target frequently 😳
Thank you for your submission  Unfortunately  it has been removed for the following reason s       This submission has been abandoned by the submitter        We\'re here to talk  we don\'t want the submitter to make a thread and completely ignore it→   wiki link       The submitter is required to reply to any top comment within the first 3 hours      Don\'t make a thread if you are going to be away and not able to participate in the thread      If you have come back and would like your thread reapproved  shoot us a modmail           If  you  have  any  questions   we  ask  that  you      message  the  moderators    https   www reddit com message compose to  r CasualConversation subject My submission was removed message I have a question regarding the removal of this  submission   r CasualConversation comments 5lcxno what something new will you do this year   ⇢   directly  for  appeals      Please  refer  to  our     detailed  rules      r CasualConversation w rules     Take  a  look  at  our   subreddits  directory    r CasualConversation w directory  
Upvote for a fellow Utah ent that goes to brianhead 🙌🏼
Tomas Hertl is bae 😍
Happy New Year to you and that Booty  😃
Probably the only person to think this  but I thought LoTR was terrible  Tried to read the first book 3 times and I just couldn\'t get into it  Don\'t get me wrong the writing was great  but there\'s only so much description without action or dialogue that I can take  and Tolkien was wayyy over the top imo    https   youtu be xal1wjko2ig  Skip to 2 25  the description is spot on 😂
You\'re very welcome 😏 Haha
Are they starting to add this everywhere or just certain places  if they add it here ill be on the lookout for a new ISP 👀
I\'m quapa  not hapa so even less mixed   look full Asian thankfully as I prefer the Asian looks more  no shade     Plus also that hardly has anything to do with good looks or ugliness   that\'s just not  thankfully  having to appeal to stupid self hating types that nobody wants to know anyways  Lots seem to have missed the memo that just cos it\'s white don\'t need it\'s even remotely hot  Hahaha WTF  😂   Likewise with many \'models\' you see up on billboards  just overly gymmed bods but plain as white bread faces  I\'ve always known and thought to myself that  this applies to normal white people on ad campaigns and some \'models\' who never got the other memo that there\'s no gym for your face etc      "They\'re not up there  billboards ad campaigns  cos they\'re seen as particularly hot by the general public  they\'re just seen as \'hot\' by the general public just cos they\'re up there  on billboards ad campaigns "   
1  Idk 😐  2  GET  RIGS  http   psvrlife com rigs mcl most complete launch title   best vr game out right now also werewolves within if you aren\'t shy ☺️  3  In hatsune you dance along with her pretty boring if you ask me   4  Hold down options when the headset drifts  
This is glorious  😂 lmao 
I\'ve been tagged worse 😉
Lol by having Gotenks get shafted  How   I don\'t see how that shits all over the powerscaling  Just confirmed how strong Gokū and Vegeta are  that\'s it  
I agree  I love you 😂
Club them on their skulls  ¯     ツ    ¯ 
Aw thank you  And no  there\'s not really anything that is quite like it  but the things that I think resemble it the most in the audios I\'ve done are these ones    F4M  Please Cum on My Body     friends masturbating together   cumshot on body   bed squeaks    lots of moans   https   www reddit com r gonewildaudio comments 5czvpb f4m please cum on my body friends masturbating       F4M  Didn\'t You Cum Yet   Script Fill   sex   from slightly disinterested to full enjoyment   handjob   moans   for the listener to climax with each new variation  or wait   cum on body   https   www reddit com r gonewildaudio comments 5bjw5t f4m didnt you cum yet script fill sex from     or   F4M  Fake It For Me  friends having fun   mutual masturbation   FWB   lots of moans   short   https   www reddit com r gonewildaudio comments 5agb62 f4m fake it for me friends having fun mutual         Hope that helps ♥
I surely hope so  Thanks and a Happy new years to you too  💞
Haven\'t received my pay since 2011  😟
Just did a 3 month road trip and no tire rotation     I\'ll find the door 😒
Hi  u Kaqemeex  Your comment has been removed because your flair isn\'t set up correctly        Set up your flair here   http   pokegiveawaybot tumblr com  btn  If that doesn\'t work     here is a visual guide     http   i imgur com qKw7Hto png  Please enter one in the format  1234 1234 1234   IGN   by using the  edit  button in the sidebar where it says         ☑ Show my flair on this subreddit  It looks like      3333 3333 3333   Ash Ketchum  ΩR       edit     Make sure the box is checked to enable flair  If you don\'t know how to find the 12 digit number you need  please check out    this guide    http   www modojo com features nintendo 3ds friend codes everything you need to know  to find your friend code     I am a bot  and this action was performed automatically  Please  contact the moderators of this subreddit   message compose  to  r Pokemongiveaway  if you have any questions or concerns  
I dream of being able to say a comeback like that 😂
Gosh  thanks Jess  😊 For me they sure are  
Kinda turned on right now 😍😂😂
Thanks  I\'m definitely going to start doing writeups for Throwback Thursday almost every week  Already have this week\'s prepared 😊
CrazyCleric   Br  Morrow is a PhD in Spanish Literature  not history  There\'s very little doubt that this is a forgery  When this document first started making its rounds on Muslim social media  I was still a student working on my history degree  I discussed it with historians on faculty at my university and they were unanimous in labeling it a forgery  There are clear problems with the treaty     The witnesses include Sa\'ad ibn Mu\'adh  He had been martyred at the Battle of Khandaq  before this document is dated     The witnesses include Mu\'awiyah ibn Abi Sufyan  He did not accept Islam until the Fath of Makkah  after this document is dated     The document has a handprint  This is Byzantine Christian iconography  not an Islamic practice      There are  no  reports of the Prophet ﷺ frequenting any monastery  let alone one in Egypt      The legal rulings mentioned in the document simply did not exist at the time the document supposedly was signed      What exactly prompts a treaty between a monastery in  Egypt  and the Prophet ﷺ living in Madinah  The Muslim state barely extended beyond the city of Madinah at the time this document supposedly was signed    We have much to be proud of in our history  There\'s no need for us to resort to fabrications and forgeries to make our heritage look good   Best   TheMuslimShrink  
Lmao your kids could be upside down gymnasts  Idk if that\'s the right word 😂 I\'d totally pay to see that though  
I say this all the time  but they\'re  poor AF   Brand new BMW  How about a  200 30 year old beater off of Craigslist that breaks down on the first day  They work like 60  hours a week just so they can barely afford rent in addition to daycare for the 60  hours a week they\'re working  They have not attended college  Mr had the opportunity to  And they seem to struggle a lot more than the TM girls to find a stable relationship  And they can\'t afford therapy to sort out their twisted taste in men  so they keep dating the same assfaced users over and over until they get knocked up and ditched all over again  I mean  for these girls  it is all about keeping the lights on and trying not to get screwed over    Pardon me    I might feel a certain type of way about this 😅   ETA  Oh  but as for how they are as parents  they\'re great  They go through most of this shit  minus the horrible taste in guys  solely for their kids  
  ͡° ͜ʖ ͡°  I see what you did there 
"maybe you should choke on my Lijiang Tower"  "If you pick hanzo in a competitive match  your level will be reset and then your pc will light on fire"  "Her turrets are now replaced with little Mcrees that scream \'\'its mid day\'\' every three seconds ﻿"
Maybe so  😜  
Heh thanks  Working on it 😏😉
The fact that someone might name their variable ❤❤❤ scares me  I think it might be possible to do so in C 
Wow  that\'s probably something you shouldn\'t admit in public 😄
happy new year to you 🎊
It\'s a STAИDARD way of writing it 
in·fan·ti·cide inˈfan t əˌsīd  noun noun  infanticide  plural noun  infanticides      1      the crime of killing a child within a year of birth          the practice in some societies of killing unwanted children soon after birth      2      a person who kills an infant  especially their own child   in·fant ˈinfənt  noun noun  infant  plural noun  infants      a very young child or baby      synonyms 	baby  young child   tiny  tot  little one  papoose  More     neonate      informaltiny      literarybabe  babe in arms  suckling     "a fretful infant"         denoting something in an early stage of its development          modifier noun  infant         "the infant science of bioelectrical medicine"
Lmfao circus freaks is I think the words you were looking for 😂😂 they\'ll be cash cows  Muhahaha 
Don\'t ignore red flags or buy anything a dude tells me and giving them the benefit of the doubt thinking they\'ll be different😒
wow jealous   I currently have 0 0 0 🙃
I wish I could upvote this thrice  Lol 😂
My goals for 2017 is as follows  "Some may slip through the cracks  but I\'m do big to fall this year"   DannySavauge   1  Treat the new girl I\'m in a relationship better than my past  Guys I don\'t want to fuck this one up   2  Get in shape   I\'m not talking about losing 100 pounds or something crazy  Just in shape   3  Read 55 books  May seem like a low number for some  may seem like a high number for most  For me that\'s a 55 more books than I\'ve read in the past 5 years    4  Be nicer to people    5  Finish my music video for my group  We make music and shit    6  Hang out with my grandma more  Should be number one since I feel like I\'m gunna get that call soon   7  Stop using cocaine 😢  It\'s killed my last two relationships and I can\'t fuck this one up   
Hey daon2010  unfortunately your submission has been removed because it was a link to a video hosting site  probably YouTube itself   If you\'re trying to share a video  you should stop by  r videos instead    r youtube is for discussing YouTube as a whole  its features  bugs  design  trends  and so on   If you think your video fits that  please  send us a message  https   www reddit com message compose to  2Fr 2Fyoutube subject Please approve my video  message  5bLink to my post 5d 28https   www reddit com r youtube comments 5ldmpg اول لقاء بين جسور و الجميلة سوهان الحلقة 1 مترجمة  29  so that we can take a look    I am a bot  and this action was performed automatically  Please  contact the moderators of this subreddit   message compose  to  r youtube  if you have any questions or concerns  
Takes me back to the good Ole days of halo 3 when I thought I was an mlg pro when I successfully executed this move 😎
But I can\'t spend it 😔
Who actually picks 69 😂
I mean maybe   what i\'m about to say sounds insane   ya lo sé😂 But i\'m staying here and working 2 jobs right after a graduate so i can pay off the student tuition no way in hell i would get a loan  so i mean it would be a year before i would have the money for a 6 month school   ESPECIALLY culinary after   unless i had one hell of an au pair😂 but i guess i\'ll look into it more and do my 3 4 hour daily studies so i can try to progress from n5 N2 within a year or 2
Sorry im married hun but i may suck your cock If my husband approves  😉
Snow Crash   Neal Stephenson 👍🏽👍🏽👍🏽  Lock In   John Scalzi  Narrated by Wil Wheaton 👍🏽  Fuzzy Nation   John Scalzi   Narrated by Wil Weaton 👍🏽👍🏽  starts slow  gets great  ends weird but good   The Android\'s Dream   John Scalzi 👍🏽👍🏽  Armada   Ernest Cline  Old Mans War   John Scalzi  Off to Be the Wizard   Scott Meyer    Those are my current favorites  Snow Crash being the top  and the main book that got me into audio sci fi  Hope you like one of them  
Paws crossed here for Noodle\'s recovery ❤
Noo why are you apologising lol  Thanks again  And Happy New year to you  We\'re already 7hours into 2017 here 🎈
Kurz  I just posted a description of my evening that almost exactly matches yours  minus the champagne   Give your furkids a cuddle for me  🐶 🐶
big·ot ˈbiɡət  noun noun  bigot  plural noun  bigots      a person who is intolerant toward those holding different opinions 
That face ❤
Also a good idea 👌
You can be my Casper any time you like 😉
Thanks for posting this video     I\'m not in TW  but I miss it so much 😄
Oh fuck yes  happy new year  🎇
10 baby  Especially with those tatted arms wrapped around my neck 😘
I\'m not alone  I have you guys💕 but yea my fam fell asleep  At least there\'s tv   Happy New Year   🎉🎊
Maybe some white laces 🤔
Is there any way to make this without walnuts  I\'m wary of nuts and it\'d be cool if there was a subsitute for them   Same with carrot cake  It\'s my favourite type of cake  but it\'s so difficult to find ones without walnuts 😳
Wow  she\'s very pretty😊
‪Here\'s the full length  Birth of Biohazard  documentary with English translation  Subtitles are not hard coded  We don\'t know  where  Barry is…‬ https   youtu be  o4DtcmVDr4
  Does googleearthVR work on oculus   Yes  there is a simple patch for it  it takes like 5 minutes to add it  and works flawlessly    ☺  https   www reddit com r oculus comments 5dcgts how to remove the google earth vr headset check da3k43k     edit  updated the link to show the better solution
  DO NOT DELETE ANY COMMENT OR YOU WILL BE BANNED   Hello  u kronokat  your comment has been automatically removed  NOT deleted  because you have not set your flair  Visit  this page  http   139 59 195 159   to set your flair   After you have received a confirmation message that your flair has been set  you will have to make a new comment because this comment has been removed  If you have set your flair using the link above then please make sure the  Show my flair on this subreddit   box is checked to enable your flair           ☑ Show my flair on this subreddit  It looks like           0000 0000 0000       If you don\'t know how to find your 3DS Friend Code  please check out  this guide   http   www modojo com features nintendo 3ds friend codes everything you need to know            Comment      IGN  Rizal    Trainer Description  Short hair  white colored lens glasses  green tee    Sandygast  Male  24  Quick ball    GTS Message  I want to fill my Pokedex with other languages     Your Game Langauge  ENG    Nature of Ditto requested  Adamant         I am a bot  and this action was performed automatically  Please  contact the moderators of this subreddit   message compose  to  r BreedingDittos  if you have any questions or concerns  
   Score Deleted    r undelete  Post                     1  35775    The calm before the storm  https   i imgur com wkv2Nwh jpg   funny       1094 comments       r funny comments 5lcf3v the calm before the storm    2  15817    Best Photobomb  https   i redd it msv9bf70pz6y gif   gifs       254 comments       r gifs comments 5lceqr best photobomb    3  26390    \'Many wounded\' in Istanbul nightclub attack  http   www bbc com news world europe 38481521 ns mchannel social ns campaign bbc breaking ns source twitter ns linkname news central   worldnews       7595 comments       r worldnews comments 5lcaed many wounded in istanbul nightclub attack    4  10286    She gives a whole new meaning to the term "Split"  http   i imgur com tOG7eHg jpg   pics       467 comments       r pics comments 5lbywz she gives a whole new meaning to the term split    5  6736    Gotta love Dana  http   imgur com iyvXubp   MMA       725 comments       r MMA comments 5lc0hn gotta love dana    6  10795    YES   r undelete comments 5lc8da 610795180 wankmatron 9000 rshittyrobots      2   Wankmatron 9000  http   i imgur com QLzB4uF gifv   shittyrobots       180 comments       r shittyrobots comments 5lag2t wankmatron 9000    7  6769    GDT  2000 Expansion Bowl  The Unsustainabowl  The Streaks Collide  Columbus Blue Jackets  14W  vs  Minnesota Wild  12W   5PM CT   https   www reddit com r hockey comments 5lbzpu gdt 2000 expansion bowl the unsustainabowl the    hockey       5690 comments       r hockey comments 5lbzpu gdt 2000 expansion bowl the unsustainabowl the    8  1905     Post Game Thread  Clemson Defeats Ohio State 31 0  https   www reddit com r CFB comments 5ldc5h post game thread clemson defeats ohio state 310    CFB       2919 comments       r CFB comments 5ldc5h post game thread clemson defeats ohio state 310    9  15037    YES   r undelete comments 5lazhr 915037493 virtual snow rgifs      1   Virtual snow  http   i imgur com b8Gy22t gifv   gifs       493 comments       r gifs comments 5l9hyz virtual snow    10  17673    YES   r undelete comments 5lanb8 10176733430 consumer reports stands by its      2   Consumer Reports stands by its verdict  won\'t recommend Apple\'s MacBook Pro  http   mashable com 2016 12 30 consumer report apple macbook pro recommendation  utm cid hp r 4 8FJFuOH2maqd   gadgets       3430 comments       r gadgets comments 5l99dg consumer reports stands by its verdict wont    11  1881    James Harden with an insane 53 points  17 assists and 16 rebounds in a win over the Knicks  https   www reddit com r nba comments 5ldbm6 james harden with an insane 53 points 17 assists    nba       400 comments       r nba comments 5ldbm6 james harden with an insane 53 points 17 assists    12  10442    Disney to reportedly receive £41 million   50 million  insurance payout after death of Carrie Fisher  http   www telegraph co uk films 2016 12 31 disney reportedly receive 41 million insurance pay death carrie    movies       1142 comments       r movies comments 5lbpby disney to reportedly receive 41 million 50    13  3782    YES   r undelete comments 5lanbu 133782615 the photo of a trump hotel billboard      2   The photo of a Trump Hotel billboard above sleeping homeless children is real  https   www indy100 com article trump mumbai homeless slum children photograph reddit photoshop fake 7503251 utm source indy utm medium top5 utm campaign i100   politics       615 comments       r politics comments 5l9tza the photo of a trump hotel billboard above    14  3370    YES   r undelete comments 5ldec8 143370154 as a black man i love trump and you      1   "as a black man I love trump and you should too "  https   i gyazo com 0d4f69c93006dfca2db812523b4d5ac2 jpg   quityourbullshit       154 comments       r quityourbullshit comments 5lc5w0 as a black man i love trump and you should too    15  6275    Me🎉irl  https   i reddituploads com 5017dfa917eb4ae091beb929762d041c fit max h 1536 w 1536 s 597304f889d31d1d766f05ee8e819775   me irl       42 comments       r me irl comments 5lbyfp meirl    16  5888    My dad needs help logging into his email but then goes ahead and blows my mind with stuff like this  http   imgur com s6lC46i   lifehacks       336 comments       r lifehacks comments 5lbzro my dad needs help logging into his email but then    17  11969    YES   r undelete comments 5laruq 1711969264 did did this guy just print out a      1   Did    did this guy just print out a headlight and tape it to his car   https   i imgur com jHzhfeB jpg   WTF       264 comments       r WTF comments 5l9aws did did this guy just print out a headlight and    18  15330    Good news from mom  https   i reddituploads com 9c0b85ba4a744ac0a8f4cfd77eeb6862 fit max h 1536 w 1536 s eb045b3d17a6634be86ca946a7dc868a   MadeMeSmile       148 comments       r MadeMeSmile comments 5lbavq good news from mom    19  16074    I tell my kid M means no    He brings me these  https   i reddituploads com bb7b0423593e413f88126a3a970dfb1a fit max h 1536 w 1536 s a057607161cdbab59d30ee2c6f0d88f0   gaming       1109 comments       r gaming comments 5lbfsh i tell my kid m means no he brings me these    20  25500    YES   r undelete comments 5ldhka 20255001695 as a wife and mother its a sobering      1   As a wife and mother  it\'s a sobering thought that everyone who lives in my house has been inside of my vagina   https   www reddit com r Showerthoughts comments 5lavfq as a wife and mother its a sobering thought that    Showerthoughts       1695 comments       r Showerthoughts comments 5lavfq as a wife and mother its a sobering thought that    21  14392    Skyrim beat Civ 5 for The Test of Time Award  and CSGO beat Civ 6 for The Just 5 More Minutes Award  How many spies did it take to rig this election   http   store steampowered com news 26623    civ       748 comments       r civ comments 5lb6zz skyrim beat civ 5 for the test of time award and    22  17848    Slow your roll other countries  http   imgur com rFrrQNh   MURICA       522 comments       r MURICA comments 5lb5tr slow your roll other countries    23  9519    curiosity annoyed the bacon  http   i imgur com qSw3tZW gifv   reallifedoodles       129 comments       r reallifedoodles comments 5lb8km curiosity annoyed the bacon    24  33687    Disk of Fox Fluff  http   i imgur com injkmHv jpg   aww       286 comments       r aww comments 5lb0p5 disk of fox fluff    25  9964    Mom in Sai Gon  1972  https   i redd it v6iwpmbjgy6y jpg   OldSchoolCool       489 comments       r OldSchoolCool comments 5lbcem mom in sai gon 1972    26  2756    YES   r undelete comments 5ldg9c 262756197 damn right rmensrights      1   Damn Right  https   i reddituploads com 50f6de60739746d9a56bd7b6f0ad3e1c fit max h 1536 w 1536 s 6969e0f00b8cd3330485233d741d11ef   MensRights       197 comments       r MensRights comments 5lbws9 damn right    27  11520    A friends keyboard  hasn\'t been cleaned in a while   https   i redd it oozgkkfidy6y jpg   WTF       1037 comments       r WTF comments 5lb6zd a friends keyboard hasnt been cleaned in a while    28  3278    YES   r undelete comments 5laxd1 28327838 mrw my wife quotes spaceballs      1   MRW my wife quotes Spaceballs  https   i imgur com k9ppQQe gifv   reactiongifs       38 comments       r reactiongifs comments 5l9q6y mrw my wife quotes spaceballs    29  2735    Did you hear that NYC paid Hillary Clinton  2 000 000 as a consultant for New Years Eve   https   www reddit com r Jokes comments 5lch43 did you hear that nyc paid hillary clinton    Jokes       106 comments       r Jokes comments 5lch43 did you hear that nyc paid hillary clinton    
Medication related  I\'m okay now  😀
   Score Deleted    r undelete  Post                     30  53833    TIL a 2013 survey showed 91  of Chinese people in support of a nationwide ban on the trade in shark fins  largely as a result of campaigning by ex NBA player Yao Ming   http   www csmonitor com World Global News 2016 0602 How Yao Ming appeased the Chinese appetite for shark fin soup a   todayilearned       1272 comments       r todayilearned comments 5lauqm til a 2013 survey showed 91 of chinese people in    31  5234    Planned Parenthood sues to stop Texas cutting it from Medicaid program  https   www theguardian com us news 2016 dec 31 planned parenthood sues texas medicaid   news       794 comments       r news comments 5lbkgm planned parenthood sues to stop texas cutting it    32  1909    YES   r undelete comments 5lateo 321909641 disney to receive 50m after carrie      1   Disney To Receive  50m After Carrie Fisher\'s Death  http   master az itsthevibe com disney to receive 50m after carrie fishers death  utm medium cpc utm source apple   movies       641 comments       r movies comments 5la1ix disney to receive 50m after carrie fishers death    33  2296    YES   r undelete comments 5latf7 33229646 long exposure of roomba rwoahdude      1   Long exposure of Roomba  http   i imgur com za5qd2G jpg   woahdude       46 comments       r woahdude comments 5l9t88 long exposure of roomba    34  6564    Hoo boy   https   i reddituploads com 27475280848845b099c31e38a5a53caf fit max h 1536 w 1536 s 7e6854105e812ee8cb21cfd527298d2a   PoliticalHumor       674 comments       r PoliticalHumor comments 5lb7xl hoo boy    35  4733    I had fun     http   imgur com jRsYvJg   AdviceAnimals       254 comments       r AdviceAnimals comments 5lbrac i had fun    36  12059    Let\'s get this on  r all for the 4th time  Quitting smoking for your New Years resolution  We can help  Pop over to  r electronic cigarette and see how vaping has helped us   https   www reddit com r electronic cigarette comments 5laqtd lets get this on rall for the 4th time quitting    electronic cigarette       1063 comments       r electronic cigarette comments 5laqtd lets get this on rall for the 4th time quitting    37  12505    My phone bout to die and I don\'t got a charger  I love you BPT  http   i imgur com yAtefG8 jpg   BlackPeopleTwitter       313 comments       r BlackPeopleTwitter comments 5lavok my phone bout to die and i dont got a charger i    38  2894    Real friends  https   i reddituploads com 89a51a1308b8450094d9055477678be1 fit max h 1536 w 1536 s fe6a423954add3522f46f4111f07e790   thegrandtour       80 comments       r thegrandtour comments 5lc0kt real friends    39  37843    Target sells bananas by the each  https   i redd it i2fbbgviwx6y jpg   mildlyinteresting       1945 comments       r mildlyinteresting comments 5laqsl target sells bananas by the each    40  5462    bazinga   😂 😂  https   i redd it 4ratkwrggy6y png   BikiniBottomTwitter       118 comments       r BikiniBottomTwitter comments 5lb9zs bazinga    41  5340    YES   r undelete comments 5lb5x8 41534040 look at my paws i cleaned them all by      1   "Look at my paws  I cleaned them all by myself"  http   i imgur com Lph5lkf gifv   Eyebleach       40 comments       r Eyebleach comments 5l9al4 look at my paws i cleaned them all by myself    42  1905    IamA Exotic Dancer AMA   https   www reddit com r IAmA comments 5lclec iama exotic dancer ama    IAmA       1069 comments       r IAmA comments 5lclec iama exotic dancer ama    43  1933    Finland officially begins its 100th year with Darude Sandstorm  https   www youtube com watch v NtG7xT0hypU   videos       109 comments       r videos comments 5lcj65 finland officially begins its 100th year with    44  18240    For the fourth year in a row my friends and I have taken our PCs to our local Taco Bell for New Year\'s Eve to celebrate  We stay from when they open at 7 AM until 12 AM New Year\'s Day   http   i imgur com NX6Clbm jpg   pcmasterrace       1665 comments       r pcmasterrace comments 5laojl for the fourth year in a row my friends and i    45  19383    Looking for a picture of knuckles on the internet    not Knuckles  🙄  https   i reddituploads com ce9a0b3709de4607bc10149ca9b0dd6c fit max h 1536 w 1536 s ddd1ba20e792d34dcefa4f657fcff0cc   mildlyinfuriating       655 comments       r mildlyinfuriating comments 5lahyl looking for a picture of knuckles on the internet    46  5051    White women are really like an entirely different type of evil than white men tbh  https   i reddituploads com a1d0807387544f32be774c114b846ca7 fit max h 1536 w 1536 s 5a941319802f35af302a81258a8a6cca   TumblrInAction       247 comments       r TumblrInAction comments 5lb887 white women are really like an entirely different    47  2557    YES   r undelete comments 5lbk21 47255777 gnarly rwoahdude      1   Gnarly  http   imgur com a 9K702   woahdude       77 comments       r woahdude comments 5la3sb gnarly    48  4727    Staying by an injured loved one  http   i imgur com MuNVmhX gifv   nonononoyes       156 comments       r nonononoyes comments 5lb9o8 staying by an injured loved one    49  4825    Skyrim wins "Test of Time" Steam Award   http   i imgur com jpQ4eBo jpg   skyrim       337 comments       r skyrim comments 5lb8yn skyrim wins test of time steam award    50  1015    Was graced with the presence of this gentleman tonight  http   imgur com ljrSI8x   KenM       39 comments       r KenM comments 5ld9av was graced with the presence of this gentleman     From the top 50 posts on  r all  13 or more mods have overridden at least 106 262 upvotes and silenced 7 870 comments  
Yes  but I can\'t target them  😀
I think it\'s open to interpretation  😁 You\'d have to read to interpret for yourself 
Hey bro  message me if you need someone to talk to 👍 Happy New Year 
He was asking for opinions 😂 
   Sorry bro  No one should have to deal with that  And fuck them for going along with it too  Hell  I\'m bitter about that and I don\'t even know them  They\'re not your friends  you deserve better 🖤
True i did assume just found it funny that he made a character when he could of waited  I had to make a new one to get the Dragoon emblem also to change his face so i know how annoying it is  them subclasses 😑
Yeah   I was making a joke about how it was still 2016 here 👀
Happy New Year from the East Coast y\'all 😘
  I didn\'t know ふし  or correctly ふじ  referred to the mountain  I was kinda confused at that too   Apparently  that\'s an ancient Japanese meme and they used "ふし" at that time   https   en wikipedia org wiki Mount Fuji Etymology 
I\'m so sorry this is happening to you guys  Very sorry for your loss  I hope the next few days go quickly   ❤️❤️❤️❤️
Thank you for your service Sir    You did what you have to do  you picked the right career for you but maybe not the right wife  That\'s pretty much what Im reading here   You are a warrior men like need a very special woman  I\'m sorry 😐 She doesn\'t get you   
Lmao I love it  Makes me want to go out and get some darkness right now     Edit  I was gonna change my darkness error to what i meant dankness  however it seems to be better this way  🤘😥
Already quoted that video in my initial reply to OP 😉
It would eat at me if it left the family at this price or got into the hands of my other family members who would just spend it  🙃
it is  😉
July 2015 for me  I\'ve had my share of partners and my current gf is a virgin  After almost a year together  looks like it\'ll be soon  😮 
You posted the link  of course you dont 😛  Do you play  Xbone or master race 
Can we just take a second to realize how much he had to practice to do this 😂
Other videos in this thread    Watch Playlist   9654   http   subtletv com  r5lco2v feature playlist nline 1   VIDEO COMMENT      1   Philips Carousel Commercial    Adam Berg Commercial of the Year Stink Digital  http   www youtube com watch v lQ3D4CqHbJM   2   Huge productions\' secrets   01   Philips Carousel TVC fxguidetv making  1 花絮）  http   www youtube com watch v LXFLJKJptY4   35  https   www reddit com r Filmmakers comments 5lco2v   dbuppqx context 10 dbuppqx    Check this out      And look how they made it   After Effects Tutorial  3D Text Motion Tracking  In Depth   http   www youtube com watch v YaHr P3mGNo   10  https   www reddit com r Filmmakers comments 5lco2v   dbusggi context 10 dbusggi    Yeah lol  in short  you take the mannequin challenge  and combine that with virtual motion tracking in Adobe AfterEffects   It\'s really simple once you have the footage of the camera walking through a scene while everyone holds still   Here\'s a 20 mi     Police Squad Epilogues  http   www youtube com watch v A 3rJqHWYjs   7  https   www reddit com r Filmmakers comments 5lco2v   dbv2ams context 10 dbv2ams    Here is a good one   1   The Frozen in Time Effect   http   www youtube com watch v I rGQVFyjTs   2   How to Freeze Time Cheaply   http   www youtube com watch v aJEslTo cms   6  https   www reddit com r Filmmakers comments 5lco2v   dbuy15z context 10 dbuy15z    Also check out thsee videos by Film Riot    This one\'s for us filmmakers with small budgets   Shake Night  full version   http   www vimeo com 22556371   3  https   www reddit com r Filmmakers comments 5lco2v   dbuwecw context 10 dbuwecw    Here is another cool one   1   The Other Guys   Bar Scene HD  http   www youtube com watch v Y7fKlj9VOWc   2   The Other Guys making of  http   www youtube com watch v S xGkwa6Qtw   3  https   www reddit com r Filmmakers comments 5lco2v   dbv9ed2 context 10 dbv9ed2    Another example is the Bar scene from The Other Guys and its making of   Time Freeze Shootout  http   www youtube com watch v eJvXfV87Aks   2  https   www reddit com r Filmmakers comments 5lco2v   dbvuyhm context 10 dbvuyhm    Watch the making of  I\'m a bot working hard to help Redditors find related videos to watch  I\'ll keep this updated as long as I can       Play All  http   subtletv com  r5lco2v feature playlist ftrlnk 1     Info  https   np reddit com r SubtleTV wiki mentioned videos    Get me on  Chrome  https   chrome google com webstore detail mentioned videos for redd fiimkmdalmgffhibfdjnhljpnigcmohf     Firefox  https   addons mozilla org en US firefox addon mentioned videos for reddit 
Where from   ͡° ͜ʖ ͡°  
10  I\'d let you bang my gf with that 👍
Happy marked orbital revolution around our sun  🥂
Just rolling your face of dude  😂 happy new year 
Wow  2016 keeps taking people right til the bitter end    😥
Both 😳 The grocery store has a "wing bar" with like 8 different flavors  fully cooked  and so I just put some of each in the box like a crazy glutton 😛
It certainly is worth the distance  I closed the distance with my bf just over 2 years ago and we haven\'t looked back    If you both want to make it work  then it\'ll work  Keep your head up and I\'m excited for you to get to meet him in April 👍
Thats fine     no thankyou sorry man im looking for slip and around 2 3 keys ☺
My ID is 355023431 just started and I have nothing you\'re looking for but I need some friends 😊
We always get fucked over during our comeback to kill our momentum smh rigged couldn\'t have Harden lose after having a game like that  😒😒😒😒
  Illustration     2016 Marry Christmas     http   pixiv net i 60300295  by  chili pepper  http   pixiv net u 16633265     Tools used    Photoshop  SAI    Image resolution    659×933   click for 2x upscaled   http   i imgur com jnbXWuW png     Published    Dec 9  2016  04 17 PM      I am a bot  and this action was performed automagically   ๑╹◡＜๑    info  https   www reddit com r Pixiv wiki pikushibu        r pixiv  https   www reddit com r Pixiv  
Happy new year to you as well  🎉  Z axis printing for pancakes does not sound like an easy thing to do because what makes the batter solid is the high temperature  Also you\'d need a controllable z axis  which the PancakeBot does not have   Maybe someday in the future with self cooking pancake batter   
I know your tricks  😉
I hated it ayy lmao trump 2016 🌚
I\'ve got it too  😀
👏🌈🎊 hApPy NeW yEaR 2017 r Patriots 🎉 🙏👌  May we be graced with ring  5 this year 
Oh  did you say shibboleth   You mean  of course  the noun which refers to a custom  principle  or belief distinguishing a particular class or group of people  especially a long standing one regarded as outmoded or no longer important   Yes  I am quite aware of that word  which is pronounced "SHibəliTH "  
Yeah  it\'s crazy what age has done to me and what I\'m not ashamed to say I listen to these days  Not gone as far as Taylor Swift  Kanye  but what I\'m  open  to these days is way different than when it was all Bad Brains  Strung Out  Mudvayne  Slipknot  etc  etc     Tool will always be my mainstay  though☺   E  Oh  and I was a huge fan of a7x when  they first started  After Waking the Fallen  eh  not so much  Go figure 
Hahahahaha  Gonna do that if we play more    P S  Idk if you\'re interested in trying to team up and get better as a pair for 2s 😂
🎺I wanna do bad things with you🎺
This really isn\'t that funny  Is it just me  Oh sorry "Omg hahaha it\'s funny because of the new years resolutions that no one is going to follow through on fam "😂😅😎😍💪✌👏👏👏👌👍
Nooo I want him in SD don\'t take him 😂😂
All of them are very yummy 😜
I saw some kid trying to buy a hw for 30 crates  🙃
I ask myself that every day 😔
Hi  u ItsAdammmm  Your comment has been removed because your flair isn\'t set up correctly        Set up your flair here   http   pokegiveawaybot tumblr com  btn  If that doesn\'t work     here is a visual guide     http   i imgur com qKw7Hto png  Please enter one in the format  1234 1234 1234   IGN   by using the  edit  button in the sidebar where it says         ☑ Show my flair on this subreddit  It looks like      3333 3333 3333   Ash Ketchum  ΩR       edit     Make sure the box is checked to enable flair  If you don\'t know how to find the 12 digit number you need  please check out    this guide    http   www modojo com features nintendo 3ds friend codes everything you need to know  to find your friend code     I am a bot  and this action was performed automatically  Please  contact the moderators of this subreddit   message compose  to  r Pokemongiveaway  if you have any questions or concerns  
Or  split P5 G5  expand the playoffs  and let football be organic  Don\'t ruin the integrity of the game just because your team isn\'t the one on top    And lol   Georgia making your shortlist 😂😂😂
When you do get around to this  could you post a photo of that absolute monster of a wind tunnel that you guys have up at Hinwil  Pretty please  😇 
Or LA not sure about that yet 😅
Hello  I have a match  could I please claim it      B17 3 5 Mudbray  ♂  Adamant Own Tempo 31 31 31 5 31 31	Dark 2852  info   FC  1864 9950 6842  Mii IGN  Mella
Videos in this thread   Watch Playlist   9654   http   subtletv com  r5ld1kc feature playlist   VIDEO COMMENT      Goal   http   www youtube com watch v xmISN s i 8   4  https   www reddit com r hockey comments 5ld1kc   dbuxzp3 context 10 dbuxzp3    Carter goal  LBF celebrates   Joe Thornton vs Jamie Benn Feb 23  2013  http   www youtube com watch v PuZy1PQIgrA   3  https   www reddit com r hockey comments 5ld1kc   dbuya9d context 10 dbuya9d    the man can throw   here come dat boi   http   www youtube com watch v nytzHVEHLLs   3  https   www reddit com r hockey comments 5ld1kc   dbuxdr2 context 10 dbuxdr2    off topic  the meme of the year was Dat Boi and I\'ll fite you all if you disagree  ง ͠° ͟ل͜ ͡° ง  dog meme avi  http   www youtube com watch v 5dbG4wqN0rQ   3  https   www reddit com r hockey comments 5ld1kc   dbuxihe context 10 dbuxihe    year of the doggo for me  Michael Jackson   They Don\'t Care About Us  http   www youtube com watch v QNJL6nfu  Q   2  https   www reddit com r hockey comments 5ld1kc   dbuxg1q context 10 dbuxg1q    To quote Michael  he "don\'t care about us"  LazyTown  We are Number One Music Video  http   www youtube com watch v PfYnvDL0Qcw   2  https   www reddit com r hockey comments 5ld1kc   dbuxgu3 context 10 dbuxgu3    http   www youtube com watch v PfYnvDL0Qcw  Kazoo Kid   Trap Remix  http   www youtube com watch v g sgw9bPV4A   1  https   www reddit com r hockey comments 5ld1kc   dbuxjws context 10 dbuxjws    I love Mike Diva  S J  Sharkie gets stuck   March 12  1999  http   www youtube com watch v 29U5OocM iU   1  https   www reddit com r hockey comments 5ld1kc   dbuxff3 context 10 dbuxff3    I thought Sharky was the only shark "descending" from the ceiling  I\'m a bot working hard to help Redditors find related videos to watch  I\'ll keep this updated as long as I can       Play All  http   subtletv com  r5ld1kc feature playlist ftrlnk 1     Info  https   np reddit com r SubtleTV wiki mentioned videos    Get me on  Chrome  https   chrome google com webstore detail mentioned videos for redd fiimkmdalmgffhibfdjnhljpnigcmohf     Firefox  https   addons mozilla org en US firefox addon mentioned videos for reddit 
Done  Ping me and we\'ll make it happen    🍻 
Vast majority of your dust 😂
Anyone could do that 😑
When friends chose their boyfriends over your friendship which has been way longer  Guess my friendship isn\'t worth anything to people 😢
His brother   also 😂
Hey I am still here  I am sitting at 39 3days drinking red raspberry leaf tea  Trying to get this baby to be on its way   The baby does not have much room to grow and was hoping labor would happen today  but nothing  I will get the option to induce next Thursday if nothing is happening    I hope you are well and I can not wait to hear the good news when it comes  Keep me posted sending baby vibes your way   Hugs ❤️
How ya partyin  Usually on random times for a good 2 3 hrs straight  But gf wants to hang out on my break a lot 😒
 the Skyrim games    ಠ ಠ  
🎵Joy to the world  a meme is born🎵
Lol thanks  D Yea I think im going to stick to other stitches for now 😥
I\'ll pm you some snatches 😙
  Nyanbo        MAL  http   myanimelist net anime 32805    A P  http   www anime planet com anime nyanbo    AL  http   anilist co anime 21655    ADB  http   anidb net a11945      TV Short   Status  Currently Airing   Episodes  26   Genres  None     Episode 15 airs in 1 days  16 hours  31 minutes           anime      LN        FAQ  http   www reddit com r Roboragi wiki index        r   http   www reddit com r Roboragi        Edit  https   www reddit com r Roboragi comments 3i82q0 by mentioning his username roboragi can now       Mistake   http   www reddit com r Roboragi submit selftext true title  ISSUE  text https   www reddit com r anime irl comments 5ldnt1 anime irl dbux16s       Source  https   github com Nihilate Roboragi       Synonyms  https   www reddit com r Roboragi wiki synonyms       Kurisu   Mayuri       ♥  https   www reddit com r Roboragi wiki thanks 
Just doot it 🎷
Lying in bed after a night at the granny\'s house with the fam  listening to a band from Dublin called Fangclub  Give them a listen👍
Hi  u BlizzyBlizz  Your comment has been removed because your flair isn\'t set up correctly        Set up your flair here   http   pokegiveawaybot tumblr com  btn  If that doesn\'t work     here is a visual guide     http   i imgur com qKw7Hto png  Please enter one in the format  1234 1234 1234   IGN   by using the  edit  button in the sidebar where it says         ☑ Show my flair on this subreddit  It looks like      3333 3333 3333   Ash Ketchum  ΩR       edit     Make sure the box is checked to enable flair  If you don\'t know how to find the 12 digit number you need  please check out    this guide    http   www modojo com features nintendo 3ds friend codes everything you need to know  to find your friend code     I am a bot  and this action was performed automatically  Please  contact the moderators of this subreddit   message compose  to  r Pokemongiveaway  if you have any questions or concerns  
Happy new year to us all 😻
What the actual heckin fuck  Edit  I should\'ve known this would become my most upvoted comment ¯   ツ   ¯
I can answer the second question  it\'s quicker than looking for the correct IPA symbol   As you may or may not know  slashes      and brackets      are not the same  You can use  r  as something of a shorthand for "rhotic consonant"  for example  then talk about how "in language X   r  is usually realized as  ɹ   but can also be realized as  r    ʁ   etc "
Wikipedia has a page for LTE bands sorted by continents and countries and carriers     Most Chinese phone websites will have a specifications page where you can check the LTE bands it supports     Look for 参数 on the phone page if the website is in Chinese    Also note that some companies which directly sell in countries other than China sometimes make two models of the same phone  one for  the Chinese mainland and the other a \'global\' variant  LTE bands in these can be different  Compare the Chinese and English website to confirm  
2016   The year a snake declared war on a frog 🐸 and lost bigly
  I care because it is unethical   🤔
Happy ☺ new years ya bunch of deplorables 
Sweet moustache   Ha  and to think that somebody commented the other day that heyday of mustaches  bacon  and   whatever that third thing was   zombies of the early 2010 s  "teens"  I suppose  was on its way out   This gentleman proves just how wrong that was   Although to be fair  this guy\'s mustache is on a whole other level than the Hipster mustaches of yesteryear      also  here\'s to the death of that faux old timey politeness  like calling people "my good sir  gentle sir "  that horrible fad of 1890 s rap battles   "chaphop"   https   youtu be 0iRTB FTMdk    et cetera    I wouldn\'t be surprised if  M\'lady  was born of this  Edit    De gustibus nōn disputandum est   one should not argue about tastes  and all  I suppose   I just don\'t care for it   More power to them  then 
Yeah man feel it through the toes😂
My current toplist   1     PlayClubVR    the Japanese Illusion company makes beautifully animated games  with realistic characters  and tons of customization options  you can create 100  realistic looking girls  or even extreme ones  like red skinned demon girls with horns and huge boobs  lol   Also  this has motion controlled body interaction in VR thanks to Eusth    ☺  How to install it  it is a bit complicated  but it does worth it   https   www reddit com r Vive comments 4ij8d0 the most immersive and well made adult game for   2     HoneySelectVR    another awesome game by Illusion  even more options for customization than in PlayClub  but there is no body   item interaction in VR with Oculus Touch yet  as much as I know   The installation is similar to PlayClub  Link for the VR patch  https   www reddit com r adultvrgames comments 51x68x illusions honey select is now released native vr d7ga99s   3     Yiffalicious    a bit strange game  furry  some people like it  some people hate it   but its physics engine and cloud based scene store  you can upload   download scenes  vote for them  and save your favorite ones  there are literally hundreds of them  are fantastic  Can be only controlled with mouse   keyboard  currently  maybe later they will add motion control support too   Link  http   www yiffalicious com   4     VRTitties 20    Oculus Touch body interaction is available  lot of customization options  nice graphics  Link  https   www patreon com vrtitties  5     Waifu  Sex  Simulator  2 0    tons of different scenes  but no Oculus Touch body interaction  Link  http   vrporn com waifu sex simulator vr 2 0    edit  formatting
Yay   You\'re awesome for adopting a furkid   Hapoy New Year to you and your new family member  ❤
So Why would I rub anything on you   ͡° ͜ʖ ͡°  
 Happy New Year   everyone   🙂
It is the smoothest riding car I\'ve ever driven and the safest   The list is a mile long of all the features  We put studded tires  on as we live in Montana and the snow is deep  While people are spinning out at the intersections I just go around  It\'s a badass rig 🙌😍 enjoy my fellow owner 
Those are the actual lyrics from Tesagure Bukatsumono\'s OP The show itself is 50℅ poking fun at anime tropes  while the other 50  is unscripted ad libbing by the VAs as they attempt to think of \'new\' stuff to add to those tropes  The latter is pretty much the main draw since it\'s not something you see often in anime  VAs just riffing like in a Whose Line episode sans the physical acting  Sometimes the situational comedy can be hilarious  while other times they have to rely on pre existing jokes to carry the segment  Overall though it\'s a fun  easy watch    
To me  I always use ɹ regardless of whether it\'s a broad narrow transcription  But thanks for the info  very much appreciated 
It\'s beautiful lol despite my amazement  I just hate bobbles 😮
I\'m very new to this so in 2015 I actually didn\'t have a collection 😂 now I\'ve reached 37 pops  It\'ll probably double next year  Hell maybe even triple  Happy New Year everyone 
Every time someone joins Reddit that person slowly sinks in to the depths of the Reddit pages  😝 just kidding  so welcome 
Yup  he has a bad habit of spitting 💦 from time to time 
  DO NOT DELETE ANY COMMENT OR YOU WILL BE BANNED   Hello  u TheMean42  your comment has been automatically removed  NOT deleted  because you have not set your flair  Visit  this page  http   139 59 195 159   to set your flair   After you have received a confirmation message that your flair has been set  you will have to make a new comment because this comment has been removed  If you have set your flair using the link above then please make sure the  Show my flair on this subreddit   box is checked to enable your flair           ☑ Show my flair on this subreddit  It looks like           0000 0000 0000       If you don\'t know how to find your 3DS Friend Code  please check out  this guide   http   www modojo com features nintendo 3ds friend codes everything you need to know            Comment      IGN  Robert    Trainer Description  White  Blond Long Hair  Brown Eyes  Orange Hat  Orange Tank Top  Orange Pants  Orange Shoes    Sandygast  Gender  Level  Ball  Female  23  Ultra     GTS Message  I want to fill my Pokedex with other languages     Your Game Langauge   ENG     Nature of Ditto requested  Adament         I am a bot  and this action was performed automatically  Please  contact the moderators of this subreddit   message compose  to  r BreedingDittos  if you have any questions or concerns  
I guess that し makes sense since the on reading of 士 is し instead of じ  You learn something new every day  Thank you for finding the reference for me 
😂  That actually brings up a question of my own  Why did they wait until Lagos to put the accords into action  
That\'s a lotta pubes 🤢
I see what you\'re saying  but it\'s biologically meaningless by itself  "Optimal diet" depends on environmental context  There is no universal  optimum diet for humans  or pandas   It depends on exercise  nutrient balance  genetics  humidity  gut flora  medications  etc    ad nauseam   And while you\'re correct that adaptation doesn\'t equate to "optimum " it is a pretty good clue about what some populations can eat with good results   I only added my comment because  as a biologist  your use of "mutation" in a negative sense bothered me 😃  We are what we are because of mutation  Some result in useful traits  some result in illness  and the vast majority of mutations are neutral  Being able to drink milk into adulthood is really useful in Mongolia  Being able to digest dairy effectively makes it a useful food for many people  I object only to absolute statements that aren\'t factual 
 First Presidential Tweet of the New Year  TO ALL AMERICANS   HappyNewYear   many blessings to you all  Looking forward to a wonderful   prosperous 2017 as we work together to  MAGA🇺🇸   https   mobile twitter com realDonaldTrump status 815422340540547073  
Hope that 2017 is better for all of us  ❤️❤️❤️
Emojis  In apple they\'re the furthest to the right in the emoji tab  🇺🇸🇸🇸🇰🇵🇳🇵
When you run out of fucks to give  this is the result  😂😂😂 A fitting end to 2016  HAPPY NEW YEAR  
HAPPY 2027 TO YOU TOO    😂
The new USB Standard  Type C  is designed like that 😀
Me neither  💪🏻🎉 Just 364 days to go 
Sending you positive wishes from Colorado  I\'m forty and my life hasn\'t gone as planned  I\'m raising my beloved kid broke and alone  But I\'ll tell you   life is worth the struggle  It truly is  My mom lost her sister to depression and if there\'s one wish I could make  I\'d bring her sister back for her 💙
I remember a lot of kissing and holding in the books from Sam  I was disappointed there wasn\'t enough kissing and holding in the film    But yeah the overall performance was amazing  😀
My MAGA hat will protect her from biased upvoting 😂
I\'m a single mom  Sleep 😴
Holy shit this is next level wholesome ❤❤
Hey redditors with no plans tonight  I spent my day at a party feeling alone the entire time  Wish I could\'ve spent it alone  but my friends convinced me to go  You didn\'t miss much   from my point of view  Happy new year ❤
I got kicked in the face book my sick toddler  Happy new year  😒
  DO NOT DELETE ANY COMMENT OR YOU WILL BE BANNED   Hello  u hellobloopblop  your comment has been automatically removed  NOT deleted  because you have not set your flair  Visit  this page  http   139 59 195 159   to set your flair   After you have received a confirmation message that your flair has been set  you will have to make a new comment because this comment has been removed  If you have set your flair using the link above then please make sure the  Show my flair on this subreddit   box is checked to enable your flair           ☑ Show my flair on this subreddit  It looks like           0000 0000 0000       If you don\'t know how to find your 3DS Friend Code  please check out  this guide   http   www modojo com features nintendo 3ds friend codes everything you need to know            Comment      IGN  Michael    Trainer Description  Black Curly hair  White glasses  White button down with blue highlight    Exeggutor  Female  45  Ultra Ball     GTS Message  I want to fill my Pokedex with other languages     Your Game Langauge   ENG     Nature of Ditto requested  Jolly         I am a bot  and this action was performed automatically  Please  contact the moderators of this subreddit   message compose  to  r BreedingDittos  if you have any questions or concerns  
Happy new years guys  🎆
we had decent success with them  even using a 3rd party it has been the best return on advertising  other than social media which is \'free\'  we\'re a small neighborhood bar and grill  did 2 for 1 drink socuel or free appetizer with a minimum purchase  got a lot of new faces up till about 5 miles  how many turned into repeat customers  maybe 10 20℅
Hopefully 311 day takes place in Vegas  Hotels  flights  tickets are reasonable priced  Plus it\'s Vegas baby   But rumor has it they\'re playing 4th of July in Vegas  So who knows    Btw  can\'t wait to be Cruising with 311 in March🤘🚢
im just going to stick to memeing since being helpful gets you downvoted   ͡° ͜ʖ ͡° 
Happy cake day and happy new year 😉
Nice try Farrah 😉
For serious though  more to talk about than my family and you\'re more not crazy than the imageboard lot   Good times  drinks all around 🍸🍸🍸🍸 
Hahah I mean if the shoe fits  Or I guess in this case  doesnt  fit 😂 does he have trouble with finding shoes that fit or back pain because of his flat as hell feet 
Fuck yeah I finally got paid from my online work  ∠  ᐛ 」∠ ＿ There was some last minute kerfuffle which caused the delay  and I was kind of despairing I wouldn\'t get it until whenever  Happy New Year everyone 
 my wife     he  was pissed  ಠ ಠ
I\'ll have what you\'re blazing my friend 😂
To another year of cancer  toxicity and memes  🍸
New Year 😘😘😘😘
  DO NOT DELETE ANY COMMENT OR YOU WILL BE BANNED   Hello  u digigon247  your comment has been automatically removed  NOT deleted  because you have not set your flair  Visit  this page  http   139 59 195 159   to set your flair   After you have received a confirmation message that your flair has been set  you will have to make a new comment because this comment has been removed  If you have set your flair using the link above then please make sure the  Show my flair on this subreddit   box is checked to enable your flair           ☑ Show my flair on this subreddit  It looks like           0000 0000 0000       If you don\'t know how to find your 3DS Friend Code  please check out  this guide   http   www modojo com features nintendo 3ds friend codes everything you need to know            Comment      IGN Lo7   Trainer Description Female  pyukumuku cap  blonde  reddish pink glasses  team skull tank top  denim shorts  camo socks    Sandygast  Gender  Level  Ball digigon247  male  24  ultra ball   GTS Message  I want to fill my Pokedex with other languages    Your Game Langauge ENG   Nature of Ditto requested  Adamant         I am a bot  and this action was performed automatically  Please  contact the moderators of this subreddit   message compose  to  r BreedingDittos  if you have any questions or concerns  
I\'m waiting to go back home 👽
Thank you for submitting to r wholesomememes  u NeedInternet1   Your submission   How I feel when browsing r wholesomememes 👍   has been removed because it violates our rules  which are located in the sidebar        Rule  7    Please do not mention upvotes in your post  No "Upvote in   " or "Upvote if   " type titles or memes   See here   https   www reddit com r wholesomememes comments 5a2p5d upvote in memes      For more on our rules  please check out our  sidebar  http   www reddit com r wholesomememes about sidebar    If you have any questions or concerns about this removal  feel free to  message the moderators  http   www reddit com message compose to  2Fr 2Fwholesomememes  
https   twitter com BernieSanders status 815422801192566784   Bernie Sanders ‏ BernieSanders  12m12 minutes ago  Happy New Year  Never forget greed is powerful but our vision of a world based on economic  social   environmental justice is more powerful 
I can\'t speak for Kutuzov as I don\'t own it   As for Atago  you mentioned that you are up to Myōkō  Atago plays similar to her  with differences being her better torpedo armament and arcs  and Atago\'s heal  I recommend her if you want a captain trainer  credit maker  or free XP earner 
Thank you for your submission  Unfortunately  it has been removed for the following reason s        This submission falls under our "certain topics will always be removed" category       We like having a  casual  environment and some topics are better suited elsewhere→   r CasualConversation w rules wiki we are not chill with 2026      Posts that are  low quality  https   www reddit com r CasualConversation wiki faq wiki what does low quality mean 3F  or  not casual  https   www reddit com r CasualConversation wiki faq wiki what qualifies as casual conversation 3F         Heavily focused on depression  suicidal thoughts or intent       Although the intent of your submission is in good nature       It is not the type of content we\'re looking for→  https   www reddit com r CasualConversation wiki faq wiki what does not qualify as casual 3F what should be reported 3F       How about these subs  ⇢  r feelgood  r MMFB r 7CupsofTea r kindvoice r Needafriend r DiaryOfARedditor r offmychest r TrueOffMyChest   r SuicideWatch                If  you  have  any  questions   we  ask  that  you      message  the  moderators    https   www reddit com message compose to  r CasualConversation subject My submission was removed message I have a question regarding the removal of this  submission  https   www reddit com r CasualConversation comments 5ldnw0 another year   ⇢   directly  for  appeals      Please  refer  to  our     detailed  rules      r CasualConversation w rules     Take  a  look  at  our   subreddits  directory    r CasualConversation w directory  
I transferred out Van Dijk in favour of Baines 👍 And I benched Matt Phillips 😰  I\'m actually praying that for some reason Sanchez doesn\'t play today  That\'s my only hope for getting the Phillips points 
What happened  don\'t have a valid argument  LOL  looks like Trump\'s s̶l̶a̶v̶e̶s̶ supporters are really uneducated  Did you give links to Imgur in your examination too  Or maybe you didn\'t attend school   I know it\'s difficult for you  but try to respond to my argument  instead of resorting to red herrings  Also  Imgur links are not valid arguments FYI 
I spent the stroke of midnight in a C T  scanner 🙁  Not how I\'d planned the evening 
this made me laugh way too much ﻿
Oh okay  whew 😪 I was concerned  Is it harmful at all to my plant   Tiger jaws 
TBH I didn\'t even know the Arizona had fans 😂
Stay safe out there 👍
This  Same here 👍
🖖
Thank you for your submission  Unfortunately  it has been removed for the following reason s       This submission has been abandoned by the submitter        We\'re here to talk  we don\'t want the submitter to make a thread and completely ignore it→   wiki link       The submitter is required to reply to any top comment within the first 3 hours      Don\'t make a thread if you are going to be away and not able to participate in the thread      If you have come back and would like your thread reapproved  shoot us a modmail           If  you  have  any  questions   we  ask  that  you      message  the  moderators    https   www reddit com message compose to  r CasualConversation subject My submission was removed message I have a question regarding the removal of this  submission   r CasualConversation comments 5lczfr i need this new year   ⇢   directly  for  appeals      Please  refer  to  our     detailed  rules      r CasualConversation w rules     Take  a  look  at  our   subreddits  directory    r CasualConversation w directory  
Oh btw OP is only 16 right now 👍🏼
Awwww ❤ that\'s such a nice thing to do for your cat  Thumbs up for your dad 
Brings new meaning to the phrase "getting tail"   ͡° ͜ʖ ͡°  
You should really consider cutting back your drug use dude  you\'re 14 using drugs now will 100℅ effect your mental health and physical health  The fact that you believe you have a high tolerance for drugs is even worse   If you decide to keep using just try to space out the time before uses  
  we get to watch the Chi Chi and Bulma related shenanigans  Dude there are kids reading in this sub       ͡° ͜ʖ ͡° 
Congratulations on your marriage brother  Best wishes   For me 2016 was not good and unproductive  For 2017  I really want less traffic  less use of pollution mask and a job  Also muscle ᕦ ò óˇ ᕤ
Happy New Year to all my friends over here 😀😀😀
Currently soaking in an epsom salt bath and reading some comics  😀
Adorable little puggo   ❤
Lol  I\'m praying🙏
  I\'d put my thing in you   ͡° ͜ʖ ͡°     FTFU
Babysitting drunken adults all night long at the bar tonight  as we don\'t have a close time for New Years 🤑
Not sure if you mean fucked as in you had a lot to drink or fucked as in you just snapped your ankle somehow and decided to take a picture or both🤔
Sort of paid off  Now he owes ME money  But I\'m not going to charge interest  I just hope he learns his lesson 😖
Maybe you\'re just ugly   ¯     ツ   ¯   same tho 
I got a coloring book daily planner this year  I\'m super nutty organized at work and have my schedule and lists in several places  but my daily planner is my most personal place to store info   I get a new page to color every week for 2017  🎨🔥💚
But at least if we are misunderstood it\'s funny 😂😂  To us anyway  
Happy New Year friends  May your frame rates be high and your temperatures low  🖖
hey  its me  the guy you friend zoned   ͡° ͜ʖ ͡° 
He will be  and he\'ll be a great captain when the time comes  Win us a cup he will 😌 
T長 D読       Redditors who live or work in very wealthy communities  what\'s the most pretentious behavior you\'ve witnessed      removed       u themerchantofvenice     I live in Singapore and there are a huge amount of white expats living here  usually for banking  consulting  or their own companies  that make a lot of money  There is a huge community here called "expat wives" which are essentially bored housewives that have nothing to do during the day when their husbands are at work but have way too much money  Since it is so cheap to hire a nanny here  you always see them walking around with a paid nanny carrying and taking care of their children while the wife mother just walks around and shops or goes to yoga and brunch  The nannies are usually live in and also do housework and cooking so frequently these wives just sit around and do fucking nothing while they pay these nannies practically nothing to everything for them  including raising their children  It makes me want to vomit         u Huskeez      I was an American expat living in Singapore from ages 10 to 18  Went to the American school in woodlands and also had a stay at home mom and a live in nanny  Although my mom didn\'t do housework she was heavily involved in a non profit organization helping women in Cambodia escape poverty  Now back in the states  my dad retired and my mom works full time in software  Don\'t let the actions of a few spoiled people dictate your opinion on a group of people  I found a lot of rich arrogant expats in Singapore but also many down to earth people that I still keep in touch with today            Check out copy kun on    github  https   github com JaredHays copy kun  
Wow  that\'s quite the way to phrase it on her part 😒
Ooh  they\'re some nice prints man   I\'ll look into the FlashForge Finder it definitely is an option for me  Thanks for the help 😊
Happy new year  ❤ personally I\'m waiting in vain for actual news of Devil May Cry 5 
Your flair needs to have the   in game name    IGN   or trainer name  at the   end   of your user flair   u groudontamer  your post has been removed    please correct your flair format        Edit your flair here   http   pokegiveawaybot tumblr com  btn  If that doesn\'t work     here is a visual guide     http   i imgur com qKw7Hto png  Please enter one in the format  1234 1234 1234   IGN   by using the  edit  button in the sidebar where it says         ☑ Show my flair on this subreddit  It looks like      3333 3333 3333   Ash Ketchum  ΩR       edit     Make sure the box is checked to enable flair  If you don\'t know how to find the 12 digit number you need  please check out    this guide    http   www modojo com features nintendo 3ds friend codes everything you need to know  to find your friend code    I am a bot  and this action was performed automatically  Please  contact the moderators of this subreddit   message compose  to  r Pokemongiveaway  if you have any questions or concerns  
  Now let\'s get plastered   and fuck kings       ͡° ͜ʖ ͡° 
Short hair AND glasses👌  
No job ✔  Mom\'s house ✔  No talents ✔   No gf ✔  No friends ✔  No midnight kiss ✔  Spending New years eve on twitch ✔
They used their power to keep the status quo   They were not interested in truth  even as it related to the bible  and resisted any efforts to share it in the common language   Think of what Galileo went through  and yet  look at what the bible states     Isaiah 40  22 "There is One who dwells above the circle of the earth "  or  Job 26  7  "He is stretching out the north over the empty place  Hanging the earth upon nothing "  Perhaps the Catholic church fought tooth and nail to keep the bible in Latin to hide things   
🤔  Maybe it\'s species specific    Like my dog loves rolling in geese poop  so assumedly he\'d be pretty excited about having geese poop body spray  
That was the greatest clusterfuck I have ever seen    😂😂😂😂😂
Less than an hour to go til the new year for me  but I already know I will not be drinking tomorrow  I made it through my first sober birthday in years  and am looking forward to no hangover tomorrow  Wishing everyone a joyous  peaceful  productive 24  😊
You think SmackDown has a chance in next years draft  Fucking lol 😂
If I made this exact same thread pointing out Jokić insane efficiency for December I would likely be banned again   
  f A  B is the notation for an arbitrary function mapping A to B  separate from a concrete implementation of f  A concrete implementation may be f x    x 2 or f x    x 3 both of which map elements from A to B  No idea what you\'re on about here     Because f maps from A to B it is a proper subset of the powerset of A x B  denoted 2  AxB    This is wrong  As the book clearly states  f is an  element  of 2  A x B   i e  a subset  not necessarily proper  of A x B     It is a proper subset of   2  AxB    A x B since f is single valued and thus only maps each visited element from A to a single value in B   As said above  it is not necessarily proper  consider if A and B are  0      This means there will be many elements in B not mapped by A for any given function  i e   B    1 elements will be unmapped for every element a in A that a function f maps   This is just a confusingly worded and also an uninteresting observation     Since each f A  B may have a different concrete implementation  the set representation of each concrete implementation of f may contain a different set of elements  The set of all sets from which any given f A  B can draw is the function space of f  All concrete implementations will be a subset of this function space   Again no idea what you\'re on about here  The "function space" A    B is  per the book  merely a subset of 2  A x B  which satisfies the following for any f in A    B     x   y   if     x  z  ϵ f   and    y  z  ϵ f     for any x  y ϵ B and z ϵ A  
Hey  I found out how to do it  So first go to your Mac\'s preferences and select sharing  Then enable remote login  and set it to be accessed by all users  I don\'t know the way to do for selected users   Then open x plore  or any file manager that has SSH file transfer feature  and select SSH file transfer  Click on add a server  put in your Mac\'s IP address  you can find this in your Mac\'s network preference  in the server path  Make sure the IP address is followed by the port which is 22  It should look like this  192 168 1 x 22   Then put in your username and password and you\'re done  Lemme know if it works for you  😆  Apparently this only works if you\'re on the same network  So I guess I need to keep digging 
🎶 High every niiight    Bruh  spare me a light    To ignite joints from days long agoooo    🎶
Wife and I are kind of broke right now  so we decided to "splurge" on some beer and made pizza bagels  Just sitting in our living room nearing the end of our first viewing of Breaking Bad  🍻
I mean  I\'m looking at everything  other  than that particular phrase  and the 戦 isn\'t written the Japanese way — the top of the left radical has been simplified in Japanese orthography to three strokes instead of two squares   The の may be one of a couple of things — it might be a deliberate affectation of Japanese  leaving aside simplifications on the other characters  or the fact that it\'s used in Taiwan for 的 as a written abbreviation due to the Japanese occupation in the 20th century  or just that の is a "cursive" version of 乃   I mean  the rest of the text on the poster is unambiguously in simplified Chinese  Taiwan and Japan use 見 instead of 见  for instance  which is used only in simplified Chinese  There\'s also the fact that it explicitly mentions the city of Shanghai       I mean  I\'m a professional Japanese English translator  so I like to think I have at least  some  notion of what I\'m talking about here     
My mouth may shifted while I was sleeping 😴😏😙
We all look like idiots at some point to outside observers 😋
off topic  the meme of the year was  Dat Boi  https   www youtube com watch v nytzHVEHLLs  and I\'ll fite you all if you disagree  ง ͠° ͟ل͜ ͡° ง
Fuck off PS4 😀
  Tell me what your goals are and let me help motivate you and help you achieve them during a month long GFE       On sale for only  900        Cum grab this deal  Limited spots available    💋                                We do NOT Skype  cam  or do custom vids     Kik eju878 with what you\'d like and a payment method       Payment Options  Venmo  Giftrocket  Gyft  Google Wallet  Amazon   20      Changes  No Gyft Fee    Now accepting GW  
Thank you  😘
  Oh btw OP is only 16 right now 👍🏼   oh cool  https   imgur com 7O2FM6I 
Unreal  Where do you find this shit dude 😁
Same  I\'m spending NYE with my PS4 ❤️
Is that a basset hound  ❤️
Aww but they wanted to cuddle  😊 
Thanks for sharing  I would like to experience this someday as well when I have kids of my own 👍
    RWBY       MAL  http   myanimelist net manga 93675    A P  http   www anime planet com manga rwby    AL  http   anilist co manga 86560    MU  http   www mangaupdates com series html id 127539      Manga   Status  Publishing   Genres  Action  Adventure  Sci Fi           anime      LN        FAQ  http   www reddit com r Roboragi wiki index        r   http   www reddit com r Roboragi        Edit  https   www reddit com r Roboragi comments 3i82q0 by mentioning his username roboragi can now       Mistake   http   www reddit com r Roboragi submit selftext true title  ISSUE  text https   www reddit com r anime irl comments 5ldpu0 anime irl dbuxeyv       Source  https   github com Nihilate Roboragi       Synonyms  https   www reddit com r Roboragi wiki synonyms       Snek   Bird   Horse       ♥  https   www reddit com r Roboragi wiki thanks 
  DO NOT DELETE ANY COMMENT OR YOU WILL BE BANNED   Hello  u stephiekaren  your comment has been automatically removed  NOT deleted  because you have not set your flair  Visit  this page  http   139 59 195 159   to set your flair   After you have received a confirmation message that your flair has been set  you will have to make a new comment because this comment has been removed  If you have set your flair using the link above then please make sure the  Show my flair on this subreddit   box is checked to enable your flair           ☑ Show my flair on this subreddit  It looks like           0000 0000 0000       If you don\'t know how to find your 3DS Friend Code  please check out  this guide   http   www modojo com features nintendo 3ds friend codes everything you need to know            Comment      IGN  Stephie    Trainer Description  Long Black Hair with sideswept bangs  White Bow    Sandygast  Stephie   Male  Level 23  Ultra Ball    GTS Message  I want to fill my Pokedex with other languages     Your Game Language  ENG    Nature of Ditto requested  Timid         I am a bot  and this action was performed automatically  Please  contact the moderators of this subreddit   message compose  to  r BreedingDittos  if you have any questions or concerns  
Always keep her wet 🤙
Officially over here in the East Coast  🍻🎉
法 comes from this thing    灋 which is   Sino Tibetan  Cognate with Tibetan བབས ‎ babs  “shape  form  appearance”   དབྱིབས ‎ dbyibs  “shape  form  figure”   Possibly cognate with 凡  OC  bom  “all  general  every  pattern  general rule”   see there for more   That\'s some Rupa right there  those 4 elements be causing all that Dukkha  like get out of here with that form business bringing all that pain and suffering    That\'s what Buddha\'s dharma is  no   Chickety check it  乏  “to lack  to neglect”    Originally Ideogrammic compound  會意   止 ‎ “foot”    一 – a foot  止  running into a wall or barrier  一   indicating lack  incomplete  Compare 正 ‎ “complete”    正 as opposite of 乏 means correct  authentic  true    會意 is a verb meaning to comprehend   Comprende    法門 means Famen  or "Dharma Method"  門 is also a gate  or barrier  How long you gon\' stare at the wall Brodhidharma  
Agree  Tits or gtfo  right  😋
Getcha a good concealer and your good to go  ☺️ 
  IGN  ソール    Trainer Description  black short hair  pale skin  grey eyes      Sandygast  Gender  Level  Ball  pokeso  female  lv 22  quick ball    GTS Message  I want to fill my Pokedex with other languages     Your Game Langauge  JPN    Nature of Ditto requested  adamant 
 DO NOT DELETE THIS COMMENT OR YOU WILL BE BANNED    u pokesol  0018 2946 2211          IGN  ソール    Trainer Description  black short hair  pale skin  grey eyes      Sandygast  Gender  Level  Ball  pokeso  female  lv 22  quick ball    GTS Message  I want to fill my Pokedex with other languages     Your Game Langauge  JPN    Nature of Ditto requested  adamant    I am a bot  and this action was performed automatically  Please  contact the moderators of this subreddit   message compose  to  r BreedingDittos  if you have any questions or concerns  
Watched Ohio State be murdered  played some Rust  texted my boyfriend when it turned midnight  He\'s two hours behind but 2016 is our last year apart  😄
So much second hand embarrassment  I wanted to change the channel but couldn\'t stop watching  And that awful dip e the dancer😐
Gare Bear 🐻❤ is hilarious 
Dang    I thought you were gonna say Satellars 😂😂😂
You can\'t ever not upvote a comic by CanisAries  XD😝
encrption slows that down a bit  but stiĺl did you ever wonder if they already have her emails  speeches  his tax returns   all of it   and yet  didn\'t we pay for all this   who\'s in charge of this place  us or those public servants  nothing is logical anymore  
The final casualty of 2016﻿
Dog Perignon  😂  So cute  
I mean  that\'s the most organized you can be 😜
Well  CentRE is something only a Brit would spell    So  definitely not a Russian  👍
This was all over the subreddit on patch day 😂😂
Ayyan    did you take this photo  Not judging  just I wouldn\'t be surprised as it seems you keep this sub afloat basically solo and you gotta have that OC 😂
Awesome tune  Good timing    😅
I got a phone call from one of those tech support scammers  I messed with him a bit  and when he caught on he hung up  Few seconds later I get a call from a restricted number  same guy  telling me Americans are stupid and that I should be murdered    😂😁😂
Tbh it\'s questionable when I meet kids like that young  I wouldn\'t let my kids play this if they were under like 15  😳
Hey  buddy  ¯     ツ    ¯   My blog still needs some good content whenever you\'re interested    
Oh damn  that\'s a bummer 😕 I\'m not going to be staying in Japan for much longer so I don\'t really see a point in using paseli  Thanks for the info though 
Wishing everyone a wonderful 2017  🎆⚡🥂🍻 Let the butterbeer flow 
👌pranked please updoot or i will cry myself to sleep👌
If only there was a search bar 🤔 
I\'m just sitting here  occasionally playing league  browsing reddit  watching tv  reading sob posts on Reddit  sorry y\'all 😕  and hoping 2017 is better then 2016  
 Y\'all  upvote this   https   www reddit com r BlackPeopleTwitter comments 5la43j comment dbu2h99  👀
I hope you and your family have plenty of love  support and healing in this new year  May April rest in peace  ❤
Awww we have the sweetest Pedes don\'t we folks  Happy New Year 💚
    when I was a youngster   ¯   ˶‾᷄ ⁻̫ ‾᷅˵  ¯  Got me on the phrasing there  that was a pretty clever joke though  I just smacked my forehead when I saw it  probably typed "youngster" with the game in the back of my mind anyway 
Just went through the original article  I think it\'s because the original designation 避難準備情報 was primarily to be for elderly disabled people  so that they have more time to evac   but you don\'t really get that from the name alone  So the new name specifies that  and basically anyone who reads the emergency message will know   IIRC the original incident stemmed from the group in charge of the facility misreading the emergency broadcast message 
Awesome info  thanks  I know now is probably not a great time to start  but it is a great time to gather information so I am hopefully successful when I try 😊
I see titties  I give honest advice  I\'m a simple man  Happy new year btw 😁
We\'re coming over 😂 hoping Edgewood bumps back on soon 
Even better  I profit from doing this 😂
Jeez did her and rhonda agree to do the same thing before going to their big events  Sheesh rhonda got that 🔥🔥🔥from nunes while mariahs career came 🔥🔥🔥 down AT noon    The irony  
  DO NOT DELETE ANY COMMENT OR YOU WILL BE BANNED   Hello  u KhayosVentus  your comment has been automatically removed  NOT deleted  because you have not set your flair  Visit  this page  http   139 59 195 159   to set your flair   After you have received a confirmation message that your flair has been set  you will have to make a new comment because this comment has been removed  If you have set your flair using the link above then please make sure the  Show my flair on this subreddit   box is checked to enable your flair           ☑ Show my flair on this subreddit  It looks like           0000 0000 0000       If you don\'t know how to find your 3DS Friend Code  please check out  this guide   http   www modojo com features nintendo 3ds friend codes everything you need to know            Comment      IGN  Kevin    Trainer Description  White hair  black aviator shades  black trilby hat  the portrait only shows the top half of the head     Sandygast  Male  Lv 22  Quick Ball      GTS Message  I want to fill my Pokedex with other languages     Your Game Language  English      Nature of Ditto requested  Modest         I am a bot  and this action was performed automatically  Please  contact the moderators of this subreddit   message compose  to  r BreedingDittos  if you have any questions or concerns  
This year I want a song I\'ve played on to get featured on a major radio station  🐻🎶
Crap 😔 
Better than ever     ❤️
The important part is relaxing   don\'t freak out as much as you can help it    I had this exact situation  and I called my OB  Being a diabetic  they made me go in for an emergency transvaginal ultrasound  They couldn\'t even see where the bleeding was coming from   that\'s how minimal it was  But I saw the bright red  like you  and thought the worst    The best thing to know is that your doctors will be able to check for the bleeding on an US if you need   if the bleeding continues    Best of luck ❤
Happy new year y\'all  I love you all 💜💜💜💜
Beautiful cat  😻
That\'s way too close to the bed unless it\'s in 🇦🇶 Antarctic 
Definition   fem·i·nism ˈfeməˌnizəm noun the advocacy of women\'s rights on the grounds of political  social  and economic equality to men   
    New Game        MAL  http   myanimelist net manga 62509    A P  http   www anime planet com manga new game    AL  http   anilist co manga 85697    MU  http   www mangaupdates com series html id 97239      Manga   Status  Publishing   Genres  Comedy  Slice of Life           anime      LN        FAQ  http   www reddit com r Roboragi wiki index        r   http   www reddit com r Roboragi        Edit  https   www reddit com r Roboragi comments 3i82q0 by mentioning his username roboragi can now       Mistake   http   www reddit com r Roboragi submit selftext true title  ISSUE  text https   www reddit com r anime irl comments 5ldqo8 anime irl dbuxjsf       Source  https   github com Nihilate Roboragi       Synonyms  https   www reddit com r Roboragi wiki synonyms       RoboRecommendation™  http   anilist co manga 85143 SinuiTap       ♥  https   www reddit com r Roboragi wiki thanks 
You look incredibly sexy in those shorts    😉💋 
Happy New Year to all of you  Was a hell of a year for all  I\'m sure  Here\'s to the year ahead   If you\'re partaking tonight  and even if your not   cheers   https   imgur com a GyaOf   ✌️
Make that 16 inches   ͡° ͜ʖ ͡° 
Phew   I made it   It was hairy there for a while but I did it  Happy New Year to you   And thanks for hosting   I most definitely will not drink with you today  😃
Happy new year Dolly    🎉  I\'m ready for dat NYE kiss 😘  http   m imgur com 96Otw83 r 
What      I didn\'t win         these votes were rigged    RECOUNT  RECOUNT       s      Congrats to all the winners  🎆🎆🎆🎆🎆 
That\'s not as bad as using your Sony accommodation but forgetting to hit the order item button and then not being able to use the coupon because it was already redeemed  😖
Ive heard her dry tracks in studio long ago   auto tune effects made her and paula abdul\'s careers   ಠ ಠ
一站到底（who\' still standing），it\' a Q A programme  It has double subtitles including Chinese and English since 2015  I think you will like watching it and you can learn a lot of knowledge about Chinese cluture！
So you get home before your husband  over an hour in your words  and you enjoy having time to relax    But then you expect your husband to come home after an hour long commute and immediately start cooking dinner    By your standard of tit for tat  why doesn\'t he get time to relax    Make the time that you cook your relaxation  if it\'s something you enjoy it shouldn\'t be a problem  Give your husband the tasali of coming home to a hot meal that\'s ready or almost ready  so that HE can then unwind through dinner  And then you BOTH get time together in the evening to talk hang  You\'ll find that he\'ll appreciate what you\'ve done and reciprocate even  maybe by loading up the dishwasher    By your words  he\'s a wonderful guy who\'s taking good care of you and the relationship  A marriage is also about meeting the needs of your partner  It sounds like he\'s emotionally fulfilling you as most women want  Just because he has expectations of you or asks you to do something  doesn\'t make him an oppressor or domineering  I think sometimes the way we\'re taught to understand marriage is a very self centric one  where the discussion hinges around your personal rights and ensuring they\'re respected  Which is all and good  but then it can cultivate a mindset of looking at men suspiciously  Other men  sure  Your husband  nah  Your already husband in your already marriage  omg no    You should read Dr  Laura Schlessinger\'s books  Especially "The Proper Care and Feeding of Husbands" and "The Proper Care and Feeding of Marriages"  I read these a while back  and they   blew   my mind  There was so much I was doing  without realizing how detrimental it could have been  all because of this unconscious  or maybe even semi aware  desire to ensure you\'re not wronged  You don\'t have to agree with everything she writes  but she\'ll definitely give you a solid starting point into understanding what makes a marriage thrive    In some bits  she can get a little \'50s housewife y  so take the good and leave the annoying  But really give it a legitimate shot  these books have saved friends\' marriages  She has so much to say on your other issues that you\'ve mentioned  so I\'ll let you do that leg work  These books are honestly the reason why I don\'t feel comfortable describing myself as a feminist anymore    Re  sex  Girl  You\'re married  Get 👏 at 👏 him 👏  Men want to feel desired  too  Throw on some lingerie  aaaand I\'m sure you can figure out the rest  
keep it real chief  If these guys cant take a stranger in the internet telling them the truth  imagine how theyĺl fare in the real world when theres  no mommy or daddy to hold their hands  
🎶You gonna ruin my career ya better get one🎶
Title game was already🔥 but this title would be even better
None  unless I\'m by myself so that no one may feel my wrath 😈
  DO NOT DELETE ANY COMMENT OR YOU WILL BE BANNED   Hello  u Extrascript  your comment has been automatically removed  NOT deleted  because you have not set your flair  Visit  this page  http   139 59 195 159   to set your flair   After you have received a confirmation message that your flair has been set  you will have to make a new comment because this comment has been removed  If you have set your flair using the link above then please make sure the  Show my flair on this subreddit   box is checked to enable your flair           ☑ Show my flair on this subreddit  It looks like           0000 0000 0000       If you don\'t know how to find your 3DS Friend Code  please check out  this guide   http   www modojo com features nintendo 3ds friend codes everything you need to know            Comment      IGN  Extrascript    Trainer Description  Honey Blond  Black Glasses  Orange Stripped Tee  Black Backpack    Sandygast  Gender  Level  Ball  Extrascript  Male  Lv  22  Quick Ball    GTS Message  I want to fill my Pokedex with other languages     Your Game Langauge  ENG    Nature of Ditto requested  Timid         I am a bot  and this action was performed automatically  Please  contact the moderators of this subreddit   message compose  to  r BreedingDittos  if you have any questions or concerns  
  DO NOT DELETE ANY COMMENT OR YOU WILL BE BANNED   Hello  u bird internet  your comment has been automatically removed  NOT deleted  because you have not set your flair  Visit  this page  http   139 59 195 159   to set your flair   After you have received a confirmation message that your flair has been set  you will have to make a new comment because this comment has been removed  If you have set your flair using the link above then please make sure the  Show my flair on this subreddit   box is checked to enable your flair           ☑ Show my flair on this subreddit  It looks like           0000 0000 0000       If you don\'t know how to find your 3DS Friend Code  please check out  this guide   http   www modojo com features nintendo 3ds friend codes everything you need to know            Comment      IGN  Pip    Trainer Description  Palest skin with brown hair  yellow eyes  no hat    Sandygast  F  21  Quick Ball    GTS Message  I want to fill my Pokedex with other languages     Your Game Langauge  Eng    Nature of Ditto requested  Timid         I am a bot  and this action was performed automatically  Please  contact the moderators of this subreddit   message compose  to  r BreedingDittos  if you have any questions or concerns  
Save it for the reel 🤙
Just doot 🎺
i was in the same boat  i had been clean for like 10 days but started feigning like CRAZY  in a halfhearted effort to subdue my craving i started popping addy like candy and ended up feeling like a damn meth head and wanting opes even more lol  but if your story turns out anything like mine  you\'ll be high again soon enough 👌 
Rule 8 ★ Galispod   ♂  Emergency Exit   Adamant   31 31 31 31 31 31   First Impression  Liquidation  Sucker Punch  X scissor   Sun   577091   Love Ball   100   Black Cross   CHT 
That siren is my alarm to wake me up in the morning  Always works  👌
Lol I want to but really though  I\'m really good at holding out  I usually only take M on special occasions  But its new years 😢 
I\'m about to do a cherry bomb 😂    https   imgur com gallery vBv3i  
     HideMeX  http   cydia saurik com package com cpdigitaldarkroom hidemex      BigBoss   2 99   Tweaks   The Ultimate iOS Customizing Experience          ¯     ツ   ¯     Type the name of a tweak or theme enclosed in double brackets    tweak name    and I\'ll look it up for you  I currently only work with default repos      I also reply to PMs       Info  http   www reddit com r hizinfiz wiki TweakInfoBot      Source  https   github com hizinfiz TweakInfoBot      Mistake   http   www reddit com message compose  to hizinfiz amp subject  2Fu 2FTweakInfoBot 20feedback message If 20you 20are 20providing 20feedback 20about 20a 20specific 20post 2C 20please 20include 20the 20link 20to 20that 20post  20Thanks   
Dropped baby off at gma   gpa\'s  went to the movies  and now watching Netflix at home  ordered pizza  drinking Jameson  listening to rain  Doin\' it later  In our own bed without the rugrat  🎉
I really wish I could take that deal but I\'m out of town 😔
Emphasizing not to eat excessively eat entirely crap to meet your caloric goals  I fell into that trap and it sucks  Do what u oscarblues states and you\'ll be good 👌
Please boys  😣
Psh there\'s no shame in my game  lol  Just be like this is who I am  Deal with it  😂😂
Have you tried any "themed" races  Here are some ideas for different themes  http   greatist com move incredible themed races     People seem to enjoy those sort of races and it tends to draw out those interested in meeting other people rather than solely focused on getting the best lap time  I always see my friends posting pictures from those and they seem to be meeting a lot of new people  You could also try to transition to yoga  I\'ve heard that\'s another excellent place to meet people 😜
Vacuum pump oil  It smells like a shitload of grape hubba bubba  So good😍
Trying to get a program working in python  Just for fun  Spent an hour writing it up  and 2 more hours trying to troubleshoot a bug  One bug  I assigned 2 lists to equal each other  but assigned them in the wrong order  Ended up wiping the list instead of making a duplicate list  Took me ages to find that super simple issue  Now that that\'s done I have no clue why I wrote the program up in the first place ¯     ツ   ¯
Hmm  that\'s a really good question   I looked it up in Blust\'s The Austronesian Languages  effectively the Austronesianist\'s bible   and here\'s what he has to say about   ar     6 3 2 3   ar  ‘plural’   This infix is far less visible than the preceding two  While reflexes of   um  and   in  are found in over 200 languages  reflexes of   ar  appear in only a few  Recognition of this affix is also complicated by two other considerations  1  some languages appear to reflect   al   or   aR   and it is sometimes difficult to distinguish these from   ar   2  a number of languages assimilate the vowel of   ar  to the next vowel of the base  making the location of morpheme boundaries unclear   Minangkabau definitely has this  or historically did  as does Malay  and Blust also mentions that several philippine languages do have and use this infix productively   However  he only mentions two Taiwanese languages in which this appears  and in both of these the evidence is scant   Quoted below    Pazeh   Ferrell 1970 78    ar  ‘instrument’      As pointed out by Li and Tsuchida  2001 18 19   this affix has been recorded only in baranaban ‘urn’  and duŋuduŋ   daruŋuduŋ ‘drum’  There is no contrastive evidence for an infix in baranaban  and the glosses for duŋuduŋ and daruŋuduŋ are identical     I will note that Malay shows the same behavior  an  er  instrumental infix where there exist bases with and without it that share the same meaning    Root   Infixed Root   Meaning              suling   seruling   flute gendang   gerendang   drum  Blust also mentions that this also exists in another formosan language    Paiwan   Ferrell 1982       ar   plus Ca reduplication  ‘do on all sides  in various directions’  kim ‘search’   ka kim ‘search everywhere’  tjəzak ‘a drop of liquid’   tja tjəzak ‘constantly dripping  dripping on all sides’   Once again  this function is shared with Malay  where the infix can create iterative meanings from verbs with er el   as shown below   Root   Meaning   Infixed Root   Meaning                   getar   shake   geletar   quiver  throb  vibrate rapidly jajah    historically  move   jelajah   travel  explore  traverse  Plus  some bonus roots that do the same with the infix  em    Root   Meaning   Infixed Root   Meaning                   gertak   snap   gemertak   rattle  crackle  chatter getar   shake   gemetar   constantly shaking  shaky geletuk   shake   gemeletuk   rattle  tremble  flap around    
Thanks  The little girl in me came out a bit when I saw her 😝
Haha  I wish I could help you bro but I really only wear black  Try putting a tank under your shirt if your nips are showing through but remember hoes wanna see those pecs 👌🏻
Aside from my AF1 Flax I only have shoes under  80 so I won\'t worry about normal wear and tear   So I guess you could call them beaters idk   for example     Nike Tennis Classic    Sk8 Hi    Adidas Gazelle    Jordan 1  used     Chuck Taylor  I\'d rather wear them than worry about them ¯     ツ   ¯
I added u add me 3239 2967 6275  My names Jeff I\'m kinda just starting the game so the more friends the better 😊
🎶 It\'s the best day of the year  🎶
Liberals can\'t drink 🍹  lol   
Ordering Asian Beauty items on Amazon 😁
😍😍thank you for all your amazing pics this year  
holy fuck that fucker had no mercy either  shoved that shit in as deep as he could  that\'s nasty af especially considering they\'re all sweating  😷😷😷
Oh haha  That cool  And I didn\'t know you were a mod 😂
It\'ll be great when that USB is full of ransomware 😃
i got massive frission reading this  gaten warms my heart ❤️
Going to bed early so I can wake up early to go snowboarding ☺️
This slut got what she deserved   Source would be 👌🏻
Start younger in order to build a good foundation because attempting to change once you\'re older is much harder and takes a lot more time   ￼
Fergie time starts from the 85th minute  😈
Proud of you for writing out your feelings  Rooting for you  ✨😊
  Shinsekai Yori       MAL  http   myanimelist net anime 13125    A P  http   www anime planet com anime from the new world    AL  http   anilist co anime 13125    ADB  http   anidb net a9002      TV   Status  Finished Airing   Episodes  25   Genres  Drama  Horror  Mystery  Sci Fi  Supernatural     Mahou Shoujo Madoka★Magica       MAL  http   myanimelist net anime 9756    A P  http   www anime planet com anime mahou shoujo madoka magica    AL  http   anilist co anime 9756    ADB  http   anidb net a8069      TV   Status  Finished Airing   Episodes  12   Genres  Drama  Mahou Shoujo  Psychological  Thriller           anime      LN        FAQ  http   www reddit com r Roboragi wiki index        r   http   www reddit com r Roboragi        Edit  https   www reddit com r Roboragi comments 3i82q0 by mentioning his username roboragi can now       Mistake   http   www reddit com r Roboragi submit selftext true title  ISSUE  text https   www reddit com r Animesuggest comments 5ldqpg need anything supernatural cyberpunk lots of dbuxr9j       Source  https   github com Nihilate Roboragi       Synonyms  https   www reddit com r Roboragi wiki synonyms       RoboRecommendation™  https   myanimelist net manga 104 Yotsuba to       ♥  https   www reddit com r Roboragi wiki thanks 
You are absolutely right 😀
You too 😘 and thanks
Right before her performance I said to myself  "I bet Mariah Carey\'s performance is gonna suck "  It ended up being A LOT worse than I expected  It was a spectacular fuck up  Based on the look on her face and they say she walked off there at the end  there was no mistaking how fucking pissed she was  😂😂😂 I wonder how many new assholes there will be 
He wasn\'t quoting the next movie😎
Pick Lee Sin  Farm jungle  Go to adc  Press R QQ  Win  😞
      the fact that there are still certain fans who won\'t admit that shit\'s going down the gutter   pretty sure most people know who    That person is going to be so salty if they found this thread  😏
I loved doing my own less serious rate thread  This sounds like a great idea      Edit  Also  Run Away With Me deserves spot one      🎺🎺🎺🎺🎺🎺
Catheters are another story  I can do that with my eyes closed  Almost  😉
Search in another lenguage then ¯   ツ   ¯ 
Confirmed  1 delta awarded to  u Fiveos2   1∆   r changemyview wiki user Fiveos2       Delta System Explained  https   www reddit com r changemyview wiki deltasystem       Deltaboards  https   www reddit com r changemyview wiki deltaboards   ​  HTTP   DB3PARAMSSTART     "comment"  "This is hidden text for DB3 to parse  Please contact the author of DB3 if you see this"    "issues"        "parentUserName"  "Fiveos2"   DB3PARAMSEND 
To recover and brush off the dust from this application cycle and apply again in 2018 as an even stronger applicant  First thing  retaking MCAT 😏
 I\'m with you  in theory  at least   I put on some Daniel Tiger or something for my 2 year old most days  but I don\'t pretend it\'s for  his  benefit  it\'s the only way I can get twenty minutes without him climbing all over me and or getting into shit  though  so I\'m willing to make the tradeoff   Back in the day moms would send their little kids outside with only the dog to watch them in order to get some peace and quiet  Daniel Tiger is probably a safer choice  😆
I\'m the opposite  the more action the better  But I can understand why you like LoTR  and you have valid points about how fast moving books can have major holes in the plot  Everyone can like something and not like something else  And this sub is touchy about giving constructive criticism about certain authors man  Ever tried saying anything bad about Rothfuss  You\'ll get downvoted and have 50 people rip into you if you mention that it\'s been 6 years since he released WMF and that he basically refuses to give fans any info about when DoS will come out  pretty sad 😒
Speaking of 法器  power tool s    Check out these guys  https   en m wikipedia org wiki Eight Immortals     The Eight Immortals  Chinese  八仙  pinyin  Bāxiān  Wade–Giles  Pa¹ hsien¹  are a group of legendary xian  "immortals"  in Chinese mythology  Each immortal\'s power can be transferred to a power tool  法器  that can bestow life or destroy evil  Together  these eight tools are called the "Covert Eight Immortals"  暗八仙   Most of them are said to have been born in the Tang or Song dynasty  They are revered by the Taoists and are also a popular element in the secular Chinese culture    Furthermore  they have been linked to the initial development of qigong exercises such as the Eight Piece Brocade  There are some Chinese martial arts styles named after them  which use fighting techniques that are attributed to the characteristics of each immortal  Some drunken boxing styles make extensive use of the Eight Immortals archetypes for conditioning  qigong meditation and combat training  One subsection of BaYingQuan drunken fist training includes methodologies for each of the eight immortals   http   shaolin org chikung lohan html Bodhidharma taught this as well   There\'s the story about him making the second patriarch strong in such way    Doing this  which I believe is simply modified Yoga  https   upload wikimedia org wikipedia commons 6 61 DichCanKinh Yi Jin Jing jpg   Oh and about Xian   Xian  Chinese  仙 仚 僊  pinyin  xiān  Wade–Giles  hsien  is a Chinese word for an enlightened person  translatable in English as    "spiritually immortal  transcendent  super human  celestial being"  in Daoist Taoist philosophy and cosmology    "physically immortal  immortal person  immortalist  saint"  in Daoist religion and pantheon        "alchemist  one who seeks the elixir of life  one who practices longevity techniques" or by extension    " alchemical  dietary  qigong  methods for attaining immortality"  in Chinese alchemy        "wizard  magician  shaman"  in Chinese mythology  
Thanks for that  I am now convinced to get the black iPhone  😁 happy new year 
Then comes up with this folder  4s降级工具  and nothing pertaining to any kind of  ipa
My favourite part of this is a subtle bruising on her arm  She\'s into the rough stuff 😏  Edit  autocorrect 
Don\'t worry   you\'ll get to see way more in 2017  😄🎉🎊
If you still have FIFA 14  then it\'s late but it\'s better than FIFA Mobile 😂
Dog owner here chiming in   I frequent the regent square side regularly with my pup  he\'s always on leash when walking  I get frustrated with dogs running up because it ruins my walk and makes him frustrated even though he\'s friendly  It puts me on edge and makes me tense up on him because I don\'t know the reaction of the dog coming towards me   I can and will take down a dog if it gets aggressive with my pup  no questions asked    That being said  we frequent the water regularly and that\'s where I let him off leash but if there\'s any sign of people or other pets I grab him quickly   I don\'t think the problem is being off leash because I believe there are ample responsible dog owners that do what I do  I think the problem is the owners that are ignorant or simply don\'t care  it\'s people that want to "walk their dog" without actively walking them  When my pup is off leash I\'m ALWAYS a harness grab length away from him  That\'s just being responsible   Even doing so  I\'ve slowed on frequenting because I have a 6 month old puppy that is scared easily and he absolutely does NOT like other dogs running up to him  He hides and whimpers  I\'m just not ready to subject him to the idiocy of the public  😑
He\'s very Much Love  😘
I thought it would be more white in color  but if it\'s liquefied children you want  then why didn\'t you just ask  🌝
Spanish and Japanese have very similar pronunciations for the most part  and the few conversations I\'ve struggled through went well enough as far as sounding correct   I can\'t stand Anki   At all   I know lots of people swear by it  but it\'s not my cuppa   I\'m using wanikani as an SRS and as long as I ignore their mnemonics  it\'s fine  I\'m old enough that rote memorizations are much easier than remember the bizarre stories they\'re telling   Once I\'m done with Genki  I\'ll look at some other stuff   I have a couple of よつばと！books but they\'re still hard for me to get through    edited to complete a fragmented sentence  
Considering this is Turkey  I\'d be surprised if they last long at all     After the failed 2016 coup d\'état  some politicians are talking about restoring the death penalty  4  Erdogan  President of Turkey since 2014  has announced  29 October 2016  that the Government  PM Binali Yıldırım  Yıldırım Cabinet  will present a draft law restoring the death penalty to the Turkish Parliament  "and I will countersign it"     Sauce  https   en wikipedia org wiki Capital punishment in Turkey 
But digital is actually less accurate  It jumps from one time to another  Especially if seconds aren\'t enabled   Don\'t worry  I get what you\'re saying though 😁
Nothing of note to add except great title 😁
Watching Disneyland Fireworks and other fireworks videos 💥 🎉
I need a dog   And op  if your dog is holding one of your hands  and you\'re using the other one to film  how are you driving  😬
Go and hang out with the family  ☺
Kinda like how Python behaves  thanks for the info 👍🏻
Count    me    in   😎
if you guys don\'t answer sitrus berry for the berry question y\'all aren\'t real pokemon stans 👀
😐
New years resolution  to ban all illegal laggers from happy wars  2017 🇺🇸
Yeah  when I was a kid I lived a few blocks from campus in Morningside Heights  Coke\'s cheap near Harlem but those sound like 1970s prices 🤓
🙄
Laying in bed watching weirder and weirder YouTube videos while my cat naps at my feet  Drinking cheap sparkling wine  this thread made me feel less alone so thank you   Happy new Year Reddit  🐈
Absolutely love it  keep bringing them more  ✌🏼
I got food poisoning so I\'ve been in bed all day 😓
Really big fucking year coming up   ͡° ͜ʖ ͡° 
Coming from out east and a bit late but HAPPY NEW YEAR  r Canucks     You guys are my favorite subreddit and as much as we hate ourselves  I still love all you guys ❤️  Be safe and make good decisions tonight  and I hope you guys all have a great year  
Well merry Christmas to me 😍
I\'ll take a shot at the whole year  since this\'ll be the last one     Best                                                  Two photo finshes to open up the season     The emergence of Daniel Suarez  Kyle Larson  and Erik Jones as top competitors in their series     The return of Jeff Gordon  despite the circumstances     Alex Bowman getting a legitimate shot and making the absolute most of it  also despite the circumstances     Surprise wins for Chris Buescher and Kyle Larson     Road course racing in the Xfinity Series     No outrageously undeserving drivers in the Final Four  unlike the two years prior     Chase Elliott\'s worthy performance in the 24     Drew Carey not hosting the banquet again     Matt DiBenedetto becoming the surprise new lovable loser     Tony Stewart\'s Sonoma victory and various retirement moments throughout the year     Jeff Gordon\'s great first year as a commentator     The Scrub Race before the All Star race  whatever it\'s called     The new rule prohibiting Cup drivers from extensive Xfinity starts     Martinsville adding lights     Townley and Gallagher  Nuff said     Worst                                                   The rise of LIS inspection failures     Jimmie Johnson\'s seventh championship  Great for the sport in the big picture  but bad in the sense of someone so mediocre throughout the year winning the whole shebang  feel free to disagree with me here      The disappointment of Ryan Blaney     Tony Stewart\'s injury     Brad Keselowski and Martin Truex Jr  exiting the Chase in the Round of 12     The All Star Race  All of it     Pocono pulling off the season sweep of weather delays     No significant changes to the schedule for next year     William Byron not winning the championship     Cole Whitt\'s crew throwing a wrench in the turbine of the Xfinity Final Four  arguably pointing out the absurdity of the format as a whole     Brian France\'s humiliating public endorsement of Donald Trump     The loss of Barney Hall  Bryan Clauson  and others I\'m probably forgetting     Every possible aspect of NBC Sports\' coverage  Extra credit for Roku users     The embarrassing finish of the Spring Xfinity Talladega race     Kyle Busch singlehandedly ruining an entire series in every race he was in     The disproportionate balance of winning in the Cup Series mostly between three teams     Taking forever to learn what the new title sponsor will be     Jay Mohr\'s disappointing performance hosting the Award Banquet     Dale Earnhardt Jr  missing out on a huge chunk of the season     The  88 Axalta paint scheme     Speaking of paint schemes  the horrid white deuce is sticking around for next year         Reed Sorenson and Austin Wayne Self running Trump schemes  Not inherently because of Trump  but because of politics having such direct involvement in the sport  But also because of Trump     GOT MY HAAAAAAAAAAAAAAAAAAAAAAAAAAAAAAAAAAAAAAAAAAAAAAAAAAAAAAAAAAAAAAAAAAAAAAAAAAANDS ON THE WHEEL AND I\'M FLYYYYYYEN    Everything about Clint Bowyer\'s season     I\'m not mod of  r NASCAR yet   Yet     ͡° ͜ʖ ͡°  
 “The reason that the rich were so rich  Vimes reasoned  was because they managed to spend less money    Take boots  for example  He earned thirty eight dollars a month plus allowances  A really good pair of leather boots cost fifty dollars  But an affordable pair of boots  which were sort of OK for a season or two and then leaked like hell when the cardboard gave out  cost about ten dollars  Those were the kind of boots Vimes always bought  and wore until the soles were so thin that he could tell where he was in Ankh Morpork on a foggy night by the feel of the cobbles    But the thing was that good boots lasted for years and years  A man who could afford fifty dollars had a pair of boots that\'d still be keeping his feet dry in ten years\' time  while the poor man who could only afford cheap boots would have spent a hundred dollars on boots in the same time and would still have wet feet    This was the Captain Samuel Vimes \'Boots\' theory of socioeconomic unfairness ”   ― Terry Pratchett  Men at Arms  The Play
I love this  It will totally let me be a true nerd  😂 kik  dylenjay 
Thanks for the comments  It\'s a huge turn on 🙈
To go to the gym a whole lot and get a body better than last years ✌️️
You can only drift a title that is one tier lower than your own highest title  If you are a king  you can only drift duchies  If you are an emperor  you can only drift kingdoms  They must report directly to the person they\'re drifting towards  be yours personally  or a direct vassal   and you can\'t also hold their de jure equivalent to your rank  if you hold both the imperacy of Scandinavia and of Brittania  no kingdom in Brittania will drift to Scandanavia   It takes 100 years  if you haven\'t changed the settings  and you must own the drifting title in its entirety  Since you\'re an emperor  no drift will occur towards you until you create the kingdom   For your second question  I\'m not entirely sure  I believe the title will become titular   one with rank  but no land attached  I am not sure what the creation conditions will be  They may remain the same  possession of  50℅ of the original de jure  but not grant land rights  or there may be other requirements  
When I first heard about this \'business\' I just assumed it was Amanda selling her old clothes on ebay because Matt sucked her MTV checks dry 😐 
Oh my god thank you so much  I have the same thing  but the tickle is in the corresponding butt cheek  I thought it was an unhealthy spasm 😅
Heh  I didn\'t really know that was a trend until I went to her profile to see if I had her username correct   Eh  Different strokes for different folks ¯     ツ   ¯
How could anyone dare not think one of CanisAries\' comics is not funny  😧
Lol last time I checked I\'m a male with all the correct equipment 😂
I have always been a lover of just about every animal   It is nice to know that my intuition was right about what a pet tortoise would enjoy   🐢
Thanks    🙂🙂
Watching tv at home with my kids 😊
We all know that "one guy" who\'s like this 😂 
Short hair AND glasses AND freckles 👌
Damn  still out over here by the interstate 😢
My dude  I wish you the best on these  What anime are you looking into  Good luck on butt stuff   ͡° ͜ʖ ͡° 
Outstanding work  Can somebody share a screenshot of their dock after replacing the stock icons  I wonder what that would look like 👌
Yay  Thank you 😘
  Yuru Yuri       MAL  http   myanimelist net anime 10495    A P  http   www anime planet com anime yuru yuri    AL  http   anilist co anime 10495    ADB  http   anidb net a8353      TV   Status  Finished Airing   Episodes  12   Genres  Comedy  Slice of Life           anime      LN        FAQ  http   www reddit com r Roboragi wiki index        r   http   www reddit com r Roboragi        Edit  https   www reddit com r Roboragi comments 3i82q0 by mentioning his username roboragi can now       Mistake   http   www reddit com r Roboragi submit selftext true title  ISSUE  text https   www reddit com r anime irl comments 5ldsi5 anime irl dbuxwxv       Source  https   github com Nihilate Roboragi       Synonyms  https   www reddit com r Roboragi wiki synonyms       Chitoge   Onodera       ♥  https   www reddit com r Roboragi wiki thanks 
My parents died that year 🙁
Ugh  I saw so many Steelers fans at the store today  😊🔫🖕
    Grand Blue       MAL  http   myanimelist net manga 70345    A P  http   www anime planet com manga grand blue    AL  http   anilist co manga 87395      Manga   Status  Publishing   Genres  Comedy  Ecchi  Slice of Life           anime      LN        FAQ  http   www reddit com r Roboragi wiki index        r   http   www reddit com r Roboragi        Edit  https   www reddit com r Roboragi comments 3i82q0 by mentioning his username roboragi can now       Mistake   http   www reddit com r Roboragi submit selftext true title  ISSUE  text https   www reddit com r manga comments 5ldp85 can anyone recommend a good reallife manga to dbuxwzo       Source  https   github com Nihilate Roboragi       Synonyms  https   www reddit com r Roboragi wiki synonyms       Noa   Urara       ♥  https   www reddit com r Roboragi wiki thanks 
Kelly\'s tan omg 😂😂😂
Nope  Better take them off 😏
Thanks for the tip  🙂🙂
  Illustration     ハピミコ  http   pixiv net i 60681846  by  raika9  http   pixiv net u 2232374     Translated title    Hapimiko    Tools used    CLIP STUDIO PAINT    Image resolution    764×1019   click for 2x upscaled   http   i imgur com qSG61w2 png     Published    Jan 1  2017  12 09 AM      I am a bot  and this action was performed automagically  ♪～ ￣ε￣；    info  https   www reddit com r Pixiv wiki pikushibu        r pixiv  https   www reddit com r Pixiv      Tip   you  can  skip  my  reply  by  adding  "p skip"  to  your  comment  
http   m imgur com WDJ6T3y pic for proof bb❤
The wait has been far too long to see this high functioning sociopath back on my screen  🙏🏻
‪CSR Racing franchise  Bill\'s Garage Car  34  Pagani Huayra‬  ‪Not my choice of color   I can\'t change it  but nicely done graphics by the Naturalmotion Games folks  👌🏻‬
Thank you for submitting to r wholesomememes  u qowz   Your submission   Well that\'s nice😊   has been removed because it violates our rules  which are located in the sidebar        Rule  1    Posts must be memes    Maybe your post would be more appropriate for r wholesomepics     For more on our rules  please check out our  sidebar  http   www reddit com r wholesomememes about sidebar    If you have any questions or concerns about this removal  feel free to  message the moderators  http   www reddit com message compose to  2Fr 2Fwholesomememes  
You know that moment when you just know the right gif  Yeah  this was it  😂
Turn that frown upside down  have some 🍕   
I\'m crying😂😂😂😂😭 "I\'ve had enough"
Too soon  even though per minute Jokić as quietly having another historic season   Like you remember all last year his advanced stats were at a  All Star levels  http   projects fivethirtyeight com carmelo nikola jokic    and every one was yelling at me he would get worse with more minutes  Turns out his advanced stats all improved  PER increased  WS 48 increased  TS  increased  BPM increased    He\'s a better player than last year and last year he was already playing at an All Star level per minute   
God damnit Im never on when these are posted 😥😥
You won\'t be able to tell what any of the gore is anyway   😂 one of my favourite games though  
Maybe if you ask really nicely  🤔
Hey run the jewels  I actually played with you a few times 🙂
Made ribs and watching hockey ☺
I guess you can say you were WONG 😒Sorry
My wife is a literal blue haired uber liberal  She asked me to turn on PBS  ugh  for the NYE celebration event  So ofc Beyoncé is on and I was like  half jokingly  look at this damn commie    For some reason she got triggered hard by this comment and starts flipping out about how I sound like her disgusting grandfather  the greatest generation but 👌  and she starts getting visually upset when I was like uh yeah she\'s a lot more than an entertainer  Her and her husband are part of the elite and     Wife flips her shit    I\'m talking  YOURE SUCH AN ASSHOLE  Thanks for RUINING MY NEW YEARS EVE YOU DICK    I just started laughing like wut  My bullshitting about Beyoncé triggered you that hard    And she said I just hate your political views blah blah blah YOU JUST PUNCHED MY THROAT WITH YOUR AWFUL POLITICS LIKE YOU\'RE    JUST SATAN   AYYYY Leftists ladies and gentlemen    It\'s a damn shame I got redpilled hard AFTER I got married and not before    Edit  she just said she doesn\'t ever want to hear my political opinions    for life   TRIGGEREDFORLIFELMAO
Sequel to Nisekoi with these two    make it a hentai 😜🔥
I am the chatting dead  😋
Vietnamese doesn\'t have multi syllable words  except for loan words from other languages    The country is Việt Nam  its capital city is Hà Nội  and  Saigon is Sài Gòn   You\'re thinking  "Wait  even just \'Viet\' is two syllables "  Eh  kinda   Việt is pronounced something like "vyeet"  so it\'s close to what an English speaker would consider one syllable   But more important  the Vietnamese language has a very complicated set  more than 100  of single vowels and diphthongs     many of which Westerners couldn\'t even distinguish  let alone reproduce    and their idea of a "word" is such a vowel sound  with optional  and not very important  consonants fore and aft 
I\'ve never done cocaine​  but if I were addicted that link would keep me sustained for a year  
Which one   ͡° ͜ʖ ͡° 
Happy New year to Tucker Carlson  Can\'t wait to have you back next week ✌✌✌✌
How tf did I forget that the gym gets crowded with muggles after the new year  😔
      009         009  Hover to view match ID  2879296824  DB  http   www dotabuff com matches 2879296824   OD  https   www opendota com matches 2879296824          009      Radiant wins 64 42   47 55     lumbdi "Match ID  2879296824  match date  2016 12 29 07 37 17  first blood time  0 00"   Lvl   Hero   Player  K D A   LH D   XPM   GPM   HD   HH   TD                                          25     hero juggernaut   DB  http   dotabuff com players 115746604 "Dotabuff  Lookup people\'s match history"   OD  http   opendota com players 115746604 "OpenDota  Provides free replay analysis"  prblms 16 7 28 369 5 574 639 43825 0 8574 23     hero io   DB  http   dotabuff com players 11503756 "Dotabuff  Lookup people\'s match history"   OD  http   opendota com players 11503756 "OpenDota  Provides free replay analysis"  TurDar  the  4 14 37 60 2 469 314 11499 12558 617 25     hero timbersaw   DB  http   dotabuff com players 86774207 "Dotabuff  Lookup people\'s match history"   OD  http   opendota com players 86774207 "OpenDota  Provides free replay analysis"  Big Z 19 8 21 361 16 581 673 40412 234 1130 25     hero nightstalker   DB  http   dotabuff com players 139544421 "Dotabuff  Lookup people\'s match history"   OD  http   opendota com players 139544421 "OpenDota  Provides free replay analysis"  Justin Weave 14 6 35 95 1 573 515 34593 387 6632 25     hero mirana   DB  http   dotabuff com players 362729571 "Dotabuff  Lookup people\'s match history"   OD  http   opendota com players 362729571 "OpenDota  Provides free replay analysis"  JA RULE 10 7 26 267 2 574 549 25134 0 3120  123 116  ↑Radiant↑ ↓Dire↓   63 42 147 41 64 56  1152 26 785 22  2771 2477  2690 2039  155463 139066  13179 4411  20073 9677 22     hero shadowshaman   DB  http   dotabuff com players 22365309 "Dotabuff  Lookup people\'s match history"   OD  http   opendota com players 22365309 "OpenDota  Provides free replay analysis"  Burney 6 12 17 91 1 444 347 18844 0 2044 23     hero legioncommander   DB  http   dotabuff com players 6562748 "Dotabuff  Lookup people\'s match history"   OD  http   opendota com players 6562748 "OpenDota  Provides free replay analysis"  OldManGraham 2 12 12 166 0 470 367 15730 0 974 25     hero broodmother   DB  http   dotabuff com players 338165743 "Dotabuff  Lookup people\'s match history"   OD  http   opendota com players 338165743 "OpenDota  Provides free replay analysis"  LiL MonsTA 12 13 8 197 3 583 475 31906 0 5372 21     hero nyxassassin   DB  http   dotabuff com players 184434218 "Dotabuff  Lookup people\'s match history"   OD  http   opendota com players 184434218 "OpenDota  Provides free replay analysis"   3 M X 8 16 7 97 4 400 351 24938 0 161 25     hero necrophos  anon 13 11 12 234 14 580 499 47648 4411 1126           source  http   github com NNTin Reply Dota 2 Reddit    on   github     message  https   www reddit com message compose  to lumbdi    the   owner     deletion   link  https   www reddit com message compose  to Reply Dota 2 Reddit subject deletion message t1 dbuy16w "Only works for bot summoner and  r dota2 mods  Do not change already filled out form " 
I\'ve been crocheting as well  Working on a blanket  😊 
What can I say  I\'m a clever girl with a fat booty😉
Wish I could hear you 😍
I think this should be more like the rat tooth ammy  disease resistance   but instead of resisting its like taking a chance on getting a higher tier like them  For example the max i could see this giving it two damage and 5 def but the more teeth on it the higher the chance of drain   im bad at ideas 👌👌👌 
On actual ice  I\'ve seen too many cars go through ice to ever think about taking mine on there  But nice car 👍🏻 
I just got the game on PS3 the day after Christmas  and I\'m already on my third new character  My most recent previous character was only at level 11  There are so many ways to play that I keep getting distracted 😂
On the Mark 😂
Sorry  I just don\'t believe you   Same as I don\'t believe a quadruple amputee that claims to be a marathon runner      ¯   ツ   ¯
Trotsky\'s  History of the Russian Revolution   Possibly one of the most inspiring and genuinely insightful books I have ever read  Most importantly it draws out vital lessons about strategy and tactics for a revolutionary socialist party  Hopefully 2017 will allow us to apply some of those lessons left to us by the Bolsheviks on the 100th anniversary of the revolution they won  ★★★★★
Ron Dennis\' standard of beauty  😆
Happy New Year to all Starkid fans  ❤❤❤
This is awesome   I just turned this into a Caddy plugin  but I don\'t have Linux  or a "regular" keyboard  to test it  Somebody want to help me out  😊 https   github com mholt caddy blink  The Caddy integration drops the requirement for a plaintext TCP server and log file  as it is just a websocket endpoint built directly into the web server 
You spelled Heather wrong 😜
I found out this summer while doing some ancestry  I thought it was cool  ❤
This thread is really cool   I never understood the whole collar thing   Like  I figured being collared was just something that some Doms do to their subs  but that it was just a piece of clothing gear   I never realized that there was a huge mental  or almost spiritual  side to it   From some of the comments here  it sounds really wonderful to be collared   I\'m a sub who has yet to meet a Dom   maybe I\'ll get to see first hand what it\'s like some day  😌
That\'s super cool 😎 
Thanks Obama for putting up with these pandering  whining fellow citizens over and over again  Might not happen with trump 😩
  Ushi    I heard Shanaou is here too and I was really looking forward to meet him  but isn’t that a girl  Give me my Ushiwakamaru back  A famous samurai is a girl  isn’t there’s something wrong with this world     Pot calling the kettle black 😑
Inbox me if you want to chat about it some more 😌🍆
Me too  Not getting much better  I just lost my voice 🙊
My friend just said Harambe should have won  I told her she should have pulled a Harambe 😂
Because Islamists in Turkey are against celebrating New Year  because it is a "Christian holiday"  they are against drinking alcohol  because it is "haram"  And they truly believe Jewish conspiracy theories  Government is openly supporting those theories by calling at as "Üst Akıl"  "Higher Mind" in English  They make documentaries where they explain how Jewish people like Darwin      and others created science to defeat Islam etc     Long story short  Islamists in Turkey don\'t care about how those people died  They empathize with the killers and downplay how killing is bad  They see the killers as "angry Muslims" which is what they want  Erdogan says he want a "hateful and religious youth" and they are creating that through education  They don\'t see ISIS as a threat as well  One of the ministers used the term "angry youth" for ISIS as well   They have this meta story about the events since Arab Spring and rise of Islamism in Middle East  they call it as "Diriliş" or "Uyanış"  "Revival" or "Awakening" and they believe this will make Islam the world religion and Turkey will restore Ottoman Empire  Bullshit if you ask me 
Hi  Can you please hatch an egg for me     FC  0490 6760 4632   Pokemon  B2   2 5   Roselia  ♀    Timid   Leaf Guard   31 24 31 30 31 30   Fire  2100    IGN  Pankaj   Time Zone  GMT  5 30   Available  Regularly Checking   TSV   1354  https   www reddit com r SVExchange comments 4s3djb 1354    1966  https   www reddit com r SVExchange comments 4s2rzq 1966    2425  https   www reddit com r SVExchange comments 5jegmk 2425    Thanks in advance   
I\'ll take your advice momma 😄
She is really old and has to wear diapers because she lost control of her bladder😣 Lucy  http   m imgur com s9dLuHa  
Tacobell manager reporting in  me and 2 friends eating whatever we want  making new inventions  and chillin watching Netflix  We cleaned th store already so all we are doing is enjoying the time  😎
Thanks 🙂
Don\'t cry homie  I love you  Everybody here loves you❤
I hope you know you\'re not alone  That\'s all  ❤️
Amazing curves  and it must be cold  😀Thank you for sharing 
   What is your Instagram handle  I\'d love to see more      😊 Absolutely and thank you  We go by LockesLuckyMoonandStars and our Instagram page is at    http   instagram com LockesLuckyMoonandStars  Happy New Year 
Two questions    1  Do you actually use Sentry to play or did you Champ him for the LT because you had covers   2  Do you expect to complete Devil Dinosaur next Anniversary and begin using him    Those are the most obvious dead weight in your roster   Here  https   d3go com forums viewtopic php f 14 t 56249  are the results of a recent forum survey re  ranking the various characters of MPQ  They\'re sorted by both tier rankings and overall average score so you can get an idea of how useful people find them  You\'ll notice that Sentry and Devil Dino are at the bottom of their respective star tiers  though Mr  Fantastic has the dubious honor of being the only 4✩ rated lower than the dino    I\'d sell both  freeing your roster up enough for three total spots    If you only have one slot  recruit Thor  more commonly known as 4Thor   a top 10 4✩  If you have all three  recruit 4Thor  Moon Knight  and Kate Bishop in that order    Between elite tokens and general play more 3✩ will come soon enough and your roster isn\'t strong enough to support 5✩s as anything more than shiny trophies  4Thor  Kate  and MK are all solid or strong 4✩s to build a foundation on when you begin to transition in a little while    Meanwhile  DDino and  unless you like to play him  Sentry are taking up space on your roster better devoted elsewhere  
No picture  😱  I\'m enjoying my night with my knitting  
He\'ll be stripping soon    They all will    Dab hype in the chat bois   ͡° ͜ʖ ͡° 
I don\'t have much in terms of advice but I do want to tell you it gets better  much much better  Hang in there mama ❤
Happy new year beautiful  😘
I did  Best part of the whole night 😐
ID  529  325  242  IGN  Bass  Rank  38  Lead s   6★ Elza 300 ATK  6★ Gilgamesh  also have 6★ Cecil and Refia  Activity  Hourly Daily  School\'s coming up soon    no         Looking for  Help with ELT Dread Frost  I think 600  ATK will be really great   OR Beginners who need help with the lower level frostor  Other  Just bought 20 slots for this  Plz put r FFBE so I know you\'re from here  Btw HAPPY NEW YEAR  
Wow  That was amazing   Her personality is 😙👌🏼
It was a little nippy in there 😉
Happy new year pretty lady  😘
Perfect for my bbc 😍
Dude I just saved and quit my house on TS3 😂
Happy new year hun  😘😘
Ah nice  My main problem is with double vowels  especially when there\'s two in the same word  like in  say  the name Jōtarō  If I don\'t pay attention  I end up saying a single vowel  and if I try too hard  it ends up sounding too long   Also  pronouncing katakana is the bane of my fucking existence  I don\'t think I\'ll ever get used to pronouncing English words in Japanese 
 Xbox  H  Full ARA 51 Set  W  Paypal 💰Offers  Only selling as a whole  👾WE CAN USE Middleman thread👾  ARA 51 Wheels  https   twitter com clearoutmar status 811079611396157440  
Meme magic is real idc what anyone says 👏
no dress rehearsal  you get this one life to waste  love every minute  ❤   I am very drunk  HNY  GWAB   
PK new batch can be had now 😉  Martha\'s hooking me up
😘
I agree 110  I\'ve been loving Action Comics but I\'ve heard some people just aren\'t too crazy about it  People have different tastes and that\'s great 👍
 We have moved over to a new  Q A megathread for 2017 January  https   redd it 5ldtjf   be sure to forward any unanswered questions over  乁  ˙ ω˙乁 
All the way to the Top   What a awesome hire at Prez   Timothy D Sands ‏ VTSandsman  31 Dec 2016      Nontrivial Q  Have  VT Football   VT MBBall    VT WBBall ever been ranked at the same time   not to mention  VT Wrestling    VT MSoccer 
Happy new year darlin  😘😘
DELIVERED   PANG GWENS       DRINKING AND NEW YEARS NON AERIAL FOWL   Seriously  I can\'t handle my booze  I had a kid so I had a whole big fat sober year and any tolerance I once had is GONE  A little champagne and hard cider and an hour later I present my penguin doodle mani  Round two when I\'m sober later  👏👏👏👏👏🐧🐧🐧🐧🐧  http   i imgur com EHc7IBP jpg
Jaw dropping tease  Wishing you a very Happy 2017 🍾🎉
You started with it I\'m going to end with it  😉
Thank you   She is the best boss  😋
Happy new year handsome  I like the quotes you put with your pictures  😘
  For example 轟  consists of three 車  Ignoring the fact that this certainly is not a common Kanji in Japanese  No character has three radicals  Yes 車  cart  is the radical for 轟 as there is no other option  but only one of them is the radical  This is also a specific form of Kanji with the same symbol repeated three times but it\'s not a particularly common form    Anyways  the meaning of 轟かす is more "to roar" or "to reverberate" or just "to make a thunderous sound" which is only really connected to the 車編 by an archaic thousand or so year old association that carts used to make loud noises  And in words like 爆轟 is more connected with the idea of an explosive sound than a cart  Not exactly the best example out there  
Hm  interesting  I\'ve been planning on making a chart of these for a bit now  thanks to the suggestion of another user  and my chart mostly lines up with yours  Here\'s what I have for Lottery Shops so far    Shop 1★ 2★ 3★ 4★ 5★                               Big Dreams Max Elixir Max Elixir Max Revive PP Up PP Max Gold Rush Nugget Big Nugget Big Nugget Big Nugget Big Nugget Treasure Hunt Max Revive Bottle Cap Bottle Cap Bottle Cap Bottle Cap  As you can see  my chart  mostly  lines up with what you have so far  with two exceptions     Gold Rush 1★   Treasure Hunt 1★  Are you absolutely certain on those  or do you perhaps have a way of double checking  I\'m doubtful that the NPC staff affects things or else we\'d probably have more discrepancies  but I can look into it if you\'re certain   As for the part about prizes changing based on time  I\'m rather skeptical on that as well  Each facility that uses "random" results has a 32 bit seed stored to determine what the next result will be  For a new facility  these are set to 0 initially  and then a new value is rolled whenever you obtain that result   I\'ve had a fortune tent with a "luck in lottery" result that I\'ve carried over several days now simply because I haven\'t bothered to save after using it   Luck in lottery gives double rolls  so I\'m considering collecting more lottery shops first  and definitely re rolling for a Gold Bottle Cap on the second roll of my existing lottery    The first roll of my lottery  which should have the result already determined  as per the seed thing mentioned above  is currently a Max Revive  I can\'t remember with absolute certainty if that\'s what it was when I first started this a few days ago  but I\'m pretty sure it is   It\'s worth noting that the facilities I have are ones I\'ve had for a while  though  so they have non zero seeds  I suppose it is  possible  the game might do something special for facilities that are freshly obtained  but this seems rather unlikely  especially if you weren\'t able to replicate those results either 
  DO NOT DELETE ANY COMMENT OR YOU WILL BE BANNED   Hello  u holo01  your comment has been automatically removed  NOT deleted  because you have not set your flair  Visit  this page  http   139 59 195 159   to set your flair   After you have received a confirmation message that your flair has been set  you will have to make a new comment because this comment has been removed  If you have set your flair using the link above then please make sure the  Show my flair on this subreddit   box is checked to enable your flair           ☑ Show my flair on this subreddit  It looks like           0000 0000 0000       If you don\'t know how to find your 3DS Friend Code  please check out  this guide   http   www modojo com features nintendo 3ds friend codes everything you need to know            Comment    Holo Black male  black hair  trilby hat  black leather backpack pastel purple Capri pants Sandygast  female  23 duskball ENG Jolly            I am a bot  and this action was performed automatically  Please  contact the moderators of this subreddit   message compose  to  r BreedingDittos  if you have any questions or concerns  
😂😂😂
Only in America 🇺🇸
🐐
My fiancé and I are relaxing at home with a bottle of wine and some Netflix😉
That made my fuckin night😂
Well it looks great on you  beautiful  😘
It was an accident 😧 I meant to delete a different one  
😱 looks like some really great samples 
The fact that you think that Billy Piper is  3 says a lot about your age 😏😂😏
Hey my family also has sushi every New Years  I hope yours was as good as mine  😊
Thanks  I did a bunch of pull when she came out too    i guess ill just keep trying  ○ 
This post genuinely made me feel better about being home alone recovering from a tonsillectomy 😊  I have a cat on my lap and some strawberry popsicles  what should I watch 
I\'m a couple hours off yet but u shall raise a glass  to you in 6 min  Edit  Shit 7 min late  Hope you weren\'t counting on me 😓
   This post was duplicated from  r The Donald by a bot  Please don\'t downvote    Original thread   r The Donald comments 5lbbdr you understand   posted at 2016 12 31 11 45 35 UTC by soha and was given the flair  SPICY  🔥🔥🔥   At the time of posting  it had 24 comments with a score of 3507     Discussion is encouraged  no views will be suppressed in this subreddit     Please be aware of the rules in the sidebar  Your post will be removed if it breaches the rules in the sidebar              
I know you\'re being silly  but that last shot is especially hot  ☺ congrats on a healthier you  
How you look to Zdzisław Beksiński when he has depression 
Uh I never got a notification either     Anyways thanks so much u JohnAlwin for setting this up  Can you give some more logistical info on how each cycle will work  Like a main match are main matches once a week then death matches etc  Would like to know so I would know when to expect to check the subreddit since I don\'t see to be getting notifications 🤔
It\'s the aeronaut v2 😊
well think about the propinquity of christmas  Kwanzaa  and hanukkah  people say happy holidays around this time because you don\'t know who celebrates what and you don\'t necessarily want to offend anyone  God forbid 🙄   so the "holidays" is more of a december thing  not to mention new year\'s is pretty close at that point too  so to clarify  you\'re right  holidays are not over  but "thee holidays" are over
From one whose hero is the Kremlin  😒😒😒
 Team Fists of Fury        Omi   “Legend tells of a legendary warrior whose kung fu skills were the stuff of legend ”   Kungfu Panda   Signup post  https   www reddit com r whowouldwin comments 5bodsv character scramble season vii scrambleworld sign d9zilds   Omi was orphaned as a child and raised in the XIaolin temple  a mystical home where monks train to become Xiaolin Warriors  A prodigal warrior  he was trained to become the Xiaolin Dragon of Water  and believed himself to be the Chosen One  Eventually he met three other powerful Xiaolin Warriors  each of whom was also a Xiaolin Dragon  The four of them fight evil while collecting magical items known as Shen Gong Wu   While Omi appears to be a diminutive boy  his fighting skills and physical prowess go far beyond his age  having trained at the Xiaolin Temple since he was young  He can move at FTE speeds and punch through stone with his bare hands  In addition to that  he has the incredible powers of water generation and manipulation  able to utilise water attacks of varying size and shape  He possesses several Shen Gong Wu that augment his powers  the Orb of Tornami which generates unlimited water  the Shimo Staff which can change shape into various weapons  and the Kaijin Charm which further boosts his water manipulation powers         Bakugou Katsuki    ”Some days you just can’t get rid of a bomb ”   Batman   Signup post  https   www reddit com r whowouldwin comments 5bodsv character scramble season vii scrambleworld sign d9q0ysz    Bakugou Katsuki hails from a world where nearly everyone has superpowers  or Quirks as they call them  Katsuki’s Quirk allows him to create explosions with his hands  which are actually generated from his sweat which contains nitroglycerin like compounds  He uses them either to create very powerful punches  or unleash them as highly explosive blasts  He also has a special arm bracer that allows him to store his sweat and unleash them at a later time   Due to his powerful Quirk  Katsuki is arrogant often believes himself to be the most powerful person around  He joins a superhero high school with the aim of being the top superhero around  He has a superiority complex and can be utterly ruthless and brutal in battle  He will do what it takes and destroy what needs to be destroyed to get himself to the very top  Despite all this however his goal of becoming a hero is unwavering         Black★Rock Shooter   “Silence is a source of Great Strength ” – Lao Tzu   Signup post  https   www reddit com r whowouldwin comments 5bodsv character scramble season vii scrambleworld sign daf7ip3    Black★Rock Shooter is the Otherworld self of a girl named Mato Kuroi  Unlike her real world counterpart  Black★Rock Shooter is completely silent  nearly emotionless  and a badass fighter  Despite her slender appearance  she is very fast  astonishingly durable  and packs some heavy firepower    Her main weapon is the Rock Cannon  a massive gun that can fire powerful projectiles at up to 20 shots per second  It can also transform into a massive blade that she wields with proficiency  She also possesses a second sword called the Black Blade  As an Otherworld being  Black★Rock Shooter has superhuman speed  strength  and durability  She combines powerful range attacks with her gun and deadly quick attacks with her blade         Nico Robin   “If you don\'t know history  then you don\'t know anything  You are a leaf that doesn\'t know it is part of a tree  ” – Michael Crichton   Signup post  https   www reddit com r whowouldwin comments 5bodsv character scramble season vii scrambleworld sign d9q0b3f   Nico Robin was born on the island of Ohara  an island famous for its library and archaeologists  Unfortunately these people were researching the Void century  a period of time with no recorded history  which was forbidden by the World Government  The entire island was wiped out as a result  leaving just Robin as the sole survivor  For the next 20 years she was on the run from the government  eventually joining the pirate Crocodile  It was then that she met the Straw Hat Pirates  and after Crocodile was defeated she joined them as she had nowhere else to go  From then on she travelled with the Straw Hat Pirates  helping Luffy become the Pirate King  while at the same time learning about the history of the world   Nico Robin’s powers derive from eating the Hana Hana no Mi devil fruit  This allows her to sprout any part of her body from any surface like flowers  She normally sprouts her limbs and uses it to attack and incapacitate her foes  but she has also shown that she can sprout other body parts like eyes and ears  She is also able to use her powers in a variety of ways  allowing her to create structures  grab friends and enemies  bamboozle others and  just about anything imaginable           Dr Elliott Grosvenor   ”In the face of overwhelming odds  I\'m left with only one option  I\'m gonna have to science the shit out of this ” – Mark Watney   Signup post  https   www reddit com r whowouldwin comments 5bodsv character scramble season vii scrambleworld sign d9to5jj    Dr Elliott Grosvenor is the head of the Department of Nexialism aboard the space ship Space Beagle  pioneering member of a new frontier in science  Nexialism is a study of all sciences rather than a specialization  and uses advanced learning techniques to a far broader level of expertise than would be available through the course of normal study  As such  unlike his peers  Dr Grosvenor sees problems  and solutions  from all angles and at all levels    Grosvenor is a tremendous scientist  capable of determining roughly the abilities of aliens previously unknown to man following a single encounter and coming up with an appropriate set of precautions for them  With his suite of Nexialist tools  he\'s also capable of rapidly learning about any prior gaps in his knowledge  letting him bring himself up to an expert level in almost any field  His greatest tool  however  is his manipulation of people   with well chosen words he is often able to defuse a tense situation  or incite exactly the reaction he wants from a person  and he often emerges victorious in a battle of wits  He also has several forms of equipment to bestow upon his team  vibration producing weapons known as Vibrators  Hypnotic gases that leave the enemy susceptible to hypnotic suggestion  equipment that can impart knowledge to his team  and communication devices that allow him to broadcast himself throughout the battlefield      
That awkward moment when you find her hot  but then you realize the baby will look like OP so you say nah    jk😂😂
Who else is at home dying of food poisoning instead of out partying with their friends   😖
We have the  Infant Optics DXR 8  https   www amazon com Infant Optics DXR 8 Monitor Interchangeable dp B00ECHYTBI   It comes with two lenses  has audio  and good display  It often shows images of a child who was just put down doing crazy stuff like waking up and moving wildly  and it often emits what seems to be a crying noise  but other than that  it\'s great  😉
Omg thank you 😍😍😍 it\'s taken me a long time   
Playing destiny crucible    I already finished and submitted​ my time card   I have no gf and it\'s not new years technically for my Asian parents so they\'re dead asleep 
I am fine with the pacing as a person who\'s already somewhat familiar with the game  but as I\'m not familiar with you nor your way of playing games  if I didn\'t know the game at all  I would be very confused  You mostly do things in an ‘I do this’ manner instead of an ‘I do this  because   ’ kind of way  If I were someone looking for a new gamer to subscribe to  I\'m afraid you\'re not what I\'m personally looking for  In my snotty opinion  simple games let you get away with not explaining things as you do them  and so does how far up into a series you are  I wouldn\'t be watching part № 31 if I hadn\'t watched the parts before it   but not explaining new concepts  why did you place ride X there  What drove you to choose building Y over Z  What is the airspeed velocity of an unladen swallow   is    Not good   The video is too short for my taste as well  I pretty much expect 20 ish minutes per video  I like good short videos as much as the next person  but if a video doesn\'t give me enough satisfaction  it\'ll transform me into a bitter old man instead of a child hungry for more   Now  I did watch a couple of your other videos  and it only seems to me you\'re just not really familiar with games like Planet Coaster  I guess you wouldn\'t be asking for feedback otherwise  either ¯   ツ   ¯ From the little I gathered on your style  I think you\'d be more suited to shoot an hour or two of the game and compress it into a shorter video  aforementioned 20 minutes  for example   only including the good parts  The linked video is like it at times  but I feel it\'s mostly just cracking average jokes   Well  then  Your thumbnail  I really don\'t think it suits the video at all  in my drunken eyes it doesn\'t even resemble ‘good’  per se  It\'s    Not about the game  It\'s just a contextual reference people who don\'t watch the video won\'t understand  People often pick videos to watch because their thumbnails look good  A cooking video would generally show something related to cooking  and not an IKEA lamp  An electronics video would generally show something related to electronics  and not a garden   I\'m sorry I can\'t really categorise my feedback in any way  the good  the bad  and the ugly   and I\'m sure most of this comes out negative sounding  Never been good at sorting my thoughts  nor sugarcoating things  Still  I wouldn\'t waste my precious time typing this reply if I didn\'t think it was worth something  I most certainly can\'t claim I\'m better than you in any of the aspects I mentioned   If I were to carefully isolate things I like about the video  they would be  Incidentally  the video quality I\'m perfectly fine with  Back in the days of old  320 x 240 was the best resolution available  I still can\'t see a significant difference between 480 and 720  I also don\'t see the issues you ‘ weren\'t  ready for’ with the difficulty    You can highlight relevant information  Zooming in on tiny text my poor eyes can\'t see on the screen  Good job  mate  Good job    You don\'t scream    Good video editing    Audio solutions  People often neglect background audio when applicable  whereas you replaced the silence with music  I know the game itself has good audio  but since you didn\'t showcase any of it  you made a good choice in playing music instead 
She must have an interesting sex life 🤡
I relate to your story  12 years old when I started  Didn\'t realize the effects porn addiction had on me like ED  depression  anxiety  and irrational behavior until I started researching porn addiction  I\'m at a 4 day streak after already struggling for 6 months and I\'m determined this year I\'ll break the habit  For the betterment of ourselves  mind over body  ✊🏼
Would anyone know if I could find out if a friend of mine is alright   He frequented this club and isn\'t replying to any messages calls   I\'m in Canada    Edit  Just heard from him  he\'s okay 😊
That\'s true  I might think of something interesting tomorrow  Tonight  I\'m ran into the doorframe trying to make it to bed and now I\'m just trying to stay up until midnight and then go to bed  If I think of anything interesting that isn\'t mentioned already   😉
Me  Don\'t worry about that  we\'re into that kind of thing    ͡° ͜ʖ ͡° 
Really cool comments in this thread  With so much talk  particularly about how tough life is getting  that so many people are still going out and hitting some big milestones  I managed to buy my first bit of property with my girlfriend  adopted a second cat and am one paper away from finishing my university studies  Keep working hard everyone 😊
Watched passengers with Gf and family  Got back home and Girlfriend went asleep and now playing World of Warcraft until mid night  First time in years I get a chill night and can just play a game  Cheers everyone and be safe 🍻🖖
Oh I didn\'t link those together in my mind😅
Right on brother ☭
Fair enough  Tito 😂😏
The boo 😂😂
But really dude   what you need is a ski mask and gun so you can rob a bank  and then youll have tons of money  and you can buy tons of dopes  and you won\'t ever have to worry again    I hope it all works out and you can OD like the rest of us on NYE but wake up from the narcan sick af 👍💉💉🔥
just got off of my shift  in California   managers were good to me for once 👌🏻  hang in there 
Exactly this ☺️ and a happy new year 
Search 병원 for a hospital  Sorry I don\'t know any specific ones but it shouldn\'t be expensive even for a tourist  Seoul national university hospital has a foreigners office but that\'s kinda far from you 
Really pretty dress 👍
I had a colonist have a mental snap from cannabalism  Their break was to binge on food  also made from dead colonists    Whatever makes them feel better 🙄
First up was a version of auld Lang\'s ayn and you could tell she was lip syncing  then they started the first song which​ was just the background singing the music and her real high parts but non of the regular parts  she started to get pissed  seemed kinda drunk  Then the next song came on straight from the album   so she half assed the lip syncing then just seemed to say f this  The background dancers kept doing their job and tried to get her into it  she wasnt having that       
Highlight was definitely the snek scandal 🐍
Ha  Can\'t imagine why  😉
Happy New  Year  I meant  of course    May your palates stay cleansed and your glasses be filled in 2017   ✌️
Happy New Year   I have been away from home a lot this week  but I was able to study a bunch of things   I planned to have the first Harry Potter book done by the 31st  but I still have like 80 pages or so   I have about a week and a half off work so I will just finish it this week   I think I will move onto the second book next  but I will decide once I finish     I am done with my N3 review with the exception of one listening test in my 模擬試験 book  derp I can finish it by tomorrow I think    I already did a lot of N2 grammar review with 完全マスター and 日本語の森 on youtube   I really like Takepan Sensei\'s series  I think this is my 5th time watching it    I feel like her example sentences general use the grammar with proper context where some other sites or video series just try to teach the grammar point and don\'t really consider that it\'s generally not used in that circumstance      I have been adding a decent amount of sentences from 完全マスター N2 to ANKI   I have a lot of grammar sentences added already so I am just trying to add interesting sentences that have multiple grammar points or useful words   I actually was really bad at remembering grammar until I started putting sentences in ANKI  
LMAO THUMB IF U LIT RN 😂😂
Oh woah  The birds in the background are Korean Crowtits   In korean  뱁새  Romanian  Baepsae
  DO NOT DELETE ANY COMMENT OR YOU WILL BE BANNED   Hello  u Smitikus  your comment has been automatically removed  NOT deleted  because you have not set your flair  Visit  this page  http   139 59 195 159   to set your flair   After you have received a confirmation message that your flair has been set  you will have to make a new comment because this comment has been removed  If you have set your flair using the link above then please make sure the  Show my flair on this subreddit   box is checked to enable your flair           ☑ Show my flair on this subreddit  It looks like           0000 0000 0000       If you don\'t know how to find your 3DS Friend Code  please check out  this guide   http   www modojo com features nintendo 3ds friend codes everything you need to know            Comment      IGN  Jacob    Trainer Description  No hat  no glasses  in full beige with button up shirt and cargo pants     Sandygast  Female  21  Ball  Poke Ball    GTS Message  I want to fill my Pokedex with other languages     Your Game Langauge  ENG    Nature of Ditto requested  Adamant         I am a bot  and this action was performed automatically  Please  contact the moderators of this subreddit   message compose  to  r BreedingDittos  if you have any questions or concerns  
Happy new year\'s to all ents  And to all ents a dank night 😁
It\'s our time get your shit together Greeks we used to be great when we stuck together I will play my part by red pilling my family members everyday until they do not want vote for the CUCKLORD Mr Alexis Tsipras Make Ελλάδα Great Again
I don\'t think it\'s new year yet in Oregon but happy new 🙂🙂🙂
Nah i can see it looking ugly with only 2 pieces  I still can never wear that PS Exclusive Iron Banner set since it only had the Helmet and arms 😔 just because the fact it\'s incomplete bothers me 
You are right This guys born in hong kong so most likely not spy himself  hes just in this business to make a buck   his partner 李波 and wife came to hong kong in the 80s  all ccp cadets  both worked for ccp mouth piece takungpao  funny they are suddenly defenders of free speech now   
I\'ve definitely made awesome vegan donuts dripped in chocolate   Vegan donuts sacrifice NO flavor  Mmmm 😍😍
Awesome  Thanks for all the great info  I\'m gonna try them all 😀
Me too    husband went to a party 😞
😂
What are you thinking of buddy  Not something silly ❤️
➤➤Floor 60 Paper Floor  Really Sorry For the Brightness  ➤ https   youtu be WC4iO4Nk6g4 ➤➤➤➤
Feels good to be a fan of the greatest franchise in football 😜
Nexus 5  stock Android  Super smooth and clean 😭 god I miss it  But I have the OnePlus 3 which even better I have no problems what so ever  
Happy New Year SD    I will NOT be drinking with you all today    Bring on Clean 17   😉🎉👍
What a magnificent view  🔥🔥🔥
They just don\'t make the chest pads like they used too  The newest Carbon Fiber Weave Super Light Weight PRO STOCK ™️ pads just can\'t protect against slashes anymore 
It looks so full but actually you could stack some of them  will neater：）
Be open minded  Don\'t let your mind fall out   SP and or KP were involved  They have left to recover from trauma   no one has seen them in weeks  This is time for bruises that happened during the abduction  not before  to heal  if there were bruises    What crime have they committed  They played the go fund me folks for 50k  LE has wasted time   they will probably just cut there losses  Which means GFM folks have know recourse  These are good people doing what\'s right  sometimes you get cheated and move on   What I hate selfishly is this is an intriguing story with a weak ending  can\'t recommend this story😡
Ok  lol I get the two confused HBO and HULU  I think hulus becoming available in Australia anyway  so I guess I can watch it  yay  But that\'s another subscription    😕
  Isaiah Humphries       Safety  Class of 2018       5 11  185 lbs  — From Sachse  TX  Sachse           Rankings      SERVICE   RATING   POSITION   STATE   OVERALL                           247  http   247sports com Player Isaiah Humphries 85436         ★★★★☆      13 S        24 in TX        202 overall  Rivals  https   n rivals com content prospects maple 183567    ★★★☆☆    29 S          Scout  http   www scout com player 204830 isaiah humphries      ★★★★☆     11 S      2 S in TX      161 overall  ESPN  http   www espn com college sports football recruiting player   id 218565 isaiah humphries        ★★★★☆      13 S        29 in TX        190 overall   Composite     ★★★★☆      19 S        30 in TX        226 overall        Recruiting        Currently   uncommited     Offers            f california  California          f colorado  Colorado          f duke  Duke          f houston  Houston          f illinois  Illinois          f indiana  Indiana          f iowastate  Iowa State          f mississippistate  Mississippi State          f northwestern  Northwestern          f oklahoma  Oklahoma          f pennstate  Penn State          f smu  SMU          f utsa  UTSA          f utah  Utah          f vanderbilt  Vanderbilt       I am a bot   bleep  bloop    Call me by posting a comment like this   CrootBot  Shaun Wade  2017 DB    Or  report a bug  https   www reddit com message compose  to CrootBot subject Bug Report Re  t3 5lduwp        
got one of those for ubuntu MATE  😅
Most Visually Stunning \'Shop  Show a literal translation of a song lyric   poetic line   ♫Mary\'s dress sways Like a vision she dances across the porch♫  http   i imgur com hrKooW0 gifv    2Thebreezes   r photoshopbattles comments 4grtxu operation literally poetry d2r85nl 
Typical night with a nagging wife  Not bad for a fresh new year  😒
Yes lush  2017 the year of the lush😵 
The second half of 2016 was chaotic and distracting   There\'s no time to worry about what I can\'t change  We just have to focus on work and hope for the best  💪🏻   HappyNewYear    Bill C  👋🏻
 Mirror of Fantasy Premier League Show  Zlatan Ibrahimović on fire  debating Sergio Aguero vs  Diego Costa   https   streamable com dl4uu         I\'m a bot  Leave me some feedback if possible    
Rust\'s New Years Resolutions   ✓ Cyberbully Unity employees until they work nonstop with Helk to create animal AI that will outflank and outsmart you faster than a team of 15 Koreans on Dallas 1 Official   ✓ Permanently VAC ban anyone who mentions the phrase "welcome to Rust" or "I have more hours than you" in game chat   ✓ Revert viewmodels because Gooseman invented counterstrike and knew what he was doing the first time   ✓ Continue adding  14 facemask skins per week       
and yes that was an accidental ult usage lol 😂 
Mmmmm this is like dirty talk to me 👌🏻👌🏻👌🏻
I feel like the only one who doesn\'t mind them together   😬
😘
 Original post  https   www reddit com r Sneakers comments 5ldv64 japan in philly 3ストライプ   by  u Asianizer in  r Sneakers   nbsp          This crosspost was performed automatically as a part of the ImagesOfNetwork      Learn more about the ImagesOfNetwork  how you can help  and other Frequently Asked Questions   https   www reddit com r imagesofnetwork wiki faqandinstructions wiki what is images of 3F     or    visit us on Discord    https   discordapp com invite 0tZsejLgM2vzaExR          "Remove my post "   https   www reddit com r imagesofnetwork wiki faqandinstructions wiki remove my post        "The bot got this one wrong "   https   www reddit com r imagesofnetwork wiki faqandinstructions wiki the bot got this one wrong        "Stop Crossposting My Stuff "   https   www reddit com r imagesofnetwork wiki faqandinstructions wiki no really  don 27t ever crosspost me or my subreddit              match "Japan"  
I guess we blow  Because ohio state is fucking trash  You guys are embarrassing as fuck   Also  nice two penalties against us  That\'s completely legit  you guys were just soooooo disciplined   But for real  Wilton speight gave you guys the win  21 point swing by him  No excuse for us  obviously our QB has to perform for us to win   But you won exclusively because of​ of that  and you got embarrassed because you aren\'t actually good 
Nothing  You can have it for free  Currently have 3 volcanion   1 another from the delivery person  I already have all the 20th anniversary mythicals  （ ´∇｀ ）   My timezone is GMT 8   I\'ll be available pretty much all day today  Let me know when you wanted to trade 
Yo hit me up if you wanna hang around 👍
Wait   is your pic on OP\'s link  and you\'re butthurt  😂
😅
I\'m in England so I wouldn\'t know 😉
Aw yiss thank you so much  I finally got a gen 7 breeding ditto for my very own ᕕ  ᐛ  ᕗ
  Love Live  School idol project 2nd Season       MAL  http   myanimelist net anime 19111    A P  http   www anime planet com anime love live school idol project 2    AL  http   anilist co anime 19111      TV   Status  Finished Airing   Episodes  13   Genres  Music  Slice of Life           anime      LN        FAQ  http   www reddit com r Roboragi wiki index        r   http   www reddit com r Roboragi        Edit  https   www reddit com r Roboragi comments 3i82q0 by mentioning his username roboragi can now       Mistake   http   www reddit com r Roboragi submit selftext true title  ISSUE  text https   www reddit com r anime irl comments 5ldvak anime irl dbuyimq       Source  https   github com Nihilate Roboragi       Synonyms  https   www reddit com r Roboragi wiki synonyms       Mitcher   All       ♥  https   www reddit com r Roboragi wiki thanks 
I do not have Facebook Twitter or any other social accounts  Just wanted to spread some NYE joy  Never meant for it to become a thread with such a heated debate  Many good pointers about sous vide in between the negative stuff 😀 The steaks turned out great  
  	🎩   	 😂    ✋👕👌     👖    👞👞   it fnaf fan     copy paste this boi so he can take over  r UndertaleCringe    so he can stop the h8rs of fnuf and end undertell
PM me  Maybe we could play tomorrow 👌
Love the stockings  ❤
I told you guys  Jokić averaging 18 4 11 1 5 4 per36 with a TS  of 64 1  is not an outlier  It\'s who he is
Trav or Abel better come through since Ye gave us 💩
Gah  I was looking for this  Thank you 🙋
I think I\'m off to a good start  Thank you  😊
Aww  I love fighter jerk kitties   They still have their own sweetness 😽
She\'s very young  She\'ll be a year old in a few days  She had learned a lot in this first year but still had ways to go  Such a smart bird  😊 If only some people were clever like her 
  	🎩   	 😂    ✋👕👌     👖    👞👞   it fnaf fan     copy paste this boi so he can take over  r UndertaleCringe    so he can stop the h8rs of fnuf and end undertell
Hahaha  Kainis to 😘
➤➤Floor 65 Kai Ice Floor  Really Sorry For the Brightness  ➤ https   youtu be Br0TSXJqKAs ➤➤➤➤
コピーさせていただきまんこ       I\'ll take THINGS THAT DIDNT HAPPEN for 500  Arekusu   https   www reddit com r AskReddit comments 5l9gwy what was the most racist encounter in a country dbu2uuf      u copy kun     Please remember to 上vote  Alligator dezaimas              What was the most racist encounter in a country you visited as a tourist       https   www reddit com r AskReddit comments 5l9gwy what was the most racist encounter in a country         u antsam9         We got spat on and refused service by a sushi chef in Japan                    Check out copy kun on    github  https   github com JaredHays copy kun          u antsam9      We were at the Tsukiji fish market  I think  It was a while ago and I\'m just a casual touist  there\'s 2 major rushes in a typical weekday at the Tsukiji fish market  Like there\'s a major rush at opening then it dies down a bit while the next batch is hauled in and put out on display then another major rush begins  After the second rush we wandered around the area and found a row of restaurants  we were in the mood for some fresh fish and found a hole in a wall looking place  My friends and I asked the chef cook  older looking gruf guy with an apron  at the front if they were serving right now and he was like  NO  NO  and then pointed down the street and spat in our direction as we were walking alway           Check out copy kun on    github  https   github com JaredHays copy kun  
Poor Bernie Sanders  http   next ft com content 8a176bc0­fda2­11e5­a31a­7930bacb3f5f   How can you expect to become US president if you are not familiar with the relative spheres of competence of the Federal Reserve and Treasury department in the supervision of the nation’s banks  If you are not au fait with the different roles of the Securities and Exchange Commission  the Federal Deposit Insurance Corporation and the Office of the Comptroller of the Currency  The senator from Vermont was part of the Congress that passed the Dodd­Frank Act  http   nex t ft com content 5fa3b3f0­2ca9­11e5­8613­e7aedbb7bdb7  extending financial regulation  Yet he has not even mastered the thousand pages or so of the act  far less the regulations and explanatory documents that have been published since  1 1 2017 Complexity  not size  is the real danger in banking https   www ft com content 5c2a416e­000f­11e6­99cb­83242733f755 2 5 Mr Sanders’ recent stumbles illustrate a misdirection in his attack on the banking establishment  The central problem is not so much “too big to fail” but “too complex to fail”  Lehman was a systemically important financial institution but not an important financial institution  Nor was it a big one; it had fewer employees than Citigroup today has compliance staff  Lehman’s collapse created major problems for the global financial system because of the extent of its interactions  with more than 1m outstanding contracts at the time of its bankruptcy  Similarly  Long Term Capital Management  http   www ft com topics organisations Long term Capital Manageme nt LP  was insignificant in size when it failed but capable of massive impact by virtue of the exposure of other institutions to its activities  There is some force in the claim that size in banking has actually been conducive to stability  Britain had no banking crisis in the Great Depression because the sector was highly concentrated  The US had many failures because the fragmentation imposed by restrictions on interstate banking meant that many banks lacked sufficient geographical or sectoral diversification to weather losses  Ahead of the global financial crisis  it was argued that the growth of securitisation and other complex instruments similarly contributed to financial resilience  The reverse proved to be the case; trade between institutions represented concentration and multiplication of risks rather than diversification  Complexity is the enemy of stability  Financial conglomerates have become too diverse and sprawling for their chief executives or boards to understand what they do  The same complexity creates endemic conflicts of interest and is associated with cross subsidy between activities  There are fundamental differences in the cultures required to trade derivatives  to give private financial advice to big corporations  to manage assets on behalf of savers and to provide an efficient retail banking service  And these conflicts and interdependencies undermine resilience  Vertical chains of intermediation  which channel funds directly from savers to the uses of capital  can break without inflicting much collateral damage  When intermediation is predominantly horizontal  with intermediaries mostly trading with each other  any failure cascades through the system  as happened with Lehman  Today the assets of major financial institutions are predominantly the liabilities of other financial institutions; and vice versa  These issues are compounded by the regulatory complexity that follows from attempts to monitor behaviour in impossible detail  As the size of the Dodd­Frank legislation shows  we have locked 1 1 2017 Complexity  not size  is the real danger in banking https   www ft com content 5c2a416e­000f­11e6­99cb­83242733f755 3 5 ourselves into a spiral in which regulatory complexity gives rise to further organisational complexity and the construction of yet more esoteric instruments  Even if legislators had better motives than the present corrupting structure that US campaign finance seems to allow  they cannot hope to have more than a basic knowledge of the rules they promulgate or the workings of the regulatory institutions they have created  So should we break up banks  Bring it on  Bernie   Sorry mods if this is unallowed 
It\'s shaped that way because it looks like a well shaped woman\'s butt  I do not have source material  Some of you will think this is a joke  It is not  Don\'t believe me  Have a woman friend   not a girl  a shapely woman  and have her sit on a dusty bench  Look at the shape left in the dust  ♡ booyah booty
I\'m sick sitting on my couch watching western movies with my boyfriend while my dog is hanging out in the bathroom because fireworks   ¯   ツ   ¯
Happy New Year      😘
You see the militarts aren\'t used to hunting down that type of bitterness  you see they are more at home in the محمصة خبز كهربائية of the middle east than deep in the mexican la tostadora hunting El Strudo and the pillsbury dough chicos    PS  I used google translate for this joke the translations may be terrible  
I\'ve suffered depression since I was about 8  I\'ve often had suicidal thoughts  Even though I\'m about 99 ℅sure I wouldn\'t do it  barring terminal illness  I still think of it  It\'ll pop into my head when I\'m completely happy  It\'s weird  I just dismiss it  Kind of along the lines of  "just because you think it doesn\'t mean it\'s true" 
 Mirror of Fantasy Premier League Show  Zlatan Ibrahimović on fire  debating Sergio Aguero vs  Diego Costa   https   streamable com ynqvr         I\'m a bot  Leave me some feedback if possible    
Again you\'re not replying    Time for a reminder of Prophet\'s words from May 9  2009       Prophet\'s role in Armageddon and systemic collapse  There were only two basic ages in the economic History of Mankind  The line separating both ages was correctly specified first by End Times Prophet   The same Prophet who explained first that cyclical theory was the core lie used to cover up the fundamental Law governing the second age  mathematically maximally reduced returns an exponential curve   1   The same Prophet who predicted and explained that imminent end of age was the reason to launch military Armageddon  with the ultimatum to Serbia  the 13 October 1998 deadline   The same Prophet who predicted and explained the begin of military Armageddon  13 October 1998   24 March 1999   The same Prophet who explained in 1999 that Illuminati selling oil below production costs was one of main reasons why the populace could be mislead to not believe their own eyes  i e  oil platforms drilling at rapidly increasing depths in the ocean    2   The same Prophet who predicted and explained in  August 1999   1 January 2000  that Vladimir Putin was sent to lead God\'s Angelic Warriors in the battle of Armageddon   The same Prophet who explained the begin of illuminati overtime  1 January 2000   The same Prophet who explained shortly before 9 11 2001 why in the nineties Japan was the first area of Illuminatziland to witness the begin of the end of age   The same Prophet who explained the begin of end of age in late 2003 in the US   3   The same Prophet who explained how genocide of "unproductive" and reduction of the populace in Illuminatizland to "human cattle" were the main reasons why the illuminati were able to extend illuminati overtime after September 2005   4   The same Prophet who predicted and explained how the illuminati planned a controlled collapse of major banks  using the "swiss" UBS symbology to launch it  as another trick to extend illuminati overtime but above all as another sign of the last months before systemic collapse   5   The same Prophet who explained that  shortly after oil prices peaked at  150 a barrel and one U S  dollar to 23 rubles  systemic collapse began  with oil demand again below oil offer  what made it possible again for the illuminati to sell oil below production costs   The same Prophet who explained that Financial Armageddon  the last possible economic tactic weapon before nuclear Armageddon  was launched  with oil being offered by the illuminati almost for free  going as far as  33 a barrel and 37 robles for one U S  dollar   The same Prophet who explained the begin of the retreat of the attackers  as they begun running out of ammo   6     Financial Armageddon  attackers retreat shortly before ✲✲ TOTAL DISARRAY ✲✲     Now the same Prophet explains that the retreat enters the last stage  as the illuminati abandon the  50 oil price trench that they were defending for weeks    A few weeks  in the illuminati end times scale  after systemic collapse  is more than millions of years in the illuminati geologic time scale  Another scale that was maximally reduced by Prophet to only TWO basic ages   7      Notes            All in  Blog    http   end times prophet blogspot com 2009 05 prophets role in armageddon and html
I was looking for a way to not be rude and just block posts from him but 😂😂😂
Upvoted your nomination  😊  Please clink the link below to see the nomination and upvote it  Winning this category would be a great way for us to get new members  More members means easier to find COOL lobbies  Thanks   http   www reddit com r gtaonline comments 5l1nvy rgtaonline best of 2016 nominations dbuj0pt
😂
Why are you so overpriced on your FG lights 🤔 I see them go for 31 33 all day 
😂😂😂😂 You caught me
Google melee library then look up marth My dude 🔥🔥🔥
Thanks for the background  May they live up to their names  😸
😂😂😂😂
 剪定事象 or "Trimming Phenomenon" seems to be a new Nasu word and the meaning is still very vague so I\'m not sure if this is a good translation but we probably will learn more about it in the coming story   Probably means Pruned Worldline  From Extella there are a lot of worldlines where certains events or endings become inevitable and so the universe stop providing its more energy  since it becomes too predictable  and allocate energy toward worldline where there are chances unexpected things might happen
Thanks a lot dude  I read this while she was going off and I busted out laughing  She just entered 7th level of hell rage after that  😂
"pretty potato"  😂😂😂 Anyone else piss their pants  
I know  In hindsight  I could have done better  I could have tattled  Hahaha😂 but  it\'s fine  I\'m a little better about confrontation now  Gonna say though  talking with you strangers had already gotten me moving  I don\'t know why  but I don\'t want to let you guys down  Thanks strange friend  😉
😭😭😭  He basically violated him on national tv 
Hahaha it\'s funny because it sucked 😂
It\'s also a pun  since "yoi" is a conjugation of「酔う」  to get drunk  Which is very appropriate for a majority of the unit\'s members 
You know what to do  😂 Stalk them for a bit see what they are up to how their life turned out   😂  I know I\'d do that if I were in the same situation 
  DO NOT DELETE ANY COMMENT OR YOU WILL BE BANNED   Hello  u VCKampkossa  your comment has been automatically removed  NOT deleted  because you have not set your flair  Visit  this page  http   139 59 195 159   to set your flair   After you have received a confirmation message that your flair has been set  you will have to make a new comment because this comment has been removed  If you have set your flair using the link above then please make sure the  Show my flair on this subreddit   box is checked to enable your flair           ☑ Show my flair on this subreddit  It looks like           0000 0000 0000       If you don\'t know how to find your 3DS Friend Code  please check out  this guide   http   www modojo com features nintendo 3ds friend codes everything you need to know            Comment      IGN  Mr 420    Trainer Description  male  yellow hair  hat    Sandygast  Gender  Level  Ball  Sandygast  M  1  Luxury ball    GTS Message  I want to fill my Pokedex with other languages     Your Game Langauge  ENG    Nature of Ditto requested  Jolly         I am a bot  and this action was performed automatically  Please  contact the moderators of this subreddit   message compose  to  r BreedingDittos  if you have any questions or concerns  
I\'ve ran Civ VI for 36 hours on my Mac Book according to Steam  So I\'m going to go with yes  ☺
Also from Indiana   had the same thought  😂
😂😂 Damn well worth it Happy New Year 🎉
➤➤Floor 70 Frankenstein Method  Sorry For the Brightness  ➤ https   youtu be 20Mc6QnjoK4 ➤➤➤➤
DEAD 😂
Nice 😝😝
You guys are the best 💙💙💙
For every thing you listed  if the girl I like asks me to do  then I will go all of them for her   Except I don\'t have a truck   I don\'t mind being used as long as she needs it and it won\'t physically damage me  The problem though  is nobody even want to use me  😂
I\'m gonna second your theory  Elena loves that Damon worships her  He is her lapdog to boss around  That\'s about all she\'d do with him  I started off on Team  Stelena but only because I ♡ Stefan so much  of course I wanted him to "win"  Her choice of Damon after the sireing storyline allowed me to admit that I really do not like Elena  I like Damon a lot  she doesn\'t deserve his love and loyalty  and Stefan has always been WAY out of her league  I want the \'major death\' to be Elena  let her sacrifice her own life so the brothers can live  that\'s who belongs together  
Backround describes it all "Have a 👍 2017"
  Moderator of  r sexwithfoxes   ಠ ಠ  http   i imgur com QQNtOXp png       Source      r sexwithfoxes
  DO NOT DELETE ANY COMMENT OR YOU WILL BE BANNED   Hello  u kenttt  your comment has been automatically removed  NOT deleted  because you have not set your flair  Visit  this page  http   139 59 195 159   to set your flair   After you have received a confirmation message that your flair has been set  you will have to make a new comment because this comment has been removed  If you have set your flair using the link above then please make sure the  Show my flair on this subreddit   box is checked to enable your flair           ☑ Show my flair on this subreddit  It looks like           0000 0000 0000       If you don\'t know how to find your 3DS Friend Code  please check out  this guide   http   www modojo com features nintendo 3ds friend codes everything you need to know            Comment      IGN  kent    Trainer Description  Wearing a white cap  black eyes without glasses  blue shirt with a black backpack    Sandygast  Gender  Level  Ball  Sandygast  Female  Lvl 22  Nest Ball    GTS Message  I want to fill my Pokedex with other languages     Your Game Langauge  ENG  Thank you  Happy new years   D         I am a bot  and this action was performed automatically  Please  contact the moderators of this subreddit   message compose  to  r BreedingDittos  if you have any questions or concerns  
I\'m so sorry 😞  She\'s a sweetheart 
Yup  I even have a version with magnification for when I\'m doing v fine crossstitch 👀
Your nipples need to either be sucked or covered in cum   or both   can\'t decide yet 😜
y\'all have some nonstandard funky looking emoji 😅
Worked tonight now just hanging with myself  Gotta work again at 10 😉
To you as well 🎊🍷
“Why do people say "grow some balls"  Balls are weak and sensitive  If you wanna be tough  grow a vagina  Those things can take a pounding ”  ― Sheng Wang   https   www youtube com watch v U8QKGwb3c5I feature player embedded  Here\'s Betty White giving an interview where she adamantly denies ever saying the quote    https   www theguardian com tv and radio 2012 nov 10 betty white golden girl
It\'s still kind of similar in Chinese   "The  small  grass is resting  please don\'t disturb"  Edit  Although yeah  the Chinese is still wrong  I\'m just trying to find what they may have meant  小草休息（修护？） 请勿打扰
  Yosuga no Sora       A P  http   www anime planet com anime yosuga no sora    AL  http   anilist co anime 8861      TV   Status  Finished Airing   Episodes  12   Genres  Drama  Ecchi  Romance           anime      LN        FAQ  http   www reddit com r Roboragi wiki index        r   http   www reddit com r Roboragi        Edit  https   www reddit com r Roboragi comments 3i82q0 by mentioning his username roboragi can now       Mistake   http   www reddit com r Roboragi submit selftext true title  ISSUE  text https   www reddit com r Animesuggest comments 5l8hzf very weird request but what is the anime closest dbuyo9c       Source  https   github com Nihilate Roboragi       Synonyms  https   www reddit com r Roboragi wiki synonyms       Satsuki   Ryuuko       ♥  https   www reddit com r Roboragi wiki thanks 
Kids are asleep  husbands asleep  took a nice bath  read a few chapters of a book  cleaned the kitchen  and set the coffee up for tomorrow  Boring is everything to me at this stage in life  🙌🏻
This is exactly what Hello games did with no man\'s sky  Only that their excuse was that they were keeping it spoiler free ﻿ 
  Oh  Super Milk Chan       MAL  http   myanimelist net anime 1769    A P  http   www anime planet com anime oh super milk chan    AL  http   anilist co anime 1769    ADB  http   anidb net a544      TV   Status  Finished Airing   Episodes  12   Genres  Action  Comedy  Sci Fi           anime      LN        FAQ  http   www reddit com r Roboragi wiki index        r   http   www reddit com r Roboragi        Edit  https   www reddit com r Roboragi comments 3i82q0 by mentioning his username roboragi can now       Mistake   http   www reddit com r Roboragi submit selftext true title  ISSUE  text https   www reddit com r anime irl comments 5ldv9j anime irl dbuyom6       Source  https   github com Nihilate Roboragi       Synonyms  https   www reddit com r Roboragi wiki synonyms       Mitcher   All       ♥  https   www reddit com r Roboragi wiki thanks 
Give it a few drinks  you won\'t be able to say no    ͡° ͜ʖ ͡°  
Hope everything works out in the end  whichever way you want it to go👍  Feeling a bit miffed  myself  Feel like I can relate somewhat    Happy New Year  btw😊 It\'s 10 past here  
😐
Thanks  I needed that  🤢
6  1  I think  Hey ladies  still here and still pregnant  and happily the holidays were mostly distracting in good ways  I started feeling that "ooh yes  the shitty 1st trimester" stuff right as we got home from our holidays  and at least now I have a couple more days to chill on the couch before getting back to work   I had another blood draw yesterday and my HCG was at 26 936 which looks pretty darn high for 6 weeks so I\'m hoping that\'s just a very good thing  I\'m anxious to get our first ultrasound  as 6 weeks was right around the time our first baby died  though we didn\'t know it till almost 3 weeks later  But due to the holidays it\'ll probably be another week and a half till I can get that done  alas   It\'s weird  after even just the 1 missed miscarriage and 1 chemical pregnancy  I feel like I take for granted that babies die and pregnancies are lost rather than that pregnancies conclude successfully and babies live  y\'know  I know that for so many people it goes totally the other way around  but as much as I desperately want this one to stick  part of me is just sure that there\'s no way that can happen   Boy I hope this one works  b c I just get more neurotic every time we go through this  😣 For now we\'re just waiting and hoping  and staying in on NYE b c I feel too exhausted and nauseous to go to the party we were invited to  ah well  I have a husband who\'s doing all the cooking and the dishes and making me tea and being quite wonderful  so appreciating that seems like a pretty decent way to ring in 2017   Sending hugs and best wishes to everyone here for the new year  ❤️
I totally understand where you\'re coming from too  but the sad truth is that we can\'t change it  We\'re both unhappy here  But I\'m drunk  so happy new years  😘
I never got the luxury of owning a Kirby  but I\'ve seen some crazy stories about them  I want to hear more about them and what crazy weird things they\'ve done 😅
  Oh  Super Milk Chan       MAL  http   myanimelist net anime 1769    A P  http   www anime planet com anime oh super milk chan    AL  http   anilist co anime 1769    ADB  http   anidb net a544      TV   Status  Finished Airing   Episodes  12   Genres  Action  Comedy  Sci Fi           anime      LN        FAQ  http   www reddit com r Roboragi wiki index        r   http   www reddit com r Roboragi        Edit  https   www reddit com r Roboragi comments 3i82q0 by mentioning his username roboragi can now       Mistake   http   www reddit com r Roboragi submit selftext true title  ISSUE  text https   www reddit com r anime irl comments 5ldmu0 anime irl dbuyp8v       Source  https   github com Nihilate Roboragi       Synonyms  https   www reddit com r Roboragi wiki synonyms       Haruhi     Yuki  http   i imgur com DylVFmO png       ♥  https   www reddit com r Roboragi wiki thanks 
They way the camera pans up expecting it to fly up high in the air but then tracks back 👌🏼
If the are I haven\'t got the text about it  😊
➤➤Floor 75 Persona Swap  Sorry For the Brightness  ➤ https   youtu be Yt s7vl6vtk ➤➤➤➤
    theawesomelasso    https   twitter com theawesomelasso       2016 09 24 19 34 UTC  https   twitter com theawesomelasso status 779765899725201408     Saturday morning tunes  Sir Nebula by Tauk ♫ http   spoti fi 2d0ny89         This  message  was  created  by  a  bot     Contact  creator   http   np reddit com message compose  to jasie3k amp subject TweetsInCommentsBot    Source  code   https   github com janpetryk reddit bot  
Unrelated but in the highlight video posted  the announcer said "close out 2017" 😂👌🏿
  DO NOT DELETE ANY COMMENT OR YOU WILL BE BANNED   Hello  u Domemonster  your comment has been automatically removed  NOT deleted  because you have not set your flair  Visit  this page  http   139 59 195 159   to set your flair   After you have received a confirmation message that your flair has been set  you will have to make a new comment because this comment has been removed  If you have set your flair using the link above then please make sure the  Show my flair on this subreddit   box is checked to enable your flair           ☑ Show my flair on this subreddit  It looks like           0000 0000 0000       If you don\'t know how to find your 3DS Friend Code  please check out  this guide   http   www modojo com features nintendo 3ds friend codes everything you need to know            Comment    IGN  Baerwulf    Trainer Description  Male  black hat  no glasses  white and blue tank  blue pants  black and blue backpack  blue shoes    Sandygast  Female  21  Ultra Ball    GTS Message  I want to fill my Pokedex with other languages     Your Game Langauge  ENG    Nature of Ditto requested  Timid         I am a bot  and this action was performed automatically  Please  contact the moderators of this subreddit   message compose  to  r BreedingDittos  if you have any questions or concerns  
🎶That means you do care 🎶
They continue with their duet  the clubgoers din quieting down to a dull murmur  and all anyone could hear or think about was the pair with the mics in the middle of the club  How carefree they seemed  letting themselves go to the melody   Some of the crowd was curious  who was this guy who somehow got past any restriction in front of him  and how did he end up here singing a duet with their DJ  much less how he convinced her to do it with him  He was an enigma  and there was only one person in the whole room who had the answer  And she was right beside him  holding a mic matching his    ♪ You drove me  nearly drove me  out of my head    While you never shed a tear    Remember  I remember  all that you said     You told me love was too plebeian    Told me you were through with me and    Now you say you love me    Well  just to prove that you do    Come on and cry  cry  cry me a river    Cry me a river    I cried  I cried  I cried a river over you ♫ 
The Pirates of Dark Water 😢
Baby Got Back and since Romani isn\'t here anymore 😢😢 She\'s going to be needing some loving 😚😚😚
damn i kinda want to gp it but i don\'t want to delay my current haul any further 😭😭😭
I know people are probably spamming you with helpful messages and they may all seem to Blend together but I just can\'t help but try to help too since this was exactly my problem last New Years  Some times a year just deals you a shitty hand and you get screwed  But everything  all the problems you face today could be solved by this time next year  So much can happen before the next year begins  Tomorrow is a new day and who knows what it may bring❤️
  DO NOT DELETE ANY COMMENT OR YOU WILL BE BANNED   Hello  u Pillow Starcraft  your comment has been automatically removed  NOT deleted  because you have not set your flair  Visit  this page  http   139 59 195 159   to set your flair   After you have received a confirmation message that your flair has been set  you will have to make a new comment because this comment has been removed  If you have set your flair using the link above then please make sure the  Show my flair on this subreddit   box is checked to enable your flair           ☑ Show my flair on this subreddit  It looks like           0000 0000 0000       If you don\'t know how to find your 3DS Friend Code  please check out  this guide   http   www modojo com features nintendo 3ds friend codes everything you need to know            Comment      IGN  Devin     Trainer Description  Blue shirt  Dark short hair  black glasses    Sandygast  Male  level 1  Great Ball     GTS Message  I want to fill my Pokedex with other languages     Your Game Langauge  ENG    Nature of Ditto requested  Jolly         I am a bot  and this action was performed automatically  Please  contact the moderators of this subreddit   message compose  to  r BreedingDittos  if you have any questions or concerns  
Fights around the holidays  gotta love um  At least you get an opportunity to actually have a "fight "  Mine would just walk away 😕
Just use this 😡😤
Nice    Happy New Year    Nice to see family unity  💕
Oooh I love me some chinchi\'s    they are softer than a cloud ♡
That blue hair is AMAZING on you    Also  you\'re gorgeous 😍😍
Flying right here beside you man  🤘
Wow  Just wow  This was so hot  Thank you  You\'re such a good girl  😉
Thank you for that tribute  Just what I needed to start the new year  😉
    Prunus Girl       MAL  http   myanimelist net manga 14115    A P  http   www anime planet com manga prunus girl    AL  http   anilist co manga 44115    MU  http   www mangaupdates com series html id 41616      Manga   Status  Finished Publishing   Volumes  6   Chapters  43   Genres  Comedy  Romance           anime      LN        FAQ  http   www reddit com r Roboragi wiki index        r   http   www reddit com r Roboragi        Edit  https   www reddit com r Roboragi comments 3i82q0 by mentioning his username roboragi can now       Mistake   http   www reddit com r Roboragi submit selftext true title  ISSUE  text https   www reddit com r anime irl comments 5ldwj7 anime irl dbuyrev       Source  https   github com Nihilate Roboragi       Synonyms  https   www reddit com r Roboragi wiki synonyms       Pouty   Smug       ♥  https   www reddit com r Roboragi wiki thanks 
We had Philbin for more than a year 😅   😐😕
They look amazing on you 😍
“It is not the critic who counts  not the man who points out how the strong man stumbles  or where the doer of deeds could have done them better  The credit belongs to the man who is actually in the arena  whose face is marred by dust and sweat and blood  who strives valiantly  who errs  who comes short again and again  because there is no effort without error and shortcoming  but who does actually strive to do the deeds  who knows great enthusiasms  the great devotions  who spends himself in a worthy cause  who at the best knows in the end the triumph of high achievement  and who at the worst  if he fails  at least fails while daring greatly  so that his place shall never be with those cold and timid souls who neither know victory nor defeat ”  ― Theodore Roosevelt
I\'m so sorry for your loss  Please consider checking out this website  channelingerik com it\'s about a guy who committed suicide and the journey his very skeptical  atheist  mother took after his death  It is simply amazing ❤
Got Kizaru followed by a normal single Akainu ¯     ツ    ¯
I\'m a straight girl 😂 He\'s the smooth one  
Good luck to us both  I am confident that we are capable of reaching the skill level we want ♡
everyone in my town is stuck inside due to rainy weather conditions😓
 “It is not the critic who counts  not the man who points out how the strong man stumbles  or where the doer of deeds could have done them better  The credit belongs to the man who is actually in the arena  whose face is marred by dust and sweat and blood  who strives valiantly  who errs  who comes short again and again  because there is no effort without error and shortcoming  but who does actually strive to do the deeds  who knows great enthusiasms  the great devotions  who spends himself in a worthy cause  who at the best knows in the end the triumph of high achievement  and who at the worst  if he fails  at least fails while daring greatly  so that his place shall never be with those cold and timid souls who neither know victory nor defeat ”  ― Theodore Roosevelt
  ͡° ͜ʖ ͡°          009           009         009     I am a bot  and this action was performed automatically  Please  contact the moderators of this subreddit   message compose  to  r shittyrainbow6  if you have any questions or concerns  
I guess I\'ve seen some similar impressions    Persona 5 reviews  http   www 4gamer net games 272 G027222     Persona 4 Golden reviews  http   www 4gamer net games 139 G013960   and most of the complaints are about the story  but Japanese consumers are notoriously fickle  they are paying 8800円 before tax for this  so it\'s understandable  and I think the deeply polarising scores P5 is getting is probably more reassuring than than a lukewarm average would be  I\'m not particularly worried    I don\'t play Persona games for the plot anyway  
Funny all the KNOWN SCALPERS on here are trying to shame people using roms saying they are "stealing"  Umm NOPE my roms are all of games I have owned legally  some bought more than 2 3 times in physical form over the years  Totally fine 👍🏻 to have legal copies of your purchases just like your music  So SUCK A FAT ONE 🍆 SCALPERS 
Oh I\'m so excited for you that you are past the first trimester  I am going to think of you as a good luck charm as I still wallow in 1st tri anxiety  😉 Keeping my fingers crossed for you for a great result and reassuring news at your next appointment 
🙄 my dad has it on his and it drives me insane
Noodle is still kickin  You guys have made me tear up ❤
Mmm  thanks for the yummy pasta  🍝 
Its not the best but it works ¯   ツ   ¯  gunblade is usually a better buy more often than not 
😜
Oops  I\'m sorry for the mistake  You\'re right  since there are more self identified Christians here than other groups  I automatically made an unwarranted assumption  My apologies   I must say  the one aspect of Judaism that really intrigues me is Kabbalah  with its understanding of the "Ein Sof " But as with any esoteric teaching  one has to be careful  because there are always charlatans out there peddling their own teachings in place of the real deal  But I consider it one more piece of evidence that EVERY faith tradition out there has discovered the same spiritual truths  It\'s just that the gatekeepers of each religion have had to invent separate dogmas to obscure the truth so that they can maintain their hold over their followers    No hard feelings at all  Everyone is entitled to the truth of their own spiritual experiences  My beef is with people who haven\'t actually had any  but instead project their own inner psychology outward in the form of some deity that they claim to worship   Which means that what they\'re  really  worshiping is a projection of themselves  😄  
learn  ləːn Submit  verb  past tense  learnt  past participle  learnt
Even though 2016 was a shitty year  it was great for Smash for me  I went from only playing with friends to entering locals  going to my first regional  and then ending up going 3 2 at Don\'t Park on the Grass  I\'ve had a ton of improvement and I honestly can\'t wait for next year which I know will be even better  Got my eyes on you Battle of BC 😎  Happy New Year everyone  
A girl when looked at in the way you describe will result in sexual excitement  which is counterproductive to the goal of nofap    Try concentrating in between your eyes on your forehead  The pituitary gland which controls the other hormone producing glands is situated about an inch inside from that spot    Now a general rule of controlling your body is to watch where your conscious attention is focused    Focusing your attention between your eyes while having the thoughts that you don\'t want to focus only on those parts will help release the required hormones to bring about that change   Tip  When looking at others try to focus your attention about 2 3 inches behind their eyes  This will result in you looking directly into both their eyes   Stay strong😀
RIP Seymour  The best dog ever  😥
Wow  I was reading a bunch of uplifting stuff for New Year\'s and all of a sudden there\'s 2 somber 4 me 😔
Her English is really coming along too  Su ❤
  Rakudai Kishi no Eiyuutan       MAL  http   myanimelist net anime 30296    A P  http   www anime planet com anime rakudai kishino cavalry    AL  http   anilist co anime 21092    ADB  http   anidb net a11126      TV   Status  Finished Airing   Episodes  12   Genres  Action  Fantasy  Romance           anime      LN        FAQ  http   www reddit com r Roboragi wiki index        r   http   www reddit com r Roboragi        Edit  https   www reddit com r Roboragi comments 3i82q0 by mentioning his username roboragi can now       Mistake   http   www reddit com r Roboragi submit selftext true title  ISSUE  text https   www reddit com r Animesuggest comments 5ldb9w anime where mc has to take a test to enter a dbuytpo       Source  https   github com Nihilate Roboragi       Synonyms  https   www reddit com r Roboragi wiki synonyms       RoboRecommendation™  https   myanimelist net anime 413 Hametsu no Mars       ♥  https   www reddit com r Roboragi wiki thanks 
I am definitely sure that eyeliner and eyeshadow are two that tend to cause horrible reactions  I think that my eyes are just overly sensitive  but I am desperate for something that will work  I\'m OK without eyeshadow  eyeliner is kinda important due to the weird shape of my eyes  They\'re downsloping and I dislike    Thank you for all your advice  I really appreciate you taking the time to try and help me with this issue 💕
Wow  the JCE "Japan is so racist" crowd is out in full force again  people who say crap like this obviously have no idea what they are talking about    I live here  I speak pretty good Japanese  not fluent  but mid level conversational  and spent time all over Japan  from Inaka Aomori to Tokyo  and I have never  never  never experienced any overt racism or refusal of service for being a gaijin    You will get "Oh  your Japanese is so good " All the time though  which is a little irritating  but harmless    Mostly when they say 外人お断り it is a language issue  they do not serve you because you don\'t speak the freaking language  but if you do they don\'t care  it is just a misunderstanding  
And  yet I would  at some point become your ex too 😑
If you want a proper analogue to a term we have in society today  it would be "Coercion"    Coercion  koʊˈɜːrʃən  is the practice of   forcing another party to act in an involuntary manner   by use of intimidation or threats or some other form of pressure   or force    1  It involves a set of various types of forceful actions that   violate the free will of an individual to induce a desired response    for example  a bully demanding lunch money to a student or the student gets beaten  These actions can include  but are not limited to  extortion  blackmail  torture  threats to induce favors or even sexual assault  In law  coercion is codified as a duress crime  Such actions are used as leverage  to force the victim to act in a way contrary to their own interests  Coercion may involve the actual infliction of physical pain injury or psychological harm in order to enhance the credibility of a threat  The threat of further harm may lead to the cooperation or obedience of the person being coerced   Of course assimilation is the ultimate form of coercion  but we have brainwashing bad blackmail and extortion in reality too   it\'s just the borg well  are really good at it   His coercion was the source of his pain  His lack of free will having to witness  with his actions  his hands  the death of thousands of people he swore to protect   And he never dealt with that pain  he let it eat him up on the inside  his own self proclaimed torturous living hell  This slowly changed the man he was    So what is rape  I\'d define it as a sexual assault  Picard was not raped  unless i\'m remembering the series wrong but I remember no such part where he gets sexually assaulted  please correct me if i\'m wrong  ALSO you can fight back when you\'re raped   sure it\'s not that easy and a super complicated issue   but you still have free will  Like  you could choose to bite off your own tongue and bleed out and die  I probably couldn\'t but the point is the CHOICE exists  The borg take away all free will  so you\'re a prisoner in an un ending nightmare   He was assaulted for sure  physically emotionally and spiritually  tortured sure   you can argue that he was in fact murdered  his life as picard ended when he became locutus  only when he was liberated did he "regain" his life  It\'s a stretch but far less of a stretch than calling it rape 
😂😂😂
Best explanation ever😂😂 but I agree
Happy New year  Hope everyone has a great 2017 😎
If I make it down to RFK for an NYCFC game  you\'ll get beered 🍻  
Hi  I actually have a second match I\'d like you to hatch    Bw   2 3   Sandshrew  ♂    Adamant   Snow Cloak   14 31 31 31 31 31   Dragon  0851                  Friend Code  4828 8533 6743   Ign  Moon   Hatch Location  Mt  Lanakila if possible  otherwise at nursery   Nickname  N A   Pre hatched  One step   Time Zone  EST  GMT 5     Availability  2pm 12am   TSV Threads   2059  https   www reddit com r SVExchange comments 5gemru 2059   and  2419  https   www reddit com r SVExchange comments 5gensv 2419     
😙😙😙😙
That\'s over pay but hopefully you get it👌
Yeah I mean in general MTF get more shit  It\'s more acceptable to want to be a dude in society so ¯   ツ   ¯ 
Thank you  ❤️ Best of luck on your journey 
I ended up not going 😔 I didn\'t want to go alone and spend NYE alone  Sorry man
"testing" suuure     I kid  I kid   And honestly when I ran into a problem I just started over  P Don\'t really have any ideas other than that  the developer dude would know better ¯     ツ   ¯
Why would you think 浅い is a surname  And names are just names  What do you mean what\'s the difference   
Damn  I was looking forward to that one too 😞
Joerger looked pleased 😘
If like to look at your example from Genesis a bit closer if you don\'t mind    The underlying Hebrew expression מוּת מוּת  Strong\'s 4191  mûth mûth  is better translated to English as "  dying  you will die " Young in his Literal Translation rendered it like this     Genesis 2 16 17  And Jehovah God layeth a charge on the man  saying   Of every tree of the garden eating thou dost eat  and of the tree of knowledge of good and evil  thou dost not eat of it  for in the day of thine eating of it  dying thou dost die \'   That changes the meaning a bit   Wouldn\'t you agree  
I took a 6 month intensive course here in Japan where I was going 5 days a week 4 hours a day and we used the みなの日本語 series that was pretty good    Although nothing really beats living here and having to use it everyday  
Happy New Year  I\'m going to spend it looking at your yummy cum video 💦💦🍑
  Be able to have a conversation with my family in Hebrew again  חשיבות עליונה    Get to 70kg   Maybe get a girlfriend too that would be nice  Not so sure about this one but I\'m getting less awkward so I think I might be able to pull it off 
What an ass  😍😍😘😘😘
I never use my phone minutes  If they had a one hour a month plan  I\'d be set😂
Yay  It is quarter after midnight and the fireworks seem to have died down already  I hate it when my little doggy 🐶  gets scared by them       Happy New Year all   ☻
I\'d steal Hunter when no one\'s looking    😄
Goblin really has a good OST  Really loving this song and Soyu\'s 😍   Also Jung Joon Il\'s song Hug Me is really good as well  
Thanks for the gifs 😍
I see what you did there 😉 🍆🍑
It\'s more Indo than European 😄
Whoooooo poopoo in the potty  💃
Wow 😂 what 😂 an 😂 original 😂 insult 😂 dear 😂 friend 😂
Sending all my Pawsitive thoughts for Noodle   Get better sweet kitty   🐈
It is but I find that I need something heavier now 😞 rip super dry and dehydrated skin 
Actually  you recommend a mandoline  Unless you want to play bluegrass music with your vegetables  😉
Lol  you spent more time writing this whiny reply  that you totally don\'t care about amirite  than you would have in actually writing something to support your point    So I guess we can assume you just threw out some bullshit and now you\'re saving 面子 when confronted  like a true native 
There\'s no wrong way to love a chocobo   ͡° ͜ʖ ͡°  
You\'re having a laugh   Enjoy   ❤😀
😂
Lmao true I just want the heatwave😂 I started out 2 months ago with just a slipstream and a GT  Trading up to a heatwave has been my ultimate goal
It\'s fine  I made it sound worse than it actually is for the sake of humor  I\'m in the south in current high 70s weather  I\'m great  But thank you for your genuine concern  I could read your genuineness through phone 😊
Hahahah i def got dog poo tar when I was down but that does look like a whole different breed  Nice pick up my friend 😊
Libs just ignore the brown Christians south of the border and the Christian Chinos to the East    🐸👌
Hey  here\'s the whole dream from the actual file entry  names witholding      January 8 9  2016   I am in an Orwellian future hybrid  I first start out by saying something anti government  Miss Appleorangefruit looks at me  shocked  and says that the thought police can hear everything I say  I somehow am in a diner  which I know is the ministry of truth  I stir my coffee  I am now trying to run away in plain sight  I burst the door open from my house and start to run  I run from my house to a distant village  I see June in this distant village  and she appears to be running away also  I catch up to her  and lead her on a bridge  On the other side of the bridge is a road that turns right  We start running down the road  but I see a man yelling into a mic  "Destroy those bastards" I hear machine gun sounds  I see a man roll dead down the street  Clear we can\'t go this way  we look at the water  but again  an escapee gets shot  I look for a forest escape  but it\'s no use  I hear machine gun fire  We know we must run back to the city  without getting caught  So we do  I hear a little boy saying an adverb with the suffix " wise" me and my group of rebel friends find the street addresses of the ministry of love  The addressees seem to be measured in units of F and Д from the center  I am somehow very important to everybody in this story  because Dave has a hideout  I am now in a strange wooden brass bustling building  and there are undercover thought police  So I hear a yell from a man in a suit  and as several people close in on me  I "quit the game" and wake up  Somewhere in the middle  I found out our real life pantry had Dave\'s house in it  
If we were  luckily  we are not  😽
  Isaiah Humphries       Safety  Class of 2018       5 11  185 lbs  — From Sachse  TX  Sachse           Rankings      SERVICE   RATING   POSITION   STATE   OVERALL                           247  http   247sports com player isaiah humphries 85436         ★★★★☆      13 S        24 in TX        202 overall  Rivals  https   n rivals com content prospects maple 183567    ★★★☆☆    29 S          Scout  http   www scout com player 204830 isaiah humphries      ★★★★☆     11 S      2 S in TX      161 overall  ESPN  http   www espn com college sports football recruiting player   id 218565 isaiah humphries        ★★★★☆      13 S        29 in TX        190 overall   Composite     ★★★★☆      19 S        30 in TX        226 overall        Recruiting        Committed to        f pennstate  Penn State     Offers            f california  California          f colorado  Colorado          f duke  Duke          f houston  Houston          f illinois  Illinois          f indiana  Indiana          f iowastate  Iowa State          f mississippistate  Mississippi State          f northwestern  Northwestern          f oklahoma  Oklahoma          f pennstate  Penn State          f smu  SMU          f utsa  UTSA          f utah  Utah          f vanderbilt  Vanderbilt       I am a bot   bleep  bloop    Call me by posting a comment like this   CrootBot  Shaun Wade  2017 DB    Or  report a bug  https   www reddit com message compose  to CrootBot subject Bug Report Re  t3 5ldxqy        
➤➤Floor 80 King Slime Gang  Sorry For the Brightness  ➤ https   youtu be wZbERPi lYQ  ➤➤➤➤ 
It should be though😂  
Sitting at home alone  because bf thought it was more important to go fix a friends computer than going into the new year with me  on the toilet with food poisoning    so much for a kiss 🙃
Tbh i would be on your lap anyday   😁
Same  I subscribed for the keyboard 👌👌👌
Why do you have to put that kind of pressure on me  😨
I believe your priorities are 100  correct   Good for you and you sound like a wonderful father   I worry that my sister is so concerned with finding someone that it\'s going to hurt her relationship with her daughter  They have 50 50 custody and she often schedules work on days she has her daughter and has days off when her ex has her and she seems to do that so she can date  My sister works 7am 7pm  she is a nurse  so that leads to not spending much time with her daughter  My niece is either with my parents or a babysitter on those days she works but \'has\' her daughter  Sorry  huge rant  😓 I just worry about it 
Yeah in the shower 😅
Just want to let you know  Your  700 are €820  860 over here  Greece   The 256 GB model goes to €1050   1100    EDIT  The  700 apparently doesn\'t include tax  €820 does   Two things though   1  You\'re not paying  700  so it\'s not a  700 phone ☺  2  Why are you doing this to yourselves 
Thanks  i try 😀
Nope  mine still works 😜
  The final casualty of 2016﻿  
Be to not or  be to   👉🏻😎👉🏻
Then look elsewhere  🙃
I have control over an Xbox controller  😐
Boi that shit was way too cringe 😭😭
Except with a much better economy and effective policy making 😂
Wow I cant get enough of those curves 😍😍
Well    fuck him   😜  coz cupcakes and GoT are awesome     And we have this much population    So don\'t worry 
Husband and I have a tradition of kinky new years eve sex as the ball drops 😎 so that\'s what I was doing 
Highlight "trope"  Right click  "Search Google for"      trope   trəʊp   noun     a significant or recurrent theme  a motif    
Fun fact  my grandma turned good ok Dino down in Vegas  She says he seemed drunk  but sober enough to recognize she was a woman  😂
Here is ours  it was our first year with an oil hanukkiah 😊   http   imgur com a rNyZY  Edit  words  
I need dat cigaro colorway 😁 also not my size  Thanks tho  
I\'m so sorry to hear about this  Please stay with your mom and be present with her  I lost my mom last January and I\'ve been a wreck ever since  I wish I had spent more time with her and less time on my phone or distracted by tv life technology etc   I hope the following months are kind to you and your mom  Sending good vibes your way ❤
I love this video 💕
 Yeah  that goes without saying  Bernie would have been elected President if the DNC had let the best candidate win the nomination     Who lost by 3m votes  👌
SHIT YEAH  ♡ This stranger is proud of you  seriously 
Talking about the Tyga 🚮
From making a child in a village believe that by buying a ₹30000 Galaxy Note will slingshot him into some make believe High Tech School where you could directly solve your queries from some Harvard Lecturer to this make believe bullshit that how Samsung service guys actually work  This is far away from reality which the Ad agencies think it works because  well it\'s India 
I\'m grinding for 77 SSBKK medals for them before the event goes away  I already have the rest  😩😩
Whatever crack forum it may be people like this can be found everywhere😂
Does the suction dildo the pussy   or does the pussy suction the dildo 🤔
You don\'t wanna have a 👍 2017 
Christmas Cake Paper Crafts Turorial     For more cute origami  subscribe    https   www youtube com chucanhhobbies  Watch more cute origami videos   https   www youtube com watch v S03v49PCDgc list PLePhROVe4rU2suuSdBqZ8lFMabQlvgjKk  Follow me on FACEBOOK  ➞ https   www facebook com chuc anh 56614  In this tutorial I\'ll show you how to make Christmas Cake Paper Crafts  You can download Christmas Cake paper crafts model here   https   drive google com open id 0B3EBUNKWv5NIeW1BalJaRDB4Y1k  Please support me  Comment   Share   Like my videos  That really has a positive impact and means the world to me  It also helps me making more videos  I am so happy to have you here  Thank you     I hope you guys enjoy this Christmas Cake paper crafts tutorial  For more like this  please subscribe my channel  Good luck and stay tuned for more videos  Love XOXO
Oh wow  2 pillows  So dirty  Ill make sure to ask next time before I post 🙃
I\'m pathetic but this is my dream show  😂
Home in bed with flu  🎉
I\'ll click a libertarians joystick anytime   ͡° ͜ʖ ͡°  
Having a shit time being single 👌
Yup  when I went to New Orleans with my girlfriend we saved money and stayed well Uptown  away from the French Quarter   a couple of minutes away from the Iberville Projects  On New Years Eve we stayed in our hotel and had drinks  but damn if they weren\'t lighting up like a motherfucker outside   pew🔫pew🔫pew🔫pew🔫 
I recognized Jim Cummings  who at least does the voice of Olfrid Battle Born in Whiterun  He\'s the guy that sounds like Tigger 😂
Haha  I just threw him in there for visual flair    Definitely too light for a counterweight  Although  maybe I could hollow him out and fill him with lead 😀
The people have spoken 🏆
I got friend zoned by my husband  Solidarity  ✊️
Dude  Thats bad ass  You can walk past that every day and say    "I fucking made that " Not many people can say something like that  I think its a gorgeous table  Nice job  😊
That sounds like an awesome way to spend any weekend  not just New Year\'s  I  love  cookie butter and ginger ale  lol  Enjoy your hangover free hike tomorrow  😊
No doubt the awnser would never change 😉
Stuck his finger in his 🚫Hole  
1  There is no such thing here  afaik  Best guess is to find a friend relative to manage it    2  Go to imobiliare ro and look for rentals and go from there  As an advice  go for a brand paint  Savana  Kober  as it tends to last longer  and also heavy traffic wooden floors  will explain later why    3  Usually  with electronics  Fridge  microwave  oven  washing machine  heating unit  internet modem  No TV  Providing furniture depends on what kind of apartment it is  If it\'s a medium or a big one  2 bedrooms or more   it is easy to rent without furniture  because people wiling to pay 400 600€ a month usually have their own furniture and tastes  But you will have to provide kitchen furniture  something like this https   img2 imonet ro X8F3 8F300GSNOIB garsoniera de inchiriat cluj napoca marasti 71527500 jpg  4  What  u Alfatango109 said    5  When u are finishing it  post pictures  people from Cluj will tell you how much is worth and maybe find someone from Reddit to rent it to    6  Yes  you might be missing something major  What you see here is 20 years old plastering http   i imgur com 6kxigA9 jpg   the kind your apartment probably has  and it starting to come apart  You will need to take that down to the brick and put new one  The reason is falling apart is because the materials used 20 years ago were different and not meant to last so long  Usually  people do this around 10 15 20 year mark  The problem is this  after you take it down  you will go to a Home Depot and faced with a challenge  buy the cheap tiles and flooring and save some money  but the apartment will look cheap and low rent  or go for decent costly ones that are long lasting and good looking and will have the renters pay more  Also  you will need new doors and door frames and new windows  if they are 20 years old  the gas from the termopan will have ran out  always go for wooden looking ones  they are dirt resistant   Radiators need to be cleaned on the inside and pipes checked replaced  if you decide to do this  plastic pipes are much cheaper than copper ones  and bury the pipes in the walls  mines  for example  are copper  they passed the 20 year mark  but the valves are starting to break  cheap ones cost 14 lei and last 3 5 7 years  good ones cost 30 50 lei and last 15 20 years    Prices  as i have just done this summer what you will have to do     bathroom and kitchen tiles  you will see advertisements with as low as 14 lei sqm  but the good ones start at around 30 lei sqm  be sure to check and pay for transport to your door  not to your address  meaning leaving it in the flat\'s parking lot and you have to carry it inside up the stairs       wooden floors  there are several kinds  go for matte and heavy traffic ones  dont know how they are called in US  here are called "parchet trafic greu parchet trafic intens"  they are hardened and look good a long period of time   as the shiny ones tend to scratch and just look bad after a few years  prices are around the same 30 lei sqm mark  but can go as high as 60 lei sqm  depending on store stock  usually  people work on their houses in the summer  so be aware of that      electronics  always go for the gray  brushed metal  ones  they are dirt resistant  decent fridge 1 500 lei  decent microwave 200 lei  decent oven 1 000 lei  decent washing machine 2 000 lei  decent central heater 2 500 lei  oven hood 200 lei      doors  entry one will cost around 2 000 lei  room doors around 500 lei  dont leave room door keys in the apartment  i heard of a funny tenant who locked all the doors when left  they had to break doors down     kitchen furniture  there is no price point  depends on what you have and what you want  one advice  go for darken colors  because romanians cook all kind of nasty food and steam and grease will stick to the furniture like crazy and people usually clean it with a wire brush  damaging the furniture  not black  but darken colors      providing kitchen stuff  dishes  forks  pots  makes the apartment from "bucătărie mobilată"  furnished kitchen  to "bucătărie mobilată și utilată"  furnished and fully usable   it would be nice to provide such things  but people are careless with other people stuff  so over time dishes will break  knives will be chipped  pots will be dinged      by law  you are required to install an electronic gas sensor  dont know how it\'s called in the US  it cuts the gas when sense a leak   right now  things are in a gray area  meaning it\'s required  but nobody checks for it yet  lacking such a sensor will have the gas turned off and a lot of paperwork and waiting time to turn it back on      Also  if you plan on renting a car  dont bother getting a truck thinking you will haul stuff around  A decent sedan wagon will do  and stores proved transport and you can find people providing transportation services online    If I have pictures  i can help more  
This sounds amazing    IMO  the best thing you can do for yourself is realise when things aren\'t right  and take yourself out of those situations  I think it\'s great you\'re starting with a fresh slate and less crap this year    Hope it keeps getting better from here 😊
İf its a wireless mause  change the battery
Oh me too  I got serious chills when I saw that zoomed in pic of the bullet hole  with Zellner standing by the car with a look that says  "Tick Tock bitches "    Kudos to Hos once again for the find 👏
Well  don\'t know Dota 2   but cheers to pizza and booze    and happy new year 😂
Oh yes to    all    of the    ABOVE        👏👍  
Smh 🤦🏽‍♂️ swear I hate that I tell myself "Save for Riruka" end up damn pulling on the Step Ups well fuck it though got TT Rangiku fine by me I guess
Happy New Year babe    I always want to devour your gorgeous pussy 😋😋😋
  Median hourly wages in this field declined 57 percentage points  accounting for the change in the value of the dollar  according to a complex formula used by Professor Levanon  The job of ticket agent also went from mainly male to female during this period  and wages dropped 43 percentage points     The same thing happened when women in large numbers became designers  wages fell 34 percentage points   housekeepers  wages fell 21 percentage points  and biologists  wages fell 18 percentage points    I was really interested if this was true until I read this  We are talking at most 0 57℅ of a pay decrease at most in a single field  And that decrease goes down when looking at other specific fields  This doesn\'t prove anything  We would need to see an industry wide study to take into account more factors 
wow  someone who loves tanaka as much as i do  yeah  tanaka is awesome and an underappreciated character  and his facial expressions are just 👌👌
Chef 😂😂😂 I eat your garbage you guys call food and it\'s disgusting  You are a CS  not a chef  
I love my Uncle so much  He is going through his second battle with lung cancer  😉
You\'re being heard  hun  Clear those memories out  We\'re here🌹 
I missed it 😖
Again thanks  anything i should post more of 😋
I\'m going snowboarding tomorrow morning  so I\'m trying to get to sleep    except all my neighbors are setting off fireworks 💥 fireworks 💥 fireworks 💥 
I got both palettes for Christmas and have done a handful of looks with each  and I love both  I have dark hair  pale skin  and green eyes and I find they both compliment that well    Modern renaissance  I love the way the colors make them pop  Amazing pigmentation  blending is effortless  you can do a lot of different looks  and it is overall just a great palette  Quality is 10 10    Tarteist pro  I\'ve seen some negative reviews but I find the shadows have great payoff  are very buttery  and blend well  I love the layout of the palette  the rows all go together and it makes it very easy to create pretty looks and you can also mix and match  The shimmers duochrome are really smooth and honestly Trendy is my favorite shadow right now    I\'m in love with both and so happy I have them  but if I had to pick I would probably go with the Tarteist pro just because of the versatility  I feel like I can do a lot more looks with it and it\'s just so pretty  MR is also amazing and is slightly better in quality but not enough that it\'s a big deal to me  They both have a lot of kick up when you swirl your brush in it but that\'s to be expected when you have such smooth and pigmented shadows  The quality of both is very comparable to me  so if I were you I would pick based off of the colors you\'re drawn to the most 😊
And in the Southern open primaries it was a massacre  she had anywhere from 30  to 60  margin of victory    It\'s proof how ignorant and deluded Berners really were    I specifically remember how confused I was after March 8th when Bernie barely won Michigan by 1   basically he and Hillary got an equal amount of delegates from there  and in the SAME DAY  Hillary beat Bernie by 65  in Misssissippi  her biggest win in all primaries if I\'m not mistaken    And all the Berners were cheering like  wew what a YUGE victory for us  😒  Absolutely mental how Bernie fans thought he even had a remote chance after mid March    I\'ve did the math once  he could\'ve won all the closed north east primaries by the same margins Hillary won them  and those extra delegates would still not be enough for him to win  Because of how fuck awful he did in Super Tuesday I and II 
Your wife is a  he   😕
Please teach me how to do this with my 60d 😁
I stayed home and watched airplane and at brownies 😎
Hi  u gorilla1012  Your comment has been removed because your flair isn\'t set up correctly        Set up your flair here   http   pokegiveawaybot tumblr com  btn  If that doesn\'t work     here is a visual guide     http   i imgur com qKw7Hto png  Please enter one in the format  1234 1234 1234   IGN   by using the  edit  button in the sidebar where it says         ☑ Show my flair on this subreddit  It looks like      3333 3333 3333   Ash Ketchum  ΩR       edit     Make sure the box is checked to enable flair  If you don\'t know how to find the 12 digit number you need  please check out    this guide    http   www modojo com features nintendo 3ds friend codes everything you need to know  to find your friend code     I am a bot  and this action was performed automatically  Please  contact the moderators of this subreddit   message compose  to  r Pokemongiveaway  if you have any questions or concerns  
Someone more autistic than ice 🤔
hey man  you can\'t be comparing with people  That never leads anywhere good  Find peace with yourself now  form good habits and develop who you want to be  and then someone will almost inevitably come along   Much love homie  I hope you find everything you\'re looking for right where you are 😊
Sneak to my house   😜
Lol  fuck homie  that\'s sexy   https   m youtube com watch v Aqet  mdy M   Not really tho 😂😂
Sending good thoughts Noodle\'s way  ❤
Yw   not often or ever do I get the chance to share it with anybody rofl   was my pleasure   happy new year to you as well 😊 
Happy 12 017  Putting up my snazzy new calendar now 😊
Why doesn\'t Jay Cutler use the phone   Because he can\'t find a receiver  😂
Will your crotchet me a beanie  I was crocheting until I remembered how I bad I was 😅
Those could be Kirin Qiling  麒麟   four legged mythical beast which is just as popular as dragons phoenixes in Asian culture    https   en m wikipedia org wiki Qilin
I\'ll have to check that out  Haha but I thought Dr  Oz was always 100  correct    😂  sarcasm 
KNOWN SCALPER trying to keep people buying their overpriced junk  NOT GONNA HAPPEN ANYMORE FOLKS 👍🏻 Also NOT A THIEF if they are copies of games they have owned just like having personal copies of your music CD\'s 
🎶The league of nations 🎶
Yeah it makes me feel good about games won out of games played instead of games won AND if I went negative I hate myself 😕 
Today I turned one more year wiser  😏
Start again  I love to can my own food 😍
Currently making my way through Das Kapital as well  comrade  David Harvey is obviously of great use here    I read Che\'s Guerrilla Warfare  ★★★★  a month or two back  An essential text  although  as Che would say  specific to a certain historical context  I\'d suggest Marighella\'s Minimanual of the Urban Guerrilla  ★★★★  after finishing Che\'s work  I myself need to read Mao\'s On Guerrilla Warfare here soon enough   But  I suppose  more than anything else  the task at hand for all of us is to produce our own text on guerrilla warfare  in the days ahead  yes 
NORTH FACE GOD 🙏🙏
Tea is actually the best ever 😍
That tripped me out so bad i puked 😂😂😂
Peep that Lily Allen lyric 👀 
  One thing that is probably safe to  guess is that introverts are more likely to enjoy them   🙄🙄🙄🙄🙄🙄🙄
When I saw these pictures on my Instagram feed  I didn\'t think much of it  Just seemed like she was fucking around   I personally think she\'s hilarious  ¯     ツ   ¯
Happy new year gorgeous ❤
Lit level  💯   Happy do be sharing this moment with my real ni🅱️🅱️as
Hellberg looks like he has some serious potential  I think he needs more time to cook  Get some pointers from Hank    And I\'m sorry  I didn\'t get a picture of Savage Glass for you 😢  I feel really bad now   
Bend over show that ass  or just anything you choose 😊
I would like them better off yo  😗
My husband runs the electricity bill up quicker washing little loads of laundry here and there 😂 
Old technology 👎
You\'re always kind  sharing all that hotness  😘😘😘  I\'ll endeavour to follow your lead  just with less nudity 😋
Might as well throw a hissy fit  Maybe if you weren\'t so scared you had to call every cop in the city and county you would have looked tough ✌️  Smile for the camera bitch ✡  https   m youtube com watch v lQuzvmJg5y0
Must be just the kind I work in  It\'s  a wood brick oven and having par cooked pies is hard as hell to do because you have to keep a constant eye on them and keep rotating   Also The thought of someone throwing toppings on and cooking it hurts me  because each pie i make is made with love and I like to nestle the toppings between two perfect sheets of cheese  the top layer being a little thinner so the toppings gleam through that gooy hand pulled mozzarella  Sorry if I came off as a dick just left a 12hr shift in the kitchen 😅 
There is a reason he is a guy 😂  they can never tell the difference between oily and glowing 
💜 I feel the same way about you  
We\'re making SB52   Right guys     Sorry I\'m drunk like none other 😆
Short hair AND glasses AND freckles AND dick 👌
Happy new year pretty lady ❤
In that case  this calls for cool and the gang "♫Celebrate good times  come on  It\'s a celebration"
Like what  Announcing Hillary is being arrested       🤔
Yeah  we get restocked on Sunday\'s usually so try going Monday\'s and I think you\'ll have the most luck  We are getting a new season in though for spring   So look for that 😁
🐐💦 does this count 
     C\'Thun  http   media Hearth cursecdn com avatars 289 413 31110 png    Neutral Minion Legendary OG 🐙   HP  http   www hearthpwn com cards 31110     HH  http   www hearthhead com cards cthun     Wiki  http   hearthstone gamepedia com C 27Thun    10 Mana 6 6   Battlecry  Deal damage equal to this minion\'s Attack randomly split among all enemies       Call    PM  https   www reddit com message compose  to hearthscan bot     me with up to 7   cardname    For more PM   info   
He got me into the show  Now it is my favourite  😉
This color is gorgeous 😍  I\'m really considering the metal spinners now that I\'ve gotten used to the plastic ones  
😍😍😍 the things I would do for that cock
⋆⋆⋆⋆⋆⋆⋆⋆⋆⋆⋆⋆⋆⋆⋆⋆⋆⋆⋆⋆⋆⋆⋆⋆⋆⋆⋆⋆⋆⋆⋆⋆⋆⋆⋆⋆   NOTICE   ⋆⋆⋆⋆⋆⋆⋆⋆⋆⋆⋆⋆⋆⋆⋆⋆⋆⋆⋆⋆⋆⋆⋆⋆⋆⋆⋆⋆⋆⋆⋆⋆    Please consult the  List of Scammers  https   www reddit com r SmiteTrades wiki scammer list  before trading     If someone contacts you via PMs and they have not responded to your thread be aware that the user may already be banned from the subreddit for being a scammer     Consider taking screenshots of all parts of your trade to use as evidence if the need arises                                                          I am a bot  and this action was performed automatically  Please  contact the moderators of this subreddit   message compose  to  r SmiteTrades  if you have any questions or concerns  
Had someone order a quad tall white      white what   "Uh  my Starbucks knows what it is    " "A tall quad flat white " "    no  a quad tall white   " "I\'m so sorry but we don\'t have anything like that here  Are you sure it isn\'t a quad tall flat white " "Oh my God yes  I\'m so sorry I was confused  A quad tall white  Yes a flat white    " "   you\'re total is  615338 56 at the window thx "  🤛🏽👊🏽👐🏽 WHAT  
Who said I didn\'t 😏
pls give us skin♡  Would love one that applies to any class  because as someone who uses Superstar mainly  it gets tiresome to look at my bard one all the time lol     though I do adore all the Harpist classes\' designs regardless    I would use the CD idol skin but it\'s essentially too similar to the vanilla SS one for my taste  so anything at this point would be lovely haha  
TRASHBAG  neverforget 😂
 Magical tattler lids 😍  http   www reusablecanninglids com 
Yes please be super careful  I\'m assuming this is an abusive relationship  As others have said  document everything  Leave without a trace  Dont give him any clues  The most dangerous time for women in an abusive relationship is while pregnant  Please be careful  Don\'t take any chances  ❤
 Original post  https   www reddit com r Austin comments 5ldztt new year new me ʖ   by  u joemangx in  r Austin   nbsp          This crosspost was performed automatically as a part of the ImagesOfNetwork      Learn more about the ImagesOfNetwork  how you can help  and other Frequently Asked Questions   https   www reddit com r imagesofnetwork wiki faqandinstructions wiki what is images of 3F     or    visit us on Discord    https   discordapp com invite 0tZsejLgM2vzaExR          "Remove my post "   https   www reddit com r imagesofnetwork wiki faqandinstructions wiki remove my post        "The bot got this one wrong "   https   www reddit com r imagesofnetwork wiki faqandinstructions wiki the bot got this one wrong        "Stop Crossposting My Stuff "   https   www reddit com r imagesofnetwork wiki faqandinstructions wiki no really  don 27t ever crosspost me or my subreddit              whitelist "austin"  
Hi    We’ve refunded ¥9 800 for 聖晶石 140個  Fate Grand Order  to the payment method you used to make the purchase   The time it takes for the refund to appear depends on which payment method you used  You can see the payment method you used  and the refund status  in your Google Payments account  Note that you may lose access to the purchased item   If you have requested a refund for an app or in app purchase  please note that while we occasionally grant refunds  we recommend that you contact the app developer directly for future support  You can find developer contact information in the Play Store app under the “Developer” section or on your purchase receipt    To prevent accidental or unwanted purchases in the future  we recommend that you turn authentication on or change your password   If you have any questions  you can reply to this email or give us a call     Thanks    The Google Support Team
You better not be sick 😷cause I\'m not there to take care of you 
If you cancel it  it\'s okay  I cancelled mine when I realized I preferred to work out in private so I bought a treadmill and some basic equipment  I\'ve worked out tons more than I would have if I kept my membership    ETA  just keep it up  👍🏻
Just found this old screenshot I took on the 30th of October this year  in the week after we beat the Lions  At the time I thought it was hilarious that Google didn\'t even consider the Lions relevant enough in the NCF North standings to display their score  It\'s so funny how things change    now the Vikings are the irrelevant ones 😂
  IGN  Clay   Deposited  Spearow ♀ Level 11   Requested  Aegislash   Message  This is a Pokemon with great potential  Please raise it if you\'d like  I guess Araquanid
I\'m with you there  dying for any shred of info at this point   Also  cheers and happy new year  🍻
  IGN  Effulgence   Deposited  Spearow ♀ Level 11   Requested  Aegislash   Message  This is a Pokemon with great potential  Please raise it if you\'d like   Guess  Azumarill  
Most people don\'t understand how important Israel is to the U S ♥ ISRAEL USA ♥
Did you look it up in Simbad   Simbad says  http   simbad u strasbg fr simbad sim basic Ident 1RXS J171439 3 2B142320 submit SIMBAD search  it\'s associated with   α Her  which is a very nearby multiple star system which includes an asymptotic giant branch  AGB  star   Why do you say it\'s \'primarily\' an x ray source   A reference related to your question is  XID II  STATISTICAL CROSS ASSOCIATION OF ROSAT BRIGHT SOURCE CATALOG X RAY SOURCES WITH 2MASS POINT SOURCE CATALOG NEAR INFRARED SOURCES  http   iopscience iop org article 10 1088 0067 0049 184 1 138 meta  from Haakonsen and Rutledge  Perhaps you can  ask Bob Rutledge directly on twitter  https   twitter com rerutled    EDIT  How much have you investigated about the X ray properties of this source  Assuming the association is real  according to Haakonsen Rutledge\'s paper  99 4  probability   and the distance to the IR source  do you know what the inferred X ray luminosity is  Do the energetics make sense  Are AGBs generally known to be X ray sources 
Hey  She has an abusable amount of HP in a mono thunder team  Leave her alone you jerk   ͡° ͜ʖ ͡°  
A list of all the schemes announced by Narendra Modi today           1  For the poor  Two new schemes under PM Awaas Yojna       3  For senior citizens  8 percent interest up to Rs 7 5 lakh deposit by senior citizens in banks       4  For small businesses  Credit guarantee for micro small and medium enterprises to be raised to Rs 2 crore from current Rs 1 crore       7  For small businesses  Banks have been asked to raise cash credit limit for small businesses to 25 percent from 20 percent          Here are some other news items  credits  to  u sr33       PM Modi rings in new year with mini budget of sops  focuses on poor  http   www hindustantimes com india news modi speech housing for poor rs 6000 for pregnant women sops for small businesses story AU48YP5afXdrJVhXoVFSRK html        PM Modi New Year eve 2017 address  Here are the key quotes   takeaways from the speech  http   www financialexpress com india news pm modi new year eve 2017 address here are the key quotes takeaways from the speech 492442         PM Modi rings in new year with mini budget of sops  focuses on poor  http   www hindustantimes com india news modi speech housing for poor rs 6000 for pregnant women sops for small businesses story AU48YP5afXdrJVhXoVFSRK html         I\'m  a  bot     OP  can  reply  with  "delete"  to  remove      Message  Creator  http   www reddit com message compose  to sallurocks       Source  https   github com hunkdivine samacharbot2      Did  I  just  break   See  how  you  can  help   Visit  the  source  and  check  out  the  Readme
😂😂😂
  IGN  L★   Deposited  Bonsly  female  10  quick ball   Message  I want to fill my Pokedex   thank you so much 
I\'m so sorry  😞
So I\'m aware now and then Nothing happened Crap  メ｀  ´  
TIL  Too bad none of this redeemed her public image ¯    ツ   ¯
Shouldn\'t a whole bunch of Dva nukes be collectively referred to as 빅뱅  or Big Bang  
You and me both  💧
Amazing  Congrats and happy new year    🎉 
It\'s really better for everyone that way 😁
🙋
thank you  love 😘💋
i have a shiny alolan grimer  my first and only shiny ever  D   i\'m interested in your politoed if it\'s Gen 7  if you don\'t want to part with your politoed you could just trade a clone over and i\'ll trade mine over and you\'ll clone a copy of my grimer for yourself   RULE 8   ★ Grimer   ♂  Gluttony   Lax   Very Good Pretty Good No Good Decent Very Good Pretty Good   Pound  Poison Gas  Harden  Bite   Isaac   011069   Great Ball   11   Black Cross   ENG
Yes  I\'m glad you posted this   I saw one of your waywt posts a couple months ago and loved it  but couldn\'t remember your user name and lost track of you  Ha ha  I love the volume of your fits  and hair    Happy new year  😊
  IGN  Owen   Deposited  Spearow ♀ Level 11 nickname Clytios   Requested  aegisslash   Message  This is a Pokemon with great potential  Please raise it if you\'d like  additional giveaway  mareanie
 Slow   Not even 11pm yet   🤔
  IGN  Chris  The guy with the turquoise shades    Deposited  Spearow ♂ Level 11   Requested  Aegislash    Message  This is a Pokemon with great potential  Please raise it if you\'d like
Wild staryu do not hold Comet Shards which are the most valuable item you can get from this method  But there is a 50  chance Staryu will hold stardust and a 5  chance for starpieces    EDIT  To compare the rates of these methods  I would assume you could break at least 4 rocks in the time it takes you to steal an item from a staryu  1 battle   From this assumption  after you\'ve battled 20 staryus we\'d expect 9 or 10 stardusts and 1 starpiece  So around ₽20 000    In the same time  from the 80 rocks broken we\'d expect 12 stardusts  5 star pieces  and 2 comet shards  Which leaves you with ₽108 000  So it\'s nearly 5x more profitable per unit time    
Night babe  😘
  IGN  Yandere kun   Deposited  Spearow ♀ Level 12   Requested   Aegislash   Message  This is a Pokemon with great potential  Please raise it if you\'d like  Thanks and Happy new year 
Every android keyboard has an emoji key  Try holding Enter  You might need to enable it in your keyboard preferences  Flags should still be on the rightmost set of emoji  below all the miscellaneous symbols like blood type and this thing 🔣 
Make it upload faster  ಠ ಠ 
  IGN  Senpai   Deposited  Spearow ♂ Level 12   Requested  Aegislash   Message  This is a Pokemon with great potential  Please raise it if you\'d like
Lmao  Please share what you end up doing in a post👍  
That\'s US 830 and US 1100  We still have you beat  ☹ 
  IGN  Jeff   Deposited  Spearow ♀ Level 11   Requested  Aegislash   Message  This is a Pokemon with great potential  Please raise it if you\'d like  Guess  Goodra 
  IGN  Colin   Deposited  Spearow ♀ Level 12   Requested  Aegislash   Message  This is a Pokemon with great potential  Please raise it if you\'d like
  IGN  Eric   Deposited  Spearow ♀ Level 12   Requested  Aegislash   Message  This is a Pokemon with great potential  Please raise it if you\'d like  Is it Raichu 
  IGN  moon   Deposited  Spearow ♀ Level 12   Requested  aegislash lvl 91  ♀   Message  This is a Pokemon with great potential  Please raise it if you\'d like     Guess  komala
To a another year of love  sex  passion and living life    Cheers   🍸🍸
I agree  it will be fun to beat you up at Beaver Stadium  Fun for the whole family 💪 🐱 
You don\'t get it   he meant delete phantom and install phantom Lit aka snap    because the developer talked about this on his tweeter he is gonna make phantom Lit the official tweak so give it a try and i hope this fix your problems 🤓✌🏼️
Gold Crystal Santa Roselia 😀
 ​What the fuck did you just fucking say about me  you НO0ОଠOOOOOОଠଠOoooᵒᵒᵒᵒᵒᵒᵒᵒᵒ  I’ll have you know I graduated top of my class in the good shit go౦ԁ sHit academy  and I’ve been involved in numerous secret raids on Baaddd ShIT  and I have over 300 confirmed  chorus  ʳᶦᵍʰᵗ ᵗʰᵉʳᵉ   I am trained in goOd sHit warfare and I’m the top shiter in the entire US armed mMMMMᎷМ  You are nothing to me but just another Baaa AaAadDddD Sh1t  I will wipe you the fuck out with precision the likes of which has never been seen before on this Earth  thats what im talking about right there right there   You think you can get away with saying that shit to me over the Internet  Think again  fucker  As we speak I am contacting my secret network of go౦ԁ sHit across the USA and your IP is being traced right there right there  so if i do ƽaү so my self i say so  you better prepare for the storm  НO0ОଠOOOOOОଠଠOoooᵒᵒᵒᵒᵒᵒᵒᵒᵒ  The storm that wipes out the pathetic little thing you call your life  You’re fucking dead  kid  I can be anywhere  anytime  I could be right there right there and I can kill you in over seven hundred ways  and that’s just with my bare  chorus  ʳᶦᵍʰᵗ ᵗʰᵉʳᵉ   Not only am I extensively trained in mMMMMᎷМ combat  but I have access to the entire arsenal of the United States Good shit Corps and I will use it to its full extent to wipe your miserable ass off the face of the continent  you little BAAaAaAaAd shit  If only you could have known what unholy retribution your little “clever” comment was about to bring down upon you  maybe you would have held your fucking shit  But you couldn’t  you didn’t  and now you’re paying the price  you goddamn idiot  I will shit fury all over you and you will drown in it  You’re fucking dead  НO0ОଠOOOOOОଠଠOoooᵒᵒᵒᵒᵒᵒᵒᵒᵒ    intensifies    I am a bot  and this action was performed automatically  Please  contact the moderators of this subreddit   message compose  to  r AyyMD  if you have any questions or concerns  
Midnight in 15 mins     Me and Isis sama are not feeling it     http   i imgur com sJdqD2v jpg   Happy New Year  all  ❤️
  IGN  Kalarticus   Deposited  Spearow ♂ Level 12   Requested  Aegislash   Message  This is a Pokemon with great potential  Please raise it if you\'d like  Guess  Magnezone 
  IGN  Mattman   Deposited  Spearow ♀ Level 11   Requested  Aeglislash   Message  This is a Pokemon with great potential  Please raise it if you\'d like  thank you 
Same to you 😘
🅱 is for 🅱inary 🅱ecause there are two genders which aren\'t mutations of genes 
You look beautiful sis 😍 and I love that lip colour on you  
  IGN  Bo0b   Deposited  Spearow ♀ Level 12   Requested  Aegislash   Message  This is a Pokemon with great potential  Please raise it if you\'d like
To change the "alpine" password type this into terminal  case sensitive      su root passwd   enter new password of choice   enter the new password again  passwd mobile  enter new password of choice   enter the new password again   Now you close terminal with the new passwords set only you know now 😁
 Why does \'drew\' always come up as  dru  or  dru     Wouldn\'t this produce a \'duh roo\' sound  Shouldn\'t it be something like  dʒɹʉ      The shift of  dɹ  and  tɹ  to  dʒɹ  and  tʃɹ  is common in several dialects  but not universal  For speakers like me who say  e g    dɹʊu   there\'s simply a stop followed by  ɹ  with minimal friction in between – no extra vowel needed 
  IGN  Arielle   Deposited  Spearow ♂ Level 12   Requested  Aegislash   Message  This is a Pokemon with great potential  Please raise it if you\'d like
Something Like that 😂
Everyone is openly anti government  Just not in a collective or politically active way  I e  everyone bitches about corruption and services but no one prints 1m copies listing the accrued wealth of party operators   By idiot i think they mean dont rape pillage and burn the place  Or if you do，dont do it in a populated area 
Yes there are  use phantom Lit 🤓✌🏼️
  IGN  Nam   Deposited  Spearow ♀ Level 11   Requested  Aegislash   Message  This is a Pokemon with great potential  Please raise it if you\'d like   Thank you and Happy New Year  
  IGN  Mattman   Deposited  Spearow ♀ Level 11   Requested  Aegislash   Message  This is a Pokemon with great potential  Please raise it if you\'d like  Thanks   replied because I misspelled Aegislash    happy new year 
  IGN  Azhar   Deposited  Spearow ♀ Level 12   Requested  Aegislash   Message  This is a Pokemon with great potential  Please raise it if you\'d like   Guessing  Passimian maybe   Thanks for this    
Found it    u leeffulgence  Sent     ㅅ    ☆
Happy New Year from Canada  You make me shinehah ❤
🎶Don\'t be a moron 🎶
🙃
I guess you could say that team is  flames    ͡° ͜ʖ ͡° 
I think at some point Bryan Colangelo is going to think that we have too many young players on the team and try to swing a deal using some of our assets  Whether this means using our pick and the Lakers pick this year to move up in the draft or moving one  or both  for a veteran player  I doubt Mr Man of Action sees having 5 players  Embiid  Simmons  Sarić  our pick Lakers pick  with 1 year NBA playing experience or less as a good thing so I\'m expecting a move
  IGN  AFKWZ   Deposited  Spearow ♂ Level 12   Requested  Aegislash   Message  This is a Pokemon with great potential  Please raise it if you\'d like
Yep  but I work in the men\'s section so the only cute girls I see are there with their bfs 😢😰😢
For Harambe 😢  Oh and I can tell from here it\'s be amazing to see a bush grown out 
  IGN  Kri   Deposited  Spearow ♂ Level 15   Requested  Aegislash   Message  This is a Pokemon with great potential  Please raise it if you\'d like
Gonna eat some beans👌
Kermit is versatile af  Several memes based on him  gotta be the 🐐
I mean the first comment wasn\'t that bad but the follow up    😶
The bean sprout looks like the Japanese symbol for earth soil  土      
Hello  I\'m NucleoPyro  I\'ve been studying Japanese through college classes for about a year and a half now  and I self studied some minor stuff like kana and early grammar before that  I studied abroad in Osaka this summer and am at somewhere between an N3 and N2 level    My Goals for This Year    Continue progressing through Kodansha\'s Kanji Course  currently at  1500 and plan to do 8 12 kanji per day to finish by mid April    Listen to the NHK Radio news daily to improve my listening skills    Work my way through the Shadowing book I just got  possibly picking up the intermediate level book when I finish what I\'ve got    Read something in Japanese daily  Right now I\'m finishing up a children\'s chapter book I picked up from my school library  and I have some easier light novels I hope to tackle next    Begin playing some Japanese games to practice Japanese in a fun way  I have a few games already and I have one game that will be arriving in February that\'s from a series I greatly enjoy  but the new title hasn\'t been translated to English yet    If finances go right I\'d like to pick up the Shin Kanzen master books and work through those  I also will be learning via my Japanese courses  although the ones I\'m in now aren\'t strictly dedicated to language study since my school\'s Japanese language courses only cover 2 5 years  Might also practice listening via anime if I find one that uses more natural speech patterns  Anyways I\'ll be sure to update on what books and games I\'m attempting to tackle each week  よろしくお願いいたします！
Watching Portland\'s   missing my s o    😥
If you can\'t do the time          Don\'t do the crime            Man the fuck up        The fact that your lawyer is telling you that he can\'t help you unless you snitch to LE tells me you need a new fucking lawyer                       For real though   Stop bitching "whaaaann   😖       I won\'t be able to get a good job now etc    Whaaaann   "                       You knew there were risks to this shit  so don\'t act all surprised   And if you   do   snitch and still end up doing some time  people inside   will   find out       No one will want to befriend you  and you\'ll most likely get your ass stomped a few times      Then you\'ll end up signing on protective custody   and your new cellie will be a big cho mo rapist who will soap up your asshole if you\'re lucky  and brutally rape you nightly           TL DR  keep your fucking mouth shut  and take your charge                     Good day          
Absolutely 😍 she\'s hot 
  IGN  Mike   Deposited  Spearow ♂ Level 12   Requested  Aegislash   Message  This is a Pokemon with great potential  Please raise it if you\'d like
持 consists of three radicals 手 士 寸 that makes it easier to remember than the strokes  Kanji are not "a thousand or so years old" but actually have a 5 000 year history  The Kangxi dictionary has been used in East Asia to study the meaning and etymology of characters  I think it would be more useful for people to understand the ancient meanings through radicals  as I have found them to be an aid to memorization  Also  you mentioned 車編  that would specifically be the 車 in the left part of the Kanji as in 転  The idea is by understanding the parts it is easier to remember any Kanji  the JLPT Kanji are just a starting point  In real life you will encounter many characters not on the list and knowing radicals makes it easier to learn them 
➤➤ Floor 95 Kai and The Guarding Reaper  Stun  ➤ https   youtu be UlwXzxWPjDI ➤➤
 At this point I\'m probably just going to drop it  I wasn\'t really that into it by the end of episode 2  Yeah I would have done the same but a lot of the users here that I know of liked it a lot I\'m just gonna push myself to finish it  Peer pressure you know  P   I don\'t really have the motivation to finish it when I could be watching or doing so many other things   Biggest problem with me when it comes to tackling my PTW list  I\'m either working  sleeping  or fixing my car but even then I\'d rather mess around on  r anime then watch anime now ¯     ツ   ¯    
Oh man  Much love to you and your noodle  ❤❤  mine is also the best nuisances ever  Thank you  
She was crying backstage  She obviously didn\'t want this to happen 😢
Probably a good change in strategy   ☺️
Man it\'s been raining almost non stop for over a week now here  I\'m really worried about flood  Kelantan and Terengganu has already been hit badly  so it is within possibility that my place in Kuantan will be next 😵
Dkm😂😂
As a Johnson fan  2016 was effing awesome  I have my fingers crossed for number 8 this year to solidify him as the greatest ever  I hope 2017 is a safe season for the drivers  that I can finagle hot passes again  and that me and the Girl Squad get to a race  Be safe tonight friends  Much ❤️   Pinky
True  happy new year then 😊
「Welcome   Welcome to the City17」
After the Panic show ends  I\'m a give it a good looksie  Lord knows I\'ll be up for a while😂  I had to say "pornography" for it to get it right  Porno was too scandalous for Google\'s nosey ass I guess  😒
Good point  😂
we really do need an ”OP REPLIED" flair for titles    this shit is gold    Yeah  old geezer might have been racist  Might have just been an old cunt  They have those here    Still if OP speaks understands Japanese s he\'d know that like in most parts of the world  most people who aren\'t just straight cunts are reasonable  So  go back  talk to the old man in a language he understands and 解決 the shit out of the problem like a real live adult 
Yes thank you to everyone who contributes too the wiki I probably have as much time used on the osrs wiki as I do play time 😂
US 9 5 Copper Yeezys 👍 thanks in advance
Mmmm  a strong hot woman sending me pretty pictures of herself  Why yes please and thank you ma\'am  😉
Oh no  thank you 😍
Congrats on the ring and Happy New Years   🎉🎉
I posted this so last minute and can\'t believe the support    you guys are amazing ❤
teach me how to be a villain Robbie 😩🍆💦
¯     ツ   ¯  Java\'s design decisions have historically been questionable         ArrayList flamingDeath   new ArrayList           contemplate suicide
Life\'s too short to be flat 🎉
  IGN  Sean   Deposited  Spearow ♀ 14   Requested  Aegislash   Message  This is a Pokemon with great potential  Please raise it if you\'d like 
Your post is missing too much information from the title and is being removed    Please adhere to the suggested title format for future posts   As shown in the sidebar and submitting text  Recruiting post title from an independent clan should look like this    Recruiting  Name of Clan  Clan tag also recommended    Required TH Level  Clan Level  Farming Competitive Warring   Independent   Please look at the other posts on the subreddit for examples  Thank you    ────────  If you\'d like to repost  please let me know if  u PatienceBot removes you so I can override it   Thank you    
This look like my hometown 😳💙
Your post is missing too much information from the title and is being removed    Please adhere to the suggested title format for future posts   As shown in the sidebar and submitting text  Recruiting post title from an independent clan should look like this    Recruiting  Name of Clan  Clan tag also recommended    Required TH Level  Clan Level  Farming Competitive Warring   Independent   Please look at the other posts on the subreddit for examples  Thank you    ────────  If you\'d like to repost  please let me know if  u PatienceBot removes you so I can override it   Thank you    
Can\'t speak for Konduit but I\'ve used both OSBuddy and Runeloader  OSB has a lot more features but the performance you get on Runeloader is night and day better compared to OSB  As far as security  I was initially skeptical of it  but B0aty and his friends use it so  ¯    ツ   ¯
Machofucker is an obvious answer for rough sex  And may I introduce you to R gaystrugglefuck   😎
You already have the best offer with me remember 😂  Now u got to add those 4CC4 u have  No extra adds final deal  I\'ll be on a little over an hour 
American democratic vote chose trump​  stop being such whiny bitch and move on
CNN is going downhill so fast  What a beautiful start to 2017  😂
This is awesome to hear  Keep up the excellent work  my friend  Happy new year  😊
That was beautiful  I\'ll remember this forever ❤️   Side note  am too drunk to drive not good idea  
  IGN  Haydo   Deposited  Spearow ♀ Level 15   Japanese name    Requested  Aegislash    Message  This is a Pokemon with great potential  Please raise it if you\'d like  EDIT  Thank you anyway  OP  You\'re a trooper
  Here\'s something that will really bake your noodle  with regex 0 2 comes a bump in the minimum supported version of Rust to 1 12  There has been some debate over whether that\'s a breaking change or not  But if your crate\'s minimum supported version is less than 1 12  does that mean bumping to regex 0 2 is actually a breaking change   This is an issue I\'ve been noodling on for a while  mmm  noodles with mushrooms in a nice white wine sauce  sorry  the current  r rust theme is making me hungry   and I think there are two possible solutions for this   One is to teach Cargo about what Rust version range is supported by a given crate  and have it be able to query what rustc version it\'s working with  if it doesn\'t already know that   Then when doing resolution  it would simply not update crates that required a higher version of Rust  and likewise not update crates that required a higher version of dependent crates  For example  if my app depends on  regex   0 1 10  which in turn depends only on Rust 1 4  and regex 0 1 11 depends on Rust 1 12  but I\'m working with Rust 1 5  Cargo would just stick with regex 0 1 10 as the dependencies of 0 1 11 weren\'t satisfiable   Another option is to define some long term support releases of Rust  and define the stability rules for SemVer such that  for example  a minor version bump won\'t ever remove support for the past two long term support releases  If you spaced out LTSes at one every two years  then you would know that at the very least  a minor SemVer bump would support compilers up to 4 years old  Of course  given that Rust has only been stable for a little over a year and a half by now  you\'d probably want to ease into this  maybe having LTS releases every 6 months for a year or two  then once a year  then once every two years  with correspondingly increasing support lifetimes   Also  congrats on the release and 👍 on the API changes after a quick glance  haven\'t tried it out yet  but overall I\'m 👍 on what I see  
The Chinese doesn\'t make sense either  休扈 should be 休息  and 扛 should be 打 
The concept of  prescriptive  grammar    telling people that the way the speak is either correct or incorrect    is wrong  But dialects aren\'t arbitrary  Obviously random gibberish is not correct English because nobody would understand me  Similarly everyone\'s dialect and idiodialect  do  have grammatical rules   Think about this  Take someone random from Madrid and someone random from Lima  Whether or not they speak their area\'s standard  prescriptively "correct" dialect  their speech will be different  the Spaniard will pronounce words with c or z as  θ   distinción  and the Peruvian will pronounce them as  s   seseo   The Spaniard will also use  vosotros  in a lot of places where the Peruvian would use  ustedes   They diverge from each other in a lot of places  but neither of them are wrong  they\'re just different   It\'s the exact same thing  People\'s speech will be different and may follow different rules  but that doesn\'t mean any of them have to be  wrong  
Your post is missing too much information from the title and is being removed    Please adhere to the suggested title format for future posts   As shown in the sidebar and submitting text  Recruiting post title from an independent clan should look like this    Recruiting  Name of Clan  Clan tag also recommended    Required TH Level  Clan Level  Farming Competitive Warring   Independent   Please look at the other posts on the subreddit for examples  Thank you    ────────  If you\'d like to repost  please let me know if  u PatienceBot removes you so I can override it   Thank you    
Generally scales have a variance      10mg for a scale that reads out 0 00g and a scale that reads out 0 000g can have a variance of     1mg  A scale reading out to 0 0g can have a variance of     100mg 😱  Somebody correct me if I\'m wrong but this is what I learned in chemistry back in the day  
Yeah I think I know what you are talking about  when I first began playing games it was in environment in which I was trying really hard to beat people that I was sitting next to  But as I stated living in different situations I was able to spend more time alone and I think as consequence of was able to play really passively  I really regret playing passively  just passing time  I don\'t regret how I used to play  trying hard to win  🤔
I talked to about 40 sad  lonely losers tonight who can\'t get a date and hate their job   Say what you want sweetie  your comrades aren\'t too happy  I may be spending the night alone  but at least im not sucking dick  then spending the night alone ✌️✡
Staying in with my 3 kids all turnt up on sparkiling cider while being sick 😷 faaaantastic
Looks like breakfast is ready 😋 
I don\'t know man  I decided to break out my fancy headphones and listen to each song intently   don\'t even know if it was necessary   but to me whoever Jomalone is they don\'t sound consistently enough like Jackson for me to think it\'s him  The beginning of Sin  Oh yeah  The actual rap that starts 2 minutes in sounds nothing like him though    But I also swear that I can hear Jinyoung singing in Sin so I don\'t think I\'m any authority on what\'s really going on  ¯    ツ   ¯  Some people were saying they hear Mark too but I didn\'t pick up on that personally 
 ​What the fuck did you just fucking say about me  you НO0ОଠOOOOOОଠଠOoooᵒᵒᵒᵒᵒᵒᵒᵒᵒ  I’ll have you know I graduated top of my class in the good shit go౦ԁ sHit academy  and I’ve been involved in numerous secret raids on Baaddd ShIT  and I have over 300 confirmed  chorus  ʳᶦᵍʰᵗ ᵗʰᵉʳᵉ   I am trained in goOd sHit warfare and I’m the top shiter in the entire US armed mMMMMᎷМ  You are nothing to me but just another Baaa AaAadDddD Sh1t  I will wipe you the fuck out with precision the likes of which has never been seen before on this Earth  thats what im talking about right there right there   You think you can get away with saying that shit to me over the Internet  Think again  fucker  As we speak I am contacting my secret network of go౦ԁ sHit across the USA and your IP is being traced right there right there  so if i do ƽaү so my self i say so  you better prepare for the storm  НO0ОଠOOOOOОଠଠOoooᵒᵒᵒᵒᵒᵒᵒᵒᵒ  The storm that wipes out the pathetic little thing you call your life  You’re fucking dead  kid  I can be anywhere  anytime  I could be right there right there and I can kill you in over seven hundred ways  and that’s just with my bare  chorus  ʳᶦᵍʰᵗ ᵗʰᵉʳᵉ   Not only am I extensively trained in mMMMMᎷМ combat  but I have access to the entire arsenal of the United States Good shit Corps and I will use it to its full extent to wipe your miserable ass off the face of the continent  you little BAAaAaAaAd shit  If only you could have known what unholy retribution your little “clever” comment was about to bring down upon you  maybe you would have held your fucking shit  But you couldn’t  you didn’t  and now you’re paying the price  you goddamn idiot  I will shit fury all over you and you will drown in it  You’re fucking dead  НO0ОଠOOOOOОଠଠOoooᵒᵒᵒᵒᵒᵒᵒᵒᵒ    intensifies    I am a bot  and this action was performed automatically  Please  contact the moderators of this subreddit   message compose  to  r AyyMD  if you have any questions or concerns  
Hahaha  thank you  Ultimate compliment  😂
Yeah I guess the actual victims of the images should just realize it\'s too hard for grown adults to decide how to help them ¯   ツ   ¯ 
Nah  let\'s spare them the lip synching  😉
Lmao  I saw the send nudes😂  That\'s funny  
AWW he\'s beautiful all snuggled in the blankies  However  I have another idea where he can snuggle into 😉  
"Happy new year   🎊"  I\'d be okay with that  
Elixir 😑
Google translate does translate poorly  but I think it\'s for people who are looking for an idea of what they heard in a different language    For instance  today I sent a Russian friend   попробуй радугу  Which should\'ve been "taste the rainbow" but he reports it\'s closer to "try rainbow"  which I guess makes sense since neither phrase in either language makes sense out of context   I gotchu fam    https   youtu be LMkJuDVJdTw 
Thanks for the continued advice  I\'ve been saving your posts and printing them to paper for easy reading and future reference  Much appreciated  Happy Mew Year  😜
Wtf happened to germany  😱 and ghana split in 2 parts as well  
My homeland     Well  two generations ago 😉   My last name is Czajkowski and someday I will visit Poland   
There\'s an app for this  😂
sorry I couldn\'t help it shouldn\'t it be zai4 jian4   再见
All the positive vibes to Noodle from me and my kitty  Rascal  You can do this  buddy ❤
Our 12th man 😂
 Happy new year from me and this poor girl I made spend the day with me I took it just for you 😘  http   imgur com sr6JVZH  
Binge watched the Sherlock series to get ready for tomorrow   😱
There is no 12th doctor ಠ ಠ   There is only the 10th doctor  IDK why he\'s called the 10th doctor  since there weren\'t any doctor\'s before him  
Welcome to a little thing called "personal preference"  Hopefully you\'ll understand one day   Hopefully you\'ll learn how to do the  ¯     ツ   ¯ emote one day too since you have yet to get it right  
This man needs a hug  Someone give him a hug 🤗 
That\'s a lot of suppressors  😁  I don\'t like to use them on my ARs but I\'m going to buy one or two to keep on my stash just in case  
Then dedicate your time to working even harder if going to college is your goal  which by and large it should be  I know it sucks ass to have to put in more effort than you feel like you have to  but first of all its only for the short term and second it sounds like the position you\'re in is one in which the consequences of failure should be sufficient to make it worth the additional effort   頑張って下さい    Do your best    
Happy New Years from FL   ☺🎉
She\'ll have her We Belong Together moment again  just pray 🙏
I\'m deciding to give this a chance  Will update with my thoughts soon   edit 1  wtf are these remixes      edit 2  All There is weak as hell  boring beat  Why Trey Songz\' bars sound better than Fab\'s    edit 3  they really tried to hop on the bad n boujee bandwagon  Trey sounds so uninspired and does not fit the beat at all  Fab sounds slightly better but overall 👎   edit 4  they really are all remixes I can\'t be fucked with this shit  Fuck Fabolous Fuck Trey Songz Fuck Datpiff "did we even say that was it" headass
😂😂😂😂😂😂 that\'s passive af but funny as hell    Good work 
Thanks so much  I\'ll be digging into this stuff soon  Based on your comments though  I may have to begin making my own  😅
Ha  Yeah  exciting New Years  lol  multiple texts sounds rather exciting  😂  Cheers 
I have no money 😓 😖
I love AVA  I\'ve been using it on my open source projects for a little while  and I always get a bit sad when I have to go back to mocha chai at work   My opinion  Using async await helps make your test code really clean  obviously not exclusive to AVA   and being forced to write atomic tests can be handy  The main reason I hate going back to mocha chai though  is the beautiful stack traces  Sounds a bit silly  but it honestly makes finding bugs that much faster   which is why you write tests  right   Oh  and it really is stupid fast 😊  Obviously  your milage may vary 
  IGN  Ronan   Deposited  Spearow ♂ Level 11   Requested  Aegislash   Message  This is a Pokemon with great potential  Please raise it if you\'d like  Guess  Alolan Ninetales
At the very least make the stove pipe hole fit a Lego 😀
Hi  u hitrecordhenson  Your comment has been removed because your flair isn\'t set up correctly        Set up your flair here   http   pokegiveawaybot tumblr com  btn  If that doesn\'t work     here is a visual guide     http   i imgur com qKw7Hto png  Please enter one in the format  1234 1234 1234   IGN   by using the  edit  button in the sidebar where it says         ☑ Show my flair on this subreddit  It looks like      3333 3333 3333   Ash Ketchum  ΩR       edit     Make sure the box is checked to enable flair  If you don\'t know how to find the 12 digit number you need  please check out    this guide    http   www modojo com features nintendo 3ds friend codes everything you need to know  to find your friend code     I am a bot  and this action was performed automatically  Please  contact the moderators of this subreddit   message compose  to  r Pokemongiveaway  if you have any questions or concerns  
  IGN  ★Jum★   Deposited  Spearow ♀ Level 11   Requested  Aegislash   Message  This is a Pokemon with great potential  Please raise it if you\'d like
  IGN  L★   Deposited  Spearow ♂ Level 12   Requested  aegislash   Message  This is a Pokemon with great potential  Please raise it if you\'d like
Want to know an pre internet meme of the same nature   During the Cold War when the Soviets rolled into Czechoslovakia the Czech\'s resisted passively by renaming villages to "Dubček"  their prime minister at the time  or painting over signs that pointed anywhere but back to Moscow    Tanks rolled in and for all the might of the Soviet Army  the super power that kept US school children doing bomb drills  they got lost as they pulled up to towns called "Dubček" that didn\'t match the names on their maps  Then they would proceed to the next town also called "Dubček"  It took them days to complete a journey in a country that can be crossed in a few hours   Edit  small error and formatting 
 You clearly have a mental deficiency   In all my life  I have never seen a more gross misuse of the term "clearly " How is that "clear " What mental deficiency    You keep writing multiple paragraph replies of you insane ranting   Lol  I can only imagine what you\'re like in day to day life   "Good morning sir  can I take your order "  "Okay  you clearly have a mental deficiency  Stop your insane ranting "   Nobody is reading any of it   First of all  speak for yourself  and second of all  this is my problem why    glaze through your wall of text  glaze  ɡlāz   verb  1  fit panes of glass into  a window or doorframe or similar structure   "windows can be glazed using laminated glass"  2  overlay or cover  food  fabric  etc   with a smooth  shiny coating or finish   laugh at how fucking stupid you sound and move on  Oh  I\'m the one who sounds stupid  Let\'s take a look at a compilation I like to call " u firo sephfiro\'s Greatest Hits "   baser idiocy  emotional ethnocentrism  and halfwit illogic   morbid fascination of a reality show charlatan   spouting your psychobabble and polluting subreddit with your brigading idiocy  Again  you just can\'t take the whole "high horse" approach when you say shit like that    You\'re an obsessive creeper spending way too much time regurgitating the retarded shit your redneck dad says when he molests you each night   All right  I finally have a reason to report you   D  Oops  I guess I went on a bit of an insane rant there  Guess that must just be my unnamed mental deficiency acting up again  huh 
Yeah the scene did look pretty Europe y  Guess the guy who lives there is just boned then  ¯     ツ   ¯  
Get some gamer gunk 😂https   youtu be QPCDoANDkl4
DAMN gorgeous  Oh and the body isn\'t half bad either😉🤤
Holy smokes she is adorable  😍  She\'s very lucky to have a parent like you 
HAH yeah the most I would have 24 hours before would be a few glasses of wine  If I had an alcohol level of 500 I\'d likely be dead  I weigh 108 pounds 😂😂 
Back to the flag  I hope they just incorporate the harmony of Moros and Non Moros  I like the Sabah flag     Oops  🙊 
Seriously  That\'s the I have a drug problem hooker price 😂
Nah  I\'m pretty sure they μ  
Ohmygod  a lovely coincidence and 29 turn run to boot  Amazing  👍🏽💪🏽
I realise I\'m very late to this discussion but Hot Chocolate Designs on Amazon ship to NZ so you should be able to get them and they are seriously awesome shoes   Really  They\'re fabulous   https   www amazon com s ref bl sr shoes ie UTF8 field brandtextbin Hot Chocolate Design node 7141123011   Also there\'s a few places that import them here but it\'s actually cheaper from Amazon  Nothing should come between you and a glorious pair of shoes 💖
It has to be で働く  The に is a collocation with 勤める  but that doesn\'t extend to other verbs about work   I think the meaning should be interchangeable here  but a native speaker might be able to shed more light on that 
Happy New Year Everyone 🎉🎉🎉🎉✨✨✨💕💕💕  These are more like "life goals"   1   Mind my health   2   Appreciate the everyday good things  like saying "thank you"   3   Saving my anger for when it is truly warranted   Rage is exhausting      
Happy new year beautiful  Always a fan of your posts  Here is to another great year of you  Cheers  😊
I have an account  worth every penny 😉whats in it for me  
It\'s going to take more than a little \'preventing aids\' to make us forget about​ Vista 
Don\'t stress about it  You\'ve  presumably  got a roof over your head  food to eat and access to the Internet  Could be a lot worse😊 Next year will be better just wait and see👍
  in turkey  they have a holiday based on a guy called Noel Baba  basically Santa Clause but for turkish people   that holiday is on new year  What  No such holiday exists in Turkey  The holiday on new year is new year  not some Santa related holiday  Cities in Turkey are decorated with Christmas trees but they call them \'yılbaşı ağacı\'  new year\'s trees  because Turks technically don\'t celebrate Christmas  But there\'s no separate holiday on new years 
Should have changed that Rangiku to swimsuit version   😎
Hope you got them the VSOP  🍻
Nice  It was a very clever idea   You made it big  I can say that I was there when you posted the picture  😋
Thank you 😘
If things go right  I will have New Years anal tonight😈  I\'ll keep you guys posted on how it goes  
Emoticons are hard to get to on the Google keyboard  For some reason I have to hold down the comma key and then hit it  So  no  Pretty much never  😛
   original post   r gaming comments o0ita ಠ ಠ  ref search posts    poster   fetusxfajita   u fetusxfajita    sub     r gaming   r gaming    score  1293   comments  199
Ganjamami  you\'re my fantasy  I wish Inwas getting squatted on by you  😍
😏
Or when they\'re nano\'d and using whole hog    Mmmm    ಠᴗಠ 
Just got my tracking this evening for my ALD 52  I took your word for it and couldn\'t resist  Happy new year 😉
  IGN  Samuel   Deposited  Spearow ♀ Level 12   Requested  Aegislash   Message  This is a Pokemon with great potential  Please raise it if you\'d like
😂😂😂
Ive actually never been a fan of zombies  Haven\'t played it on AW 😅 i played it when it first came out on COD World at War and thats it   I need to try Overwatch for sure tho
Happy 2017  sobriety twin  Keep up the excellent work  I will not drink with you  😄
 Cheezy intro with Yung Lean Music ✅   Shitty filter ✅   Awful "rap" ✅   Weapon Variant ✅ 
Oh my gosh  you just made my year   This is the sweetest thing anybody has ever told me  Thank you so much for taking the time out of your day to say such endearing things  Your kindness brought tears to my eyes  Happy New Year  Wishing you an amazing and happiness filled 2017  ♡
Exactally what I thought 😂
Oh man  I got fucking ripped and the girlfriend had some Goji OG after a bottle of wine and 3 different shots and proceeded to puke for an hour or two  Yay spins lol Happy fuckin New Year 😂 I won\'t feel a damn thing tomorrow and she\'ll be feeling shitty
What a woman 😍 the things I could do to that pussy 
True  Still quite a few bonds 🦍
My husband spent the entire day playing on his PC  I\'m pretty bummed we didn\'t do anything together today     I\'m sorry you\'re feeling the same  It\'s understandable to be upset  I\'ve been talking shit on his gaming skills all day so I think we\'re even  😂 
You beat me to it I\'m drunk  Happy new year yotes    Can\'t wait to spend another year with every one of you wonderful fucks  ❤️❤️❤️
It\'s really weird this is like the fourth thread about Domino\'s that I\'ve removed in the last couple days from you  I\'m legitimately concerned    Edit  actually I\'m on mobile and it\'s my birthday so I\'ll let another mod remove it    Happy New Year everyone  ❤️  PS  We\'re not asleep  
  IGN  Dirk   Deposited  Spearow ♀ Level 11   Requested  Aegislash   Message  This is a Pokemon with great potential  Please raise it if you\'d like   Guess  Goodra
Fair enough sounds like your pretty sorted 👍
yes  it was an extrapolation  looks like a few people didn\'t agree with me 😂
no man we all need eachother when it comes down to it  glad I could make a difference 😊 cheers   happy new years
I remember those days 😂😂
I\'m Filipino  but I don\'t have lumpias right now 😜  I\'m on oahu too
I\'ve seen it 😂
As a first step you should make sure you feel comfortable with basic Python plus some of its advanced features   For example  are you familiar with     Object oriented programming     Decorators     The "with" statement   If not  you should start reading a tutorial about advanced Python first  It will make the rest of the process much smoother   Flask is a pretty simple framework   I would go so far as to say that reading through the official documentation may be enough  There is an O\'Reilly book on Flask that is supposed to be good  but again it\'s a small enough framework that you just might get by without one   As for Django  I think one of the best Django tutorials   introductions is the one on the Django project\'s website  https   docs djangoproject com en 1 10 intro tutorial01   There\'s also the Django Book which is considered a good resource by many  I haven\'t actually read it  http   djangobook com  I noticed a new book called "Tango With Django" was released a while ago   again I haven\'t read it but you could check it out  http   www tangowithdjango com  Lastly  I\'ve been working with Django the last five years or so   feel free to PM me if you have any questions 🙂  Edit  The one thing I would  not  recommend is Two Scoops of Django  I bought the 1 6 edition and found it shallow  unfocused and not worth the money
The dot with the dot and the line with the line  Brilliant 👌
Same here  I\'m in Inglewood also  😂😂
Am i😢  What do you fight
Geez ive killed Scorch like 70  times and still dont have one 😡
Would you take lime loopers  I really want orange loopers 😀
That was so nice 😢
  IGN  C C    Deposited  Spearow ♂ Level 11 Ultra Ball   Requested  Aegislash   Message  This is a Pokemon with great potential  Please raise it if you\'d like  Thank you 
So now I have OCD because I respond to people  HAVE YOU EVER ACTUALLY TALKED TO A REAL PERSON    There\'s a difference between being "thorough" and spending a copious amount of time arguing with trolls on the internet   Not really   thor·ough  ˈTHərō  adjective  complete with regard to every detail  not superficial or partial   Is that not accurate   P   an internet argument you lost  What  Are you just declaring the "argument" over now  Hey  that\'s a good tactic  I didn\'t know you could just end an argument at a random time and claim victory    seeking comfort from a safe space  Yeah  I made a public post to a subreddit that I know you frequent  I was really shooting for a "safe space " huh    karma whoring pet pictures or pandering to some dumb subreddit  Oh  that\'s rich coming from a person who just accused me of having no life  So I have no life because I have discussions on the Internet  but you somehow DO have a life even though you dug through my post history for some fucking reason  That seems like something an "obsessive creeper" would do  Heh heh  get it  I was referencing how you called ME an obsessive creeper a few hours ago  Could someone with a "mental deficiency" do THAT   
What a nice show  I should rewatch some episodes at some point  This post was ❤ ly 
I\'m so sad that we didn\'t know each other 🙁
This meme sucks donkey dick  I\'d vote dat boi over this   😤   flips table 
Deal with it 😎
Hah anytime I see that album I think of the scene from freaks and geeks when the hippie counselor lends it to lindsay😂
Adde me omar101602 sr 2704 main is Mcree mercy any tank i don\'t have a mic but I could listen👂
That\'s awful 😡
My first appointment isn\'t until the 18th 😫 I feel your pain 
n00b scriptor bought me a CDC  ◡   I am still trying to send him used PC parts for his dad 
Probably pitch accent  but they are  usually pronounced the same  The surname will probably be followed by  san  sometimes it can be pronounced Azai  浅い means shallow  and is an adjective  The characters for the name literally mean "shallow well"   The kind of well you get water from 
Ended up doing sour of the moment date night with my hubby  He cooked with me because he knows I love it ❤   got a movie from vudu and chilled on the couch  Now piled up in bed waiting on him and about to pass out  Hoping the kids sleep in too  
I can\'t wait to see what other fun you will have  😉
Thank you  It\'s also super comfortable 😊
Thank you 😄 and a Happy new year
New Year\'s Resolution 2017   QUIT SMOKING  🚭  Smoked last cigarette shortly before midnight  Broke the last 6 I had  Trying cold turkey  Best of luck everyone on the same boat  
i thought today was Saturday and new years was tomorrow  so nothing 😭 
Hell yeah  one of my favorites 👌🏼
Happy new beer 🍺
Yeah  he has been replaced   ͡° ͜ʖ ͡° 
  IGN  Skairul   Deposited  Spearow ♂ Level 12   Requested  Aegislash   Message  This is a Pokemon with great potential  Please raise it if you\'d like    Guess  Metagross  p
My engagement ring is a tungsten Batman ring  Diamonds might be a girl\'s best friend but Batman is Forever    😉  The original was a size 8 too  Fit over the nail of my pinky finger  lol   Congrats on screwing DeBeers and getting something you love  
Such a perfect sexy ass😍  best I have seen on here 
I have maxed SA SV and SSBKK on my main though 🙁
 Biggest problem with me when it comes to tackling my PTW list  I\'m either working  sleeping  or fixing my car but even then I\'d rather mess around on  r anime then watch anime now ¯   ツ   ¯  Yep  I almost rather do anything than  watch  anime these days  I spend almost all day consuming anime related content here  on Youtube  or on  a   but when it actually comes to  watching  it  ehhhhhhh  I\'ve been trying to get back into it ever since I started winter break 2 weeks ago  Unfortunately  I\'ve still barely touched anything  I did just binge Space Patrol Luluco though  and ended up really loving it  Wish I watched it airing instead of Kiznaiver during the Spring season tbh 
Happy new year to the next time zone  If anyone sees this   🍾
Butterface 😂😂😂
Thanks 🙏🏻 I will take this with a grain of salt    I just wanted to get a general idea for her   I appreciate you all and hope you\'re having a happy new year   
Thank you  hope 2017 is gonna be up and up for you 🍻
I feel like I fucked hobby doing my first pull of the new year on my back up account 😩
🐝ing cool please 
TODAY’S SUCCESS WISDOM  YOUR WHY WILL DETERMINE 2017  NOT YOUR GOALS‬   EDIT THIS POST by	Billy Alsbrooks Saturday  December 31  2016  ‪Today’s Success Wisdom  Each New Years goal you aspire to achieve should be rooted in a WHY that’s equivalent to accomplish it  Your WHY will determine 2017  not your goals‬  The reason behind your desire to accomplish it must be powerful enough to carry you through the ups and downs of life  Goals without WHYs are hollow and will fail to materialize   Billy Alsbrooks   newyearsresolution  goals  2017
Hi  u PolarisRush  Your comment has been removed because your flair isn\'t set up correctly        Set up your flair here   http   pokegiveawaybot tumblr com  btn  If that doesn\'t work     here is a visual guide     http   i imgur com qKw7Hto png  Please enter one in the format  1234 1234 1234   IGN   by using the  edit  button in the sidebar where it says         ☑ Show my flair on this subreddit  It looks like      3333 3333 3333   Ash Ketchum  ΩR       edit     Make sure the box is checked to enable flair  If you don\'t know how to find the 12 digit number you need  please check out    this guide    http   www modojo com features nintendo 3ds friend codes everything you need to know  to find your friend code     I am a bot  and this action was performed automatically  Please  contact the moderators of this subreddit   message compose  to  r Pokemongiveaway  if you have any questions or concerns  
  IGN  Haydo   Deposited  Meowth ♂ Level 5   Requested  HA Dratini   Message  Please trade Pokemon with me  Thanks in advance 
  IGN  ExpiredEggs   Deposited  Spearow Japeanese characters  ♂ Level 12 PokeBall   Requested  Aegislash   Message  This is a Pokemon with great potential 
She start POOPING till her BUTT deflates  😂👌👌
Well think about it and let me know 😘
You guys in GW are so ruthless     settle down 😂😂      I\'m sure  she\'ll post more when she\'s ready   aside from that  nice tattoo\'s and piercings      OP you officially have my undivided attention   😅
Lol  that\'s amazing 😃       But seriously  HOW DO I ACTIVATE MY ALMONDS   And where to buy cultured veggies 
  IGN  Rize   Deposited  Spearow ♀ Level 11   Requested  Aegislash   Message  This is a Pokemon with great potential  Please raise it if you\'d like   Guess  Dragonite   
she sat at the computer all day for you  awh ☺️ she\'s a keeper
Oh  Sounds mean  Youre a worthless human being if you stomp on dogs ✌
😘
I think so but idk cuz I have an iPhone 😆🤷‍♂️
I\'m sorry for your loss  OP  💕
As a Knick fan who has watched every game this season and has seen our atrocious defensive efforts   i have to say   we did pretty well tonight against a very good Houston offensive  James Harden was just having one of those nights   On the bright side   thats technically the last time the Knicks lose a game in the year  😀
Thanks 😀 
Nah dude you  own  that smile  don\'t ever change 👍
 uj im a big softie and i felt mean just typing that  have a smiley face to balance it out  ☺
But heaven isn\'t real 😉
ಠ ಠ  I will 99   take my main  Lux  into a "counter" or difficult matchup  Even if I pick a "counter" better champion against the opposing mid laner  I will 100  of the time do worse than if I had just gone Lux   I know my main moreso than any other champion  I know what matchups are bad for Lux and how to fight against them regardless  and most of the time I\'ll still come out on top   I tried picking "counters" against opposing laners in season 5  and I learned to stop doing that shit real quickly and to just stick to Lux in virtually every situation   I have a feeling I share these thoughts with most other people with a "main" 
Looking at that beef wellington     hey it\'s me ur sane girlfriend 🍽🍾
  IGN  Josh   Deposited  Spearow ♀ Level 12   Requested  Aegislash   Message  This is a Pokemon with great potential  Please raise it if you\'d like
 Das Kapital   by Mr  Marx  ★★★★☆   Imperialism  the Highest Stage of Capitalism   by V I  Lenin himself  ★★★★☆
Your username is  Putin  and you\'re not interested in political discussions over the years  Okie dokie 👍🏼
This system is actually really interesting  Here\'s another good reference to check out   On the X ray emission from M type giants  http   adsabs harvard edu cgi bin nph bib query db key AST bibcode 1998A A   330  225H   which specifically discusses α 1 Her  you can read this paper on ADS  but it sounds like you have a university library\'s access anyway    α 1 Her is the most massive and youngest of the systems they consider in this paper  However  it also has companions  so there may be interaction between the wind that the giant is blowing off and the lower mass companions 
See what happens when Eminem disses you  Stupid dumb bitch 😂😂😂😂😂😂😂
I agree ☝️ I would advise you to save up crates and trade them  I learned from experience  spent 160 dollars on keys and only have gotten slipstream out of it  Not worth the money 
The man is back in town   ͡° ͜ʖ ͡° 
Well at least he can\'t send emails  That was the bigliest issue of the election so that means we have the most tremendous President of all time now  correct    This is the dawning of the Age of Computer  We have to figure out what it going on  Do you know what is going on  Do I  Barron knows  Ask him now  Barron told me that he thinks computers are "the best" so I let him handle everything computer    Right guys  Pedes  Computers fucking suck  What are they good for  absolutely nothing  Throw them out  Stop using computer immediately for you own good  All Trump supporters off this website and all others immediately    Happy New Year\'s 1929  🎉🇺🇸🎉🇺🇸
Impossible  I know   Edit  🤔
Whenever I complimented one of my boys I get genuine thanks   I don\'t know what you\'re experiencing though  maybe your delivery lacks ¯     ツ   ¯
R I P  to the singer on this classic ﻿ 
Just takin\' it easy  man😎
Is this juniper   😍
Best post i\'ve seen all week😂😂😂
Luckily they didn\'t want to make a baby in your car😹
Keeping it lit  keepin\' it real  The best trade hubs are  Amarr   Dodixie   Hek   Rens   Shitta     In that order    • •  ⌐■ ■   Yeaaah    ⌐■ ■  
Hahaha😂
Cool  sorry for the split questions  I\'m kind of doing this in between family time   so she can turn it on and off  Is that just by Will or is there like a switch  How long does it take to get it get working   And lastly how much can she distinguish each type of special vision  All easily  Are they all like  different colours  or does she only put it on one at a time  If they were all on with the same colours  does she know enough to distinguish most    Sorry last questions I promise 😅 
  FC  4871 6826 1069   IGN  Max   Egg Details    B02   3 2   Smeargle  ♀    Jolly   Technician   1   31     31     31     31     31     Dark   3398     Availability  Pretty well this entire weekend  Thanks 
Thanks  I\'ve been using a gallon bag  a quart one for smaller projects  and my sharp scissors keep poking holes in them  I never thought about a laptop sath though  That\'s brilliant  I have a neoprene sleeve that will fit perfectly into my backpack 😄  Thanks   P S  Sorry about the late reply  finals and then the holidays forced this post completely out of my brain  
I\'m working doing personal residential protection for a major celebrity couple in bel air  Did the same thing Xmas and Turkey day   The job title is executive protection but I like to tell people I  Babysit adults or are rich or rich and paranoid 🤔🇺🇸
Final update of this comment  live feeds are shutting off and current information has moved away from this thread    Forensic investigation is underway   Conflicting reports on the status of the investigation and certain details about the attacker   24 foreigners were among those killed  from 11 different countries   Secular and religious leaders condemn the attack as international terror and vow to find new ways to defeat it after the attack on the Bosphorus nightclub Reina  a symbol of cosmopolitan Istanbul   The stories of the deceased are being recounted as the world follows along again in shock as Turkey became the first target of terroristic violence in 2017   The US Embassy in Ankara issued a memorandum clarifying that although Americans had been warned about travel in Turkey  they had no specific prior knowledge about the dangers of any location    https   tr usembassy gov tr abd hukumetinin kamu guvenlik mesajlarini acikliga kavusturma amacli bilgi notu    PKK Executive Committee member Karayılan states that he does not think the attack had anything to do with Kurdish groups  that their struggle is against colonialism and for the democratization of Turkey  and they do not intend terrorist acts against innocent civilians  for they want to gain the support of people of Turkey and the global community   Violence and bloodshed  https   np reddit com r WorldNewsUnbiased comments 5le110 reina nightclub attack istanbul graphic   Some of the Italian reports and local social media coming in include similarly graphic videos   I hesitate to link them all because they can be removed easily as some here observed in outrage soon after the attack   I defer to our Turkish speakers if you need a quicker summary update but I will list some international sources   Turkish BBC live feed  http   www bbc com turkce live haberler turkiye 38482615  background article on club  http   www leparisien fr flash actualite monde le club reina haut lieu de la vie nocturne a istanbul 01 01 2017 6512970 php https   www welt de politik ausland article160748994 Clubbesucher sprangen aus Angst in den Bosporus html  US intelligence warned about attack http   www trend az world turkey 2704833 html Putin condemns attack  http   www hurriyet com tr putinden ortakoy saldirisiyla ilgili aciklama 40323478 tv show used attacker costumed as santa http   www hurriyet com tr reina saldirisi o diziyi hatirlatti 40323393  Prime Minister Yıldırım is holding a meeting with security officials  http   www dailysabah com war on terror 2017 01 01 high level security meeting to be held after istanbul nightclub attack  cultural background of breakfast celebrations on January 1  http   www al monitor com pulse originals 2016 12 turkey new year breakfast is new must html   old Update  39 are counted among the dead  so far  16 are foreigners  only 21 of the deceased have been identified  69 are injured and in hospital  security forces are searching for the killer  media ban has been issued  Facebook safety check is in use for the Istanbul area  no additional internet restriction detected   tweet info  VLiveTeam  
What\'s the dating scene like at Tufts    ͡° ͜ʖ ͡°   Also  what is the Tufts Quidditch team like  if you know anything  That seems pretty sick 
  More updates       Winter 2016 🎄  https   www instagram com p BOtliAijlII     Qri takes a photo in front of an outdoor Christmas tree     Santa Monica Pier 🌊  https   www instagram com p BOtm32pjAQ2  
    Hold Me in the Shadow MV   Wicked City   Anime  4 29     http   youtu be rLRncA1tktQ     The full length version of Hitomi Tohyama\'s classic ending song in Wicked City 妖獸都市  Enjoy        Marten  GO   https   www youtube com channel UCvPSoAQa9kOguE 8RBibGNw   in  Film     Animation     57 474  views  since  Apr  2008     bot  info   r youtubefactsbot wiki index 
Haha yeah I just like the way it sounds  Never even seen an episode of the show ¯     ツ    ¯ 
We should forgive him as it\'s New Years  😂😂😂
For real  i cant believe how many people missed that  I must be a fly motherfucker  cuz i went way over these peoples heads 😒
Wow just wow 😲😍 
 Thinking back on games like Goldeneye for the N64 being only 12MB  is crazy   3D games on a console 20 years ago was insanity   I remember games coming on a single disk  3 5" and 5 25"   Checking the weather on your phone uses more than 1 44MB of data today    A 12MB patch on Steam would prevent me from playing a game for like 10 seconds while it downloads and installs  I\'ve probably put more hours into Goldeneye than any other game    Storage is getting cheaper almost constantly  games are getting better constantly ¯    ツ   ¯
Figuring out how to use Reddit😀
Definitely no need to be nervous  😍😍
Some use imgur and post groups of photos there  ☺  I\'m very interested in seeing what\'s inside 
Didn\'t get Gabby  but I pulled Sinbad from a YOLO shot and I\'m pretty satisfied with that 😎
If 2016 was a performance this would be it﻿ 
Ouch  that\'s gotta hurt  Well have a good new year 🍸
Hahaha fuck me then😂
Don\'t forget the happy thoughts 💫
I away a thought it meant "Titanic Knocked Out" 😐
That is actually genius  You just found a legit way to utilize an emote 😂😂
did she mess up really  i prefer when she doesn\'t sing﻿
Your submission has been automatically removed because it triggered some filters since you are fairly new  This is nothing to worry about  if your post follows the  r history rules we can approve it for you once you message us  Here are some often made mistakes you can check on before messaging us      Is it really about history  See our second and third rule      Have you included a submission statement in the form of a comment     When submitting link posts  leave a description  Focus on the quality  subject  authority  etc  Be the one that starts the discussion     Please  message the moderators  https   www reddit com message compose to  r history subject Messaging regarding the removal of this submission by  u dquail message  submission  https   www reddit com r history comments 5le4ab آموزش تصویری ساخت دستگاه جوجه کشی    if you believe your post follows the rules  so we can review your submission      I am a bot  and this action was performed automatically  Please  contact the moderators of this subreddit   message compose  to  r history  if you have any questions or concerns  
It\'s a new year miracle 😍😍😍
The messiah exposed yet again 😅   Credited to Messi to make someone look like he is the best
I hope I\'m not too late but I\'m just learning about you and I have a tremendous amount of respect for what you\'re doing  I don\'t want to waste your time  happy new years btw  but i would very much appreciate your professional advice  I will try to summarize my questions  which will hopefully include the questions that i don\'t know i should be asking   My goal is to work with open source projects that combine technology and education to contribute towards  approximate  egalitarianism  efficiently and sensibly  I have a passion for tech  music  and education but i can\'t make sense of my skill set  At this point  I\'m ready to dedicate the rest of my life to my goal  and I believe it\'s a goal that can\'t be actualized fast enough  but I believe it will take me decades to get to a level of contribution comparable to where you are  I\'m in the very very beginning stages of learning web development  chapter 1 5 of the odin project  and I want to teach myself as much as possible  just signed up for the learning how to learn coursera course  before attempting to take the CCNA in  hopefully  two years  I\'m 25 years old  I\'m moving to Boston in June  from Thailand  and I have no money  but  thankfully  less than  1k in debt   What kind of jobs can and should I apply for that might help me efficiently work towards my goal  I\'m tuning up my general resume right now while i gear up for a couple months of job applications but i feel I\'m already behind in so many ways  I want to work towards my goal  hopefully with people like you  but I also don\'t want to take give because that\'s counterproductive to my imperative of efficiency   I hope my question makes sense  I\'m currently looking through all the links you\'ve shared  I\'m starting with the game though 😂  Thank you for taking the time to do this Ama and I hope your 2017 makes your 2016 jealous  D
See I\'m only 25  no kids but my sister is a mess  She\'d let any of her kids play overwatch 🙄  It\'s sad  I\'m just glad my parents cared enough  It sucked at the time being the only 8th grader who hadn\'t seen Saw but an 8th grader has no business watching Saw  
   yuikonnu   ayaponzu  0042    Super Nuko World   Insane      osu ppy sh b 476149 "Ranked"    by  AllStar12    osu ppy sh u AllStar12     4 84★    osu ppy sh d 153776 "CS4 AR9 OD7 5 HP6 3 38  3 24 drain  190bpm"     100   185pp    ppaddict tillerino org  b 476149 "99   166pp 98   153pp 95   134pp"           hover over links for details        source code     github com mcpower beatmaplinker         contact dev    message compose  to mcpower  
How is this disgusting example of a human being not being banned   Wasn\'t sympathising with terrorists not against the sub rules   İf you\'re not Turkish get the fuck out of the sub you cretin  Last thing we need is pro islam propaganda on a day a Muslim killed 39  How inconsiderate are you 
No idea  Aus vs ind is at least one more example  Sorry  Drunk  Happy new year  West Indian fan  I love Courtney Walsh 😂
Lets go with some generic advice  Connected  Committed  Competent    You want some one who is connected  committed and competent  In the right combination to suit your career    A friend can be competent  is usually committed  but is often not well connected    Independents are often competent and can be committed  but also may not be as well connected    Bigger agencies have excellent connections and are usually competent but might not be committed to you due to their size   Thereʻs also the problem that things are changing rapidly every day  Electronic distribution and social media have rewritten the game  Even the bigger agencies are struggling to adapt  despite their connections  this lowers their competence    I think the best way to find good management is to be extremely self motivated  Have an active hustle with regards to social media to compliment your talent  And attract people based off your own merit   Ideally a manager is an equal  and their worth is reflected in their cut   15  of net for contracts they negotiate is my target    If they bring in big or consistent contracts then 20 25  could be considered    If you have bank  you could trialing them for a fixed fee retainer  But retroactively motivating people is the cart before the horse    As with all things  what you get depends on what  and who with  you negotiate    Good luck 
You got it right 😭
Hahahahaha 😂 thank you
1p is great as well tbh❗️ I would just get both  
  "But let\'s put it this way  we are responsible for a global motorsport budget and obviously Formula 1 is taking 80   I don\'t know exactly which figure  it\'s something between 100 150million  ￡80m ￡120m  at Renault we\'re spending on motorsport  I don\'t want to give any specific figure "    FOM revenues  sponsorship proceeds such as sister brand Infiniti\'s contribution and engine supply income  both Red Bull teams will be supplied in 2017  providing an incremental 40m ￡32m  are on top of Renault\'s marketing contribution  in turn incentivising the team to go for results and acquire outside funding     This is unlike the ill fated approach adopted by Toyota  where the parent company provides the full budget  then recovers against the team\'s income streams  It sure showed in both       "We talked about that  but basically Renault guarantees a contribution  which is obviously based on budget  based on revenues we have  and the ambitions and budgets we need in order to develop performance " Abiteboul adds     "But then we need to go and find the sponsors  If we are short on sponsorship  then it\'s a burden for the team  it\'s not a burden for  Renault  "    During its nadir  Lotus\'s Enstone headcount reduced   through cull and attrition   to around 450  clearly not enough to mount a championship winning challenge given that Mercedes calls on double that  without engine operations   Has Abiteboul managed to redress this situation     "We are  20  on that figure " he says  eventually admitting to around 580 heads  And in Viry     "The count at Viry is a bit complex to work out  To make it simple  we have 450 people on site  we have more or less 200 contractors  and we have 250 people who are on permanent contract  We have a very strange model  which is not a very good model now that we have long term stability     "I\'m in the process of switching things out a little bit and having more permanent heads  because we have better control  It\'s also more cost efficient to have that in house  and a bit less contractors  But that\'s not just for Formula 1  because in Viry we are doing Formula 1  we are doing  work  for Formula E  for eDams  and also customer racing activities  So Formula Renault 2 0  RS01   "    We eventually settle on 400 F1 dedicated heads in Viry  but Abiteboul is quick to point out that the operation operates mainly on an out sourcing model     "We don\'t manufacture  we only do assembly of engines for development purposes  So engines that go to the dyno  not at the track  they are built in house  There could be some thinking about doing more than that  Personally I\'m keen     "I think that it\'s for the design office to embrace properly what they do as designers  it\'s good if there is a workshop very close  next door  and they can get to see the parts that are being manufactured  or the engines that are built  For the time being there is no firm decision that is made on that  That\'s something that we are looking at "    How does he react to suggestions that the operation is riddled with political warfare  that battles are being waged on three fronts  namely within Enstone  within Viry and between the two wings     "Two things I will say  is frustration coming from lack of performance  We are all driven by good performance  we are competitors  we are racing people  we have massive pressure coming from everywhere to deliver  So clearly that\'s creating tension     "But we are together in this tension  And the second comment that I will make is that no team has been capable of finding immediately it\'s exact structure  So you need to bear with us  you need to sort of leave us alone a little bit 
 \'Here is a nice little breakdown of the interview\'  Chill dude  you\'re the one claiming some point and sourcing an article that has literally copy and pasted a tumblr post  which even says its paraphrasing   and linked the tumblr blog as the source  which inturn links to a gamefaqs thread as its source  which again links back to a tumblr post as its source  and then finally leads back to the article on famitsu    Which  since you asked  does not include Tabata "straight up" saying that "Genesis is the creation of the world"  but that   創世記の中に召喚獣が描かれているということは、この世界の成り立ちにとって非常に重要です "Sōsei ki no naka ni shōkankemono ga egaka rete iru to iu koto wa  kono sekai no naritachi ni totte hijō ni jūyōdesu"  "It is said that the summons in "Genesis" that have been painted here  were extremely important regarding concerning the way in which this world  Eos  came about the origin of this world"  That is my own  fairly literal  translation  The translation from the first tumblr post which the gamefaqs thread used  from an individual who said their English proficiency wasn\'t perfect  btw  read as   "Summons in Genesis  that means summons played a very important role in creating the world ”"  And for the record  google translate reads it as   "It is very important for the formation of this world that summoned beasts are drawn in Genesis"  So yeah  he only said the Summons were involved in the lore backstory of the world  he did not say "this painting and everything in it represents the creation of Eos  btw that\'s also Ardyn"   The only comment about Ardyn with the painting is when Noctis says "I guess Ardyn was meant to appear in these as well"  the man in the centre is still very much there with his three friends  not at all blacked out I have no idea where you got that from  Gladio also says "guess we\'ll witness firsthand whether their story comes true"  so clearly "Genesis" is meant to be a premonition 
 Did the Divine give you that list  Can I have a copy    That\'s called the quran     If you study hadith on the Light of Fatimah and how she existed as Light  an Nur  and verses on Sophia in Genesis  you can take your first step into a Deep Mystery   Once you start studying and seriously contemplating as Allah asks  you realize Allah created the Feminine Divine when he created Fatima  She is an aspect of Allah just as Sophia is   al hikmat   the Wisdom   in the Feminine   Feminine Wisdom     The light  Nũr  of Fatima  as  was created before the creation of the earth and the heaven    part of a hadith  narrated by Imam al Sadiq      This is a load of rubbish  Would you please learn how to read texts and context      And you also need to learn to use sunni theology and sources while trying to convince a sunni to share your heretical beliefs  That hadith is a shia specific one  You\'re apparently confused  no wonder you left islam  Obviously you learned nothing from it        I don\'t believe that   I never did    So you never were a muslim  So please stop claiming otherwise        I do not believe in your God who sends every non muslim to hell   I\'m done with that     Even if you don\'t believe in him he surely will judge you in the next life  There\'s no escaping that 
This year   1 Take my kids to grade level    teaching in an underprivileged school    2 Get the most fit body of my life yet    gain muscle   lose fat     3 Get into a good masters program   have a job offer as back up    fellowship is ending in 3 months    4  Be an awesome wife to my hubby    He doesn\'t ever complain ever   I would love to be as good to him as he is to me   He\'s an inspiration on how to be a good spouse   ❤️   5  Be an awesome   positive human being who adds to life of everyone around them    
But DVA still looks as though she has Down syndrome  No matter how large her boobs are 😂😂  HAPPAY NEW YEAR
"I\'m overloaded "  Emily may have something to do with that   ͡° ͜ʖ ͡°  
F that faggot gorilla   I bet he doesn\'t  even disguises and catch a real super hero    WE ARE ♯🖕
Your lead is good  The problem is east asian gaming is virtually unknown to the west  So  English  Google will be of limited help to you   I will try to help you  I\'m busy with New Year preparations though   If I don\'t reply in a day  please bother me thru PM or something I will find you a download link and will remirror it or something  I am also an enthusiast for east asian gaming      If you want to do it yourself  And risk  malware and viruses  cut and paste the title of the game  烈燄鋼狼傳  in Google and it will lead you to Chinese and Taiwanese websites  
I\'ll help you  The first 2 minutes of this streak resulted in a national championship for The Ohio State Buckeyes  See there is some silver lining 😊
Blinded from that incredible highlighter  and cut from your brows and wings 😍
We\'re TrAmazon because it covers everything from A Z 😂
I\'ll kiss your neck too 😘
Why u always tryna take my girls bro 😭😭😭  Edit  https   imgur com a sdZkI I stg they talk like we\'re dating and they don\'t like me same thing with Katy 
Well interestingly  according to physics  trust me  I\'m a physicist   there exists a thing called the "dispersion relation" for waves in a medium  which relates the wavelength  weeeell technically the wavenumber  but that is given by wavenumber   2π wavelength  to the frequency  weeeeell technically the angular frequency  which is given by ω 2π frequency   For a vacuum it is super easy  ω c k where k is the wavenumber and c the speed of the wave  which simplifies to the usual c fλ    For a skull filled with all sorts of goop and bits and pieces of nonsense and bullhonkey  the wavenumber k is going to be some hideously complicated mess of dependencies on ω   However  the easy part is that due to the boundary conditions of propagating waves  again  trust me  think about a piece of string vibrating which has a sudden change in thickness  each side of that boundary must move up and down in tandem so as to not break the string but the wavelength is free to change to make up for it    frequency is a conserved quantity   So the shape of the wave is going to be all sorts of whack  and different frequencies are going to propagate at all sorts of different speeds and reach your ear at very different amplitudes  but ultimately when it reaches your eardrum the rate at which the little hammer strikes the little anvil will be the same as the frequency of a sound produced in your throat  Of course  it is only individual frequencies that are preserved  the overtone intensity pattern could really be anything  smaller than the original   and there\'s no reason to insist that all parts of the sound arrive at the same time  except that the differences are too small to notice     Therefore  no  the pitch of an oscillation produced in the larynx that propagates to the ear will not change as it propagates through the head and skull and goop and whatever other crap is in there  However there\'s no guarantee that what your ears tell you it sounds like is true  This difficulty is further compounded if you remember that what your ears hear from the outside is a combination of the sound that goes directly from the corner of your mouth to your ear and the sound that bounces around the room and then to your ear  which is why singing outside is a pain in the buttocks   Only the pitch your ears give is really accurate  Which isn\'t too helpful  as you could still end up sounding like Richard Nixon except singing in tune  But hey  that\'s why we have singing teachers 
Hopefully we see yall gsw  in the semis and not for long either 😬
thanks！ it looks like the only downside of playing Mughal is that it couldnt form India  although it can also accept most cultures on the sub continent  I\'ll give it a try  although since Qing can change into China  i see no reason why Mughal could not do the same    
Lol  Dude  I am a proud owner of a pussy  🤣🐱
What a great way to start the year off  😊
I love this 😍😍
Yes I am  Also known as Australia 😉
😂
I\'m Palaven there too   😁
I still find it odd adding the 1℅ fee to the income    If you fund your insurance using an extra contribution would you still say that   If I contribute an extra  1190 to super  then it will be taxed at 15℅ and 1℅ fee  leaving  1000  I can then pay insurance with that and pay 16℅   Out of super I cannot tax deduct life or TPD  so I pay 49℅ tax and I need  1960 to pay  1000 for insurance 
Holyshit that\'s really clever  She has 모 and も in her signature
Just one 11 pull  2 five stars   First rainbow  my 2nd thyrus  pulled it on the OSOL phase 1 100gem draw   Heart sank a little  2nd rainbow    Y\'shtola burst    Yes  First healer burst  It\'s funny though  game refuses to give me any relics for xiv toons except Thancred\'s yoshimitsu  3x   and now four y\'shtola relics  omnirod  the circlet  2x thyrus   😰
Nanyue\'s capital was Panyu in Guangdong   Look at the modern distribution of Tai languages  The Li  Hlai  language is spoken on Hainan island  Ong Be language is another Tai language spoken on Hainan   Then suddenly skip over to Guangxi  where Zhuang and Bouyei Tai speakers live   Guangdong was inhabited by Tai speakers during Nanyue rule  Cantonese is Sinitic  Middle Chinese  over a Tai substrate  that\'s what linguists say  Guangdong is between Guangdong and Hainan  both of which have indigenous Tai speakers   Đinh Bộ Lĩnh was an ethnic Kinh   Chinese records say that the Lý dynasty family was from China while Vietnamese records don\'t say anything on that subject   Vietnamese records say that the Trần dynasty were a family from Fujian in China and that the Trần were able to communicate with Yuan envoys  speaking Chinese   and that the Hồ dynasty were a Chinese family from Zhejiang which claimed descent from the Emperor Shun of China  The Hồ dynasty tried changing the official language from Classical Chinese to Vietnamese written in Chữ Nôm  and renamed Đại Việt into Đại Ngu   Lê Lợi was a Mường  un sinicized Austro Asiatic Vietic     Vietnam referred to China as Wu people because of the kingdom of Wu during three Kingdoms    Han people was originally not used as an endonym by Han  Han people called themselves "Hua" during the Zhou dynasty and continued to use that name as an identifier  which is why overseas Chinese in Korea call themselves Hwa and Chinese in Vietnam are called Hoa  Both Cantonese and people in Beijing called themselves Hua since antiquity to the Qing dynasty   "Han" was used as a name by northern non Han people such as the Xiongnu  Xianbei  Mongols  and Jurchen  to refer to the Hua people of China because they remembered the long rule of the Han dynasty in China  It was in the Ming dynasty when "Han" was adopted by Hua people as a self referred endonym to replaced "Hua"   "Tang" was used as a synonym for Hua by Cantonese and Fujianese people  
Glad to see I\'m not the only one 😉 
Blessed🙏
I thought the same until I saw the price tags on the backpacks located in Hau\'oli City\'s Mall  😖 
Like this   Derek Smart‏  dsmart  ReggyTarquin  wtfosaurus no doubt spearheaded by the ex CIG Ben Lesnick  community manager who has his own similar past and website 
ツ
ツ You dropped this 
The primary reason people like you were disappointed that nothing happened on 1 1 00 was because thousands of people like me spent years fixing software and operating systems to make sure nothing would happen on 1 1 00   You\'re welcome  😁
"It\'s a long way from West Africa"   😂😂😂😂😂
Fuck that ho  🖕🏻🖕🏻 ✌🏻biatch 
Darn 😞
 Calling it a night guys I\'m psst drunk but it\'s my big 25 and my gf just showed up she playing in my dreads n biting me so I know what\'s next 😅😅😅 so see you all next week when we resume the show love you all happy new year god bless ypu all 
1  Is the fb page you mentioned one that belongs to a company  I found that one and now am in love with their stuff  but couldn\'t find a discussion post or anything about the stitchbow system  Would you be willing to link it to me if you can find it  or if it\'s a different page altogether    2  I just picked up a similar one from Michaels with Christmas money from my grandparents and a 50  off coupon  I\'m thinking I\'ll be able to attach a clamp light from IKEA and hopefully add a tray or clipboard or something too  It\'s solid wood so it shouldn\'t be tooooo hard  Thanks for the advise   3  👍  4  another fantastic user advised a laptop bag  I\'m gona give that a try but will keep my eyes open in the mean time    Thank you very much for all of your advise  I really appreciate the expertise   P S  Sorry about the late reply  finals and then the holidays forced this post completely out of my brain  
Happy New Years to the best fans in hockey   Make it the best one yet  ya hooligans and GO FLAMES GO    🔥🔥🔥
Most natives speak perfect standard Russian with no regional features noticeable   A person  γ  instead of  g  most likely is a southerner  but is not necessary for a southerner to have  g  instead of  γ   My relatives don\'t have it   The historical Russian accents mostly disappeared   True accents are those of non natives  stereotypical Caucasian  Central Asian  Estonian  Jewish  rather dead now but still well known   Those can be imitated 
she is super cute 😸
Badree and Baz to open next game  trust me 👌👌💦
I don\'t give in to his every whim  I know it\'s easy to assume that based on this post but I\'d be living a very different life full of church attendance  6 kids instead of 2  wearing church approved underwear  never drinking coffee  never watching porn  never discussing religion with our kids  and so on if I gave onto his every idea about what would be ideal    Every other issue that has come up we have been able to discuss it rationally and come to acceptable compromises  Ex  I don\'t keep a coffee maker in the house but he\'s chill if I drink coffee  I don\'t attend church except on Easter and Christmas  Most of the other stuff I mentioned he didn\'t even contest but they are things expected by the church of its faithful members and do fall under what he would prefer    3 out of 260  weeks is less than  01℅ occurrence of verbal abuse in our marriage  People fight  I get that drinking is normal  I do  but to a Mormon it is an automatic life ruiner  There is no normal or safe amount to drink  A fair comparison would if you found out your partner shot up a massive dose of heroin  That would be very concerning to you  right  That\'s how many mormons are taught to view alcohol 
  This was a great rebuttal  It helped me rethink everything about the matchup  However  I still stand by my initial position and will try to address areas of your argument   Fair enough  You are entitled to your opinion  though I still highly disagree with your stance that Itachi gets stomped by B     Bee would be the one ensnared by tsukuyomi  not Gyūki  We know because Bee\'s been caught in genjutsu before  and Gyūki\'s perception wasn\'t altered  only Bee\'s  Does not matter  For B  it will be days  For Gyūki  a few seconds  B will still have endured days of torture by the time Gyūki breaks him out of it  and that is assuming Gyūki can break him out  which I highly doubt      Having a tailed beast meld with and disrupt your chakra is by no means "normal "  In principle  it is  It is a form of the regular genjutsu dispelling method of having a partner disturb your chakra  and the tailed beast  Gyūki  is the partner   This  http   2 bp blogspot com  Eeo05gTZTj4 WCWW9Kk ZEI AAAAAAACl0s yOGq73GFbScIHZ7qYU8hUiXi  qeCkAOwCHM s16000 0549 014 png  is what he did to B to get him out of a genjutsu  That will not work for Tsukuyomi    EDIT  Should also add  very high level genjutsu will still work on perfect jinchūriki  Yagura was kept under Obito\'s genjutsu for a while      Also  Naruto and Bee had to deal with Itachi and Nagato at that time    Naruto never mentioned Nagato  That statement of his was made right after he saw Itachi\'s Mangekyō  and he referenced two specific techniques of the MS  so it is pretty clear that he was just talking about the MS      Kabuto\'s edo tensei was near perfect and brought the zombies back at almost their exact strength as when they died   Still not 100    90   vs  100  is significant difference in a battle between peers        By the way  was that  brought back at near full strength  actually mentioned  I remember it being mentioned for Orochimaru\'s Edo Tensei  but not Kabuto\'s      but he was on the defensive in that panel which seems to show that he was still overwhelmed by Bee\'s sword prowess  to a degree  He was unarmed     I also said Bee was much faster than Sasuke at that time  so he would still fare much better against the speed of the flames than Sasuke did  Debatable on the "much" part  CS1 Hebi Sasuke is no slouch  and we both know Itachi\'s whole strategy in that fight was to hurt Sasuke  not kill him  I don\'t think he knew that Sasuke could shed his body like Orochimaru could      Is that stated in canon  Iirc Bee can manifest pieces of Gyūki without going into the full  Hachibi form    The two times he did it  he was in tailed beast mode      That\'s like saying susanoo is just a larger target for a bijuu bomb  Okay  and  What is easier to hit with a very large sword  a 100m  tailed beast  or a 1 9m combatant that can zip across the battlefield very quickly      Why    Because it is Amaterasu and B is clearly not immune to it if it hits him      If not  can he use them as a shield for the flames   Those bones do not cover him entirely like a shield would though      There\'s quite a few what ifs here   Uh  there are what ifs everywhere in this thread      I\'d still give the long range advantage to Bee    Same here  Was simply pointing out that Itachi does in fact have a long range attack available      It displayed nothing to suggest it has the strength of a bijuu bomb  Yeah  I know  it has one feat  and one partial barely usable feat  It is still his best long range attack      For example  Itachi probably used his MS abilities less than 3 times against Kakashi Jiraiya in pt 1 and he was out of chakra    Yeah  in Part 1    Part 1 Kakashi would be floored if he used the Sharingan for a long battle that lasted maybe an hour  and he could only use 4 Chidori Raikiri in a day  Part 2 Kakashi could fight with the Sharingan active for an entire day  Part 2 Itachi was on his death bed  could barely see  and he still spammed multiple genjutsu  Tsukuyomi  Katon jutsu  2 Amaterasu  and Susanoo  This was done the same day that he had created at least two crow shadow clones  and had given up a portion of his power Shisui\'s eye to Naruto    Part 2 bumped up the characters\' chakra levels significantly  To the point where their chakra levels are really just plot dependent      it\'s Itachi being fast enough to prevent this from happening that\'s in question   He is more than fast enough  but the real question is if he can do anything about it  His only real option would be to try to hit B with the Totsuka or Tsukuyomi  I doubt the Yata Mirror would be able to withstand a Tailed Beast Bomb      Itachi was backing up to avoid Bee when Bee was attacking with his 7 swords  so it doesn\'t seem like Itachi can truly match Bee in close quarters either  He was unarmed      Ayy m8 u wanna go   Fite me irl  
Good choice of music 👌
Hair and lipstick coordination   goals  😍😍😍
Given my answer to the shooting plane   that half my problem is sharpening   maybe the shaptons are a better use of my money  I want a sharpening station that gets it done fast and well  From what I hear the shaptons prob do that   I\'ve already got the Mk ii so that\'s halfway there  I\'ve also got four veritas lapping plates that were bought with the thought that I would use diamond paste of varying grits on each   but that hasn\'t worked very well  Could be that my eBay diamond pastes are garbage though  Maybe I should ask peoples experience with that instead  😜  Thanks for the tip about the Japanese ones 
That smile  👌
You heathen 😱
I\'m the Sergeant at a corrections facility so I\'m spending it with inmates  and my deputies 😆     You know know the Lieutenant is off so I\'m the boss this weekend  Happy New Year everyone 
Wow this is amazing   I really like this 👍🏻👍🏻
She seems currently focused on personal life  She IS getting married this year  I think that\'s not bad at all and kind of healthy  😊  She did say she wants to focus on acting on the future  What she does on her Instagram for fun seems    not life ending  This won\'t hurt her really  even with strict behavior standards  You\'re being   dramatic  
Oh  I complain about Twitter far too much for it to just be your fault 😄
Don\'t worry  I\'m crying too 😭 But I did get the AGL godku so it\'s not a complete loss  
How old were you when it happened and were you close  I haven\'t had anyone close to me die ☹️
Well good luck with that pal  Best way to say Happy New Year I guess 😂 
Thanks  Appreciate the input 👍 Omaha\'s always got their own haha
Happy new year centipedes of all nationalities  religions  races  dick sizes🍆🍆 and ALL     2017     MAGA
In the back yard with me helping maime a punkin 😌
Why else would you be using iOS  😋
That\'s where you\'re right kiddo 👉👉
Well  I guess I can\'t fap to her now 😂
LoL  perfect  Well played 😎
I LOVE it when people think they are going to get you fired  at worst I\'ll get a write up  not a big deal  and that\'s only if I really did something wrong  I actually had a lady once be surprised I still worked there after she complained  and I was promoted 😂 
🖕⬅ thisss tho
That does help a bit  Great dad\'s are not as common as they should be  There\'s a Winnie the Pooh quote  weird I know  but it\'s "how lucky I am to have something that makes saying goodbye so hard"  Trying to remember how lucky I am  I\'m glad you had a great one too 😊
1  I currently use bobbins too  I just hate how long they take and how messy they get in the box  So I\'m in search of an alternative    2  I think I figured out a decent solution for now  Gona have to do some custom modification but that\'s what my dads tools are for 😊    3  yes  Parking  Thanks for the link   4  sounds good  I have a lot of hurry up and wait time in my course schedule and some  read most  days my brain isn\'t up for 15 min of flash cards after a couple hours of intensive note taking    Thanks for all your tips   P S  Sorry about the late reply  finals and then the holidays forced this post completely out of my brain  
No way  I\'m jealous of what you do haha  I plan on writing fiction and non fiction books when I get out of college and move to a new state  Which isn\'t far off time wise  I love people that do any type of art whether that\'s movies  comic books  books  songs  photography  etc  Also  congratulations on coming out that takes a lot of guts   😊
Ugh    I\'m glad I just reread this     It\'s 630pm and I\'ve barely left the lounge  but I cbf going for a full run I usually would  so I\'m going to go take some of my own advice   10 Min run     then I can return to doing abso lutely nothing  👍   Edit  ended up going for a 20 Min run   If I hadn\'t been prompted by your reply reminding me of this post I wouldn\'t have at all  Thanks    
That is one perfect hole 😍 great view as well  
Enthusiasm    Rub his inner thighs   Lightly massage his balls  lick them  suck them  nuzzle them  kiss them   Lick upward on the shaft   Kiss the head of the penis  and lightly tease it until that delicious drop of precum drips out  Lick it up  Smack your lips and look into his eyes   Lightly suck the head  lolli"pop" it   Moan against the head of his dick while you have it deep inside your mouth  There\'s a reason it\'s called a hummer   Use your tongue against the underside  As you pull up  push your tongue up against his cock   Don\'t forget to work the shaft with your hand  Same rhythm you\'re using with your mouth  Keep your hand wet    Do all of ⬆️ that slowly  working your way into a rhythm  Once you get him going reeeeally good  once he says "oh fuck yeah  keep doing that " stay at that exact step  rhythm  and depth   His legs will start to twitch  Keep going  Maybe a liiiitle bit faster  Suck a teeny tiny bit harder   His head will tilt back  he will grunt  grab your hair  and keep him in your mouth  When he tries to grab his cock  knock his hand away    When he cums in your mouth  swallow it immediately so you don\'t have to taste it too much  unless you want to    Very specific instructions  but it seems to work for me   Customize to your liking 
For sure   I\'m really not sure on how party chat shit works on PC  I downloaded discord  ¯   ツ   ¯ 
Oops    can\'t change the title now  🙃
Oh neat  I started learning Slovak a few weeks ago  and while I\'m happy with my scatter gun approach  I\'ve got a vocabulary trainer and I\'m working through traditional style learning for grammar etc  as well as simply reading listening a lot to get familiar with the language   It\'s all very well having individual words in sound form  but it\'s very good to have them as a sentence or phrase  And it\'s really handy hearing words slowly  I still struggle differentiating ľ from l   Ive just realised you\'re the guy from radio slovakia  International youtube  I\'ve listened to those lessons too 😊 I\'m also from New Zealand 
But he\'s probably gay  so huh     😰
Ngl you\'re hot as hell so anything that helps blow a load 👌🏼
Wow  fitting start to the new year for r gaming by upvoting this garbage to the front page ¯     ツ   ¯ 
I would like gold kind hearted Sir  😂  Edit  spelling  fuck autocorrect
That\'s what i\'m planning to do   ͡° ͜ʖ ͡° 
Lol it\'s funny because I decided to check  r cringe just now to see if the performance was up  totally was  😂😂😂
This morning she lay down on my legs as I was asleep  Later today I accidentally broke a mug and promptly collapsed in sobs  Crazy anxiety today  🙃
I\'m a little late to this but god  yes  My ex  girlfriend at the time  ghosted me in October  I was head over heels crazy in love with her  Then she posted on my wall in late Nov that she missed me   I commented "did you lose my number  "   I never heard from her again    til tonight when she texted me "happy new year " 😑Just stop  I still miss her  😩😢
Lmao who\'s Brendan 😂   do I know you  
Hahaha  Alas  may get questions from the lil lady if I went out and got one just to hang out on it with you  Maybe you should just go get a far superior computer to play on  🤓😉
Haha thanks hun  😘 You\'re amazing 
We\'re hoping to have our own place in the next few months  I can\'t wait  we\'re planning to have the biggest housewarming party ever once we finally do 😆  Lol she\'s so weird she wouldn\'t even comment to me or SO  Maybe she\'d say something to FFIL but he already thinks she\'s crazy 😅  Edit  I defo think it\'s control  she even re arranges the rubbish and recycling bins after I put things in  I\'m tempted to just leave the rubbish for her but it\'d just give her something to complain about 
Pursuing Paradise only has two albums associated with the name  but they\'re both top five material for me   Adult Contemporary Novel  is basically a concept album built around Goo Goo Dolls  Savage Garden  and A Walk to Remember  Link  on mobile    http   bedlamtapes bandcamp com album adult contemporary novel  I\'ve also never seen 幽霊  T O G E T H E R  mentioned on r vaporware  and that\'s criminal  Errs more toward straight chopped and screwed material but it\'s grounded in a lot of great early eighties samples  The artist also managed to do what I think is a better spin on  リサフランク420 than Macintosh Plus  Link    http   ghoststogether bandcamp com album   2 
And a Happy and Prosperous New Year to you  😃🎉
On an out of town work trip and worked through the ball drop 😶
Song Joong Ki in tears is the one thing I was never prepared for and never will be  💔
Happy new year  Just visited this sub again and saw the new theme  looks great   I\'ll be buying the OnePlus 3 soon  is  HotGadgets  http   www hotgadgets com ph  a reliable reseller  This store sells the phone brand new for the cheapest price  ₱19 580  or maybe do you know some other place where I can buy it cheaper     Also  I\'m still looking for a case and a screen protector for it  Is Spigen Neo Hybrid better than the Spigen Rugged Armor  Thanks 
I was able to get int and phy Gohan in the buuhan banner 😂😂
Aww  I\'ll keep him in my prayers   Hopefully that doesn\'t offend you 🤗 
Im a girl  Well  I am a 30 year old single mother  This is my advice to you   Deal with your shit  Be yourself   Don\'t "only show your feelings" with your girlfriend   We will leave you   or try to fix you  We can\'t fix you  We will try  You will ruin it    Or  don\'t   Just my advice to men 🕉
Being bad feels so good  🖐
Let\'s beat the ghetto city tomorrow and I will start working on it 😂
I only lasted for half an hour  its all my wife😊
Diyanet is an office part of prime ministry  And guess what  in this government prime minister is just a puppet one   They say  Tayyip Erdoğan\'s son in law Berat Albayrak  energy minister  is the one behind prime ministry  Head of Diyanet cannot say anything without Tayyip Erdoğan\'s knowledge or approval 
No third party  I ordered the SIM directly through Google  I have​ a mail forwarding service  Aramax  This gives me a US address that forwards items on to Saudi Arabia  I have been using it internationally for half a year now 
  ID     979 774 926    IGN        will change to Ćhaoš     Rank   27    Lead     Luneth 5k HP 428 atk  Elza 350  atk Refia Chizuru Tilith    Activity    other than school and sleep most of the time     looking for     who can help me out in Elt and pro event dungeon I appreciate all type of people have around 30 space  Thank you
Oh  😂
Okay  thank you  How do you know it\'s an adjective  Is it because of the second symbol  or is it just because the name is never written with a い and that\'s just how it is   Also  do they both mean shallow well  just one of them is a name instead of the other 
Thank you for doing an online karaoke session with me 😅
Damn dude  looking good  And thanks for your nice words  the 2017 18 school year is mine 👍
    ID    238 053 033     IGN    FSociety     Rank    21     Lead s     5★ Chizuru     Activity    Daily     Looking for    Help clearing the raid  i\'m really struggling and as i new player i could really use those metal gigantuars and awakening materials       Other    happy new year 
Because I\'m in PST and midnight is half an hour off  In my group we wait till exactly midnight 😂
Oh yeah I do like her videos 👌🏼
Totally saving this one to use in the future  😂
This is my second request  I think it\'s cool as long as we wait 10 mins  Otherwise just skip me over    IGN  Haydo   Deposited  Mudsbray  Pampuli  ♀ Level 27   Requested  Flash Fire Growlithe   Message  Please trade Pokemon with me  Thanks in advance 
💜💜 Love you all  Have a wonderful year  
Your mom is gonna kick ass ❤ best wishes to you and yours  
Third Wheel Drive  racing game where there\'s a date going on in the back seat of your car  ❤️
Im with u 🅱️ new balance is sus 
This picture definitely sent my mind racing 😈 Happy New Years too love 
Time for the hardest to identify vowel inventory of all time    Front   Mid   Back             i     u e  ə   o    a       Diphthongs    all falling     ui ua iə     Phonotactics     Diphthongs only appear in final syllables before the coda consonants  h  ʔ  and ŋ  where they are the results of a diachronic vowel breaking process which a larger and better known language has not undergone  So it\'s a stereotype  in this country  that people from this language\'s region all pronounce their pre coda vowels as diphthongs when speaking the standard language     Glottal stop hijinks     Before glottal stops   e  and occasionally  o  both tense and raise a bit   a  glottalizes  and  i  and  u  break into diphthongs  respectively   So  try and guess the family  If that\'s easy  go for the region 
🦆 The time I\'ve  spent with my dad and brother hunting waterfowl all over the Midwest  are without question  my most cherished memories  My dad never wanted to wait for the ducks  so we went to them  We would load his F 150 up and go on a rumor there were ducks somewhere    Tearing up  sniff sniff  Good times for sure  That\'s funny you mentioned the weather on your day  I can\'t remember where I parked  but I remember the weather 25 yrs  ago in December 
Looking at logs   2017 01 01T18 34 32 284852 ▶  DEBU keybase crypto go 20  bda getMySecretKey  acquiring lock 2017 01 01T18 34 32 284959 ▶  DEBU keybase crypto go 26  bdb getMySecretKey  lock acquired 2017 01 01T18 34 32 284987 ▶  DEBU keybase login state go 1046  bdc   Account "Keyrings   cachedSecretKey" 2017 01 01T18 34 32 285027 ▶  DEBU keybase login state go 1048  bdd   Account "Keyrings   cachedSecretKey" 
Had no plans  Ended up at this awesome show my sister couldn\'t go to  HAPPY NEW YEAR   😜🍺🍻
No texts for me either  And I\'m already in bed  11 29pm   Been in bed since 10pm lol  Happy New Years 😄 
Yet there was no evidence that she did  🤔🙄
Thanks for the link  Now thanks to Amazon data analytics a my wife thinks I\'m a pervert and b  I\'ll get asked constantly if I want to buy one    😐
How depraved are you guys  Some of the downright disgusting opinions that I have read on this subreddit ever since Modi made this announcement      People will have kids just to get ₹ 6 000  Apparently  poor people are so stupid that they will have kids for a pittance     Modi is paying people to have kids     Money will go to BIMARU states    What you idiots need to realise is that this is a good initiative  We  as a country  need to increase our spending on healthcare  Not to mention  a decrease in child mortality leads to a decrease in fertility rates   https   www ncbi nlm nih gov pubmed 1670537    Can\'t really believe how callous and bigoted people can get  You\'d rather have infants die than their parents have the means to take care of their children  
Are there no comparable blush formulas  I\'m sure there are vegan dupes for you  😊 
The best possible companion for 2017  So adorable ❤
Thanks for this  This was not meant to hate on anyone\'s party  and I didn\'t like that it ended up being a big political rant    😬
You\'re a lucky man  High five the eight year old from a stranger on the internet who is jealous you guys get proper jerk chicken  Then assure future chicken makings with a foot or lower back rub on your wife  😄 Happy new year 
🎤"And many mooioore    "  also at 7 
It has been ∞ days since an SEC team not named Alabama made the playoff I guess
Maybe she shouldn\'t have left millions of illegal immigrants and Muslims stranded and at the mercy of Trump    💡 
It\'s only 11 41pm here and I\'ve been in bed since 10pm  My husband is already asleep 😄 
😂😂😂😂😂😂😂😂😂😂 omg dude no fucking way 😂😂😂😂 I\'m so dumb😂😂😂😂😂
This man managed to single handedly trigger every Charger fan on Reddit 😂😂
Off topic but I peep you on that new Roy Woods 👀
Wow ☹️ that\'s a difficult sickness
I don\'t imagine too many of us are  friend  I\'m sorry to hear it hasn\'t gone the way you wanted it to so far  but you\'re not out of the fight yet  ❤
Im lowkey hoping that most people will be too hungover or tired to wake up and go 😂😅
😿poor thing
It\'ll just clear Cydia\'s package database but it\'ll be redownloaded when you refresh your sources  nice title btw 😂 
I\'m appreciative of this subreddit  and of all the moderators do in order to keep it a safe  open  fun place   Although I do not currently have a MIL with whom I have issues    bio MIL is sadly in a rest home  suffering from Alzheimer\'s  and while we had our run ins  she definitely was never The Worst  Step MIL hasn\'t been in contact much since my FIL passed away  and she lives 1200 miles from us   I  am  one  sort of   My older son has a fiancee he lives with  so  while not technically a MIL  I am one  for all intents and purposes    And  I want to remain on good terms  in close contact with  and actually  liked  by my son  So  I read on here in order to make sure that I never become a JNMIL    Or  at least that\'s my excuse    😊  In reality  my instincts are pretty good  so I think I\'m mainly here for the drama  along with some of the other llamas     😉  Happy new year to everybody  and be safe  
Just train technique  Or if your not 💯 soft rill  Tell your coach your injured  Then ask him if you can roll light and he\'ll prob suggest a non spaz higher belt    Rule  1  Do t be a bitch  In a street fight they aren\'t going to wait and ask you if you are injured  
surprised that sink didn\'t break 😳
Yeah I loved these  👌🏼
 PREACH  🙏
"Star Pointro" by The Roots  👍
Great write up  OP  And I appreciate the links  I did not realize that \'Disappeared\' was on Amazon  I know what I am doing the next few week nights now when the wife and kiddo go to sleep ☺🙃 
This is a weird question  😐 To answer ur q  I just unzip  whip out  and enjoy the pleasure of finally letting it out after holding it in   looking like I\'m pregnant  Usually about 2 min  pissing 
Happy new year to  u cheeckyasian and all her friends    Here\'s to hoping for lots more posts from you in 2017  maybe some with your friend 😉  
Easy there  Delores Claiborne    😆😊😃
I mean   she\'s 10  She isn\'t learning it from me     🤗
Such a wonderful sight to end off the year with for Daily Best Girl   EMT  ♥   And yes  Happy New Years    
It was her turn damn it  🐸
I know where Rixhmond is  I accidentally went there thinking it was closer than jolimont    I had to walk through tiger land 😒
😂😂😂
You\'re the kind of girl i\'d dream of being with but would be too anxious to talk to 👌
That\'s almost double mine 😔
  Suck a thick dick my friend  I reply Cavs all the time    😂😂 I\'m dead 😂
Is OP in the past or are we all in the future  😮😮😮
No way   I love you too boo    😘😘
New year  same idiots 🎉
Very handsome 😍
Fuck have fun doing the event 30 times bro😂😂
Trust me  there is so much more I wanted to add but didn\'t have the time for the song  Oh  and there\'s never enough Bebop     ͡° ͜ʖ ͡°   Happy New Year  
     Sacrificial Pact  http   media Hearth cursecdn com avatars 309 691 348 png    Warlock Spell Common Basic 🐙   HP  http   www hearthpwn com cards 348     HH  http   www hearthhead com cards sacrificial pact     Wiki  http   hearthstone gamepedia com Sacrificial Pact    0 Mana   Destroy a Demon  Restore 5 Health to your hero       Call    PM  https   www reddit com message compose  to hearthscan bot     me with up to 7   cardname    For more PM   info   
😢 my little bud\'s blind  deaf\'s gotta be hard too   what a trouper 
You sound like she\'s going to be homeless tomorrow 🙄
His YouTube channel  BMX Madness  He has no picture and I\'m trying to help boost him up to get started a bit  🤙
I wasn\'t a huge fan of the lights  either  They\'ve grown on me  though 👍🏼
They are nationalist and racists  but there are different groups which call them ülkücü gray wolves  Like Alperen Ocakları  Nizam ı Alem Ocakları    they are the more islamist ones of the spectrum  They are related to BBP  Büyük Birlik Partisi  and they support AKP government  BBP was separated from MHP  Those Turkmens in Syria are mostly in relation with this group    MHP is more nationalist compared to BBP  and I\'ve seen some gray wolves who are strongly against islam  Ülkü Ocakları is related connected to MHP   And some of the gray wolves directly changed sides and became part of AKP  Those are mostly neo ottomanists and seen some somewhat center right nationalist too   I guess these are the basic facts about them 
Lol you should be careful dropping pics like these  dont want the women  and men of course  here dropping their panties 😂😂😂 
Oh Faulkner  he can take my middle stump off any day 💦 
  nichijou       MAL  http   myanimelist net anime 10165    A P  http   www anime planet com anime nichijou    AL  http   anilist co anime 10165    ADB  http   anidb net a8168      TV   Status  Finished Airing   Episodes  26   Genres  Comedy  Slice of Life           anime      LN        FAQ  http   www reddit com r Roboragi wiki index        r   http   www reddit com r Roboragi        Edit  https   www reddit com r Roboragi comments 3i82q0 by mentioning his username roboragi can now       Mistake   http   www reddit com r Roboragi submit selftext true title  ISSUE  text https   www reddit com r anime irl comments 5le3oy anime irl dbv0xvp       Source  https   github com Nihilate Roboragi       Synonyms  https   www reddit com r Roboragi wiki synonyms       Subs   Dubs       ♥  https   www reddit com r Roboragi wiki thanks 
Only 2 she was just way more natural of course having her husbands mistresses paraded in front of her probably didn\'t help  But yeah she seemed way happier in the debates with Bernie  Idk the primary was so different from the general trump made the general too hard to watch he was just so mean 😥
Aww it will be okay  we are here for you  If you ever need to talk I\'d be happy to 🙂
Thanks for the reply  much appreciated  👍
Depends on how you asked  "What the hell league are you scrub  " Would be rude    See my reply to him for the final answer  😎
Haha shut your mouth  If only we could look half as good as you without trying 😑
 A frog 🐸 comes out of somewhere    "NORMIE OUT REEEEEE"
  If you are working on a small project or building a web page  you can work at home  And after a year or two of doing that you will feel like you have made exactly zero progress in your work life  You will not develop the management skills and the tact of interpersonal relations  I think what u jerryvo is trying to say is this  If you take the easy way out  working from home  or don´t take on more responsibility  you´ll never get promoted  Managers want to see go getters  the guys who will stay the extra hour or so till the work gets done  They won´t just come in at 8 leave at 5  There are a lot of people who do that but these are also the guys that end up being at a dead end position only to switch to another dead end position at another company  Remember  youŕe a new grad  you should be doing everything for the first 2 3 years of your career to build a reputation in your company as well as in your industry as a go getter  Be hungry  Go the extra mile  daily  
Some really nice candles  herb kit  wheel of the year  or bath teas 🤗
I didn\'t know he needed alone time like that 😂
This  😂😂😂😂
  Boku no Pico       MAL  http   myanimelist net anime 1639    AL  http   anilist co anime 1639    ADB  http   anidb net a4544      OVA   Status  Finished Airing   Episodes  1   Genres  Hentai           anime      LN        FAQ  http   www reddit com r Roboragi wiki index        r   http   www reddit com r Roboragi        Edit  https   www reddit com r Roboragi comments 3i82q0 by mentioning his username roboragi can now       Mistake   http   www reddit com r Roboragi submit selftext true title  ISSUE  text https   www reddit com r Animemes comments 5lcds2 does anyone know what this yaoi is called asking dbv0zct       Source  https   github com Nihilate Roboragi       Synonyms  https   www reddit com r Roboragi wiki synonyms       RoboRecommendation™  https   myanimelist net anime 5081 Bakemonogatari       ♥  https   www reddit com r Roboragi wiki thanks 
Ya that\'s awful 😭
Looks absolutely gorgeous would love to be tongue deep in that 😋 
Win a tournament and get a sub button   That\'s a lot but a lot can happen in a year ¯     ツ   ¯ 
I did already know I just wanted to see it in print 😉
As many as it takes 😋
Whoa how do you get a 37 36 on the ACT 😱
Darth uncircumcised penis is too much of a mouth full      ͡° ͜ʖ ͡°    
Why\'d you trim the last one  🙁
Must have nothing to do in you\'re life but to legit check yeezys  SMFH get off reddit and find yourself a life 😂😂
I wanted to vote for Margaret  😭
Adult nog   the secret life of pets movie 🎉  dorks  OLDNESS
That first track is fire 🔥🔥🔥
Your team is shit  I don\'t care 😂😂😂😂
Thank you very much  sorry for late reply but I had to go to bed  I\'m really pleased because I didn\'t think you\'d have any left by the time you got to me  😀
Caring for my sick child  Woo  adulthood 😂
Is she seriously a pornstar lol 😂😂😂
About a mile away  Phish was improvising a variety of music of all types of genre and didn\'t need a backing track or monitor 😉
ಠ ಠ  This is good content  but ಠ ಠ  So I guess that means you did it right   I\'m declaring this the best  r Amazonwtf post I\'ve seen in 2017 
Bro job bro job choo choo🚂
You the real MVP👏🏻
Happy new year to you too  thanks for the trade  Info on Oricorio   Oricorio	♀	Timid	Dancer	31	20	31	31	13	31	Dragon	Pound	Tailwind			Ultra Ball	Shiny OT  Ettke  ID 652697 hatched from  r SVExchange  https   www reddit com r SVExchange comments 5hajjc 2062 dbc0xb4  
I posted before you but no one saw mine 😥😥😥
His abs aren\'t the only thing rock hard     ͡° ͜ʖ ͡° 
  3 gatsu no Lion       MAL  http   myanimelist net anime 31646    A P  http   www anime planet com anime march comes in like a lion    AL  http   anilist co anime 21366    ADB  http   anidb net a11606      TV   Status  Currently Airing   Episodes  22   Genres  Drama  Slice of Life     Episode 12 airs in 6 days  6 hours  7 minutes           anime      LN        FAQ  http   www reddit com r Roboragi wiki index        r   http   www reddit com r Roboragi        Edit  https   www reddit com r Roboragi comments 3i82q0 by mentioning his username roboragi can now       Mistake   http   www reddit com r Roboragi submit selftext true title  ISSUE  text https   www reddit com r anime irl comments 5le7js anime irl dbv1210       Source  https   github com Nihilate Roboragi       Synonyms  https   www reddit com r Roboragi wiki synonyms       Taiga   Ami   Minori       ♥  https   www reddit com r Roboragi wiki thanks 
Not sure how to disable OTA without a JB  but what I\'ve done on my new iP7 is go to Settings   General   Storage   iCloud Usage   Manage Storage  under the STORAGE section   From here make sure the iOS 10 2 update is deleted from your device  don\'t quote me on this but mine was around 500 MB   After that I\'ve had no issues with my new phn trying to pull a quick one on me  👍🏼
Haven\'t tried that myself  However alcohol makes me more primal sometimes slightly dommy  and I\'m full s type   weed makes me silly and a pillow princess  and LSD is just it\'s own thing and a great time  👍
That\'s beautiful  I\'ve never seen a all white snap dragon  The snap dragons I\'m growing are cream to pink bi color and the other mass of snap dragons is a shocking maroon color  There are two new varieties I just discovered for snap dragons  one is a tri color and the other is a large giant strain  Snap dragons are cool  I bet the giant variety has really cool dead heads I can use for dry floral arrangements 👍 👁️👃👁️ 👍 
About face 🇺🇸 Present arms ✌🇺🇸👋Edit  I\'m sorry  that was needlessly hostile  I shouldn\'t make so many assumptions about you  I hope you have an excellent year in 2017 and most of your dreams come true  but not all of them  cos then you won\'t have anything to strive for in 2018 
When our daughter was in NICU after she was born  the second hospital we got transferred to had this policy 😳😳😳 or depending on the nurse was only changing it every 6 hours  OMG  They thought I was OTT for wanting to change it at every cares every three hours  Luckily we were only there for 3 weeks  
Nope right here for all to see lol  Don\'t get salty cause bradys wife has more balls then brady does  Little girl he is doing his gay modeling lol his wife even makes fun of him 😂😂
Wow you are breathtakingly gorgeous  I wish my skin was in good enough condition to wear a light coverage foundation and show off my freckles  covering them up just to hide my redness and scars breaks my heart 😭 haha
Ouch  Oh God    I feel terrible for her  I feel like what everyone else was saying is right  It looked like she was supposed to sing the first song  but didn\'t have her monitor in place and could barely even speak into the mic confidently  much less sing  Then on the second song  either they improvised and played the track hoping that she could lip sync to it without being able to hear it  or their plan was to lip sync all along  Either way  not having the monitor made even pretending to sing impossible      People give stars a lot of shit for lip syncing highly produced songs that took multiple takes and layers and layers of audio effects to produce  but those same people would be pissed if she got out there and performed it live because it wouldn\'t sound anywhere near as good as the radio version    When it comes down to performing for a new year\'s Eve show that\'s being broadcast on network television  every pop vocalist is going to make the decision that gives the best audio for the millions of people watching it at home  There are just too many opportunities in that second song for her to stumble over the words  in one of the quick parts  and fuck up the whole thing  Thus  she made a calculated decision to lip sync that song  but I think the first song was intended to be sung live    I watched Eminem live last year and there were parts that he was clearly lip syncing  At first  I was pretty disappointed  but once I thought about it I realized that a lot of his songs are super  super fast and can\'t be reproduced at 100℅ every performance  If I was Eminem and I could perform a song without stumbling 90℅ of the time  I\'d probably take my chances doing it live  but at some percentage below that  I\'d become more and more willing to do the lip synced version  Now  if I\'m any performer going on live TV on New year\'s Eve  and can\'t be at 100℅ reliability performing any given song  I\'m going to lip sync  
Haha likewise to you and your big muscle bound Chad body  😝  
Done   I understand that  u jackpot51 quit his job to work on Redox full time  That takes real strength and conviction to do  I really respect that  I want this project to succeed  It\'s very important work that will do a great deal to validate Rust  As a side effect 😉 we also get a fantastic operating system  which might well become quite popular   IMO  it\'s something that Mozilla should perhaps put some thought toward i r t  sponsorship  it\'s at the very least a good PR gesture  yet potentially so much more   P S  to all other Redox contributors  fear not  I am quite aware this is not the work of a single person  Thank you  too  and happy new year 
This is brilliant 👏👏👏
I 💯percent commit to this and pledge not to view porn or jerk off during the month of January    Let\'s do this   
Lovely ass Zoya ji  Would you like a black lund in there  😘😘
Kaito and rantaro    Because they probably won\'t 🤔
This reminds me of \'paper war\' which was also made in Japan﻿
Just got it today  It took a while  Ah well at least I have it for the new year 😅   here it is  https   imgur com gallery MVnMi  
Haha   and aw  😂   
No excuse to forget wedding anniversaries  ya    wife  today\'s a special day    husband  yah  happy new year  flip newspaper    wife  ఠ ఠ  
Buy a computer and only view social media on the computer   That\'s what I did with Facebook   It helped a lot   Now to deal with Reddit 😭
Omg whats happening rn what do I do                😂😂😂 Happy New Years  hope your studies are goin well and a fun upcoming year  
Videos in this thread   Watch Playlist   9654   http   subtletv com  r5la298 feature playlist   VIDEO COMMENT      Reapers Peepers  http   www youtube com watch v  bE5NILPrMg   6  https   www reddit com r Overwatch comments 5la298   dbuoc0e context 10 dbuoc0e    What does he eat   Street Fighter 5   Widowmaker vs Roadhog  Overwatch  Gameplay PC Mods   1080p  60ᶠᵖˢ  HD ✔  http   www youtube com watch v 5Ing 6SNm s t 14s   2  https   www reddit com r Overwatch comments 5la298   dbui1wn context 10 dbui1wn    Or Birdie from Street Fighter  Jnukrat Trains a Roadblock  http   www youtube com watch v 2EdX6XfHEqE t 73s   1  https   www reddit com r Overwatch comments 5la298   dbubdie context 10 dbubdie    "IT\'S FRY NOON" I\'m a bot working hard to help Redditors find related videos to watch  I\'ll keep this updated as long as I can       Play All  http   subtletv com  r5la298 feature playlist ftrlnk 1     Info  https   np reddit com r SubtleTV wiki mentioned videos    Get me on  Chrome  https   chrome google com webstore detail mentioned videos for redd fiimkmdalmgffhibfdjnhljpnigcmohf     Firefox  https   addons mozilla org en US firefox addon mentioned videos for reddit 
Klopp is our father ❤❤❤
I have 6 of the 8 just need elekid and magby 🙄
That makes it even worse 😢🔫
Haha  no worries  and thank you for your kind words 💖
Love to all   😘
Watching Jurassic World in home theatre full volume  Family is out of town  😀
Finland  Finland  Finland  That\'s the country for me  🎼🎼
So sorry for your loss 😞
😂😂😂
  I don\'t recall Vali vaporizing a 5000 meter tall mountain  I recall a feat with a mountain  but I don\'t recall an exact number being given  Also  the Mech Tatsumi was fighting was bigger than multiple mountains     Even Aži Dahāka failed to think that the wyverns were able to use that absolute power  Having been obstructed by the halving field for a moment  that moment was enough to ensure that Vali would be able to successfully strike him with his demonic energy  But just in the nick of time  Aži Dahāka avoided a direct hit by using teleportation magic to escape  Vali’s blast of demonic energy lost its target  and collided with the tall mountain in the distance   With a loud boom  the five thousand metre tall mountain was instantly decimated—     Issei gets scaled to this in his strongest mode  with Penetrate to ignore defense his attack should be stronger   EDIT  Truth to be told there are too many errors regarding the size of Shikouteizer that I\'m not sure how to scale it  Multi mountain would get countered by more than dozens of pages where Tatsumi and Wave fighting it 
You are why normies will get what\'s coming to them one of these days 😑
And a lot of extra time too because you can just skip sleeping    😂  Remember to get some rest every now and then  If you can\'t sleep then at least resting for an hour or so will do miracles      Lack of sleep is seriously one of the shittiest drugs ever  food is important too  
Oh my god  do us a favour and save us the sentimental bullshit  🙄
Hi  do you mind hatching this egg for me   B27   1 5   Mimikyu  ♀    Brave   Disguise   31 31 31 23 31 0   Ice  0667   My details as follows    FC  3110 5115 0580   3DS name  Brian   Trainer Info  Asada♪ 53652   Prehatched  yes   No nickname    Location  Any   Timezone   GMT 8  https   greenwichmeantime com time zone gmt plus 8     Availability mostly in the afternoons and evenings  but I can always accommodate you      Thanks in advanced  
Beat me to it by a minute good sir  😉  I still rock these on my iPhone  
    ID    167 655 280     IGN    Tempest     Rank    16     Lead s     5★ Noctis   5★ Ramza     Activity    Extremely Often      Looking for    High Attack Leads   Any lead that could Help out in finishing the event       Other    I\'m also working on awakening a 4★ Refia   4★ Chizuru   3★ Kefka  Any help is greatly appreciated  I could barely get pass the INT stage of A Frosty Offensive because of those damned boxes  
I love your pictures  I hope your fiance makes you as happy as you made him  😉
Amen  I had to teach my boss how to copy   paste and select all  I also have to help with changing fonts and moving graphs in excel   and everything else  She\'ll even make me take her power points and put them into the company template format because it\'s too hard for her to figure out  But for some reason she talks down on the mellenial generation and is constantly sending me articles about how we suck 🤦🏻‍♀️ Really    Sure   
This is incredible    Happy 20🇧🇷🇩🇪   
Wow  my mistake  Too late for me to be commenting on reddit  😜
no like seriously this theme looks 🔥
¯     ツ   ¯   Quality over quantity I guess  Make the few female heroes the strongest of the lot and have unique personalities rather than have multiple female heroes with too many similarities   Maybe they haven\'t thought about it or maybe they have  I guess you could ask them 
Thank you so much  I have the same anxiety towards doctors and stuff too  I am proud of you for getting through the same situation 💕💕
😂
Any survey which gives me a figure of more than 95  agree to anything reminds me of the original dear leader of the glorious Democratic republic of Korea   Even if a real survey had a question that do you think earth is flat   Even then 10℅ of population will end up saying they DF don\'t 
I don\'t understand anything ¯   ツ   ¯
thanks for the offer dude  and happy new year   Steam ID  http   steamcommunity com id iamgimp        Criminal Story  i smoked pot  before  it was legalized   • •    • •  ⌐■ ■  ⌐■ ■ 
If 2016 was a performance this would be it﻿ 
If 2016 was a performance this would be it﻿ 
Chug that swilll mate 🍺 
I can sense the bigotry and hatred  Cri moar 😂😂😂
Hey👊🏻 I\'m the owner of our club called xxDivison Agentsxx⬅️⬅️ send a request by clicking my profile for your spot today  I can accept everyone but not message  ⭐️Over 650 Agents 😎Announcing giveaway 1st WEEK JANUARY🎁🙏🏼loudsaskboy306 twitch tv👈 Everyone is welcome to join our club  ♻️Make sure to ADD ME AS A FRIEND👈 for your latest announcements on future giveaways   ♻️🎁🏆🎉🤓Thanks to all taking place in the events   Please be sure to share and tell all friends of friends are welcome 
She literally doesnt give a single fuk 😂
JP is great but he always talks about the social utility of religion  I want to hear whether he believes it\'s factually true  I would guess not but I\'ve never heard him address this specific question  These two questions are separate and a lot of religion debates boil down to one side arguing that there\'s a lot of social utility and the other side arguing it\'s factually incorrect    Another thing is that JP on many occasions has said he values TRUTH supremely  and a good society will follow from the pursuit of factual truth  This is a value I agree with but I wonder how he can reconcile this value  seeking TRUTH  with the view that religion has social utility despite being factually untrue   I\'m sure this will come up in his discussion with SH which is why I\'m particularly excited about it ﻿
That\'s why he\'s a gunner 😊
 Archer Vice  Southbound and Down  http   archer wikia com wiki Archer Vice  Southbound and Down    How about an episode of an animated show  😬
Why thank you 💕 just got my hair cut recently  don\'t like it too short but it was too long  I\'m sure your eyes are just as amazing 
Wow nice shot you\'re feet are beautiful happy new year😘😘😍😍😍😍😘
 Born in Brooklyn  New York  Kweli grew up in a household in Park Slope  His mother  Brenda Greene  is an English professor at Medgar Evers College of the City University of New York and his father an administrator at Adelphi University  His younger brother  Jamal Greene  is a professor of Constitutional Law at Columbia Law School  a graduate of Yale Law School  and former clerk to Justice John Paul Stevens on the Supreme Court          Kweli was a student at Cheshire Academy  a boarding school in Connecticut  He was previously a student at Brooklyn Technical High School before being academically dismissed  He later studied experimental theater at New York University           😂😂😂😂😂😂😂          I\'ll take  Fronting  for  500  Alex       Dude\'s whiter than Eminem 
This is not something that can be summed up in a pithy response  Stop being willfully ignorant  The conceptualization of "Islam" as a religion is an innovation  I\'ll quote the Encyclopedia of Islam since you seem incredibly lazy and averse to researching for yourself    In European languages  it has become customary to speak of Islam to denote the whole body of Muslim peoples  countries  and states  in their socio cultural or political as well as in their religious sphere  And it is in a similar sense that modern Arabic often uses al islām   What connection does this very general meaning retain or not retain with the etymological significance of the word  and its evocation of “surrender to God”     This question  an important one if we wish to avoid misconceptions and misunderstandings  has been discussed recently in a well documented and apposite manner by Professor Wilfred Cantwell Smith in The Meaning and End of Religion  New York 1964  chap  iv “The special case of Islam”  75 108   As the author indicates  it is only recently  19th 20th centuries  that Islam has incontestably become the chosen term to signify both a religion and a politico social area  fortunately replacing “Mohammedanism” “Islamism” and other such terms   Religious and cultural history thereby adopts the very name by which the bilād al islām designate themselves  as with a title of honour  And it is merely since the beginning of the 18th century  probably under the influence of Western ideas  that writers in Arabic have employed it in an equivalent way    W  Cantwell Smith emphasises  by reference to Brockelmann’s Geschichte der arabischen Litteratur   that this term islām  though comparatively rare in the Ḳurʾān  with the passage of time appears more and more frequently in the titles of works in Arabic  In the classical period  the Western Middle Ages  it was already used more commonly than īmān  and often in correlation with niẓām   System  organization  in the 19th century  the relative figures for īmān and islām are 7  and 93  respectively  It is this that Prof  Cantwell Smith calls “reification in Islam”  The emphasis thus appears to be placed on Islam as the organization and self defence of the Community which is its expression  and much less on the inner personal values which the etymology of the word connotes 
They like that irl too 😂
Thanks man👌🏽 did you do the becomes the master trophy 
Well  it\'s already too late for Cyclops and Dr  Doom  depending on what you did  and possibly 4Cage  but I agree with  user GoldenPantleg  This can be salvaged  I\'m hoping you recruited 3Cyclops as advised because he\'s super useful as a nuke     Here\'s my advice as a Day 540 player with 7 Champed 4★s and another 5 fully covered 4★s    From your roster      Sell 2 of your 1★s  You only need one for DDQ      Sell Moonstone  Like Daken  she\'s rarely a required 2★ for PvE Story Events because she\'s a Dark Avenger and  of the two DAs  she\'s of less use overall      Sell Squirrel Girl  She can be really good but KK and SWitch are better for weaker rosters early on    This should give you 5 6 total slots  depending on whether you earn enough HP to buy only one or two in the next two weeks    Roster     Cyclops    Kamala Khan    Steve Rogers    Peggy Carter    Quake    Kate Bishop   As  these  https   d3go com forums viewtopic php f 14 t 56249  player based ratings show Steve Rogers   9   Cyclops   5   and Kamala Khan   3  are all considered the top of the 3★ tier by experienced players    Similarly  Peggy Carter   3   Quake   11   and Kate Bishop   16  are all on the higher end of the 4★ tier and  unlike Professor X   15   Kate doesn\'t need to be in specific teams to be of the good use    If you didn\'t recruit Cyclops and  therefore  don\'t need another slot keep Squirrel Girl  She has her purposes    Obviously it\'s tempting to recruit Thanos given you have 4 covers for him but the 3★ Thanos does a lot of damage to his own team  450pts   Level 40   1 Black Cover  for each enemy downed  Your current roster can\'t support that and you\'d be unable to use him at all  Better to save the slot for someone who\'d aid you    Good luck    
Once again lies from a phone manufacturer about OS release date since it is no longer Q4 2016 😣
I can\'t tell if this is a backhanded compliment about how funny you are  u shittycourse  because it kind of sounds like one   Totally a quality joke btw 👌🏻  
Heh I\'m a beer snob    Coors officially sucks     but I needed a pro MAGA beer 🐸
I\'m kind of sad 🙁 And drunk 😩
😂
  IGN  Samuel   Deposited  Meowth ♀ Level 6   Requested  Vulpix  HA    Message  I want to fill me pokedex
Our family motto is "weird is awesome"  It\'s just not as socially acceptable    yet  But  more of the  "you be you" that is getting bigger  and we\'ll be well on our way to happy lives    You can also work on not worrying what other people think  😉
Why thank you 💕 cut my my hair recently  don\'t like it too short  But it was too lkng  Also I\'m sure your eyes are just as stunning 😌   Sorry if repost  Drunk  sad and my Internet is being fucky 
Your failure to mod the game properly can\'t be tacked on to R  not providing an api or tool s  They\'ve never done it and they probably never will    With respect to the car pack  with each game update the "active" locations for each car model texture  might  get moved about  Usually this happens when the in game model has been updated by the developers  bug fixing or the like    So if your car pack does a replacement of the existing files there\'s a good chance it\'s just been outdated  but this shouldn\'t really cause a game crash    If it\'s an add on then I advise you to look into some add on expandable gameconfig\'s on GTA5 Mods  Should alleviate the issue of your game crashing   It\'s either that or you messed up the installation perhaps   Best of luck 👍
20 f  Message me  I\'m down to make friends  😄
It\'s 12 03 here  Just finished nursing the baby  snuggled up in bed  and unintentionally Dutch ovened my husband  who has a stomach ache   Happy New Year  😂😂😂
 Haul from casually thrifting in Japan  https   m imgur com gallery yDYLO      50 on the brand new Japanese 2008 white  Best catch was the emerald blue   silver game cube for  17 at a thrift store in Tokyo  The controller even has good dashback 😍   The others are decent  Clear indigo for  18 and silver for  15  Japanese melee for  25 but found cheaper copies after  Oh well  Could\'ve scored another GC and OG black controller for  25 but didn\'t want the extra weight and couldn\'t buy controller separate 
   Media   autoplaylist  http   radd it r videos comments 5ld1ah   Comment              Being the youngest brother summed up in 5 seconds   https   youtu be aYbG Xh911o      Manler   r videos comments 5ld1ah being the youngest brother summed up in 5 seconds         RackaRacka  https   www youtube com watch v U NiMhTYX8I t 0m31s      farkanoid   r videos comments 5ld1ah   dbv18c0        As an older brother  I feel this one is more accur     https   www youtube com watch v ApgrBSXnK5A      Gliffie   r videos comments 5ld1ah   dbuvd43        If you\'re going to go down that route     https   www youtube com watch v LJIfF8lUHVI feature youtu be t 12s      kinggambitben   r videos comments 5ld1ah   dbvumvu        scream volume x duration ∝ ass whoopin\' for olde     https   youtu be LJIfF8lUHVI t 12s      kinggambitben   r videos comments 5ld1ah   dbvc4ju        We have to be even   https   youtu be 1K08CYRCrkQ      NecroGod   r videos comments 5ld1ah   dbvh0fe        lil kiddo fuckin dies  https   www youtube com watch v ozlpGEsNBJA      slicshuter   r videos comments 5ld1ah   dbv1akg        also  https   www youtube com watch v mI1VQcieluQ      verynayce   r videos comments 5ld1ah   dbv21u6                                                                                                                                           Comment  will  update  if  new  media  is  found       Downvote  if  unwanted   self deletes  if  score  is  less  than  0       save  the  world   free  your  self   r chrisolivertimes       recent  playlists   r radditplaylists       plugins  that  interfere   1m21ku      R I P   u  VideoLinkBot
I laughed at this 😂  am I bad 
Missed it  Post was  removed  🙁
I can\'t handle this 😢
This seems strangely personal  Did something happen  😏
oh yeah and  your masterful debating style would be more effective if you softened the insults just a tad whiz                            I feel like I can call you whiz  unless you think I am being too forward  Let me know                                                                         Best wishes and Love  Your friend  Higgsb  or higgy b for short and fo sure😉
Guess so  I\'m a damn nub 😂
Happy new year 😊
Muscles       Now spinach up like Popeye 😅
She was the lizard people\'s chosen one  Now all of our devious plots are ruined  😢 
Green glass bent straw from strawesome  😀
I would if I were not an original Nashie 😜  bringbacknashville
lol I don\'t know  But I need to find a boyfriend that looks like one of those two 🤣
🎶You and me baby ain\'t nothin but mammals So let\'s do it like they do on the descovery channel🎶
Starting the year off with my favorites      Espi custom    Hot Wheel Carbonators   gotta pop those bottles  😉
I discovered this sub 3 years ago today  I remember watching  this video  https   youtu be t7xObeo0erI  of skrilly playing a demo for fire away me and my cousin who is also on this sub would call it the "cloud song" just because of how chill it was  anyway I\'m getting off topic BUT HAPPY NEW YEARS LOST BOYS MAY 2017 BE A GREAT YEAR FOR US  SONNY AND OWSLA   LOTS OF LOVE👽
Hi  your TSV matches an egg in my Shiny Living Dex Project  Can I please request your hatching service       Pokemon    Box   Slot   Species  Gender    Nature   Ability   HP ATK DEF SPA SPD SPE   Hidden Power   ESV                                                       B14   3 1   Spearow  ♀    Rash   Keen Eye   31 10 28 31 20 31   Bug   1755       My info      IGN    vee4Phoenix     Mii    veePhoenix     FC      0061 4320 6434       TSV Thread s     0397  https   www reddit com r SVExchange comments 5drl9z 0397    3780  https   www reddit com r SVExchange comments 5drmjm 3780       Nickname    No nickname preferred     Hatch Location    No location preferred     Prehatched    Manually pre hatched  then boiled in pelago until perfection     Availability GMT UTC  5  EST   3 PM   4 PM or 9 PM or 2 AM   8 AM       Notes    I will add your FC shortly after you confirm that you will hatch for me      My Flair HQ     vee4Phoenix on FlairHQ  https   hq porygon co u vee4Phoenix  btn    
It the silver bullet    Slam em like a boss tonight🐸
Should be "Ôi cha  đẹp quá" with proper tones  but meh  maybe that person doesn\'t know how to type with tones 
♫ It\'s just a loose ear monitor baby  The backing track fails and nothing can save meeee ♫
February 1st  a month from today 😻😻❤️
Affectionately  it\'s now known as the Hopoate  Autocorrect even gives it a capital H  😂
Love it when Madrasis cry out loud 😀    Let me lick those yummy yummy tears
Dat tracking up top  👌
Because every village has its own history  unless established village after 1949  they are called \'nature village\' 自然村  These villages usually are communitis of people with same family name  such as Li  Zhang or Wu  This is why many village has name such as 吴家村 李家屯 张庄  village Wu  station of Li  thorpe of Zhang   The neighbour village could be people of a different family names  so why would they live with them together  Its an old tradition  
     Reincarnate  http   media Hearth cursecdn com avatars 148 711 7731 png    Shaman Spell Common Naxx     HP  http   www hearthpwn com cards 7731     HH  http   www hearthhead com cards reincarnate     Wiki  http   hearthstone gamepedia com Reincarnate    2 Mana   Destroy a minion  then return it to life with full Health         Unearthed Raptor  http   media Hearth cursecdn com avatars 272 337 27220 png    Rogue Minion Rare LoE 🐙   HP  http   www hearthpwn com cards 27220     HH  http   www hearthhead com cards unearthed raptor     Wiki  http   hearthstone gamepedia com Unearthed Raptor    3 Mana 3 4   Battlecry  Choose a friendly minion  Gain a copy of its Deathrattle effect         Weasel Tunneler  http   media Hearth cursecdn com avatars 309 26 49758 png    Neutral Minion Epic MSoG 🐙   HP  http   www hearthpwn com cards 49758     HH  http   www hearthhead com cards weasel tunneler     Wiki  http   hearthstone gamepedia com Weasel Tunneler    1 Mana 1 1 Beast   Deathrattle  Shuffle this minion into your opponent\'s deck       Call    PM  https   www reddit com message compose  to hearthscan bot     me with up to 7   cardname    For more PM   info   
  2017    What\'s that    ͡° ͜ʖ ͡° 
  Berserk       MAL  http   myanimelist net anime 33    A P  http   www anime planet com anime berserk    AL  http   anilist co anime 33    ADB  http   anidb net a98      TV   Status  Finished Airing   Episodes  25   Genres  Action  Adventure  Drama  Fantasy  Horror           anime      LN        FAQ  http   www reddit com r Roboragi wiki index        r   http   www reddit com r Roboragi        Edit  https   www reddit com r Roboragi comments 3i82q0 by mentioning his username roboragi can now       Mistake   http   www reddit com r Roboragi submit selftext true title  ISSUE  text https   www reddit com r Animesuggest comments 5lcwt9 anime with a good amount of tragedy dbv1dqw       Source  https   github com Nihilate Roboragi       Synonyms  https   www reddit com r Roboragi wiki synonyms       Pouty   Smug       ♥  https   www reddit com r Roboragi wiki thanks 
I support trump aswell  nothing bad about it unless your communist 😑Or HILLARY Clinton or democrat 
I know right  They got upvotes and then I say the same shit and get downvoted  They wrong for that lol   Whatever I aint even mad 😂😂
Thank you for your submission  Unfortunately  it has been removed for the following reason s       This submission for posting or seeking personal information       We have a strict PI policy  no posting or seeking of personal information→   r CasualConversation w pi        Be mindful of the information you share            If  you  have  any  questions   we  ask  that  you      message  the  moderators    https   www reddit com message compose to  r CasualConversation subject My submission was removed message I have a question regarding the removal of this  submission  https   www reddit com r CasualConversation comments 5le8oh how should my wife and i hyphenatecombine our   ⇢   directly  for  appeals      Please  refer  to  our     detailed  rules      r CasualConversation w rules     Take  a  look  at  our   subreddits  directory    r CasualConversation w directory  
you\'re getting downvoted because reddit is full of heal tank maining nerds who get super butthurt and downvote people     ∇    
I went a step up    got the Golden Banquet  🍻 
But the post was asking for your favorite vegan meal at a non vegan restaurant🤔
You sent him away when he was still level 5  He still is     Me shames xScrubZ  🔔
🏋
Cherry  Does your woman happen to be a sundae  Because where is mine 🕶
I understand perfectly what I read  Did you read any of them  There was collusion between her campaign and the media   col·lu·sion  kəˈlo͞oZHən   noun  secret or illegal cooperation or conspiracy  especially in order to cheat or deceive others   Clinton was given debate questions ahead of time  Is that not cheating  This is fact by the way  and Donna Brazille was fired for it  The DNC worked for Clinton and against Sanders  is that not a conspiracy  Also a fact  and Debbie Wasserman Schultz was fired for it  I have no problem with the Clinton foundation helping people get HIV drugs  but not when they do it by making American drug prices higher  One very interesting email written by Bill Ivey  a team leader in Obama\'s transition  stated "we\'ve all been quite content to demean government  drop civics  and in general conspire to produce an unaware and compliant citizenry  The unawareness remains strong but compliance is obviously fading rapidly "   
Hi  your TSV matches an egg in my Shiny Living Dex Project  Can I please request your hatching service       Pokemon    Box   Slot   Species  Gender    Nature   Ability   HP ATK DEF SPA SPD SPE   Hidden Power   ESV                                                       B14   4 6   Cutiefly  ♀    Jolly   Honey Gather   18 14 31 31 31 31   Dragon   0514       My info      IGN    vee4Phoenix     Mii    veePhoenix     FC      0061 4320 6434       TSV Thread s     0397  https   www reddit com r SVExchange comments 5drl9z 0397    3780  https   www reddit com r SVExchange comments 5drmjm 3780       Nickname    No nickname preferred     Hatch Location    No location preferred     Prehatched    Manually pre hatched  then boiled in pelago until perfection     Availability GMT UTC  5  EST   3 PM   4 PM or 9 PM or 2 AM   8 AM       Notes    I will add your FC shortly after you confirm that you will hatch for me      My Flair HQ     vee4Phoenix on FlairHQ  https   hq porygon co u vee4Phoenix  btn 
  Shijou Saikyou no Deshi Kenichi       MAL  http   myanimelist net anime 1559    A P  http   www anime planet com anime historys strongest disciple kenichi    AL  http   anilist co anime 1559    ADB  http   anidb net a4596      TV   Status  Finished Airing   Episodes  50   Genres  Action  Comedy           anime      LN        FAQ  http   www reddit com r Roboragi wiki index        r   http   www reddit com r Roboragi        Edit  https   www reddit com r Roboragi comments 3i82q0 by mentioning his username roboragi can now       Mistake   http   www reddit com r Roboragi submit selftext true title  ISSUE  text https   www reddit com r Animesuggest comments 5lc6kd anime like one punch man or dbz dbv1f8l       Source  https   github com Nihilate Roboragi       Synonyms  https   www reddit com r Roboragi wiki synonyms       RoboRecommendation™  https   myanimelist net anime 9756 Mahou Shoujo Madoka E2 98 85Magica       ♥  https   www reddit com r Roboragi wiki thanks 
    and play drunk mm stratroullete on a dual cam stream   ͡° ͜ʖ ͡° 
This is a Chromebook  and I don\'t know why they chose such an old kernel  but if I upgrade it  I might not be able to boot into ChromeOS anymore  I\'m thinking I might be able to dualboot with chrx  and then update the kernel on that partition  If necessary   Edit  Happy New Years  btw lol      ⎡ Virtual core pointer                    	id 2	 master pointer   3        ⎜   ↳ Virtual core XTEST pointer              	id 4	 slave  pointer   2        ⎜   ↳ Elan Touchpad                           	id 8	 slave  pointer   2        ⎣ Virtual core keyboard                   	id 3	 master keyboard  2        ↳ Virtual core XTEST keyboard             	id 5	 slave  keyboard  3        ↳ Power Button                            	id 6	 slave  keyboard  3        ↳ Power Button                            	id 7	 slave  keyboard  3        ↳ AT Translated Set 2 keyboard            	id 9	 slave  keyboard  3  
Aww thank you  😊 I\'ll be sure to smile more around here then    
☠
Lol but you sell it tho  You have to say that  😭
😂😂😂
You know what it is 😉😉
people tend to hate  but you a real one 👊🏾
I AM THE GAME I PLAY THE UKULELE🎺🎺🎺🎺 Happy New Years everyone  Thanks for the good times 
  IGN  Haydo   Deposited  Meowth  Purrrrr  ♀ Level 9   Requested  Modest HA Eevee   Message  Please trade Pokemon with me  Thanks in advance 
I\'m on Phenibut and weed and I just took some kratom to complete the Tri fecta    Feeling somewhere in between 👌 😃
Wew VLad  steppin up the malt  Cheers👍
Yeah  but I cbf walking to woolies  let alone shopping  then prepping  cooking and portioning  Plus  I\'m typing this whilst sitting here eating my pizza 😂 It\'s a supreme  so the veggies on it make it healthy  yeah 
  IGN  Samuel   Deposited  Meowth ♀ Level 8   Requested  Vulpix  HA    Message  I want to fill my pokedex
Happy New Year  guys   ㆆᴗㆆ  ✲ﾟ ｡⋆  I have a question about the 4  set  Star Song   Does the 3 piece effect  "Every skill cast on allies increases Defense by 1500 for 1 turn"  work when they cast it on themselves   Example in Sunday\'s GR  would Belle get the effect   Follow up question  who gets the defense  The caster  the target  or everyone affected by the skill   Thanks for any answers 
You\'re not wrong but she goes back to school on Monday so it\'s a dub till I see her again in the summer regardless ¯     ツ   ¯ 
Hi  u louminous23  Your comment has been removed because your flair isn\'t set up correctly        Set up your flair here   http   pokegiveawaybot tumblr com  btn  If that doesn\'t work     here is a visual guide     http   i imgur com qKw7Hto png  Please enter one in the format  1234 1234 1234   IGN   by using the  edit  button in the sidebar where it says         ☑ Show my flair on this subreddit  It looks like      3333 3333 3333   Ash Ketchum  ΩR       edit     Make sure the box is checked to enable flair  If you don\'t know how to find the 12 digit number you need  please check out    this guide    http   www modojo com features nintendo 3ds friend codes everything you need to know  to find your friend code     I am a bot  and this action was performed automatically  Please  contact the moderators of this subreddit   message compose  to  r Pokemongiveaway  if you have any questions or concerns  
Lol np   Happy new year   Cheers🍻 
You\'re missing two 🎷s 
 yells Allahuakbar and opens fire in a nightclub   We may never know their motives  doğru diyorsun
Fuck yeah man 😎 what\'s your trip gonna be like  
I dun usually do this less I\'m drunk or I\'m high but I\'m both rite nowwww 👌👌
Hey👊🏻 I\'m the owner of our club called xxDivison Agentsxx⬅️⬅️ send a request by clicking my profile for your spot today  I can accept everyone but not message  ⭐️Over 650 Agents 😎Announcing giveaway 1st WEEK JANUARY🎁🙏🏼loudsaskboy306 twitch tv👈 Everyone is welcome to join our club  ♻️Make sure to ADD ME AS A FRIEND👈 for your latest announcements on future giveaways   ♻️🎁🏆🎉🤓Thanks to all taking place in the events   Please be sure to share and tell all friends of friends are welcome 
Sending over lots of love and prayers❤❤❤❤❤❤
Except for all those non shit things he did like     Established the Environmental Protection Agency  EPA  and Occupational Safety and Health Administration  OSHA     Signed into law the Clean Air Act and National Environmental Policy Act    Initially escalated America\'s involvement in the Vietnam War  but subsequently ended US involvement by 1973 through the Paris Peace Accords    Opened diplomatic relations with the People\'s Republic of China in 1972 and ushered in a new era of Sino American relations    Initiated d̩tente with the Soviet Union in the wake of his diplomacy with China  leading to SALT I and the Anti Ballistic Missile Treaty
Hehehe I didn\'t realize that I coincidentally use the color scheme of the early Sulu Sultanate Flag  😂😂😂 But yeah this flag is non partisan for both MNLF and MILF  The current flag of the ARMM look pretty cool TBH but for me the problem with it is instead of being non partisan  it\'s being bipartisan for both MN  the red bar with the white kris below  and MI  the green circle with a yellow crescent and five five pointed stars   Politics aside  to represent the Moro people without any partisanship involved  I just use the white and black scheme with some symbolisms I posted 
I had a close group of friends for over a decade  every weekend we\'d meet at the local bar  It was like living in a sitcom  In August  after an intense cocaine comedown  I inexplicably decided to cut all communication  This week I bought a few pairs of Batman lounge pants and now I\'ve joined Reddit  Having friends and going out is overrated  Embracing my spectrum disorder through self imposed exile and riding this out til liver failure is the way to go  Drink up gang  Happy new year 🎉🎉🎉🎉🎉🎉🎉🎉
I think he was the bottom ¯     ツ   ¯
Yus  I\'m psyched that the timing worked out that way and very glad that you enjoyed it  3 thank you for listening and happy new year to u as well  empire 🎉
I like the no bumpers thing  besides might give me chance to beat him 😉 
That\'s one of my favourite positions  View  control  fondling access 😏
here\'s to more crazy custom games and hopefully better campaigns 🥂🍻
Yeah I would bypass your profile immediately  I don\'t know why  especially since I reply and send messages without capitalizing  But in a profile it\'s a major 🔑
You\'re naked in bed a lot 😏
From  kilts  haggis  caber tossing  irn bru   mountains  lochs  whisky  bagpipes  castles  rain  Live in  South of all that  😊
191 192 A D    Lu Bu duels Guo Si in Chang\'an  China   then the capital of the Han dynasty  during a period where there was open war among political factions in the capital  Guo Si lost the duel  was recovered by his men  and drove Lu Bu and his men out of Chang\'an  Modern day Xi\'an   1565 A D  Yamanaka "Shikanosuke" Yukimori duels Shinagawa Daisen  during the siege of the Amako clan\'s Gassantoda Castle  Japan    For a few years  the once powerful Amako  Amago  clan had been losing influence rapidly  as the Mōri clan had been expanding aggressively  Gassantoda was the Amako\'s headquarters  and Yamanaka Shikanosuke was their newest champion who had gained fame for his bravery and skill in battle  Shinagawa Daisen had sent the request for the duel which was highly unusual  both warlords approved and sent their warriors out  Jokes were exchanged  and Shinagawa was slain by the relative upstart Yamanaka    A year later  Gassantoda surrendered to the Mōri and that spelled the end of the Amako clan   so despite winning  in the end it didn\'t matter that much    A cool thing here  the former was a duel in the midst of chaos and warfare   two warriors of renown singling each other out  and both were in very high leadership positions in their own coalitions  Guo Si  Li Jue  and Zhang Ji vs Lu Bu  Wang Yun  and Xu Rong    and when Guo was wounded  his men prevented Lu Bu from finishing him off  and by the end of that  Wang Yun and Xu Rong were dead  and Lu Bu was on the run    While on the other  it\'s a more ceremonial duel that was probably set up as a morale boost during a long siege  So there were no interferences   just two men walking somewhere to kill each other in view of their respective camps   and the winner of the duel  again  ends up losing the war    Those were the two I could think of off of the top of my head  I\'m pretty sure I know of a few more from Three Kingdoms China  Warring States Japan  or the early Muslim wars in Arabia  
The happiest post on Reddit 💕
Spoiler tags     😜
Best to take it anally for maximum power amiright   🙌🏻🙌🏻
🙄
Amazing  i love this 😍
Sometimes  we disagree on things  He sees the world in varying shades of grey while I see things in black and white  Many times he asks my perspective on things as a Believer     We\'ve decided to teach our children about G d and Christianity  though  ultimately  the decision will be theirs to have a relationship with Him or not  ☺  Edit  I think a major reason we haven\'t had many disagreements is because I\'m not religious  I simply have my faith and a relationship with G d  simple 
At least we won\'t be relegated this season  🐮 
I worked for a month at a 5 star hotel Lounge Bar in Taipei  Taiwan until I quit because it was interfering too much with school  But I worked the Halloween party    The party was run by a private company  All of the chairs tables were taken out of the lounge and it was just this empty space and essentially became a club for the night  I was supposed to work the 外場  which is like \'front of house\'  But the party basically took care of itself   the bartender made the drinks and the customers ordered by themselves at the bar  I had literally nothing to do but collect empty glasses   It was the bartender\'s last night  so he was just making drinks for me all night  Like  whatever I wanted with whatever liquor I wanted  he didn\'t care  I just drank and hung out in the party like one of the guests  People didn\'t even know I was working there   It was definitely one of those "I\'m getting paid for this " moments    EDIT  I also tended bar in eastern Long Island  NY for a while  There were some off premise events I would do  Because it\'s Long Island and we were a swanky restaurant  they were mostly these events run by retired people for art galleries or old historical sites or whatever  Like  really easy peasy stuff  And we would go and pour wine for people  Depending on how they were set up I could also drink  nice  wine and eat  fancy  snacks  We would get paid a lot for those gigs   sweeeet 
All great advice  mental game so underrated  might steal these tips for my own game 😉 
Maybe if VALVe decided that gameplay changes were more important than gun sounds 🤔
You should start 2017 with one too ☺
Live isn\'t out of the picture  🤔
What happens in 2016  stays in 2016 😉
Probably because you didn\'t ask nicely enough    ͡° ͜ʖ ͡° 
The issue of Jewish officers had already been a running debate  with at least several duels to its credit  when in 1892 Drumont’s paper had published a tract accusing Jewish officers of stealing the rightful promotions of good Catholic members of the military  Captain André Crémieu Foa 32  fought both Drumont and his fellow editor Pradel de Lamase over the article  with minor injuries only in the first encounter  and the Jewish Capt  Armand Mayer was killed a few days later in a duel with the Marquis de Morès incited by the debate  The result of the fracas was the government officially prohibiting religious discrimination in the Army  33  The precedent already well established  dueling over the plight of Capt  Dreyfus was a regular occurrence  several of them with the anti Semite leader Drumont  and extending even past Dreyfus’ exoneration in 1906  34 Cataloging them all would be somewhat tedious  but rather we’ll return briefly to Theodor Herzl  35 He was already familiar with the duel from his days at university  but it was in France  working as a foreign correspondent  that he was further exposed to it and saw it in action as a weapon against anti Semites  first with the pre Dreyfus duels surrounding Drumont  and then with the Dreyfus Affair itself as Dreyfusards and anti Dreyfusards ‘debated’ the matter at sword tip  36 Inspired by the possibilities  he would write of the potential in Austria that “a half dozen duels would very much raise the social position of the Jews” and entertained fantasies of challenging all the leaders of the anti Semite movement in Austria  and giving a stirring speech in his defense at trial to win over the jury  37 It wasn’t only his own revenge fantasy though  and he generally advocated such a response by Jews to their detractors  38  Of course  however successful the duel was for Jewish men looking to assert their fundamental equality  Herzl also stands as a reminder of the limitations of the institution  Forcing their opponents into an affair of honor was satisfying  true  but did little to stop them  In France Drumont continued to crank out anti Semitic works  and was hailed as a Crusader by his supporters  39 while in Germany  the temporary decline of anti Semitic agitation in the universities began to reverse in 1920  to be followed by the country as a whole  40 True integration still remained unachieved  and while allowed to participate in society  the Jew also remained to one degree or another ‘The Other’  To many  Herzl’s Zionism  the creation of a national Jewish homeland thus represented the ultimate solution to a society unwilling to accept the Jews fully      Works Cited     Deák  István   Beyond Nationalism  A Social and Political History of the Habsburg Officer Corps  1848 1918   New York  Oxford University Press  1990    Frevert  Ute   Men of Honour  A Social and Cultural History of the Duel   Translated by Anthony Williams  Cambridge  Polity Press  1995   Gay  Peter   The Cultivation of Hatred  The Bourgeois Experience  Victoria to Freud   New York  WW Norton  1994   Hughes  Steven C   Politics of the Sword  Dueling  Honor  and Masculinity in Modern Italy   Columbus  Ohio State University Press  2007    Johnson  Martin Phillip   The Dreyfus Affair  Honour and Politics in the Belle Époque   New York  St  Martin\'s Press  1999    McAleer  Kevin   Dueling  The Cult of Honor in Fin de Siècle Germany   Princeton  NJ  Princeton University Press  1994    Mills  Andrew Joseph   Escaping Satisfaktion  Dueling  Violence  and the German Literary Canon of the Long 19th Century   Doctoral thesis  Indiana University  2009   Nye  Robert A   Masculinity and Male Codes of Honor in Modern France   New York  Oxford University Press  1993  eBook  Read  Piers Paul   The Dreyfus Affair  The Scandal That Tore France in Two   New York  Bloomsbury Press  2012  eBook  Reyfman  Irina   Ritualized Violence Russian Style  The Duel in Russian Culture and Literature   Stanford  CA  Stanford University Press  1999    Rozenblit  Marsha L   The Jews of Vienna 1867 1914  Assimilation and Identity   Albany  NY  SUNY Press  1983   Schorske  Carl E   Fin de Siecle Vienna  Politics and Culture   New York  Knopf  1979  eBook  Schwarz  Egon  "Jews in Fin de Siècle Vienna " In  Insiders and Outsiders  Jewish and Gentile Culture in Germany and Austria   edited by Dagmar C  G  Lorenz and Gabriele Weinberger  47 65  Detroit  MI  Wayne State University Press  1994    Whyte  George R   The Dreyfus Affair  A Chronological History   Houndmills  Basingstoke  Hampshire  Palgrave Macmillan  2005    Zwicker  Lisa F   Dueling Students  Conflict  Masculinity  and Politics in German Universities  1890 1914   Ann Arbor  University of Michigan Press  2011    Zwicker  Lisa F  "Performing Masculinity  Jewish Students and the Honor Code at German Universities " In  Jewish Masculinities  German Jews  Gender  and History   edited by Benjamin Maria  Baader  Sharon Gillerman  and Paul Frederick  Lerner  114 37  Bloomington  Indiana University Press  2012  
Enjoy responsibly ✌️  3 times since oct 27 is aggressive
smoked and played diablo 3 for a few hours tonight  was pretty enjoyable 👌🏼
XD hehe   thanks for tuning in and making this cuddle part of your New Year\'s  chan  🎉 there\'s always hope for more climaxes in 2017 😉
Happy new years to players every server except for the majority of players on Elysium  as we know they celebrate Chinese new year  中国新年快乐  which is on Saturday  January 28   2017  it is going to be the year of the Rooster  a Roosters lucky flowers are 	gladiola  impatiens  cockscomb and black lotus   
Not your fault   I was just trying to inform others  as you were  😅
Its possible that the text may hooked but on a different hook code by ITHVNR but for a sure answer you can check for a walkthrough online and look up the words with rikaisama  search     攻略
The description was shortened  Original    We go deep into the Missing 411 Topic once again  abductions in National Parks   What do people remember when they are abducted   Aliens and Missing 411   Robots in Caves abducting people   Missing 411 collecting shit from boys   Bright Colors and abduction   City abduction conected to National Parks   Mount Shasta and Lemurians   Reptilian Aliens   Wendigo   Remote Viewing  episode OBDM461  http   ourbigdumbmouth com podcast ﻿
  1  When do orders start to be affected by the celebrations and when does shipping time return to normal   Probably starts on Chinese New Years eve on the 27th  then lasts a week to the 2nd of February     ͏       2  In your opinion  would it be wise to wait until the whole thing is over and normal shipping times have resumed before pouring money into Facebook ads  Instagram etc   If I were in your shoes  I would start building a presence right now on social media platforms you plan on going with  and implementing all those social strategies of building your core base followers  Then I would do paid ads after CNY is over 
Got off work after the ball dropped and now I\'m in bed  0  🤙🏻
Here you go guys  Hope you enjoy       Tatsuro Yamashita   Ride On Time     https   www youtube com watch v  FEZPkX0sv8  My girlfriend and I found some DJ\'s performing at some food markets in Osaka  Heard this song and absolutely lost it and started dancing with everybody else  Everybody in the crowd cheered when it came on so it could be a household classic  Was playing this tune basically everyday the rest of our trip  and back in Aus when we came back too      EPO   Down Town     https   www youtube com watch v jjCxgoCFnl4  Can\'t remember exactly where we found this song  but it\'s track 1 on this album  It\'s just such a soothing listen and really funky  The chorus just makes me so happy  Very awesome tune  She has a great voice     Uyama Hiroto   81 Summer     https   www youtube com watch v  mQpwOS6PCM  This song is standout for me on this album but the whole album is amazing  Uyama Hiroto is a genius  Really chill vibes   Also while I\'m here  two amazing tunes I found on the Lucky Tapes album I was talking about     贅沢な罠  translation anyone       https   www youtube com watch v  f4KljoFSJk    MOON     https   www youtube com watch v lavGP8BMLHo  Still thanking u Kair  for such an awesome find   Edit  Found a longer version of Ride on Time on YouTube so I\'ve swapped out the links    Edit 2  Added an Uyama Hiroto track album as well 
I\'m trying to catch up 🏃🏃🏃
Breeding my Girlfriend a competitive shiny A Vulpix and gifting it to her   seeing her reaction when she saw Rowlet  3  For this year I just hope we all stay healthy and happy and that we finally get Marshadow  that thing is so cute 😍
RTHK  香港電台  has a great YouTube channel that they post most of their shows to   HKTV  香港電視  also has all of their dramas and shows on their YouTube channel  although I dont think they produce any new shows anymore  
Now just make this compatible with an iPhone 5 on 10 1 2 and I\'ll be happy 😂😩
 I\'m pretty glad I started reading so close to an update  That\'s exactly how I felt     four months ago 😢
If you\'re still waiting I\'m sorry   it\'s still at 40  😂
OP  after every mission completed or after talking to interactive plaza guests  the game updates your "total FC collected"  However  every time you spend your FC  you have that much less to spend on facilities services etc   For example  let\'s say you\'ve collected 1600 FC total  but you recently purchased a 3★ facility for 800 FC  You now only have 800 FC left to spend   That\'s the only reason I can think of that you can\'t currently purchase a 5★ facility  That\'s why we\'re asking you to check your profile  bottom screen  purple person button  which would tell you how much   current   FC you have   If you do have enough current FC  then that\'s a different problem entirely 
  bearable  Ha I see what you did there 🐻
​Tamil Nadu farmers stage protest by holding dead rats in their mouths​          TRICHY  A group 30 farmers staged a protest on Trichy district collectorate campus on Friday by holding dead rats in their mouths demanding that the state government declare Tamil Nadu as a drought hit state The farmers  owing allegiance to the Desiya Thennidiya Nadhigal Inaippu Sangam  said water crisis had affected paddy cultivation in the state  pushing them into poverty The protesters held dead rats in their mouths to make the statement that they were forced to eat rat meat due to poverty Later  the farmers rolled on the campus The protesters were led by Desiya Thennidiya Nadhigal Inaippu Sangam president P Ayyakannu They said their frustration over the inaction of the state government to react to the plight of the farmers in the state had forced them to stage such a protest      "More than 40 farmers died following the paddy crop failure in Delta districts      We made several appeals to the Trichy district administration to apprise the state government of our demand for compensation      Yet  there was no response " said Ayyakannu Police had to wait for two hours until the farmers dispersed and joined the agriculture grievance day meeting chaired by Trichy district collector Dr K S Palanisamy Reacting to their protest  the district collector said the farmers\' petitions had already been forwarded to the state government Farmers stage a protest in Trichy by holding dead rats in their mouths           I\'m  a  bot     OP  can  reply  with  "delete"  to  remove      Message  Creator  http   www reddit com message compose  to sallurocks       Source  https   github com hunkdivine samacharbot2      Did  I  just  break   See  how  you  can  help   Visit  the  source  and  check  out  the  Readme
1  Holy shit  I didn\'t realized a lot of people really hate or indifferent to this song  it just occurred to me that this is one of the reasons why a lot of people don\'t like BBTM  It\'s really sad because I love this one 🔥🔥🔥🔥  2  "So what can you show me  that my heart don\'t know already"  mama already taught him how real life works and he\'s asking what is there in store for him   3  The intro  the wavy chorus and the final breakdown  the jazzy theatrical horns are great for setting the stage for the Weeknd\'s show and if I recall  this was the song that broke Bigquint\'s chair in BBTM  4  Around the middle part  5  Theatrical  energetic with some old school 90s pop vibe  sounds like something you hear in old cartoons and shows  or a scene where character dances in the street  6  A great follow up from Real Life  this song details Abel\'s early adolescent years  how schools are a non factor and how he believes he can be big even without it  With his mama\'s advice and lessons  he\'s ready to pursue his goals as the next big artist and the production reflects his desire for showmanship  7  8 10  I\'m a sucker for wavy pop songs and pop Weeknd
Stop fapping to ps4 and get a computer  Also  xnxx is better 😉
🙄 shut up dude 
  Yu Yu Hakusho       A P  http   www anime planet com anime yu yu hakusho    AL  http   anilist co anime 392    ADB  http   anidb net a312      TV   Status  Finished Airing   Episodes  112   Genres  Action  Comedy  Fantasy     Shijou Saikyou no Deshi Kenichi       MAL  http   myanimelist net anime 1559    A P  http   www anime planet com anime historys strongest disciple kenichi    AL  http   anilist co anime 1559    ADB  http   anidb net a4596      TV   Status  Finished Airing   Episodes  50   Genres  Action  Comedy     Arslan Senki       MAL  http   myanimelist net anime 1762    A P  http   www anime planet com anime arslan senki    AL  http   anilist co anime 20935    ADB  http   anidb net a519      TV   Status  Finished Airing   Episodes  25   Genres  Action  Adventure     NORAGAMI       MAL  http   myanimelist net anime 20507    A P  http   www anime planet com anime noragami    AL  http   anilist co anime 20447    ADB  http   anidb net a9925      TV   Status  Finished Airing   Episodes  12   Genres  Action  Adventure  Supernatural     kyoukai no kanata       MAL  http   myanimelist net anime 18153    A P  http   www anime planet com anime beyond the boundary    AL  http   anilist co anime 18153    ADB  http   anidb net a9518      TV   Status  Finished Airing   Episodes  12   Genres  Slice of Life  Supernatural           anime      LN        FAQ  http   www reddit com r Roboragi wiki index        r   http   www reddit com r Roboragi        Edit  https   www reddit com r Roboragi comments 3i82q0 by mentioning his username roboragi can now       Mistake   http   www reddit com r Roboragi submit selftext true title  ISSUE  text https   www reddit com r Animesuggest comments 5ldaq0 looking for a good classic fighting type shonen dbv1pif       Source  https   github com Nihilate Roboragi       Synonyms  https   www reddit com r Roboragi wiki synonyms       RoboRecommendation™  https   myanimelist net manga 25250 Voynich Hotel       ♥  https   www reddit com r Roboragi wiki thanks 
Aw shit thats funny 😂
I will not drink today 🌞
Damn you\'re sexy love 😈
  Youjo Senki       MAL  http   myanimelist net anime 32615    A P  http   www anime planet com anime youjo senki    AL  http   anilist co anime 21613    ADB  http   anidb net a11905      TV   Status  Not Yet Aired   Episodes  Unknown   Genres  None     Episode 1 airs in 5 days  4 hours  31 minutes           anime      LN        FAQ  http   www reddit com r Roboragi wiki index        r   http   www reddit com r Roboragi        Edit  https   www reddit com r Roboragi comments 3i82q0 by mentioning his username roboragi can now       Mistake   http   www reddit com r Roboragi submit selftext true title  ISSUE  text https   www reddit com r anime irl comments 5lebh2 anime irl dbv1qpo       Source  https   github com Nihilate Roboragi       Synonyms  https   www reddit com r Roboragi wiki synonyms       RoboRecommendation™  https   vndb org v5154       ♥  https   www reddit com r Roboragi wiki thanks 
Noob ignorant question here  apologies    How can someone take pictures of these galaxies so clearly but plants within our own galaxy are still fuzzy  like your Jupiter   Or how we just recently got a good picture of Pluto via the Horizon     but  like I said  can take these outstanding pics of galaxies with a DSLR and telescope in the back yard    I\'m having such a hard time wrapping my head around this  sorry 😐 
Hugs from one 🐑 to another
 Make wine thats what we do in nz  Also  a kiwi is a person from nz or a bird a kiwifruit is what you grew  It seems pedantic but so many people calling them kiwi\'s is sooo freakin anoying😑 
♫ For jizz is nice to savour upon this blessed day ♪
Mariah getting that publicity 20  years into her career 👏👏
Hey  no happy posts in here    ಠ ಠ   ಠ‿ಠ      just kidding—happy new year 
Fantastic news  So happy for you guys  😀
 r pdxstreetwear we out here amine represent 503 boys 🌹
Recording gaming footage for YouTube 😂
All the best in 2017  😊
Made me think of this  while on a screen  avoiding life  "Stuff your eyes with wonder  he said  live as if you\'d drop dead in ten seconds  See the world  It\'s more fantastic than any dream made or paid for in factories ”  ― Ray Bradbury  Fahrenheit 451
ARRRRRRRESSSSSEEEENNNNNNIIIIIIIOOOOOOOOOOOO HALLLLLLLLLLLLLLLLLL ☝
Step 1  don\'t show up for your next shift  Step 2  when they call to ask where you are  tell them you\'re running late but on the way  Step 3  continue acting like you\'re just about to come in until they stop calling  Step 4  😎
Westbrook stealing that rebound from Adams 😂
I just called and we kept talking till I realised it was new year 🤗
Why is Dr Chris Brown hosting a tv show when he\'s 💯  wet blanket
  Sure  I doubt you\'ll have success convincing other people though   The claim is just as baseless for Êzîdîs not claiming they\'re Kurds as for me claiming I am a Spaniard  Anyone who is familiar with Kurdish culture and Kurdish people will see that Êzîdîs are Kurds  even most Êzîdîs  who recognise their Kurdish identity  Again  this is phenomenon is almost isolated to Şingal      Not according to your own standards  By your own standards  they are similar in terms of language  genetics  history  and culture    Sure  Koreans and Japanese people share a similar culture  history and even religion the same way Kurds share a similar culture  history and religion to Arabs and Turks  It still doesn\'t make us Arabs or Turks  Proximity and historical events have made Kurdish culture  religion and history somewhat connected to Arab Turkish culture  religion etc  The same goes for Korea  which has had connections with Japan in one way or another      Is there some difference in language  Yes    but as you yourself noted  the Ezidi dialect is somewhat different    Korean and Japonic languages don\'t even belong to the same language group  Their similarities are purely from a historical background  such as how Kurdish has a lot of Arabic Turkish loanwords etc  However  the regional variety of Kurmancî that Êzîdîs speak is not comparable to two separate languages  It\'s like claiming that Scottish English and Australian English are two different languages     Genetics  Basically no difference   Fair enough  On the outside  I can not say I would be able to tell the difference between Koreans and Japanese people      Of course  How do you think Americans stopped being English  Or Australians  Or South Africans  They decided to claim a different ethnicity  Londoners aren\'t choosing to do so  But they could   No they didnt\'t  If we ignore the fact that America today has a very mixed ethnical population  there is no such thing as an American or Australian ethnicity  They\'re all Ango Saxons     Obviously  There\'s always some kooks out there who redefine themselves  There\'s a whole wikipedia on micro nations  https   en wikipedia org wiki List of micronations  Yes and nobody recognises these entities  You call these people kooks  so you obviously see the issue with letting groups themselves decide their ethnical national identity even when they have clear similarities between others  The very idea of a nation is that there is a group of people who share a similar language  culture  history etc  How could one then not include Êzîdîs in the Kurdish nation  Do you fail to understand that Êzîdîs only say these things in recent times when their fellow Muslim Kurds have mistreated them horribly and repeatedly abandoned them  Do you fail to understand that Êzîdîs themselves are split on this issue  with many  I\'d say most  who recognise their Kurdish identity  Are you even a Kurd or someone with enough competence knowledge of the Kurdish people  including Êzîdîs   its history  culture etc  to understand this issue     What\'s the purpose of deciding the Ezidis are Kurdish  To try and claim their territory and population under some stupid nation state ideology  Claim their territory  They\'re Kurds  "Their" territory is Kurdistan  just as much any land in Kurdistan  We aren\'t going around claiming random people as Kurds without any logical reason to do so  What kind of prejudice do you have against Kurds and its nationalism to word yourself like this     Here\'s the bottom line  you can\'t force them to accept that and cooperate  Arguing with me on the internet will never change the fact that the Ezidis aren\'t going to cooperate with a larger Kurdish movement if they don\'t want to   If they don\'t want to cooperate with other Kurds  then that\'s a whole different story and its very understandable  Doesn\'t make them not Kurdish though  
 ಥ﹏ಥ    I\'ll pour out a little champagne for your rip  So close to 100 gah the internal pain  sweet to see you running fire trap though I love fire trap  always have even prior to it\'s rise during caustic poison  arrow fire trap leveling meta 
Lmao mine too 😂  What is with that  
You have a great wife then   I have friends who did similar too 😊
I\'m an asstronaut and I\'d love to explore that moon 😍
Everything good on this end no pun intended  😄
I hope to meet my humble queen someday 🙏
Will the fenty creepers ever be restocked  I really want a pair 🤔
Keeping possession most probably 🤔
Mr potato mechanics here  I can barely even E Q on J4 without messing it up  Got 150 ranked games on Janna  55   win rate  So uh     yup ☺
At least we know she can still hit those high notes as crisp as ever  😚😉
I feel  hopefully they get it fixed and this year rocks  Here\'s to better days 🍻
Nsync was awesome This I Promise You  So Here I Go  and I\'ll Never Stop you can go Bye Bye Bye 👋 
Well to be honest the current 10 1 1 jailbreak is more like a beta still so I can understand why  Just now you gotta wait for an 10 2 jailbreak ¯    ツ   ¯
Happy New Year to you too  From here  it\'s looking good already  😍
I\'m hoping the orange ones drop into the  200 range 😩
Huh he was 5 6 tonight with no turnovers  🤔
Take a bow  son  👏 
Sorry Regan is my sisters name ☺
Thank you  At the er they were playing the first Harry Potter movie Aha  Hope you and everyone you know has a banner year 😂
  Totally fine 👍🏻 to have legal copies of your purchases just like your music   Actually it isn\'t   Read the back of your NES game manual   It clearly indicates you are permitted to make one backup yourself but that you can\'t use someone else\'s   Or just read their website   https   www nintendo com corp legal jsp download rom
  IGN  Max   4871 6826 1069   Timezone  PST  UTC  6    Available  Any time over the next few days     Nickname  Snoopy   Anything Else     B03   4 2   Smeargle  ♂    Jolly   Technician     31     31     31   22   31     31     Electric   2787  
💜 all the best for the new year friend
Abrupt Decay and Krosan Grip ¯     ツ   ¯  I mainly built ANT TES because it was another deck that used LED\'s and because I really   really  wanted to make use of my old Dark Rituals  I\'m going to eventually transition into Grixis Delver or Show and Tell sooner or later  it just depends on what dual lands find their way into my collection first  I have most of the cheaper things for those decks  my main restriction is just duals 
If there will be a chance  I\'d like to fly in ship designed by you 🤗
In the process of watching Shiki loving it so far  It\'s scaring the crap of me though 😱😱 I\'m on episode 12 currently  10 more to go 
K then don\'t do it I guess   ¯     ツ   ¯ 
Looks like there was a bomb in time square   ͡° ͜ʖ ͡°   
Wishing you the best  You can do this  I will not drink with you today 😊
Hi  I have a matching SV egg that I\'d like you to hatch   I should still have you added on your other cartridge     Bw   1 4   Cubone  ♀    Adamant   Lightning Rod   31 31 31 22 31 31   Electric  0624 	                  Friend Code  4828 8533 6743   Ign  Moon   Hatch Location  Wela Volcano Park if possible  otherwise at nursery   Nickname  N A   Pre hatched  One step   Time Zone  EST  GMT 5     Availability  2pm 12am   TSV Threads   2059  https   www reddit com r SVExchange comments 5gemru 2059   and  2419  https   www reddit com r SVExchange comments 5gensv 2419     
Pure bullshit    https   en wikipedia org wiki Divorce demography  Go look at divorce rates  All Arab states have high rates of divorce  People remarry all the time    Now you have invented imaginary things like people starting rumors etc  Basically  you have nothing to show that people get stoned for divorce  It\'s the most idiotic thing I have heard    And basically  nothing to even do with India  When was the last time you heard someone getting stoned in India    Divorce is perfectly valid in Islam and carries no stigma    Here  from Sahih al Bukhari one of the most authentic books after Quran  Divorce granted for not liking her husband    https   sunnah com bukhari 68 22   The wife of Thabit bin Qais came to the Prophet  ﷺ  and said  "O Allah\'s Messenger  ﷺ   I do not blame Thabit for defects in his character or his religion  but I  being a Muslim  dislike to behave in un Islamic manner  if I remain with him  " On that Allah\'s Messenger  ﷺ  said  to her   "Will you give back the garden which your husband has given you  as Mahr  " She said  "Yes " Then the Prophet  ﷺ  said to Thabit  "O Thabit  Accept your garden  and divorce her once "  Some of the most idiotic things get upvoted here  Like the reason that there are low divorce rates is because people getting stoned to death in India    
🙄🙄🙄
 Gyakkyou Burai Kaiji  Ultimate Survivor   Kaiba   Monster    Planetes   Mononoke Hime  maybe   Gyakkyou Burai Kaiji  Hakairoku hen  Ghost in the Shell  Stand Alone Complex 2nd GIG  Berserk  maybe I should read the manga first    don\'t consume either   Haibane Renmei  Eve no Jikan  Fullmetal Alchemist  seen Brotherhood    Zegapain   Mobile Suit Gundam  The 08th MS Team  Ghost in the Shell  Stand Alone Complex  Samurai Champloo   Ping Pong The Animation   a must watch along with Zegapain   Mushishi  Panty   Stocking with Garterbelt   Katanagatari   Paprika  Mousou Dairinin   Shinsekai Yori   Gungrave  Soul Eater  the last quarter is bad but it\'s fine otherwise   Tokyo Godfathers  Detroit Metal City  Sen to Chihiro no Kamikakushi  Mobile Suit Gundam  I\'ve seen the movie trilogy already   The Animatrix  Yuu☆Yuu☆Hakusho  Omoide Poroporo  Hellsing Ultimate  Majo no Takkyuubin  Fullmetal Alchemist  The Conqueror of Shamballa  Dennou Coil  Digimon Tamers  Sakigake   Cromartie Koukou  Kurenai no Buta  Uchuu Senkan Yamato 2199  it\'s not too great and it\'s ending is shit  but if you want a lighter gundam  then go ahead   Evangelion  1 0 You Are  Not  Alone  Mind Game  Macross  Mimi wo Sumaseba  Neko no Ongaeshi  Tenkuu no Escaflowne  Toradora   Turn A Gundam  Howl no Ugoku Shiro  Higurashi no Naku Koro ni Kai  Gake no Ue no Ponyo  Space☆Dandy  Usagi Drop   Mawaru Penguindrum   if you like Utena  you\'ll like this as well   Mushishi Zoku Shou  Great Teacher Onizuka  Lupin the Third  Mine Fujiko to Iu Onna Kanashimi no Belladonna  Evangelion  2 0 You Can  Not  Advance  Rurouni Kenshin  Meiji Kenkaku Romantan  stay the hell away from season 3 and you are better of reading the manga   just stop reading once the main heroine dies   Aru Machi Kado no Monogatari  Lupin III  Cagliostro no Shiro  Re  Cutie Honey  Bastard    Ankoku no Hakaishin  Gankutsuou  Blue Gender  Kaze Tachinu  Mobile Suit Zeta Gundam  Juubee Ninpuuchou  Abenobashi Mahou☆Shoutengai  Tenshi no Tamago  Akage no Anne  Space☆Dandy 2nd Season  Bishoujo Senshi Sailor Moon  Sailor Stars   Casshern Sins   slow and depressing  if you don\'t like those types of stories  then don\'t watch this   Flag  Kino no Tabi  The Beautiful World  Stranger  Mukou Hadan  Ghost in the Shell  Stand Alone Complex   Solid State Society  Kemonozume  Kachou Ouji  Bishoujo Senshi Sailor Moon  Bishoujo Senshi Sailor Moon R  Dragon Ball Z Movie 8  Broly  RahXephon  Bishoujo Senshi Sailor Moon S   Trigun   first half is shit tho   Ouritsu Uchuugun  Honneamise no Tsubasa  Panty   Stocking in Sanitarybox  Golden Boy  Ghost in the Shell 2  Innocence  Clannad  After Story  Byousoku 5 Centimeter  Full Moon wo Sagashite  Jin Rou  Nana  Rose of Versailles   Rurouni Kenshin  Meiji Kenkaku Romantan   Tsuioku Hen   slow but mature   Eureka Seven  Dwaejiui Wang
1  🔥🔥🔥🔥🔥 go tell your friends that this track is lit   2  "We are not the same  I am too reckless" "Give me head all night  cum 4 times"  "I\'m the nigga with the hair  singin\' \'bout poppin\' pills  living life so trill" "Don\'t believe the rumors  bitch I\'m still a user" OOOHHH DAMN   3  The entirety of the song  including the Kanye caterwauling  4  Top 3  5  Trill 💯 the song is wavy  calm and good for the soul  Thanks to being a Kanye West throwaway track  The Weeknd greatly bring this track to a new life with his fresh air and charisma  The production is perfect for driving for a vacation  terrorizing bitches\' niggas and burying your old self  6  Abel is now hitting it big and after years of being camera shy and being an enigma  he\'s ready to tell your friends and the world about him  his prowess and his plans for your girl and world domination  7  9 5 10
They\'ve been quietly together for years and he\'s much older than her  Its not like they randomly fell in love and then will break up suddenly in the next year or so  If they do well  in certain she\'ll still be fine   This is a recent set of antics that indicate that she\'s just sick of people telling her how to behave  I mean  it looks like she\'s being dorky  These scandals are fucking stupid compared to things other idols have done   She\'s not being disrespectful to anyone to their face  or having a sex scandal or saying bad things about people  I mean  T O P  is out there posting himself shitting on a toilet  Everything she\'s posted is really tame  😅 The biggest thing that people could get upset about is how something is kinda Lolita ish  but its a trend soooo   Its concern trolling that she\'s not mentally well  That she doesn\'t know what\'s best  That she\'s making bad choices  That the only way that she could ever be healthy is by being an idol who is successful  That being married and possibly acting like a housewife is life ruining   Hint for the kids in the room  all long term relationships are some form of partnership and only the people in it get to decide the terms  Every relationship is different  How it should be to you and how it is to them is just how it fucking is   That if she posts things like her feet   unflattering selfies   she will never get an acting job    You need a new hobby   OTT  maybe I misspelled it last post who cares honestly you\'re "over the top"  
Couldn\'t have said it better myself   ☺️
Yuparooniedoo  Here\'s to another year of depression  Wooo 🍷🍻   Forgive my dark humor  
Lol that\'s all  TIFU because I was eating some crackers and drinking sweet tea and I left to go pee  I came back and my crackers was soggy but I thought i spilled tea on em so I ate one and it was dog pee  I bout died  😖
YEH THAT DEVIL KNOWS HOW TO PARTY  Then you get the kids  wife and mortgage  lol ✌️️
Ahh allows you to just flail without any control like a shout  Ee if you are going to sing it like it sounds ee and not eh or aye takes coordination with the breath and placement  when you sing ee you should speak ee in the mirror and say a word like feet and see how your mouth looks and that\'s what it should look like on the high notes as well  You don\'t say "feht" do you  Then you shouldn\'t sing it 😄
Always use safe sex protection measures  When talking dirty on them 900 numbers 📞☎
They had good intentions ¯     ツ   ¯
I am also on call for a property restoration  My new year will be sober 😄
Awesome  Welcome to the sub 😊 although I had a G3 before and my only complaint with this phone is that the camera isn\'t as good haha
Congrats on your journey  battling an ED is no mean feat   you\'re doing fantastic   I also love your wedding photo  you look so healthy and happy in it  Keep it up 😁  Edit autocorrect 
Definitely a great way to start my year 😍 You inspire such dirty thoughts 😈
I got circumcised at the age of 19 because of  Phimosis  https   en wikipedia org wiki Phimosis   NSFW NSFL warning    I could have chosen to have the skin widened with some incisions  but when the surgeon asked "So do you want it all off or just widened " I said "Just cut it all off" without even thinking  I guess I regret not looking properly into the other option  but the thing is working fine  ¯    ツ   ¯
added 💖
A new year brings a new piece of wisdom  👍  I think that  everyone  should strive to be "more Fi" in 2017   D
In all seriousness you are so beautiful 😍 
One was a Flint water question which I am sure Bernie knew about it before hand  Those debates were actually about issues  The best debates for sure Clinton seemed like a different person in the primary and I love Bernie Sanders 💖
Well it\'s only uphill from here then  🎉
Seems like this will give Erdoğan some justification to ban Nightclubs in Turkey  
"GoofyGang" They should\'ve made that instead of GoogleGang on that TwoZeroOneSeven cover😂 Even his kids been goofy  they cute tho😂😂 https   www instagram com p BOtQlLHgj7R  taken by chieffkeeffsossa
Some fake perfume from some dude at the gas station  I think he put fake price tags on them so I couldn\'t resist an 85℅ discount  Luckily I was able to flip it for more money than I sold it for but I was pissed that I got suckered for a few days  
Be rude   Friend  I got a hot date for you tonight  😉😉   You  fuck off with your fucking matchmaker bullshit  how many goddamn times do I have to tell you  Jesus fucking Christ  Can you understand the words that are coming out of my mouth  I AM NOT DATING  I DO NOT WANT TO TALK ABOUT IT  IF YOU CARE ABOUT ME AT ALL YOU WILL STOP PRESSURING ME  IF YOU DO NOT STOP  WE ARE NOT FRIENDS  THIS IS A BIG DEAL  Do you understand me   Well meaning persistence rarely survives a blow up ime  If this ends the friendship altogether  fuck em anyway  
Fuck the ☭olice 
Do you have an SO  If so do they know  Getting away from people friends is absolutely necessary  Can you move  Can you switch jobs  Do you have hobbies  If not find one that you love    I found that when my brain was kept occupied with big changes in my life the less I thought about it  I remember the first time I realized I wasn\'t thinking about using because I was just so busy with other things  the feeling was exhilarating  even if it was only about an hour   You\'ve been involved in drugs for almost 10 years  if you were able to be "mentally strong"  you wouldn\'t of had to get picked up from the family home   What ever you do don\'t beat yourself over that   very  very few people have that kind of mental strength especially in the beginning of recovery  that will come later  Have a goal in mind one  five  and 10 years from now and do your damndest to keep them   If you can attend aa meetings  you can ask others for same advice   The longer you put this off the more baggage will be stacked on what you carry now with this   You are lucky that at this point you still have friends at all  that you haven\'t been involved with police  that you\'re family still talks to you         that\'s the life you could be headed for if you continue   IMO😀
Can\'t really go wrong with Superlux   the HD330 and the 660 are still in my collection  Everytime I listen to them I can\'t for my life understand that you get that sound from something that cheap  Also the 330 and 660 sound totally different so it\'s a nice combo for first time buyers or if you just want an open and a closed can for variation 👍
4D chess 😂😂😂
This was amazing 😭
Wonder if autimatic also want to sleep with older men    ͡° ͜ʖ ͡° 
😂
😏😏😏😏
CONGRATS FAM  Way to start of 2017  It\'s about to be a BIG YEAR FOR EVERYONE  HAPPY NYE EVERYONE  TAKE CARE OF ONE ANOTHER  BE THE CHANGE YOU WANT TO SEE 😎
Ha your pretty much the exact opposite of me  Fate zero is my favorite anime and it is pretty brutal all the why through and the physical and psychological drama do escalate​ as the series progresses   That being said maybe try Mob psycho 100 very nice action coming of age story with great animation and psychic powers not very violent at all 
I have no idea how I would spell it in Cyrillic  It\'s Greek letters     If I had to try  Ποтрык
I double tapped the pic by accident  I actually gagged 🤢 Imgur images double tap to close  whyyyyyyyy      
1  Who knows    2  Who knows  We do not know how Sasuke would benefit from getting a second Rinnegan  Madara became a good deal more powerful when he got his 2nd Rinnegan back  but he is a different case    3  Sasuke\'s tomoe Rinnegan is unique  It allows him to use his left eye\'s  Mangekyō  http   2 bp blogspot com  g2GqH6AORbQ WCWdOgSd5CI AAAAAAACl1Q hVXPjjhaxDIwyk Ya7scWKRs14k67ObKQCHM s16000 0682 013 png  abilities  When the tomoe are  not present  http   www mangapanda com naruto gaiden the seventh hokage 8 17   Sasuke cannot use that eye\'s MS abilities  just the  Rinnegan  http   www mangapanda com naruto gaiden the seventh hokage 6 3  ones  
can i have this one B2	3 5	Cubone  ♂ 	Adamant	Lightning Rod	31 31 31 4 31 31	Electric	0950  IGN Ian FC 1779 2987 7570 TSV   2281  https   www reddit com r SVExchange comments 5efd00 2281  
Yesterday I saw \'why him\'  at the cinema    Wasnt that great  And saw the new yr in last night Finally watching \'yes man\' and LOVED IT  😀
Sure you\'re new and I\'m not a snake 😉
I am sleeping on the couch  there is no room to go to 😭 Literally didn\'t have a second of privacy since Wednesday  My nephew even walks in on me while I pee  And he\'s 3  you can\'t really get upset with him over something like this  His parents let him do it all the time   And now the kids are at daycare  but I\'m still here with the rest of the fam  not a moment of silence in sight  Fuck  I enjoy my vacation but I\'ll be happy when it ends 
Happy birthday   Write me in your will 😈
Wishing everyone a safe  wonderful  healthy  and Happy New Year  It\'s our wedding year     And remember  try not to sweat the small stuff  just embrace life to the fullest and enjoy  ☻
Arg yeah I get bad enough heartburn already   I do like lemonade though 😊
Love love love  Hufflepuff for life 😊
😞
That is so cute 💕❤😍🍾as soon as I can or hope someone would be faster than me 
I is и  not ι  and the t and r seems off 
Same 😂
Not just smile 😘😜
Post with herbivores  ✔ Comment about how they\'re "tasty"  ✔
Once you get there  make sure you try some Łomża beer 
Wife has one  I hate it with a passion   Then again if it doesn\'t have a clutch I hate it anyways 😁 
I go on Reddit when I\'m drunk 👀
And lips too 😜
This is going to sound wierd  and it even seems odd to type it  but 2016 wasn\'t overall a bad year    The miscarriage of our wanted preganacy was upsetting  and continues to be a sad thing  but compared to the nightmare of 2015  pff   That\'s a whole other story    We moved into our forever home  we became an aunt and uncle  we fostered more dogs  kittens  Our marriage was and is strong for the adversity we faced with the miscarriage  Our communication is on point  Woot   I look forward to 2017 as I think I can start the TTC process with a lot less of the pressures and self imposed deadlines that I put on myself in 2016    So yeah  I mean at this very moment I\'m at work  paramedic  wondering why people can\'t party in moderation and just catch a cab  😑 But I think 2017 will be okay  😉
    ID    511 785 299     IGN    Prince     Rank    36     Lead s     5★ Noctis   5★ Exdeath   5★ Chizuru     Activity    Hourly     Looking for    600  ATK Lightning   Noctis   400   MAG ExDeath   Any leads that could help out in finishing the event      Other    I am working on 2 Zidane\'s TM  DW  and going to awaken 5  Stars characters as soon as I got the mats  I started playing this game since the FF V banner  will catch up the meta real soon  
  is a painful bitch is beneficial for everyone  Unless the lesson she learns is that the winners don\'t feel the pain of capitalism  ¯     ツ   ¯
It was meeeee  😺 Kenshi dude says hi      Sent PM 
😂
At least tou guys watching on tv only got one Guy Sebastion song at the game we\'re upto our third 🙁
man\'s hiding in his 🅱ri🅱
Well I decided to give it a shot  Sent a happy new year text and she texted me back so thanks y\'all 👍😊
I read Nicholas Cage but pictured Luke Cage  was as shocked as anyone when I looked at the photo 😂😂
They\'re beautiful   So R U   If you are able to pull flowers   then you have a ray of sunshine    That\'s what everyone needs ☆☆♡♡ Thanks for making sad better 
 Beardless robin is 😍 now according to me and  u quooklyn
Mate there is easily 170 000 here 😥🏏
Plus the remaining Beatles   Keith Richards  well maybe not him  He\'ll never die   could be a repeat of 2016 💀☠️
Hilary Clinton won the elections       But wait   😛
Am Christian  Would love for you to witness the saving grace of Christ  but either way am still so glad just to stand with you and anyone else in this fight against Radical Islamic Terror    MAGA  LOVE YOU ALL 🇺🇸🎉
Lads  Shannon Noll halftime entertainment during the grand final 👌👌👌 big bash marketing Jesus  
Oh I remember when Xur forgot his weapon   That\'s when they gave us the quote that i mentioned  "we cannot safely alter Xur " 😂  Thanks for the insights though  I see what you\'re saying and I can empathize  Cheers  
TIL there\'s no male cows   🐄🐂
Hey  can you hatch an egg for me  Thanks          B12   5 1   Sandygast  ♀    Bold   Water Compaction   19 31 31 31 31 31   Dark  0586   1354   IGN  Lyanna  FC  2939 0549 8588  Nickname  No nickname please  Hatching Location  Doesn\'t matter   Prehatched  Pre hatched  Availability  Weekends and Evenings  PST  UTC 8   TSV Threads   1505  https   www reddit com r SVExchange comments 52v0c9 1505      1557  https   www reddit com r SVExchange comments 52v1dr 1557      1354  https   www reddit com r SVExchange comments 5lebbc 1354  
Happy New Year fam  I\'m watching The Princess Bride 😀
A W cream sofa is the GOAT tho 😂
How do I use auto camera  😮
What are they gonna do with the left overs   😱
Szczęśliwego nowego roku  If it wasn\'t for the pronunciation  I could speak Polish   
   I\'m making a popsicle stick house for my pet mice  🐭
Hi   I know you\'re not quite in the Bay Area  but a fellow centipede and I just started a newly minted subreddit  just for northern Cali Trump supporters   r BayAreaCentipedes  It\'s a private exclusive club  no hill shills allowed 🙅🏻  to maintain our privacy and safety   Would love to invite you to join and help us grow   Cali is in badly need of organizing against liberals   I fully believe that the ammo tax had a fighting chance if only pro gun owners organized better to get out the vote   Having our own high energy sub may be useful for situations like that   Fight back against the draconian fascistic intolerant left   Northern Californian \'pedes  please join   R BayAreaCentipedes
Uppercut both hands I can throw them all day without getting tired 🙌
I got that from reading hilarious comments about her major fuck up tonight and the tantrum she threw on stage  no worries  😂 They gave her her own suite in a hotel overlooking Times Square to get ready in to make sure she would be there on time and it was STILL a shit show of just hilarious cringe 
It is not in Taksim  It is between Ortaköy and Kuruçeşme  by the sea 
Is too true 😢
She\'s 20  5ft tall and 115 lbs aka fucking perfect 👍🏻
 ​What the fuck did you just fucking say about me  you НO0ОଠOOOOOОଠଠOoooᵒᵒᵒᵒᵒᵒᵒᵒᵒ  I’ll have you know I graduated top of my class in the good shit go౦ԁ sHit academy  and I’ve been involved in numerous secret raids on Baaddd ShIT  and I have over 300 confirmed  chorus  ʳᶦᵍʰᵗ ᵗʰᵉʳᵉ   I am trained in goOd sHit warfare and I’m the top shiter in the entire US armed mMMMMᎷМ  You are nothing to me but just another Baaa AaAadDddD Sh1t  I will wipe you the fuck out with precision the likes of which has never been seen before on this Earth  thats what im talking about right there right there   You think you can get away with saying that shit to me over the Internet  Think again  fucker  As we speak I am contacting my secret network of go౦ԁ sHit across the USA and your IP is being traced right there right there  so if i do ƽaү so my self i say so  you better prepare for the storm  НO0ОଠOOOOOОଠଠOoooᵒᵒᵒᵒᵒᵒᵒᵒᵒ  The storm that wipes out the pathetic little thing you call your life  You’re fucking dead  kid  I can be anywhere  anytime  I could be right there right there and I can kill you in over seven hundred ways  and that’s just with my bare  chorus  ʳᶦᵍʰᵗ ᵗʰᵉʳᵉ   Not only am I extensively trained in mMMMMᎷМ combat  but I have access to the entire arsenal of the United States Good shit Corps and I will use it to its full extent to wipe your miserable ass off the face of the continent  you little BAAaAaAaAd shit  If only you could have known what unholy retribution your little “clever” comment was about to bring down upon you  maybe you would have held your fucking shit  But you couldn’t  you didn’t  and now you’re paying the price  you goddamn idiot  I will shit fury all over you and you will drown in it  You’re fucking dead  НO0ОଠOOOOOОଠଠOoooᵒᵒᵒᵒᵒᵒᵒᵒᵒ    intensifies    I am a bot  and this action was performed automatically  Please  contact the moderators of this subreddit   message compose  to  r AyyMD  if you have any questions or concerns  
While reading the article I was contemplating how I would sing his praises in the comments  You did a far better job than I ever could\'ve 😂
So glad I found your sub 😍 Thanks for sharing  pm me if you\'re ever bored 😘
could be son that typed it out himself 😂
Yea I go on sober every day too  Just meant that I like to creep subs like this and post when I\'m drunk  😯
Happy new year guys   I will not drink today ✌️
   Instagram video by Joey Ryan   joeyryan      https   www instagram com p BOr8kzWheSn       Dec 31  2016 at 3 32pm UTC      Video Mirror   https   streamable com u2wh5    ‪Happy New Year from  lauraclarejames   me in Japan  I hope everyone gets to kiss the love of their life during a match at a sold out Koruken Hall on New Years  ‬         Report Bug  https   reddit com message compose  to bestme amp subject InstagramMirror 20bug message https   www reddit com r SquaredCircle comments 5ledlc what a way to start 2017 in ddt dbv25n8 20has 20a 20bug       Feedback Suggestions   https   reddit com message compose  to bestme amp subject InstagramMirror 20feedback suggestion       Delete  https   reddit com message compose  to InstagramMirror amp subject InstagramMirror 20delete message delete 20t1 dbv25n8 20  only 20the 20user 20of 20the 20original 20post 20can 20do 20this         Source Code  https   github com mortii reddit instagram bot 
"Only 3 " 😂
Jerry is THICC 😩
Does she approve of it  Mine doesn\'t  😁  Mine is two years 
Not legendary you say  Just how many other players have put up a stat line like that in history I wonder   Let me look real quick http   bkref com tiny DjQcB    Looks like Wilt Chamberlain did it twice at 30 and 31 years old    KG did it twice at 26 and 28 years old    Bill Walton did it once at 25 years old    And Billy Cunningham did it once at 28 years old   And that\'s it    Also when you look at TS  his current shooting percentage is higher than Wilt   Oh and Jokić is only 21 years old and is the only sophomore in history to put up a stat line like that   
Hehe I was a little bit drunk to be honest  😇
I wouldn\'t know    😭
I didn\'t notice you wrote corn at first  Harry died on new year\'s 😂
Yes    We could not have lost another national treasure 😭 
It isn\'t my account it\'s hers   she plays 😂 So I can\'t use those characters she luckily pulled
Hi  u Aussie Twig  Your comment has been removed because your flair isn\'t set up correctly        Set up your flair here   http   pokegiveawaybot tumblr com  btn  If that doesn\'t work     here is a visual guide     http   i imgur com qKw7Hto png  Please enter one in the format  1234 1234 1234   IGN   by using the  edit  button in the sidebar where it says         ☑ Show my flair on this subreddit  It looks like      3333 3333 3333   Ash Ketchum  ΩR       edit     Make sure the box is checked to enable flair  If you don\'t know how to find the 12 digit number you need  please check out    this guide    http   www modojo com features nintendo 3ds friend codes everything you need to know  to find your friend code     I am a bot  and this action was performed automatically  Please  contact the moderators of this subreddit   message compose  to  r Pokemongiveaway  if you have any questions or concerns  
Good day to be on day one mon ami 😀
Just had surgery 3 days ago so watching the ball drop on tv with my apple cider while playing board games with my wife    First time in years not actually going out to party but this is actually pretty nice  Wouldn\'t trade it 😊
CHIN ON MY BALLS   😭😭😭 i have never heard this before but this is GOLD  My friend   Thank you 
McDonald\'s is a terrible restaurant  Right action  wrong reasons  😒
I will not drink today 😊
You know what I did   I      pre ordered it☺☺☺  That\'s right fuckers 😏 
Sounds like a plan 😀
Information about this YouTube video as seen on Sun Jan  1 02 54 47 2017 CST   Item   Value         Channel     Elcin Kerimov  http   www youtube com channel UCdxE7LFkHnKiWP0wIr 65qQ  Title     Cahangirov Meherrem       F Əmirov Lay lay  https   www youtube com watch v BKeWScNPQT0  Duration    0 02 50 View Count    3 Upload Date    2017 01 01T08 15 42 000Z Repost Count     0  http   www reddit com r DeepIntoYouTube search q url 3A 22BKeWScNPQT0 22 restrict sr on  Favorite Count    0 Like Count    1 Dislike Count    0  I am a bot  Please visit  r DeepIntoYouTubeStats for Info  Support  and to report problems with this bot 
I do have trouble believing in such an accomplishment  but I\'ll take your word for it  So congratulations 🎠
Very exciting  Now cue Elon Musk saying he\'ll get to the moon by 2023 😅  
Fantastic tits 😍 
Information about this YouTube video as seen on Sun Jan  1 02 55 27 2017 CST   Item   Value         Channel     Diana  Maria Vulpe  http   www youtube com channel UC9vAzWrBC4OjcQD ry f8pg  Title     Iubim Frumusețea Naturală  https   www youtube com watch v gS14SpVIkbo t 102s  Duration    0 02 54 View Count    3021 Upload Date    2016 12 12T09 01 22 000Z Repost Count     0  http   www reddit com r DeepIntoYouTube search q url 3A 22gS14SpVIkbo 22 restrict sr on  Favorite Count    0 Like Count    57 Dislike Count    3  I am a bot  Please visit  r DeepIntoYouTubeStats for Info  Support  and to report problems with this bot 
Update  I bought it  along with the Too Faced Sweet Peach  🙄 because of course I really needed both  right 
Would love to add to that  Her tits are massive 😍 
They are Japanese  They look like little paper packets for chopsticks  but the item inside doesn\'t look like chopsticks from here   It looks like it says  手づくり竹   obscured by doll\'s head   海友 ？ 人会清水支郎  The left column thus says "Handmade bamboo  something "  Right column says "Ocean Friend  something  Group  Shimizu Shirou" which is a guy\'s name  We tried to find out whether this refers to perhaps Okinawa or is a gift  or was made by Shimizu Shirou  but this name is fairly unremarkable and couldn\'t find specific information about him  Unfortunately the third kanji in the group name is hard to read   My girlfriend is a professional translator and did her best  Hope this helps 
Thanks  Somehow I never connected that to her  Kinky Erin 😬
What we talking about here is fundamentally high culture vs popular culture  If i come across as elitist  sorry  it\'s because high culture is inherently elitist historically   Basically  you can \'read\' the value in a text for it\'s value to you  photos of your family on your wall  how you engage personally with the characters in a badly acted soap opera  How Drake makes your feel when you listen to his songs  or you can look at it\'s textual quality  the sum of its parts  You take joy in the skill of the artist in their craft   Classical signing music  ballet opera etc are all a bit dull to most  myself included  because they are geared much more towards academic appreciation  So if you don\'t know much about them they\'re kinda boring  You ever caught your friend who\'s amazing at the piano listening to random plonking with great enthusiasm  So much of the music my virtuoso aquantances love sounds rubbish to me because I "just can\'t get it"  Meanwhile they pat my head condescendingly for liking things like the Yann Tiersen Amelie soundtrack   There are also people in more pop culture orientated mediums such as film that look for textually quality  your so called arthouse films  Some people hate Space Odessey  because they find it dull  Others hail it as one of the greats because of its subtle  nuanced narrative  good use of music and fantastic cinematography    Try look at the HP thing from our perspective  We\'re all just fantasy lovers trying to get lost in a good book  But personally  I can\'t overlook things like overly expository writing  convenient writing deus ex machina  plot holes  inconsistent​ character personalities etc  A lot of people can\'t  We read things and think "oh come on" or "wait a minute  "  It\'s jarring and affects my enjoyment and engagement because that\'s what I need in a book    I  wanted  to like HP  Of course i did  but it\'s so hard because of the bad writing in so many places  So when people come along and say that Harry Potter  doesn\'t  do those things it does feel inflammatory  "I felt these things  read them  How can they not be there  "  People clearly don\'t like HP for it\'s textual quality  They\'re not sat there marveling at Rowlings beautiful sentence construction and great metaphors or because the world is so cohesive or the magic system so satisfyingly well designed   As I said  I\'ve read all the books and listened to the audio books most nights for years  I like the books for they they are  Why do people need them to be something they\'re not as well    People aren\'t touting Eriksson as an accessible  fun children\'s writer  so why do people talk about Rowling\'s masterful and immersive world building  How does that make Eriksson with his reems of maps and decades of notes feel  As someone who wants needs a certain level of quality passionately for proper immersion  it does feel insulting  It\'s like claiming The Fast and the Furious films are popular for their subtle storytelling and sophisticated cinematography and deserves equal academic station with something like Ladri di Biciclette     This is the correct stance on HP  https   www reddit com r harrypotter comments 1drdyx literary quality of harry potter books c9tjq63              
What 🙄said 
THATS NOT A MAN  THATS A ROBOT 😂
mfw over one year of playing never used the chat ¯   ツ   ¯
I forgot his name 😋
Ohh yeah    She made it  She made it      Fuck u 2016 ♩🎵🎶
It\'s not exactly as op stated but it certainly does get weird when Decribed out of context  One good example is the hand of an ancient vampiric demi God turning into an evil squirrel that seduces and eats a male squirrel and the proceeds to rip through the chest of  a cyborg​ nazi who in this case is a good guy   https   youtu be 1cPW0MX79fU   And it only gets more bizarre​ as the series progresses    Definitely a good watch it\'s slowly become one of my all time favorite shows and I consider it top of the line when it comes to long running action series 
Dubček was not a president  but a prime minister  But everything else is on point   edit  well technically he was not a PM but the head representative of the communist party  so practically the most powerfull executive politian which would today be compared to a PM 
Eleven Spacey 😂 brilliant   
I love cats lol how did you know  😻
Study how addictions work  this is your best tool in beating an addiction   Good luck mon ami 😀
Her  her  Calm down it was a mistake  Her    👍
It did say it would allow Loki to participate in all boss battles in all future events so     ¯   ツ   ¯ 
Oh my god  Thank you  voice is such a tricky part i feel when it comes to transition but  it\'s amazing what some dedication  practice an constructive feedback can do when combined together 😍  
That is kind of you  but I didn\'t mention the part where I told him how frustrated I was with him and then forced him to make a budget right there on the spot 🙁
It sure is  😀
⋆⋆⋆⋆⋆⋆⋆⋆⋆⋆⋆⋆⋆⋆⋆⋆⋆⋆⋆⋆⋆⋆⋆⋆⋆⋆⋆⋆⋆⋆⋆⋆⋆⋆⋆⋆   NOTICE   ⋆⋆⋆⋆⋆⋆⋆⋆⋆⋆⋆⋆⋆⋆⋆⋆⋆⋆⋆⋆⋆⋆⋆⋆⋆⋆⋆⋆⋆⋆⋆⋆    Please consult the  List of Scammers  https   www reddit com r SmiteTrades wiki scammer list  before trading     If someone contacts you via PMs and they have not responded to your thread be aware that the user may already be banned from the subreddit for being a scammer     Consider taking screenshots of all parts of your trade to use as evidence if the need arises                                                          I am a bot  and this action was performed automatically  Please  contact the moderators of this subreddit   message compose  to  r SmiteTrades  if you have any questions or concerns  
he\'s so bitchy  😂
To be fair in Japanese Gio and Jo both would be \'ジョ\' or roughly \'Jyo Jo\'  So he\'s a ジョジョ but not a JoJo
I usually knit for an hour or two when she\'s gone to bed  or when she\'s watching her tv programmes  😊
I can\'t grow facial hair at all 😯 and you need a mirror 
Kind of like a Glasgow Smile 😬
Lmao that\'s still more than I get in America  I\'m lucky to get 3 Mbps down  🙄
I\'m going to hell for laughing 😂
Thank you  🙂
When u working on that grand magic trick all year long but no one shows up for your new year party     Happy New Year    😁
😘
oh no not this again     tyra busted her ass back to korea 😂  stupid bitch
Thanks   😂
Started this year just as confused as I ended the last one 😕
♋
Randy seems pretty satisfied at least ¯   ツ   ¯
too bad you aren\'t 😂 
Is there anywhere where I can see a list of which sets are available in the main scouting box for μ\'s on EN right now   
Kid my ass 😂 
This year I\'d like to drop another 20kgs and stay married to my wife for another year 🙂
That boost technology makes me wet 😩💦  Someone should sole swap some crocs with Boost 
honestly reset ur PC that\'s all I could say I\'m fucked rn so gimme time 😂😂
5 short beep ：CPU error  Pull the CPU  check the pins  make sure it was seated with the right orientation    WAIT  super edit  make sure you put both sticks on the same channel  and not one stick in one channel and the other in the second channel  For reference there should be an empty RAM slot between your sticks  
Hahhahaha i felt exactly the same when i saw the notification  I was like fuck no 😭 but than it was a greeting 😂
A dealer tried to give me 2 9  APR on a car once and I fought both the price and the APR for four hours until I got 0 9  and the price I wanted  I can\'t believe anyone would go for 2200   and I wish that this stuff didn\'t exist     Also  I asked for  50 per paycheck and no interest  I just really really want him to learn more than paying me back quickly  He\'s so unhappy   I\'m happy your friend is close to paying down the debt to you 🤗
Look   a computer is too complex for most individuals to understand the basic concepts of  The complexity of banking isn\'t that bad  It\'s about the speed   computers trade so fast that by the time anyone notices that there are problems the market is already down 1℅ and rebounds within the hour  There\'s no way human regulators can track the speed of these trades  and the code behind them  to regulate markets   That being said  the real danger in banking is incorrect motivations  Should a bank be focused on managing investments  high risk  or focused on building a community  Too often banks are focusing on investment because that\'s where the money is while removing a focus on renovating the communities they serve  
  Illustration     咸鱼突刺！   http   pixiv net i 60637377  by  Magicians  http   pixiv net u 9580845     Tools used    Photoshop  SAI    Image resolution    1902×1029    Published    Dec 30  2016  12 06 AM    Keywords    saber  fate grand order  fate  series   fate stay night  long skirt      I am a bot  and this action was performed automagically   info  https   www reddit com r Pixiv wiki pikushibu 
 CityFans  https   www reddit com r CityFans comments 5lef1o elbląg poland      Link To Original Submission  http   reddit com 5leeqk               I    Am    A    Bot     Please    Message     u cc d    if    you    have    any    feedback    or    suggestions 
My boyfriend is sick  so I\'ve been staying up to make sure he\'s ok running to the drugstore to get medicine  ♥
Favorite part has to be "lucky charms" across the chin 🤣🤣🤣
They\'re so gay 🌈🌈     
二千六百三十五  Because it looks like an emote  smartass   I got into a habit of using it a lot since I hate those yellow emojis on social media  instead I use characters that don\'t automatically change into them  like tsu  xD     and so on  
😂
ɪ ʏ ɵ e ɛ æ	a œ	ɶ	ʊ ɔ ə  And that\'s only half of it 
➤➤Floor 55 Looks Lame but if it work     ➤https   youtu be dTDufXLbF50  Lance Lily Dei  Cel  Mu 
No problem  And yes  the game is a bit finicky to mod but you\'ll get better at it as you keep trying  just like pretty much everything ¯    ツ   ¯     I\'ve personally never bothered installing real car packs since I try to keep the game "lore friendly" but I can imagine that if your car pack  replaces  vehicles there\'s a good chance it\'s conflicting with something that\'s used in that particular mission perhaps  That or  some data file hasn\'t been configured properly to indicate to the game that "so and so car doesn\'t have these extras  tuning parts  associated it with it  don\'t load these"    I\'m not too knowledgable about this  I\'m jut speaking from what I\'ve learned tinkering with the game  I\'m sure if you post on some forum like GTAForums\' support section you might get some help    That or you try and compile your own pack or wait for  taltigolt\'s pack  In any case  hope you figure it out 
Happy New Year guys  I fucking love this sub  and honestly my Reddit experience is basically rotating between  r Canucks and  r hockey whenever I\'m on the app   You guys are the greatest ❤️
Happy new year VG    Wish you the best for the many years to come 👍🏻
Is obama worth my Js though   🤔🤔🤔
Oh yes you guys got this with the 4th of July  Doesn\'t the USA have the same on Dec 31   The aftermath here is blown up bus stops with glass everywhere  our mailbox wall downstairs is blown out  the mailbox wall on the adjecent building is completely blown off  bikes in the water etc     No fun    so much vandalism  I\'m glad it\'s over    Happy new year to all of you though ♡
 Once again  I was rooting for the wrong girl  http   data whicdn com images 49527616 large gif     why   ಥ‸ಥ      brokenkokoro 
Wow 😂 what 😂 an 😂 original 😂 insult 😂 dear  😂 friend 😂
I\'ve read vive support isn\'t very good yet unfortunately 😕
That\'s one tiny baby 🤗
Thank you man😊 happy New Years to you too  
Lmaooo yea I wanna get out here ASAP too 😂
From the comments section itself   the song is about the Roman emperor and his wife  the emperor talking to the kid but the entire song is meant for the empress  the girl is mixed so the emperor know that the wife has had a affair with the black slave in the background and so their love is tainted ﻿   Sounds pretty plausible to me  
Oh  no doubt  She\'d be paid either way  She performed  it was technically technical difficulties that made her unable to sing  sources says her in ear monitor wasn\'t working and she couldn\'t hear anything  on top of the wrong track being played  It was just amusing to me  And the only reason I saw it was because my toddler decided that it was time for a midnight snack  so I put it on to ring in the new year with him  We went to bed at 7  😂
Same  I watched this trailer on my phone   was like "OMG I CAN NOT WAIT "    my step daughter said "for what   " "Teen Mom 2 "   Her  Omg  🙄😂
Enter Google Analytics and the good will market   My non profit is launching in early 2017 once the loose ends are tied  Stay tuned  ✌️😊❤️
To you as well 😃
YUK  Screw her  you\'re totally beautiful and you deserve clothes that let people see that and make you feel comfortable and confident    she obviously wouldn\'t want you to feel that way because she wants you under her thumb  ❤
Good for you  let\'s do it  😊
Thank you  😘
The two galaxies I imaged are in our local group  close to the Milky Way  and they are also   very   large  While Jupiter is much closer to Earth  it is tiny compared to a galaxy  For this reason  Astrophotographers get used to talking about the size of objects in terms of "angular diameter"  which is a reflection of their apparent size as seen from Earth rather than their actual size  To give you a frame of reference  Pluto 0 0018 arcminutes  Jupiter 0 83 arcminutes  the Moon  31 arcminutes  Andromeda Galaxy 178 arcminutes  The reason we can see the moon and Jupiter with the naked eye  but not Andromeda  usually 😛  is a result of how bright they are  not their size in the sky  If Andromeda galaxy was as bright as the moon it would look  like this  http   m imgur com EpuhHJa r  in the night sky  Hope this helps  Let me know if you have any other questions 
Best of luck  I hope it works out okay ☺
There\'s  a 1966 book  https   www amazon com Frege Godel Mathematical 1879 1931 Sciences dp 0674324498  by  Jean van Heijenoort  https   en wikipedia org wiki Jean van Heijenoort  that has many of the original talks and writings pertaining to the Hilbert Brouwer debate  I think that the most interesting  philosophically  is a short note by Hermann Weyl  Hilbert\'s student who defected to intuitionism and then recanted   in 1927  that explains why both Brouwer and Hilbert are right    Before posting Weyl\'s remarks  I\'ll quote some pertinent bits from Brouwer and Hilbert  As we\'ll see  Weyl said that all mathematicians were intuitionists  or thought they were  but it was Brouwer who discovered just how much of math was untenable from the intuitionistic point of view  He basically said that much of math was wrong   Brouwer 1923     An incorrect theory  even if it cannot be inhibited by any contradiction that would refute it  is nonetheless incorrect  just as a criminal policy is nonetheless criminal even if it cannot be inhibited by any court that would curb it  … In view of the fact that the foundations of the logical theory of functions are indefensible according to what was said above  we need no be surprised that a large part of its results becomes untenable in the light of more precise critique   It was Hilbert  the finitist   who  according to Weyl had to make a radical philosophical jump in order to salvage mathematics  and he who had to defend his position  In 1927  in a talk where he personally lambasted Brouwer  and expressed surprise that he has a following   he explained that math contains "real propositions" with actual content as well as "ideal propositions"  Hilbert first claims that his position is defensible in the tradition of math  but says it has two concrete advantages  it can save analysis  and its formal proofs are aesthetically more appealing as they\'re shorter  more elegant  and distill the essence of the idea of the proof       E ven elementary mathematics contains   first  formulas to which correspond contextual communications of finitely propositions  mainly numerical equations or inequalities  or more complex communications composed of these  and which we may call the  real propositions  of the theory  and  second  formulas that — just like the numerals of contextual number theory — in themselves mean nothing but are merely things that are governed by our rules and must be regarded as the  ideal objects  of the theory     These considerations show that  to arrive at the conception of  formulas as ideal propositions   we need only pursue in a natural and consistent way the line of development that mathematical practice has already followed till now           W e cannot relinquish the use of either the principle of excluded middle or of any other law of Aristotelian logic expressed in our axioms  since the construction of analysis is impossible without them          A  formalized proof  like a numeral  is a concrete and survivable object  It can be communicated from beginning to end         What  now  is the real state of affairs with respect to the reproach the mathematics would degenerate into a game     The source of pure existence theorems is the logical ε axiom  upon which in turn the construction of ideal propositions depend  And to what extent has the formula game thus made possible been successful  This formula game enables us to express the entire thought content of the science of mathematics in a uniform manner and develop it in such a way that  at the same time  the interconnections between the individual propositions and facts become clear  To make it a universal requirement that each individual formula then be interpretable by itself is by no means reasonable  on the contrary  a theory by its very nature is such that we do not need to fall back upon intuition or meaning in the midst of some argument  What the physicist demands precisely of a theory is that particular propositions be derived from laws of nature or hypotheses solely by inferences  hence on the basis of a pure formula game  without extraneous considerations being adduced  Only certain combinations and consequences of physical laws can be checked by experiment — just as in my proof theory only the real propositions are directly capable of verification  The value of pure existence proofs consists precisely in the individual construction is eliminated by them and that many different construction are subsumed under one fundamental idea  so that only what is essential to the proof stands out clearly  brevity and economy of thought are the  rasion d’être  of existence proofs      … The fundamental idea of my proof theory is none other than to describe the activity of our understanding  to make a protocol of the rules according to which our thinking actually proceeds         … Existence proofs carried out with the help of the principle of excluded middle usually are especially attractive because of their surprising brevity and elegance   He also makes this remark  which turned out to be unfortunate in light of Gödel     From my presentation you will recognize that it is the consistency proof that determines the effective scope of my proof theory and in general constitutes its core     Which brings us to Weyl in 1927  in the comment below 
They are missing out of something Amazing though    firsts post I looked up  Good way to start 2017 in my opinion😆
Happy New Year  Still in my first system so "only undiscovered" but it doesn\'t really count  so I won\'t pollute the poll 😀
This year     Follow up on those spontaneous ideas I got over the last few years  ie  go to any random town on a saturday  and hit up all people that have birthday flags out  give them a gift  eat some cake     Find people to do that with    Try to Converse better  no weird silences unless I meant to make them     Try and excell in a sport    Spend money more wisely so I can go on Holiday   Best wishes to everyone 🍻  
Lol no  I dance from time to time at a topless club  been in the industry for 7ish years now 😊
Happy New Year OP  See you in 2018 😉
Stay positive it may be hard but if u need to vent n no friends are available use the forum n let it out  Just vent n release all the stress u may have  N remember day by day hour by hour it gets better  （╹◡╹）
Wow  lucky GGG gave you in game fireworks for new years 👵
Check out this statistic i vaguely remember    "29  of americans don\'t believe in evolution   Oops   actually meant 29  of americans who live in the bible belt and chew tobacco "    ¯    ツ   ¯    
20 and still virgin   How dare you   Now  seriously said  I lost mine when I felt I wanted to lose it with the right person  And that happened when I was 22  And i know people who were just around or past 30 when it happened  Age    what is age    what does it mean   I know people of 60 that are like 20  And people of 20 that act like 60  It doesn\'t matter what age you have sex for the first time    What matters is to have the will to do it with the right person in the right way and in the right conditions for you to remember it in a positive way  That\'s what count   Cheers   Happy new year  🎊 
😻 I\'m actually just kidding I\'ve never done E
You might be interested in  this earlier thread about the term  laowai    https   www reddit com r ChineseLanguage comments 401ovf my colleagues refer to me as laowai disrespectful   Here\'s some comments from  a blog post  http   languagelog ldc upenn edu nll  p 11626  written by various  laowai     Basically I hear “老外” as “white guy ” with all the intonational possibilities afforded by the English phrase  It can be bemused or hostile  depending on the speaker’s intonation and attitude  more commonly it’s just a simple description  It can be stretched to cover foreigners of African descent  but in my experience it mostly refers to  well  gringos — which is why Chinese would never think of referring to themselves as 老外          I don\'t think it\'s a universally negative term  and I can believe it began as very neutral or even positive  But I think the points made about different contexts are pretty valid  and in some it\'s possibly pejorative enough to have tainted it a little but in others  much like xiǎojiě 小姐  "young lady  miss"  to mean "miss"           I interact with many right off the boat foreigners who grab my arm and say "What is this \'laowai\' thing  What do they mean   It sounds racist to me   Why not just \'waiguoren\'   Is it sarcastic  Condescending  Snide  It can\'t be good "  Actually  it\'s usually no big deal   Whereas "foreigner" is seldom used in the American context to refer to foreigners  except on visa forms  in China there really is a need for a generic term of this type  because in most contexts Chinese don\'t  and can\'t  differentiate foreign nationalities  
who is plugging sugar on here 👀👀
You know  I used to say the same thing  "an eye for an eye makes everyone blind " I thought it was an impenetrable spot of logic  One day I said that to my  now  fiancé and she replied back  without missing a beat  "but at least we\'re all even "  Super philosophies are a wonderfully easy thing to buy into to make your life easier by making excuses for inaction  but in reality it\'s just a thing you say to make yourself feel better for said inaction  It doesn\'t mean anything  It\'s just an excuse    I don\'t believe in capital punishment  and I don\'t have kids  but as a 27 y o male who wants to have them some day  you bet your ass if someone even tried to touch my kid in an inappropriate way I myself would spend the rest of my life behind bars    Just my two cents  ¯   ツ   ¯ 
Supernatural 😂
Fellow mouth breather here  I remember a douchebag teacher calling me out in front of the class for having my mouth open a little wider than usual  Maybe I was drifting off because he was going off on one of his tangents on the importance of recycling and not running water while brushing teeth  The teacher guy was a douchebag and a "fruit" who did dog shows 🙄 and had a voice like Tim Gunn so his words did not bite  You\'re not ugly at all  You\'re cute 
So it is rude and when I was there I corrected people and even kids when they called me 老外。  But it\'s still a heavily used term and most people when they use it arn\'t using it out of malice  they just don\'t know any better   If you don\'t wanna be called 老外，tell them that  Tell them to call you 外国朋友 
Smyth\'s toy have this offer too  Got the sonic and doctor who packs for £25 😁 
Very nicely  It\'s beautiful 😍 
🤔🤔🤔🤔it\'s hard to tell 
deresute is the romanized version of the official abbreviation for the game  It\'s also the name of the app on device home screens「デレステ」  Edit   This might provide more info  as well as the reason why it\'s abbreviated as so   https   www reddit com r StarlightStage comments 5acpuh qa megathread find answers to your questions here d9kvpow  context 10000 
Oh my  I\'d love to read more of this  Good job 😊
I do my own work as well  just a little extra oomph never hurts  I bought loads of supplies too  😊
I couldn\'t help but read    when you said "don\'t" to me it means "who is going to stop me    😀 You did what you said   you ranted  Did it make you feel any better  Stop taking the easy way  It hurts me when I hear of someone basically folding in on them selves  If you stay a JW forever it will not be your life  You don\'t even know what your life is yet  It hasn\'t had a full chance to grow and form  Start spreading your wings just the tiniest amount by meeting some non JW people  There\'s going to be someone your going to want to break out of your JW cocoon for  No rush really  But I think you need this  You need it to become your own person  Or what do I know  Maybe you can live your life just as you said  Like you also said   your mom still smiles at you  Which must be nice and make you feel good  
Digital cereal milk by Slippy Syrup  Tastes exactly like the milk left over after cinnamon toast crunch 😍
Ugh  sorta having the same problem  I\'m a dinosaur and want everything on DVD  Right now  Daredevil Season 1 is only Blu Ray in the US  😢
me too😂😂😂😂
I would say Sun\'s Bride     VVGS  Oh my       VEW  YEAAH        ͡° ͜ʖ ͡°  
So pleased your happy enjoy 😀😀😀😀
 ​What the fuck did you just fucking say about me  you НO0ОଠOOOOOОଠଠOoooᵒᵒᵒᵒᵒᵒᵒᵒᵒ  I’ll have you know I graduated top of my class in the good shit go౦ԁ sHit academy  and I’ve been involved in numerous secret raids on Baaddd ShIT  and I have over 300 confirmed  chorus  ʳᶦᵍʰᵗ ᵗʰᵉʳᵉ   I am trained in goOd sHit warfare and I’m the top shiter in the entire US armed mMMMMᎷМ  You are nothing to me but just another Baaa AaAadDddD Sh1t  I will wipe you the fuck out with precision the likes of which has never been seen before on this Earth  thats what im talking about right there right there   You think you can get away with saying that shit to me over the Internet  Think again  fucker  As we speak I am contacting my secret network of go౦ԁ sHit across the USA and your IP is being traced right there right there  so if i do ƽaү so my self i say so  you better prepare for the storm  НO0ОଠOOOOOОଠଠOoooᵒᵒᵒᵒᵒᵒᵒᵒᵒ  The storm that wipes out the pathetic little thing you call your life  You’re fucking dead  kid  I can be anywhere  anytime  I could be right there right there and I can kill you in over seven hundred ways  and that’s just with my bare  chorus  ʳᶦᵍʰᵗ ᵗʰᵉʳᵉ   Not only am I extensively trained in mMMMMᎷМ combat  but I have access to the entire arsenal of the United States Good shit Corps and I will use it to its full extent to wipe your miserable ass off the face of the continent  you little BAAaAaAaAd shit  If only you could have known what unholy retribution your little “clever” comment was about to bring down upon you  maybe you would have held your fucking shit  But you couldn’t  you didn’t  and now you’re paying the price  you goddamn idiot  I will shit fury all over you and you will drown in it  You’re fucking dead  НO0ОଠOOOOOОଠଠOoooᵒᵒᵒᵒᵒᵒᵒᵒᵒ    intensifies    I am a bot  and this action was performed automatically  Please  contact the moderators of this subreddit   message compose  to  r AyyMD  if you have any questions or concerns  
Awesome  The JALUP decks are great  I\'m about 500 or so into the Extreme deck  100 cards a day is gonna be tough  頑張って 
"baited" I mean I\'ve seen you with the flair for awhile now and always figured it was a joke  because someone who is actually a grammar nazi wouldn\'t leave it like that ¯     ツ   ¯
😂
Jealous some of you have \'confirm the pregnancy\' appointments  I have to wait until 8 weeks until anyone will see me  in the UK   My main symptom is feeling ridiculously tired from doing nothing   Thanks to the person who created this sub  Looking forward to getting to know you all 😊 
A ball of fox 😁
👍 starting off 2017 with some sass  Nice one 
That was a good choice sir  😄
Jeez  I took the picture  I thought I was going to reap that sweet Karma  nope  It\'s every where 👎
Also have a Mirena and LOVE it  I got it due to 9 12 day super heavy periods  and I did have a problem remembering to take the pill at the time even though I wasn\'t having sex  I have to have mine replaced this coming June  and I plan on doing so  I haven\'t had a period once since getting it  there\'s no way to forget to take it  and my current boyfriend and I aren\'t looking to have kids anytime soon  It\'s the best health related decision I\'ve made for myself in my life  I\'d highly recommend it if your doctor thinks it would be a good option for you ☺ 
After reading the post  i think unfriending him would be a great start to 2017😂
Lol you say it like you actually have a chance at fucking her 😂😂😂
Erin from the office ❤️
Well apparently the runners around you don\'t give a shit about bringing the 🔥🔥
Gonna lose another game to the Hawks tomorrow   😸😸😸
So that\'s what\'s it\'s all about huh  🤔
"they have high volume"    ͡° ͜ʖ ͡° 
The point does not stand   OP lied through his her teeth      "some animal rights nuts had just jumped on the stage"     That was an outright lie   Very dishonest leftist   Then I get accused for being some яussiaй agent  
Sounds like a weird Reservoir Dogs scene  😂 
Just checked mine and it says the same  😨
Why the fuck are you on reddit instead of smoothly sailing to that threesome    Edit  might have sounded rude  best vibes your way  Take care of yourselves  sexually speaking also   and have fun ❤️ 
Defense wins Championship 🏆 Back to Back Champs 
I must be the only person to think joints are easier than blunts 😂 probably cause I learned how to roll joints first 
  I think it\'s more like   It isn\'t though   “If an important decision is to be made  they  the Persians  discuss the question when they are drunk  and the following day the master of the house where the discussion was held submits their decision for reconsideration when they are sober  If they still approve it  it is adopted  if not  it is abandoned  Conversely  any decision they make when they are sober  is reconsidered afterwards when they are drunk ” ― Herodotus 
My God  this post has it all  I know this sounds like I\'m exaggerating  but this is genuinely the worst thing I\'ve ever fucking seen on the internet  It ticks every single one of my despicable human behavior boxes all in one fell swoop   ✔️Murder ✔️Kidnapping ✔️Misogyny ✔️Terrorism ✔️Slavery ✔️Torture ✔️Rape ✔️Pedophilia ✔️Nice Guys TM  I can literally just unsubscribe from r niceguys right the fuck now because this is as low as we as a species could ever possibly go  and if it turns out we CAN go beneath this  Lord knows I don\'t want to see it 
It is purely for cosmetic  The higher   chance of better items isn\'t that noticeably  I like prestig​ing because I enjoy the grind 
Well played  I\'m sure it\'ll benefit you in all sorts of non DG related ways too  And let\'s be honest  many of the top players do have a fairly specific type of body  If losing weight to become a better golfer isn\'t a good reason  I don\'t know what is  👍
We\'ll go with the language of the country I reside in     i ɯ e o a    No diphthongs   
If I ever crave a cig I just need a good haul of a dry burn  tastes about the same 😂 jk
Yeah but it only holds half as long as well ¯     ツ    ¯ 
One Igglypuff from before the increase event  and not a single kiddo ever since  Hatched at least 45 eggs  😕
Yeah the problem is I don\'t have buuhan and got the drop when I was clearing it for the stone 😭
😂😂😂
So basically Shunsui Kyōraku 
I met my guy on Tinder too ☺️ our bubba is just about to turn one 💜
Guys stop 💩 on my thread 
🎤I\'ve got nothing to worry about   🎤😎
You got something against Sting   Roxane and her red light 💡 
Haha I know that table top stands out a mile away along with those Visconti pens 😉   I\'ll have to try and mix it up a little in 2017 and try to confuse you 😛   Thanks 
  Region   NA       Padherder  https   www padherder com user Pabu monsters        Hardest dungeon you\'ve cleared  Zaerog∞ Scarlet Descended Sea of Trees    Current team s   AnaPhon A  Panda UUEVO Panda Eschamali Zaerog∞    Team Cost  346    IAP status  NIAP    Help me with  building the best team possible to take on mid   end game content
When you\'re the maximum height  and aren\'t too tall for walmart stuff 😈
I see   I\'ve gotten to the point where I can type zhuyin  but for example  if I type "a " ㄇ comes out  Is there a way to map zhuyin with a US keyboard 
Think she might be leaning towards doing it man 😀👍🏻
Or the UK 😏
Hello   Could I have this egg for FFA      B1 	2 4 	Mimikyu  ♀  	29 31 31 31 31 31 	Dark 	 2463      Info    FC  0275 8931 3628   IGN  Firevulpix   Mii name  Firevulpix   Timezone Availablity   GMT 3  http   www timeanddate com worldclock finland helsinki  Available now for an hour  After that later today       My TSV\'s      2484 Gen 7  https   www reddit com r SVExchange comments 5gn45u 2484      2700 Gen 6  https   www reddit com r SVExchange comments 4uzqhu 2700        Old 2700 thread  archived   https   www reddit com r SVExchange comments 3fjxxe 2700        Old 2700 thread  archived   https   www reddit com r SVExchange comments 438no2 2700    I have added you   Thank you 
Happy New Year to you  😀
99  it is 地沟油 when you eat outside  I bet on it 
Every once in a while I\'ll get these sporadic sharp pains in my chest or lungs for absolutely no reason whatsoever  even when I\'m just lying down in bed  Not sure what causes it but it doesn\'t sound good and I\'m probably too young to get chest pains but ¯   ツ   ¯
Part of me wants useless dokkan fests so I can save my wallet 😭
If everyone\'s an infielder  then no one is  🤔🤔
Zazu  Like from The Lion King  💙
I used to get the weirdest looks at lunch in highschool for dipping my chicken sandwich in my mashed potatoes and gravy   That shit was Fuego👌👌  despite it being school food still 
He\'s  2 in the league for penalty minutes drawn per 60 min 😂😂😂 Hathaway is right up there too 
If I am being щrong make correct  but I am thinking didn\'t Enfield make some of the earliest bullpups  I щould love one of those even over old bolt actions like Mark III and such
Thank you 😘
 People will have kids just to get ₹ 6 000  Apparently  poor people are so stupid that they will have kids for a pittance   The common thinking amongst BIMARU\'s lower middle class is that more number of kids means more number of hands to earn money  So it should NOT comes as a HUGE shocker if they decide to have extra kids for making money 
Hey there  I doubt I can compete with you previous offers but might as well try since I have a couple new things I can offer  I don\'t have paypal funds atm but I can offer anything from  here  https   nm reddit com r Pokemonexchange comments 5kznht h some events and na volcgenesect codes w paypal   as well as the following       RNGed channel jirachi  Careful   31 31 31 24 31 30   OT  CHANNEL   ID  40122    ENG    Admiral Fish    kalle2934  me   tutored Mud Slap  Body Slam  Dynamic Punch and Metronome  picture proof     Decolora Jirachi   Gentle   13   30   19   21   18   6   OT  デコロラ   ID  07013    JPN    cryophantom  former mod     GoldSushi44    Jaimeg7    go4ino    Tai Lop3z    kalle2934    me  was pokechecked by cyrophantom and comes with original trade thread as well as trade thread where kalle2934 obtained it     2015 tanabata jirachi set from meadow fresh     TheDecimated     ChiefNeckbeard43     me  picture proof    Let me know if anything here would potentially interest you   
“Critics who treat \'adult\' as a term of approval  instead of as a merely descriptive term  cannot be adult themselves  To be concerned about being grown up  to admire the grown up because it is grown up  to blush at the suspicion of being childish  these things are the marks of childhood and adolescence  And in childhood and adolescence they are  in moderation  healthy symptoms  Young things ought to want to grow  But to carry on into middle life or even into early manhood this concern about being adult is a mark of really arrested development  When I was ten  I read fairy tales in secret and would have been ashamed if I had been found doing so  Now that I am fifty I read them openly  When I became a man I put away childish things  including the fear of childishness and the desire to be very grown up ”   ― C S  Lewis
Just make an offer  that is quite vague 🤗
Only beardless tho 😂
It is New Zealand English   Some more \'non standard\' things   Diphthongs mainly come from l vocalisation non rhoticity   ʚ usually only appears in the dipthong ʚw  from AmE oʊ  BritE əʊ  MiddleE ɔː   this is different from ɤw and ɔw  both caused by l vocalisation   ɤ and o are the same thing  the actual vowel is partly rounded   this is AmE BritE ʊ   ɵ usually only appears in the dipthong ɵw  It comes from a merger of historic ɔl and ul  which when vocalised merged  oʊl ʚwl changed to a new ɔl ɔw   ɐ is a mix of historic a and some occurrences of schwa  which has merged with ɪ to become ɘ   However  its phonemic status is tenuous   ø is historic ɜː \'long schwa\'  This probably has a wide range  ranging from  œ ø ʏ ɵ   though never as back or as rounded as  ɵ  
You\'re gonna become a weed head  sluggish  lazy  stupid and unconcerned😱
Bro tbh good luck with your crush  hope it works out real shit 👌👌
Lol cuz i sorta main tracer   it used to trigger me  ❤️
My Facebook Google Twitter Steam said happy birthday today 😀
No  but for some reason you look better the further and further and further away you are 🤔😊  
94 ADC Divisional between SD and Miami   Chargers down 21 6 at half   Come back to take the lead with less than a minute left   Miami misses Fg to win it as time expires  Don Shula sad on his golf cart  😀😀😀  22 21 
I call the brunette 😂
Eh  who cares  when someone does that to me I usually just say "哦，中国人"
Omfg 😂
"Swoop down"  😂😂I imagined Thom swooping down on a broomstick singing burrrrnnnn the wiiittccchh  
 ne diyorsun amınakoydugumun evladı   Hi  No personal attacks  First warning  You are at 3b1w  That is you have already had a 3 day ban  This is your first warning after it  2 more transgressions against the rules for minor abuses will lead to a 2 week ban  A major transgression will issue an immediate 2 week ban  Please stick to the rules  Thank you  
I have this too  I\'m always called "twitchy"  I was told it was a symptom of Restless Leg Syndrome ¯   ツ   ¯ 
Ta tramvaj měla už 5 krát přijet   Which means "the tram should have been here 5 times already " in czech   Do I get to say it in english or do I have to do it in czech 
Daddy would love to slide his big hard cock in your gorgeous looking wet little cunt  baby   ❤
Cut out ALL the colors except black and play Gonti   He makes my toes tingle   ͡° ͜ʖ ͡° 
😂 that\'s hilarious 
When I first looked at the wall  I thought it was a hand and arm  Ha  Well that is one relaxed kitty    Happy New 2017    🐈
Username doesn\'t lie     Damn  Good on you and your coworker though  Thank you for starting the new year with some humanity and some hope  ❤
Our crew  HeavenFall  a semi hardcore crew is now looking for new active members  We are a group of friends that came over from 7 knights Global and Soccer Spirits  Currently we are enjoying this game alot  Especially the waifu arts and music    ͡° ͜ʖ ͡°   Currently we\'re in the midst of reorganizing the crew and have a few spots open  We consist of mostly players over lvl 101 and have access to HL contents   We have just recently cleared inactives and afkers  and have some space again  We were able to qualify all past few Guild wars and are looking for more members again  Requirements still applies    HUGE UPDATE   Due to the recent new changes to how guild war works in GBF  we have largely changed the format of the way we do GW  as such requirements for new members will be slightly different now   Below a screenshot of us qualifying  http   imgur com m4lG3LJ http   imgur com NJk8aSx  Dec 2016 GW result  http   imgur com 7ENUxVd http   imgur com vZmS4aI   Our current crew goal and plan is at least 1 win in finals every GW   This gives you a sunlight every 2 GWs   This will be improved on as we get more capable members  We now usually get average 2 wins per gw   We will scout you if you meet our requirements     Require you to join our LINE chat and Discord server  For GW usage only     Active in LINE chat due to how coordination is required in new GW format now    Rank 101     Must participate in Guild wars and able to attend our morning GW early rush hour  7AM JST   9AM JST     Have a near complete  mid game level  weapon pool of AT LEAST one element  we require you to show us that weapon pool    Be active    Be friendly  no hating  no big arguments  and you\'ll be fine    Thanks  Crew Skills  drop rate lvl 3  ougi bar lvl 3  Pot lvl 2  Strike Time  12 00 13 00 JST     22 00 23 00 JST  Slots  27 30  you may add me at LINE ID  lolsmyass  Do pm me on LINE if i do not respond here  Alternatively  You may also contact LINE ID  socari
I have a match       B8   2 2   Cyndaquil  ♂    Timid   Blaze   31 31 25 31 31 31   Dark  3483 	      Nickname     None     Hatch Location     Ruins of Conflict  tapu koko       IGN     cclloyd      Mii     cclloyd      FC     3454 1146 5167     Timezone     EST  GMT 5      Availability     5pm 3am most days     TSV     2490   ☾  https   www reddit com r SVExchange comments 5f32uo 2490      2265   ΩR  https   www reddit com r SVExchange comments 59iukq 2265      3357   X  https   www reddit com r SVExchange comments 59iywl 3357      2842   αS  https   www reddit com r SVExchange comments 59iwtf 2842  
🎶"and even though we had different daddy\'s" 🎶  Damn  
The SO and I have been fighting a cold the last 3 days  so we didn\'t feel like going to a party we were invited to  So we bought a used couch and love seat for  40  since we\'ve been without them for about 8 months  that first plop onto the couch was amazing   Then we set up 2 tvs and two Xbox360s  invited my SO\'s best friend  grabbed some pizza and booze  and played Borderlands2  When it hit midnight  we said happy new year  clicked our glasses  and kept playing  Going out is overrated  and we don\'t have to worry about having one of us being the dd and having no fun     And now I\'ll be up all night playing Pokémon Moon  😄
Lovely titties  perfect nipples 💋 Happy New Year 
Thanks for the support and feedback  Much appreciated ✌️
I slept all last night peacefully  😂👌
Hehe  My year started before yours  Sorry  😘
😮 wow  that looks hot  but you must\'ve been freezing   I know I feel kinda frozen down below just looking at it 😉
Is it me or is the file about 3 Gb   ‧ ‧？ 
🙃Don\'t speak too soon 🙃
I know right  Her dad keeps saying it\'s safe and blah blah  I would stand out like a sore thumb over there 😐  Then he tells me about the coffee shop bombings and drive bys that happen daily that don\'t make it to news because of oppressed media lol  The people seem beautiful and so does the country and culture but life already has its risks and to willfully increase odds of death without benefit to humanity or legacy seems ludicrous  
Yay I get to post first  Suck it masashi   p   First game  http   tenhou net 0  log 2017010116gm 0009 7447 4ab753d5 tw 1  1位 D Sierra  77 0  Susei  2 0  Stoike  29 0  ランプ  50 0   Game to demonstrate the power of riichi  As mentioned on the discord chat  up until October I was under the influence of this mistaken belief that if I\'m in the lead I must damaten at all times to play defensively if someone decides to push  This proved to be a sore mistake as I would allow other players to catch up to me with my extremely conservative playstyle  It\'s 2017  time to break these old nasty habits  Decided to go all out whenever I had the chance  and the rewards were good     E1  Late riichi  but amazing wait  Following through with Whitelion\'s suggestion of riichi with such waits  I did not regret my decision   E3  At first I was wondering why toimen wouldn\'t riichi such a good hand  Then I looked at the replay and it looked like he wanted to improve his hand from pinfu dora to pinfu tanyao iipeikou dora  keep in mind that all 4m were alive from his perspective   One of the few cases where damaten is permissible   when you are in need of points and you think your hand can improve in value by at least 2 han  in this case iipeikou and tanyao could be added if he draws 4m   Then again I\'m wondering if that was necessary since this was only east 3 and he could\'ve used that extra yaku from the riichi to pass me up   S1  Another late riichi  but extra dora hyoji meant chance at a big hand  Probably riichi was a mistake since shimocha was pushing for chin itsu  but at the same time he can\'t defend against me    S2 1  Major blunder on kamicha\'s part  He should\'ve instariichi\'d the moment he hit tenpai  14m haku wait   He absolutely needed  the extra yaku to survive what was to come  Shimocha would\'ve absolutely dealt into that riichi since he was pushing for a hand too  but alas  instead of a riichi ippatsu haku 5500 pt hand kamicha had to settle for a cheap 1300 haku nomi hand  This blunder takes a toll on s3 1 where he gets tobi\'d  
The fact that Nunes is only getting  200k for winning 🤔
smh  why is reddit so cancer 🤔 
✔
二千六百五十一  Yeah katakana words are funny  wallet is saifu   On mobile  yeah  pretty convenient for posting tsus whenever I want to send a smiley 
    All of Victuri  Victor   Yuri  in 6 minutes    ❤ Yuri On Ice ❤  5 50     http   youtu be kAOO4qSEN7g        Contains Spoilers     Like  comment  share  spread  No re uploads please        Key  Caye   https   www youtube com channel UCRrJFKujQhjVC68mouxUV g   in  Entertainment     4 133  views  since  Dec  2016     bot  info   r youtubefactsbot wiki index 
OH MY GOD 😂
Lol sorry for laughing but that\'s unintentional  At that point you gotta just take for the team and then make threats for the future 😜
HOGGY is love  HOGGY is life 😍
Hi  if I\'m not too late  can I ask for an egg as FFA please          FC     is in my flair      IGN     is in my flair      Availability     until 10 PM  GMT  1  https   greenwichmeantime com time zone gmt plus 1        Egg     B1   4 4   Vulpix  ♂    Rash   Snow Warning   4 31 29 31 31 30   Psychic  0973   I have added you  and thanks    
I wonder what could be in store‽
Damn  That\'s what I call stubborn  I like it  👍
  Little Busters   Refrain       MAL  http   myanimelist net anime 18195    AL  http   anilist co anime 18195    ADB  http   anidb net a9822      TV   Status  Finished Airing   Episodes  13   Genres  Comedy  Drama  Romance  Slice of Life           anime      LN        FAQ  http   www reddit com r Roboragi wiki index        r   http   www reddit com r Roboragi        Edit  https   www reddit com r Roboragi comments 3i82q0 by mentioning his username roboragi can now       Mistake   http   www reddit com r Roboragi submit selftext true title  ISSUE  text https   www reddit com r Animesuggest comments 5lebmf whats a really good anime rated 8 or above on mal dbv2vy3       Source  https   github com Nihilate Roboragi       Synonyms  https   www reddit com r Roboragi wiki synonyms       Noa   Urara       ♥  https   www reddit com r Roboragi wiki thanks 
me too  he asleep now but he\'s way too nice and pure for this world and is actually nicw to me thanks for the luck vibes 👌🏻
Dude I don\'t even want to see my hand after i nut   Why I can\'t be in a relationship and have sex with a human being surprises the hell out of me    🤔
Hazard is great  I have him and he is God like 😍
Thank you for sharing this wonderful story and pictures 😀 it\'s what I needed to see today  Even though I nearly cried at work
Thanks babes 😘😘
Yes and no the plate seems to do the trick 😊
I\'m so thankful for this sub  I wouldn\'t be sober without you  my Internet family  have a fantastic New Year everybody    I\'m in 😊   
Which means that in some ways  they\'re not such an asshat  as they are keeping us entertained 😛
Yeah I spend like 50 every two weeks but you spend a lot more lol I\'m in college so yeah 😬
Zhuyin keyboards you find online will probably have a layout like  this  https   upload wikimedia org wikipedia commons f fa Keyboard layout Zhuyin svg   with ㄇ assigned to the "a" key instead of the "m" key  I don\'t know if you\'ll find a keyboard that assigns ㄇ to the "m" key  You could make a whatever keyboard layout you want yourself with the  Microsoft Keyboard Layout Creator  https   msdn microsoft com en us globalization keyboardlayouts aspx  or with  Ukelele  http   scripts sil org ukelele  for Macs 
​Tamil Nadu farmers stage protest by the same way to the same way to the same way to the same way to the same way to the same way to the same way to the same way to the same way to the same way to the same way to the same way to the same way to the same way to the same way to the same way to the same way to the same way to the same way to the same way to the same way to the same way to the same way to the
I trust the poachers who shot him get captured and sentenced to death﻿
I feel it in my back  That\'s the best  😀
😂😂😂😂😂😂
Oh no  i hate when the joint unfolds  Shit dude  that\'s always a bummer ✌
Hmm yes but no not exactly    I\'ve actually pondered this exact question for myself and even though I\'m a gay guy and have see a lot of dick  asking some what they do with it on the toilet is still a bit forbidden   I\'m only very average and live in Australia so the water level in our toilets us much lower so no problem about the dick in the water thing  I do however let my dick touch the inside rim of the toilet seat and have often wondered how many other  straight  dicks have also rested there    Love to see your example if you\'re game 🙃
They\'re not wrong  but Americans tend to follow the stupidest of rules while turning a blind eye to the ones that actually matter  I\'ve also heard of American tourists not following the laws of other countries that they visit  which shows the obvious double standard my country holds on laws and rules  😒  It\'s quite embarrassing 
Wow  That\'s a lot of poops 💩 
  Until it comes to last part   Yup  JV effectively asserts that there is no such thing as jīvan muktiḥ  
What a way to start off the year  😂 Fireworks are pretty   but I hate how loud they are and how dangerous they can be  Poor folks  Hope they\'re okay  
Right  God  how can I be so fucking foolish  Even though until I told them they didn\'t know she was about to get married their knowledge is FAR superior to my own  I should start vomiting their shit about consequences and social media being super serious and posting it on all of her Instagram posts  How have I not see the light    🤣🙃🙄 
😂😂😂
nice 😂
 "Yup  S\'like    Pretty neato  It\'s stronger than my arm naturally is  I rely on my shooting more than my ability to scrap in close quarters  but when I need to stab something I just "   AC  i deploy the knife and stab the air next to me    "Like that  see "   AC     "S\'got some pneumatic shit in it  So I thrust really hard "   AC      ͡° ͜ʖ ͡° 
Oh  haha  Might just be playing for a long time makes you play worse  it happens to me on Overwatch  When I lose a game I have to just take a break and go do something or else I know I\'ll go on a huge losing streak    Happy new years to you also  Hope your 2017 goes well👍
⋆⋆⋆⋆⋆⋆⋆⋆⋆⋆⋆⋆⋆⋆⋆⋆⋆⋆⋆⋆⋆⋆⋆⋆⋆⋆⋆⋆⋆⋆⋆⋆⋆⋆⋆⋆   NOTICE   ⋆⋆⋆⋆⋆⋆⋆⋆⋆⋆⋆⋆⋆⋆⋆⋆⋆⋆⋆⋆⋆⋆⋆⋆⋆⋆⋆⋆⋆⋆⋆⋆    Please consult the  List of Scammers  https   www reddit com r SmiteTrades wiki scammer list  before trading     If someone contacts you via PMs and they have not responded to your thread be aware that the user may already be banned from the subreddit for being a scammer     Consider taking screenshots of all parts of your trade to use as evidence if the need arises                                                          I am a bot  and this action was performed automatically  Please  contact the moderators of this subreddit   message compose  to  r SmiteTrades  if you have any questions or concerns  
You\'re only 22  I\'d bet you your 30 year old self would say that it\'s not too late 😀
He can hit 12k in blue arrancars full sad at 6☆
http   shop invisiblethreadsclothing com There you go mate 😊
Nope I started after I was legal haha  I wouldn\'t do something so stupid 😅 
Man I burnt myself on this 🔥 title damn
Home    alone    but i can fap to that  😍 Thanks for the helping hand to start 2017 with a splash  Here is a song for you   https   youtu be oiTm1qwP3qg 
It is an awesome exhibit    In another room  the Assyrian kings were shown hunting lions  They were shown hunting an absurd number of lions  lion bodies were lying in heaps  while live ones were being shot full of arrows   My son\'s deadpan observation "It\'s the Great Lion Massacre "  I was already chuckling over his first quip  so that just broke me up  😉
Thank you for your submission  Unfortunately  it has been removed for the following reason s       This submission has been abandoned by the submitter        We\'re here to talk  we don\'t want the submitter to make a thread and completely ignore it→   wiki link       The submitter is required to reply to any top comment within the first 3 hours      Don\'t make a thread if you are going to be away and not able to participate in the thread      If you have come back and would like your thread reapproved  shoot us a modmail           If  you  have  any  questions   we  ask  that  you      message  the  moderators    https   www reddit com message compose to  r CasualConversation subject My submission was removed message I have a question regarding the removal of this  submission  https   www reddit com r CasualConversation comments 5ldxev i start school in a few days but im totally   ⇢   directly  for  appeals      Please  refer  to  our     detailed  rules      r CasualConversation w rules     Take  a  look  at  our   subreddits  directory    r CasualConversation w directory  
Only the one with the well kanji  井  means shallow well  The other just means shallow  Yes  you know it is an adjective because of the second character 
I\'ve had Android phones for quite a while amd have never been able to make something look as good as that 😭   Great job
Because they are crackpot dreams and have no basis in reality   Should we fund an investigation into  The Strange Case of the Rosemary Ainslie Circuit  http   www earth matters nl 77 7734 vrije energie the strange case of the rosemary ainslie circuit html      It is an exact parallel to the emdrive and LENR hogwash  If you want to fund emdrive research then you  must logically  support serious research into the Ainslie Circuit   No    Recently the Overunity and Energetics online forums  the largest virtual meeting places and “home” for many in the Open Source   “Free Energy”communities   and several other similar Internet sites have been featuring and discussing an amazing phenomena popularly known as  “The Rosemary Ainslie Circuit“  The name comes from the South African woman who first noted the predicted effects while testing a circuit designed to verify her unique Unifying Theory of Physics  Rosemary had written a new and interesting model for electro magnetism that she was convinced could be proved empirically by building a circuit that manifested energy efficiencies which defied “conventional” theory… And that is essentially what has happened  The anomalous energy readings that have been recorded with this circuit defy conventional explanation    The original circuit and recent replications show “excess” energy output  But it is important to note  that this is not what is termed “energy creation”  but energy coming from a previously unknown source in an “open system”  not a closed one… Much as a sailboat is powered by the “invisible” wind  Thus these claims cannot be shrugged off with the old epithet of “perpetual motion nonsense”  which implies “energy created from nothing”  One can do a Search online at the Los Alamos National Labs Physics Archives for the phrase “Zero Point Energy“  and see literally hundreds of entries for Abstracts and Peer Reviewed Scientific Papers that discuss the reality of energy coming from unseen sources that do not adhere at all to the Laws of Thermodynamics  first written in the 1860’s   It is important to note that despite the lack of general public awareness regarding the above  these concepts are no longer “Fringe Science”    The discovered effect seen in the Ainslie Circuit cannot be easily explained through conventional theory  yet it has been verified in a scientific manner using widely accepted measurement techniques… The same as are used daily all over the world to record the experiments backing Scientific Papers and Abstracts at our major Universities  or as critical factors in making multi million dollar project funding decisions in the private sector  And these positive and well documented results  collected using accepted Scientific Method  are now being widely reported on via articles and by the submission of a new Scientific Paper authored by Rosemary Ainslie and the Open Source project team  that is currently being considered for publication by the I E E E  submitted December 2009     All the recent results stem from the work of the many skilled and dedicated people of the Open Source Energy community  Folks working and collaborating in their homes all over the world to further scientific knowledge  The Open Source community is an independent entity with no allengences  no funding  no leaders  no government Grant requirements or pressures  and no set dogmas  It is a unique phenomena in the history of Science  as at no time before this present electronic age could people all over the world collaborate so closely and successfully to study these often controversial subjects… To a point where their efforts are now challenging the mainstream scientific community as a new and independent source for research and discovery in the genre of alternative energy… A subject that has vast political and economic ramifications  and that presents significant possibilities for world wide positive social change    Over six years ago  the Rosemary Ainlsie Circuit was originally reported by several witnesses and was independently Verified to have shown a Coefficient Of Performance greater than “17″  known as “COP 17″   specifically electrical energy efficiency in the heating of a resistive element  Meaning in this case  the circuit when properly built and tuned could show over “17 times” the heating efficiency that could be expected compared to a “conventional” device such as an electric “space heater” or “baseboard heater”  So if a conventional household heater was rated at “1 700 Watts”  a Rosemary Ainslie Circuit or similar concept based device could produce the same amount of heat for only “100 Watts” of actual expended power… Something of great significance not only for vastly cheaper and more ecologically sound Home Heating for folks all over the planet…  But for ushering in new understandings of electrical energy in general  Such “Nearly Free Energy” devices of great efficiency will eventually force the changing of conventional Physics theory to account for them  disproving current scientific dogma regarding mainstream “electromagnetic theory”    These initial amazing results regarding the experiments on the Ainslie Circuit  which prompted the renewed interest in 2009  were first posted over 6 years ago by Rosemary in her home country of South Africa  and published in an article of “Quantum Magazine“  The circuit was also tested by several independent commercial labs at that time  a total of five companies were involved in the Verification process   which fully Verified the claims  see end of this document for schematic and links   Later  Rosemary Ainslie and a member of her former team wrote a Scientific Paper on the phenomena and submitted it to the I E E E   the international “Institute of Electrical and Electronic Engineers”  for publication  This Paper was rejected  the main reason given appears to have been a technical problem of it not properly taking into account issues related to the “555″ integrated circuit within it  The “555″ oscillator chip and associated circuitry in question used a separate  isolated battery for power  but please note that later experiments with a single Voltage Source have subsequently shown that the “555″ energy use does not significantly effect the total efficiency figures  The refusal of the South Africa academics and mainstream press to study or further report on these effects ended the earlier endeavors for a time… Until this year  when several folks in the Open Source Energy Community took up the challenge of studying and replicating the circuit  The fairly difficult and complex task of Replication has been done successfully by several people now  with more people reporting positive results every week  The results are dramatic enough  well documented enough  and have such a vast significance  that much greater research is clearly warranted    For the last 6 months  many good folks in the Open Source Energy community have been studying and replicating this circuit…  And at least three so far have had success in duplicating the specific effects that cause the great heating efficiency  and probably others have as well with related circuits that are offshoots on the same basic theme  It is important to understand  that much more work studying this is needed  it is still in the early experimental prototype stages… And that there are many possibilities for practical uses and parallel applications yet unexamined  “COP” efficiencies greater than “4″ have already been recorded in the recent 2009 replications  and can be possibly much higher as the voltage pulse levels seen in the waveforms often go beyond the limits for measurement of the present equipment  but the addition of High Voltage Probes should solve this in the future    Another “branch” of investigation  as first reported and documented by Open Source researcher Aaron Murakami of Energetics forum  has taken much of the anomalous energy present and sent it back to re charge the source batteries… For results also showing “extreme efficiency”  In effect  this circuit variation both dissipates heat and re powers itself simultaneously  This has in small part to do with the peculiarities of Lead Acid Batteries  In previous years in the Free Energy community  it has been shown by well known Free Energy Inventor John Bedini and others  Mr  Bedini now markets the “Renaissance” line of pulsing battery chargers   that batteries can be “pulse charged” for much better energy efficiency and general benefit  This efficiency in battery charging  coupled with the inductive pulse based effect seen in the Rosemary Ainslie Circuit when it is “tuned” properly  appears to allow for the release of energy from a yet undefined source… A source that could equally be called many things at this early point  “Zero Point Energy”  “Dark Matter Energy”  “Aetheric”  and dozens of others possible names    Certainly the results so far are more than enough to warrant much greater research  In fact  the well documented test results loudly demand greater interest and research by our mainstream academic community  And that is entirely the point of the Open Source efforts  In such an Open Source project  done by independent people all over the world  there is no “Patenting” of a device  no “Copyrighting”  There is only open cooperation in the search for scientific knowledge and the betterment of Humankind  The Ainslie Circuit would be the “perfect” project for research by a University that professes to be truly interested in alternative energy… but so far  at this date of December 2009  there are still no university studies being done on this amazing effect openly available for all to see for over six years now  
Them hips and tits 🤣😝
Yes I am 18  😜 I was already posting nudes whilst revising for my finals LOL
Mmm fuck    word play turns me on lol 😏😂
If they go melancong  then why both sisters\' twitter accounts suddenly went quiet  😂
That\'s the most beautiful face I\'ve seen this year😁
  Gatchaman Crowds       MAL  http   myanimelist net anime 18229    A P  http   www anime planet com anime gatchaman crowds    AL  http   anilist co anime 18229    ADB  http   anidb net a9820      TV   Status  Finished Airing   Episodes  12   Genres  Adventure  Sci Fi           anime      LN        FAQ  http   www reddit com r Roboragi wiki index        r   http   www reddit com r Roboragi        Edit  https   www reddit com r Roboragi comments 3i82q0 by mentioning his username roboragi can now       Mistake   http   www reddit com r Roboragi submit selftext true title  ISSUE  text https   www reddit com r anime irl comments 5lbtkw anime irl dbv3090       Source  https   github com Nihilate Roboragi       Synonyms  https   www reddit com r Roboragi wiki synonyms       Satsuki   Ryuuko       ♥  https   www reddit com r Roboragi wiki thanks 
Ah  ok  Sorry  I was still half asleep and half drunk 😂
Thank you do enjoying my content  I always appreciate your efforts 💕
Nah dude this looks good as it is 👌🏼
You have to pray to the 土地 that the 拉肚子 is not too 不舒服  That\'s the best you can hope for 
 Nanyue\'s capital was Panyu in Guangdong   Well  yes  Thanks for reiterating   " In 204 BC  Zhao Tuo founded the Kingdom of Nanyue  with Panyu as capital  and declared himself the Martial King of Nanyue  Chinese  南越武王  Vietnamese  Nam Việt Vũ Vương  "   Look at the modern distribution of Tai languages  The Li  Hlai  language is spoken on Hainan island  Ong Be language is another Tai language spoken on Hainan    Then suddenly skip over to Guangxi  where Zhuang and Bouyei Tai speakers live    Guangdong was inhabited by Tai speakers during Nanyue rule  Cantonese is Sinitic  Middle Chinese  over a Tai substrate  that\'s what linguists say  Guangdong is between Guangdong and Hainan  both of which have indigenous Tai speakers   Yes  we both know that  I covered it in a previous comment  I do not assume or claim Nanyue was a proto  Kinh state   "In 196 BC  Liu Bang  now Emperor Gaozu  sent Lu Jia  陸賈  not to be confused with Lü Jia 呂嘉  to Nanyue in hopes of obtaining Zhao Tuo\'s allegiance  After arriving  Lu met with Zhao Tuo and is said to have found him dressed in Yue clothing and being greeted after their customs  which enraged him  A long exchange ensued  10  wherein Lu is said to have admonished Zhao Tuo  pointing out that he was Chinese  not Yue  and should have maintained the dress and decorum of the Chinese and not have forgotten the traditions of his ancestors  "   Đinh Bộ Lĩnh was an ethnic Kinh   Certainly   "While declaring himself an independent ruler to his own people  the Vietnamese leader Dinh Bo Linh"   Chinese records say that the Lý dynasty family was from China while Vietnamese records don\'t say anything on that subject   "Distinctly Chinese last names are found in the Tran and Ly dynasty Imperial exam records  High numbers of ethnic Chinese are recorded in Tran and Ly dynasty records of officials "   Vietnamese records say that the Trần dynasty were a family from Fujian in China and that the Trần were able to communicate with Yuan envoys  speaking Chinese   and that the Hồ dynasty were a Chinese family from Zhejiang which claimed descent from the Emperor Shun of China  The Hồ dynasty tried changing the official language from Classical Chinese to Vietnamese written in Chữ Nôm  and renamed Đại Việt into Đại Ngu   Indeed  My previous comments cover this   "Clothing  food  and language were all Chinese dominated in Van Don where the Tran had moved to after leaving their home province of Fujian  The Chinese language could still be spoken by the Tran in Vietnam  11  The ocean side area of Vietnam was colonized by Chinese migrants from Fujian which included the Tran among them located to the capital\'s southeastern area  12  13  The Red River Delta was subjected to migration from Fujian including the Tran and Van Don port arose as a result of this interaction  14  Guangdong and Fujian Chinese moved to the Halong located Van Don coastal port during Ly Anh Tong\'s rule in order to engage in commerce  15  The usurpation of the Ly occurred after they married with the fishing Fujianese Tran family  16 "  "The Chinese descent  culturally Vietnamese Hồ dynasty invaded and annexed large areas of Champa "   Lê Lợi was a Mường  un sinicized Austro Asiatic Vietic     Lê Lợi claimed paternal Kinh descent  Mường people themselves do not claim Lê Lợi  The first names Lợi  Hoi and Khoang are not found among today\'s Mường  They are common Kinh names  Lê is one of the most common Kinh surnames  Mường people share the Lê surname  but it\'s not nearly as common   http   www tienphong vn van nghe le loi co phai la nguoi muong 111212 tpo  If Lê Lợi was a Mường  then Hai Bà Trưng and Lê Hoàn were also ethnically Mường  Quách  Bạch  Hà  Bùi are some of the many Mường clans who claim descent from Đinh Bộ Lĩnh Đinh Hoàn     Han people was originally not used as an endonym by Han  Han people called themselves "Hua" during the Zhou dynasty and continued to use that name as an identifier  which is why overseas Chinese in Korea call themselves Hwa and Chinese in Vietnam are called Hoa  Both Cantonese and people in Beijing called themselves Hua since antiquity to the Qing dynasty    "Han" was used as a name by northern non Han people such as the Xiongnu  Xianbei  Mongols  and Jurchen  to refer to the Hua people of China because they remembered the long rule of the Han dynasty in China  It was in the Ming dynasty when "Han" was adopted by Hua people as a self referred endonym to replaced "Hua"   I guess we are both aware of https   en wikipedia org wiki Huaxia   I used Han out of convenience  I wouldn\'t type out Zhonghua or Zhong Guo  We both use the term China     "Tang" was used as a synonym for Hua by Cantonese and Fujianese people    Yes  covered   You should stop spreading anti  Vietnamese propaganda to suit your ideology        
Haha saving 2016 bit by bit   And I have many awesome things in store 😈
Those EQT Advs are 🔥
Thank you for your submission  Unfortunately  it has been removed for the following reason s       This submission has been abandoned by the submitter        We\'re here to talk  we don\'t want the submitter to make a thread and completely ignore it→   wiki link       The submitter is required to reply to any top comment within the first 3 hours      Don\'t make a thread if you are going to be away and not able to participate in the thread      If you have come back and would like your thread reapproved  shoot us a modmail           If  you  have  any  questions   we  ask  that  you      message  the  moderators    https   www reddit com message compose to  r CasualConversation subject My submission was removed message I have a question regarding the removal of this  submission  https   www reddit com r CasualConversation comments 5lddt1 looks like im spending nye in sick hows your nye   ⇢   directly  for  appeals      Please  refer  to  our     detailed  rules      r CasualConversation w rules     Take  a  look  at  our   subreddits  directory    r CasualConversation w directory  
Not a single venus flytrap on that thing  Shame  🔔🔔🔔
Thank you for your submission  Unfortunately  it has been removed for the following reason s       This submission has been abandoned by the submitter        We\'re here to talk  we don\'t want the submitter to make a thread and completely ignore it→   wiki link       The submitter is required to reply to any top comment within the first 3 hours      Don\'t make a thread if you are going to be away and not able to participate in the thread      If you have come back and would like your thread reapproved  shoot us a modmail           If  you  have  any  questions   we  ask  that  you      message  the  moderators    https   www reddit com message compose to  r CasualConversation subject My submission was removed message I have a question regarding the removal of this  submission  https   www reddit com r CasualConversation comments 5ldo4h happy new year to all of you   ⇢   directly  for  appeals      Please  refer  to  our     detailed  rules      r CasualConversation w rules     Take  a  look  at  our   subreddits  directory    r CasualConversation w directory  
I guess you could say       • •     • •  ⌐■ ■  His chances of getting the girl   soared away    ⌐■ ■   YYYYYYYEEEEEAAAAAAAAAAHHHHHHHHHHHH
Psycho Dad🎶 📺 slips hand in waist pants  
That hurt 😩
The Deep♂Dark♂Fantasy
As a MegaMan player myself  I have soooo many questions about most of this chart  Seems more like a personal chart than a MegaMan one tbh  There\'s probably a multitude of reasons why his chart looks like this however    First  if you compare this chart to Scatt\'s MU chart  which has only 6 losing MUs  you can see a huge difference  Scatt   Kameme have different playstyles   lemon strings which probably skews their vision on how certain MUs play out    Second  Japanese meta is very different and a lot of the best players of underrated characters is in Japan  Many Villagers hate the Mega MU but he\'s played Ranai who is a God and so he put the MU as even  You can see this with DHD  Shulk  Link  etc but who knows  maybe they have something we just haven\'t figured out yet   Third  this is most likely heavily based on experience and could be subject to change as he figures out certain aspects of a MU such as Mario  like Smasher1001 has  👀  for example   Lots of controversial placements on this MU chart but very interesting regardless  Just wish I knew Japanese so I could actually speak to him about them    
I\'ve put some time into the game and enjoy it for what it is  I\'ve always like​d shoot em ups and this is definitely a simplistic one  but it\'s still neat to see the genre jump to VR 
True that 😊
Your presence is a present 🎁  I\'d love to kiss your ass
It\'s the look he\'s giving 😉
As someone who loved Miku Expo 2016 and got Mirai 2016 since it doesn\'t look like Expo 2016 will have a BD and Mirai 2016 had 「リモコン」 on it which was my favorite   and as someone who is relatively new to IA   would this be worth getting since there aren\'t going to be any reprints  Is IA really that great to warrant her own concert  Any recommended IA albums to sell me on the Party BD 
Alright  I\'ll admit \'heartwarming\' is a poor word choice  If anything  it\'s more of a \'gave me a chuckle and some good memories of home\'    You see  in Hong Kong  we have different names for Pokemon  and with Pikachu  we use 比卡超  However  when GameFreak made Traditional and Simplified Chinese versions of the game  the company decided not to use the names we gave  and went with a universal version in order to have sales in China as well  hence Pikachu is now officially known as 皮卡丘   Given the animosity from Hong Kong citizens  a part of them  anyways  Don\'t want to generalise  towards the mainland  it didn\'t go down too well  Hence  there was a protest  and a lot of faff was generated  which was somewhat amusing    But I released it anyways because its IVs were crap  
In Vancouver too  Phone turned off at 79  when I was walking outside today 😑😑😑
 🤔  Says reddit is cancer       
Lol  Somebodys downvoting my replies   Sorry You dont agree but I didnt downvote you  Enjoy your new year     Btw  I\'ve been playing since January  I\'ve purchased my share of packs from supercell and get the  49 gem pack once a week  I only thought it would be nice if they\'d do something special  My other suggestion was to release temporary cosmetics for Royale so people could buy those  Maybe even some special bundle packs  But Whatever  downvote me to oblivion ✌   I said 6  months since it wont be fair for alot of players and also to prevent people making multiple accounts just to get the free gems at the end of the year 
I thought it was pretty funny and then once  I found out it was a guy I started crying frOm laughInG so hard 😂
that\'s rare  i\'m usually aggressive when sick  or on mobile   or in general 😃  but i\'ll assuredly respond to both of your comments i have saved before long  i just hope this year isn\'t all it got hyped up to be    nevertheless a good time to you and your all   
Do not be messing щith The Doctor  But  Da  60\'s and 70\'s щestern european firearms just do have a certain zexiness
If that\'s not 🐐 idk what is 
First off  there\'s legitimately no reason to be passive aggressive towards people over the Internet  You voiced your opinion and they voiced theirs  The reason why your comment didn\'t receive positive feedback is because your references were very limited  A lot of the characters that you had mentioned are very popular archetypes for games in this particular genre  To say that they took the blind monk from league or a demon slayer from a popular anime are just assumptions that don\'t have that much to back it up  Are there similarities  Of course  But to say that the resemblance is obvious that they had taken that design and tweaked it and made it theirs  which is something you had done when you mentioned the resemblance between Victoria and Gangplank  is stretching it  This was originally an app published in the Far East  So monks  demon slayers  and gunslingers would be characters that people from say China  Japan  or South Korea would enjoy since it pertains to their popular culture  I\'m not saying your comparisons aren\'t terrible  But the characters are probably their own entities with possible minor influences from other works  Have a great 2017 guys and may the rng be with you     ͡ ͜ʖ ͡    
People of all walks of lofe want to move to 🇦🇺 after uni from here  
I\'m 20 now  but I started my first business at 14  I was making skateboards from exotic woods  I only sold the decks  no trucks or wheels  because I had a connection to get all my wood basically for free and that left the highest profit margin  By the time I was 18  when I stopped  due to the lack of a wood shop  I was selling bumper stickers  tshirts  and decks for up to  400  I miss it everyday😭
Lol  i hate that emote so much  🤔 
Maybe it\'s happy    gay adjective  HAPPY   ​ old fashioned happy  We had a gay old time down at the dance hall  
⋆⋆⋆⋆⋆⋆⋆⋆⋆⋆⋆⋆⋆⋆⋆⋆⋆⋆⋆⋆⋆⋆⋆⋆⋆⋆⋆⋆⋆⋆⋆⋆⋆⋆⋆⋆   NOTICE   ⋆⋆⋆⋆⋆⋆⋆⋆⋆⋆⋆⋆⋆⋆⋆⋆⋆⋆⋆⋆⋆⋆⋆⋆⋆⋆⋆⋆⋆⋆⋆⋆    Please consult the  List of Scammers  https   www reddit com r SmiteTrades wiki scammer list  before trading     If someone contacts you via PMs and they have not responded to your thread be aware that the user may already be banned from the subreddit for being a scammer     Consider taking screenshots of all parts of your trade to use as evidence if the need arises                                                          I am a bot  and this action was performed automatically  Please  contact the moderators of this subreddit   message compose  to  r SmiteTrades  if you have any questions or concerns  
  Host more  and more consistent  community Discord events      Keep things more organized  archive calendars   newsletters  as well as graphics  in a more simple and logical way      Collab more with fellow streamer friends      Finish more games  I\'m super guilty of starting and never finishing      Code a custom bot       Maybe  push for partnership  It\'s a bit too soon as of yet for me  but 365 days is a lot of time to improve and grow ♥  Good luck to you all c    Edit  Oops for some reason my brain said Discord bot  That would be pretty neat to try as well though  D
We are on th same page 😅
Kali  "and I\'m part cat  But i was going to eat you anyway"   ͡° ͜ʖ ͡°  
I love you and I hope you have a really excellent 2017  😎
Just get a bigger plug 😶
IGN  Ace  Deposited  Meowth Level 7 Male  Facility  Johto Tent 5★
Ya that one hint is really the only one that matters  Leslie stone was such a filler  We never found out why she had all those glasses even 🙄
lol  as a 🇪🇺 cityzen i believe everione should dislike 🇬🇧 for all their optouts and all the othe shit they did  
dude had full control of the ball unlike most alley oops where the guy redirects it down   insane   😳
❤ here take this one
Great body  Dirty floor 😐
How about photos and awesome videos   Like  these  http   www sauberf1team com corporate factory  😊
Let\'s do this  373 Days 🙃   
Literally  it\'s "saikou ni haitte yatsu da"  最高にハイってヤツだ     Also  referring to the other comment  the "tte" is not exactly "this is"  "tte" is used to specify what "yatsu" is  because yatsu is a really vague noun that can refer to a person  a thing  or an even an abstract idea  So "tte" is used to specify that what he\'s talking about  "yatsu"  is "the greatest high"  "saikou ni hai"    So yeah  it just basically just means "This is the greatest high " 
Isn\'t one enough  🤔
My angel    and my girls ♡
The Turkish to complete it 🐪
It\'s probably the only thing she does herself 😂
Mirrored Twitter image from 漬物   tukemono124     Imgur  https   i imgur com hOXXeIR jpg            I am a bot  If I did something wrong       let me know    message compose  to kupiakos subject LapisMirror            FAQ    3v2w4f            Source   https   github com kupiakos LapisMirror  
Well  I\'m hard from looking at that body 😆
Jellal looks upset to be there  he should be happy he is with a 🔥🔥🔥girl 
There\'s still hope for the future 😊
Drunken "lonely" man reporting in     You\'re never alone on  r the donald fam   🇺🇸🐸🇺🇸
Put some foundation on your lips before application 😉
From what I read it\'s because the leather doesnt really absorb the crep protect so the residue stays on the leather which doesnt come off with water because it is meant to be water proof  This is a comment from crep they left in a video of a guy that had this same exact thing happen to him   "Sorry Franchise kicks you had a issue with Air Jordans 1 Retro High OG  When spraying Crep Protect on the black leather of the uppers  people are noticing white marks appearing when the spray dries  Don’t worry  your shoes will be fine  Follow a few steps and get your kicks back looking fresh in no time Hold the can about 20cm away from your shoe and spray a light coating  This will protect your sneakers while preserving the leather  If you spray your sneakers with the can too close on certain types of leather you’ll notice a white film on the surface  Leather isn’t a breathable material so the spray doesn’t penetrate into it causing the buildup If you do happen to make this mistake  don\'t bother trying to wash it away with water  Crep Protect is made to keep your sneakers safe so water won\'t have much effect Here’s what to do  When the Crep Protect dries  if you notice any white marks  spray a coat onto the leather again  until wet   While it’s wet it will bond with the dry layer  Rubbing the leather with a microfibre cloth will help work it in  protecting your sneakers and removing any marks   Thanks franchise kicks for the support of the movement and the sneaker culture worldwide  we will make a vid to sort out this minor issue ﻿"
I wish that was me 😞
🙋🏻 same here 
That mid twerk gnome 😝
This stirs too close to home  Lost my father Christmas 2014  It\'s never easy around the holidays    Sending tons of comforting hugs to you and everyone else missing their loved ones  ♥️
"Dbrand  It\'s not a product  It\'s a culture" 🌚  Fo\' real though  could well do with a skin for my phone  it is a slippery devil  But i\'m UK and i\'m not sure if they ship here  
while everone else is trying to figure out how to make a tailless indestructible orb  im trying to figure out how to make a shaped projectile that is hard enough to penetrate an armored target  yet will shatter explosively a moment after impact  acting similarly to a semi armor piercing high explosive projectile  i do wonder    would it be possible to make some sort of exotic armor piercing fragmentation ammunition using the principles of prince rupert\'s drop ﻿
this is the saddest thing i have seen in a long time  the girl is laying there not moving with blood coming out of her mouth BUT YOU CAN STILL SEE HER MOUTH MOVE 😖
That is true😂
  Established the Environmental Protection Agency  EPA  and Occupational Safety and Health Administration  OSHA   EPA was established by congress  and it stops communities from suing polluters as long as they abide by EPA minimums         Signed into law the Clean Air Act and National Environmental Policy Act           Initially escalated America\'s involvement in the Vietnam War  but subsequently ended US involvement by 1973 through the Paris Peace Accords  Prolonged it to get elected in the first place         Opened diplomatic relations with the People\'s Republic of China in 1972 and ushered in a new era of Sino American relations    Initiated d̩tente with the Soviet Union in the wake of his diplomacy with China  leading to SALT I and the Anti Ballistic Missile Treaty   Bolstered up a failing system of international communism 
A Wii Sports sequel would be awesome 👏 
Hi i have a match   B4   1 4   Popplio  ♂    Modest   Torrent   31 10 31 17 31 31   Dragon  1288  https   www reddit com r SVExchange comments 5dn4gl 1288    IGN  Wizli  FC 0490 8405 1291  GEN 4 for its cutscene   
Tease  😵
Awesome thank you  I\'ve powered him up to 2160 already  but I need more candies now so 😬
Released when most of Europe is asleep  Fully redeemed before most of Europe wakes up on a holiday 😐
About 7 hours left my GLOdies GANGGANG For me  it drop 1AM on the 2nd  I ain\'t sleepin 😂😂 
Dai commenti dei turchi nel  thread  https   www reddit com r europe comments 5lcavd many wounded in istanbul nightclub attack bbc news  utm content comments utm medium hot utm source reddit utm name europe  su r europe    You guys know what the worst part is  Lots of fuckers in this country will praise this attack or blame the victims by accusing them of being kafirs for drinking and enjoying nightlife          That is because of you Erdoğan  I hope you burn in hell immediately             You cant stop it  you cant reason with Islam  You have to use force against it whenever you can and hope for the best   
I don\'t think I wanna know what those are     🤢😂
That could have been a good new years evening for us two 😅
Wow 😂 what 😂 an 😂 original 😂 insult 😂 dear 😂 friend 😂   
I loving that body girl  Let\'s see what it can do😏
Imagine if churches had to coordinate on their Mass schedules  so that Jesus isn\'t double booked     Can they slot us in for the second and fourth Thursdays at 2 42am      Let\'s see    No  look\'s like that appointment\'s been booked by Holy Redeemer in Deloraine  Tasmania  Australia     Okay  we\'ll come back to that  What about the Sunday Mass  We can get through communion in five minutes flat if the parishioners don\'t screw around in line  I was thinking we could set it up so that the consecration happens at 11 16pm and 44 seconds  so we\'re in straight after Vår Frue Kirke in Porsgrunn  Norway  but we\'re done before San Francisco de Asis in Neuquén  Argentina start theirs  How does that work out      No can do  According to Vatican records  Fr Johann from Vår Frue is getting old  and takes four minutes to do the consecration  so he\'ll need that appointment     Oh  okay  How about the 11 22pm then      Uhh    Yeah  I think that\'ll work  Let me just book tha    Oh bugger  looks like Kurume Kyōkai in Fukuoka  Japan just snatched it up right before us  Any other ideas      sigh  I\'m  this close  from just becoming a Presbyterian and not having to worry  you know 
She has always been that person who works hard and excels at everything  I love her but it can be very frustrating when she\'s getting firsts from Oxford and I\'m like ¯   ツ   ¯
Our stats are kind of similar  ☺ 
Hackers   The Game    I\'m addicted to it more than clash of clans    😁
You are absolutely right  But we are left with no alternatives  Let\'s wait and watch when the cookie crumbles  😁😁  Happy new year BTW
I\'ve tried a half dozen friends to no avail  I\'ve considered fiver and the like  but i the think​the issue is my ability to give them specific tasks to do
 Here\'s the Urban Dictionary definition of      Kenjataimu     http   www urbandictionary com define php term kenjataimu             Noun    slang  Japanese word meaning   Period of clear thoughts when a man is free from sexual desires after having an orgasm     Translates literally from Kenja 賢者   Sage   and Taimu タイム   Time           The only time when a man can think properly is Kenjataimu      Oh   man it\'s one of those Great Kenjataimu ideas            about   http   www reddit com r autourbanbot wiki index        flag for glitch   http   www reddit com message compose to  r autourbanbot subject bot 20glitch message  0Acontext https   www reddit com r todayilearned comments 5ldgdu til president richard nixon ordered a tactical dbv395n         Summon    urbanbot  what is something  
Lovely  really lovely  Excellent usage of scenes in between narrative  ✌️
I got 278k in 12 mins just now 😜
is he back at home already 😩can\'t wait anymore
Hmmm  Just so you know  I have written a french  script  http   pastebin com xwiJkrWL  and a french  erotic poem  http   pastebin com 21Q2VBAj   The latter  I wrote especially for people who\'d like to practice pronouncing French  😉
"It\'s spoiled " 😂😂😂
You don\'t even know how much I\'ve missed your compliments  hun  ❤
WestCoastMed ★★★★★     Ordering    pretty easy added items to my cart applied coupon and checked out and sent transfer  They get extra points here for sending out my order even though I only placed it 30 mins before they had to go to the post office and they had a lot of orders to send out that day      Communication    great  anytime I had a question popped into live chat and they were soon there to answer it       Packaging    bubble mailer with cardboard on sides  concealed enough   small boxes would be nice though      Product Price    Great   Ordered a AA pack for 130 and some chemo butter because the phyto sold out to fast  They upgraded the pack to a AAA pack basically adding in 180 oz priced strains for me and everything weighed out right on the dot   Got some Hawaiian haze 4 5 on this one  sweet piney  strong stativa not a fan of this one   Girl Scout cookies 4 5 nice dense buds  first time I\'ve had girl scout flower but none the less it\'s good   Purple kush 4 2 5 even though it\'s priced at 140 it\'s a nice clean smoke  Great for the price and it does it\'s job and has some nice purple hues not very leafy either  as were all the other buds I received   nicely trimmed   Purple chemo kush 3 5 5 the leafiest strain I got   good weed but not my type  maybe I\'ll change my mind when I finish the bag of this one   Chemo budder 3 5 5 decent for a  26 g butter   Definitely can\'t complain      Photos    nope  looks like the ones on the site though      Incentivized     nope     Notes    For the price it\'s the best option out there   Highly recommend these guys  I never tried there top quality strains but I plan on doing so this month  The strains I did get were all of AAA quality for sure      Reviewed by     u braxtonrocks
Sitting at home smoking weed and playing GTA V  wishing I didn\'t work on New Year\'s Day  My crush invited me to a party in Flagstaff   😭 I hate needing money 
They really look so happy together  😁
Username checks out  Happy new year  🎈 
Welcome aboard  I\'ll join you in not drinking today 😊 
He\'s mad red 😂
Why wait until end of 2017    The elephants can\'t wait   😃
Oh ok bro😂   I have a theory tho  What if  the point of that news spreading was to make people go to McD\'s that night  I heard that it was open til 1 or something 
"It\'s dead ass in the promo Marlene   " lmfao 😂 oh my god
SPPPD aka Clancy  2 aka just Brenden was is to Mailtime KFC Empire what Jeff Blauser and Ron Gant were to the early 90s Braves  Fine  Mark Lemke too    calling him a Util guy is an insult cuz he might be better than who he\'s filling in for    He needs a behind the scenes pod about producing "season 2" 😡  Gotta be called "Clancy Deuce  Producing the Deuce"  Yes I\'m trademarking that  
Spent the day with my boyfriend  Went exploring town on a whim  Then back to his place to enjoy a turkey dinner  cuddle time with movies and watching the ball drop  No need to get dressed up or anything  Then we had our first New Years kiss together ❤️
Thank you from Finland  🇫🇮
Of course it is good enough  Thats fantastic  ☺ mmm that\'s delicious 
Hi  There is a company called Lovecrafts and they are expanding massively at the moment and are always looking for new dev talent 🙂 They sell knitting and crochet supplies online and about half of the office knits constantly 😀 Have a look  they might be the right thing for you https   lovecrafts recruiterbox com  loc country United 20Kingdom loc city London loc state England content  Welcome to London and a happy new year  
 ¬ p→q   is equivalent to  p∧¬q   if that\'s what you\'re asking 
Piss weak bleeding heart cuckold and proud ✌️✌️
Every copy pasta of it 🍽
Working    Making sure people don\'t go too crazy  I\'m a nurse in the psychiatric unit 😀  
What tool shops are there  I\'m looking for a 1 ton arbor press  8500￥ on rakuten and amazon  not sure if it includes shipping   I\'ve looked at a few hardware DIY store websites and the closest I found was a drill press     I live in Yokkaichi  Mie and can go to Nagoya for more selection if I need to 
In real life I do improv and I\'ve done a few seasons in a social bowling league  big handicap     find stuff you like and get out there and do it 🐸
ay gotta look out for the homies  happy new year by the way       nothin but blessings🎌
I wonder what else Hoggy uses that tongue for 😎😎😎
So sweet  😇
Thanks  ☺ I know how tough it is having to go through rehab  I tore my Achilles\' tendon and it took over a year for me to feel decent   Keep it up  
We can\'t blame Simple for this  but share it with everyone so they know what happened   I guess I\'ll sleep and grind my experience back later when the OVH servers are back and stable   Best of luck to you all   ┬─┬﻿ ノ  ゜ ゜ノ 
Yeah  I agree witchu fam  I do gotta say tho  I\'m feelin that Turbo shit bro😂😂  For one  the beats are self made and secondly  he\'s actually rappin this time and trying something new   Oh  and Happy New Years to you too man  
Water color painting  acrylics  drawing using drawing pencils  sewing  jewelry making  adult coloring books tons of genres out there  audio books your local library probably has an online program you can use  ours is overdrive and hoopla  I love hoopla  Rock carving with a dremel  rock hunting if you live in the right areas  knitting  crocheting  drawing comics  playing cards a lost game form we are learning all the old games right now  Photography  swimming at the YMCA  cooking  making projects off Pinterest  wood working  star gazing   hunting  blogging  buying   selling online locally  reading  guitar  refinishing furniture  discovering new music  board games  cross stitch   Be open to anything  You might surprise yourself  I have done most of these since my brain injury  Some are an investment but others are cheap and immediate  My husband loves doing projects in our home  I love coming up with the projects 😄
Oh my    People on Reddit can see the future 😱😱😱
I am also using iMazing desktop app  Really works as promised  😊
Sorry  I think I\'m missing something 🙃   How\'s the early access is Astroneer  How is the multiplayer experience and will I miss a lot if I play it single player 
No Celeste fine  Ranked but I think she 4 or 5 in list because koshka popular this patch koshka counter Celeste   In my opinion buff hero for  1 baron  2 vox and we want old cp vox😒 3 rona 4 krul need big buff 5 reim  6 fortress   Nerfs Lance  Gewn  Cathrine  
Coco  Tati  Katya  and Pheeph\'s don\'t make sense to me 😕
See our comment on that post 😉
STRATAGEM now recruiting   31 32  Top 400  1 billion   fans  Requirements  be active  over 10 million fans and must be able to score 15  in lvl   Comment your ign or pm me if you prefer to stay private  Welcome to the family 💪🏾
In all honesty I have no idea why those loottags are missing ¯     ツ   ¯   Hopefully we can see some details about region control in SRs near future 
Mine does too except I\'ve got F cups and it just makes one boob jiggle 😂
Thought this same thing😂 If we ever see another Mariah Carrie diss from em you better believe he\'ll mention this 
Highly appreciated 😜
😂😂😂😂😂😂😂😂
Because my condominium has two Pokémon stops  both with spawns  both reachable from my apartment 😊 
So good to see 😁I saw a Veganuary poster on one of the tubes  but this is even better 
I love that  this  is what bothered you 😂 this show has poor continuity  man  Good luck  
紅一点	  	3 Turn AoE 50  LB Fill Rate  I think this won\'t stack with the ability from Riku tmr  200  right 
ISIS or "Państwo Islamskie"  Islamic State   I haven\'t watched any TV newscfor a long time  butcif I remember correctly usually they call them "so called Islamic State" 
Fuck this is so shit 💩 
Fc 4098 7436  2022 thanks❤ 
Found him out end of 2015  Fw him a bit and tried to understand who tf this muhfucka was  Start of 2016  I got into his shit  Throughout 2016  I found out that his shit is why I\'m gettin thru all the bs in life  Now  I\'m waitin for TwoZeroOneSeven to drop 😂😂
Happy new year  🎆 Wishing you an easy transition into your new life  
Oh  😶 My life has been so rough the past few months  so I\'ve been away  
Her voice is so powerful you can hear her sing even when her mouth is closed ﻿
Probably the worst over ever in the BBL and he gets a wicket 😂
Sounds like we all know who\'s a good boy ❤🐕
Could be  but in Cyrillic it\'s written with a Б letter 
    ID    766 267 502     IGN    lennn     Rank    17     Lead s     5★ Orlandu      Looking for    400  atk friends to get clear the event  farming 6 star mats atm 
I mean  it\'s basicly the only tactic that either side this election used  so it wouldn\'t be innacutrate to say what OP saidס
  Kuma Miko       MAL  http   myanimelist net anime 31804    A P  http   www anime planet com anime kumamiko girl meets bear    AL  http   anilist co anime 21423    ADB  http   anidb net a11694      TV   Status  Finished Airing   Episodes  12   Genres  Comedy           anime      LN        FAQ  http   www reddit com r Roboragi wiki index        r   http   www reddit com r Roboragi        Edit  https   www reddit com r Roboragi comments 3i82q0 by mentioning his username roboragi can now       Mistake   http   www reddit com r Roboragi submit selftext true title  ISSUE  text https   www reddit com r anime irl comments 5lelaq anime irl dbv3fcg       Source  https   github com Nihilate Roboragi       Synonyms  https   www reddit com r Roboragi wiki synonyms       Kurisu   Mayuri       ♥  https   www reddit com r Roboragi wiki thanks 
  Rank  Prev  Change  Name Group                                     1 1    Jiho  https   www youtube com watch v XHE8ITiKbZQ  OMG 2 3 ↑1  Naeun  https   www youtube com watch v stYquxHFmbU  April 3 new new  Chaekyung  http   i imgur com 8d6FQYm jpg  April 4 new new  Nancy  https   www youtube com watch v Ui3AiwQzwXM  Momoland 5 6 ↑1  Eunha  https   www youtube com watch v LQ OqxIaDIk  GFRIEND 6 7 ↑1  Arin  https   www youtube com watch v TsA06ShlH9M  OMG 7 new new  Jisoo  http   fennecfox me 413  Lovelyz 8 new new  Hyunjin  https   pbs twimg com media C1E1gBFUcAAq4zu jpg  LOOΠΔ 9 new new  Yooa  https   www youtube com watch v reyD6dHcHF8  Oh My Girl 10 new new  Heejin  https   pbs twimg com media C1F8rPvVIAAxvLN jpg  LOOΠΔ   Dropped  Irene Jiae  Bona  Luda  Dayoung  Chengxiao   Added  LOOΠΔ\'s Heejin   Hyunjin  Nancy  Jisoo  Yooa  Chaekyung    Had a hard time ranking them so didn\'t really put much thought into it  Yooa  Jisoo  and Chaekyung are all back on the list 
Jesus you nust be 5 feet tall for this to even compute   and there\'s nothing wrong with that  shorties with big fat dicks are incredibly hot 😍😍
https   www youtube com watch v f1V3dg7zGAY or this he looks so happy through most of it 😂
   820€ in a place where you pay a bottle of water with 20¢ coin and get  change back   😣
Aye lord what happened to Kellerman 😥
If there was insurance like that it would be way too expensive  Similar to the race cars    Dear insurance  we\'ve had a bit of a crash last weekend  The road was slippery and the outcome was a front wing broken onto dozens of pieces  Thanks in advance for paying for a new front wing 😊  And what would they pay for  coming back to the question   The replacement driver\'s salary 
I always enjoy making our meals  but I always end up with 20 servings as well    😑
ಠ ಠ      mfw men with no background in dermatology or cosmetics mansplain beauty and natural look to a woman     sigh    Go ahead and ask those naturally beautiful women you know about their skincare routine  Ask them also if they have anything on their face right now  Ask them how they like their "just woke up" look and if anyone\'s asked if they are ill when they just didn\'t put on makeup   And in the meantime look up "natural look" on google or pinterest  you may learn something  
Perfect use of contrasting stripes  I\'d wear it  💖
It\'s gotta be something Oghuz  right  Usually I see the ɨ represented as ɯ  though   
Thanks bro❤ Happy new year to you❤
Hosted friends for drinks at mine and proud to say I wasn\'t tempted to drink  alcohol  with them at all  Despite their many attempts to reel me in  Happy 2017 errybody  🎉
Even better when the person is your dad❤ Happy new year bro
Happy birthday 😋
Yup thankyou and good luck to you too❤
I love that  And I\'ll see what I can do    ♥
Doesn\'t always work  I know  😾
Alaba is probably the best because of his position  but Payet is the highest overall by 3  so its definitely a solid pull 🎉
It felt so great still have an awesome feeling about ut❤
elnewbie wrote   Knn  this was not the case for me when I was in Shanghai last mth  I was there for 2 weeks  So on Saturday I was nursing a hangover so my female friend suggested we go massage   my friend was at shanghai for business trip  so I tot we can \'hang out\' over the weekend  if u know wat I mean    The place was clean type  well my friend chose the place  and she said she treat me  it was cheap  Only 198rmb for 2 hours  We changed and waited in the room Her massuer was an aunty and mine a uncles in his 50s  speaks abit gayish Then halfway thru the massage  I noticed the the uncle keep massage my privates  Nbz I tot massage abit Sua   As our package was 1hr full body massage  1 hr foot massage  My friend left the room Then knn  the uncle massage my privates even more  with his hands Then he keep going on n on  then he look at my kkj and and commented and said \'哇  还比我的大\' Then he went full on to pcc then I said uncles  have to come anot   He said \'快点\' After a while  I pew  uncle still say \'这个颜色健康\' Wah knn  I feel sibeh er man  After massage  already sian 1 2  nightmare Liao  no happy ending with friend at night back at hotel  lagi dulan   From EDMW
Dude    I did an anime guy thing by insisting to walk her to a bus stop at night   I said  "There\'s no way i\'ll let you walk alone at night and I WILL walk you to the bus stop"   At that time i feel like i just wanna roll over and die    Or better  ✿ ◕‿◕  ᓄ✂╰U╯   Edit  i\'m actually so thankful for this thread that allows me to vent my frustrations   I mean  me too thanks 
  in some cases i would imagine a wealthy owners slave got much better treatment than the common man depending on the era  Define \'treatment\'  Pluses     Decent food    Decent clothes    A roof    Shoes   Minuses     You were a highly valued house slave  But walking down the street  if you accidentally knocked shoulders with a white woman  or a man with too many drinks in him   An angry mob could tie a knot in a rope  put the knot around your neck  throw one end over a tree limb  and pull you up in the air  And leave you there    If you tell off your boss you\'ll be whipped  Maybe killed    If you disobey orders  you\'ll be whipped    If you try to escape  you\'ll be whipped    If you fall in love  your child can be sold    If your old boss dies  your new boss can sell you to the most vicious asshole in the world    Lastly  if your boss wants to forcibly sodomize you  ¯   ツ   ¯   And you could never  never forget these possibilities hanging over your head   Akin to watching your father  who has always never been anything but kind  except for that one single time he beat your mother so viciously she didn\'t get out of bed for four days   There was always this low grade terror  soaked into your skin  soaked into your bones  That a free man didn\'t worry about   So  \'Treatment\'  It\'s easy to imagine things  and we can cherry pick outliers to justify rhetoric  but it was slavery    You may have been treated like family   But you weren\'t family 
When I\'m on Android 7 1 1 and I communicate with Android only emojis 😈
Happy bew year bro from your neighbour❤  Cheers mate🔥
Accidentally typed big ass titties instead of shoe repair ¯   ツ   ¯
This definitely belongs on  r befotrandafteradoption   Man  the feels this story gives me 😢
I\'m so glad I could please you sweetie  thank you so much    3 ♥ xoxox
    REDALiCE   One Day  3 35     http   youtu be gJxjt JgtYU     Please consider to buy the album if you liked the music        アロン   https   www youtube com channel UC3tis 7KzFHj6i14vRUpD w   in  Music     856  views  since  May  2016     bot  info   r youtubefactsbot wiki index 
Thank you  So simple but definitely things I haven\'t been doing  Maybe I\'ll tackle them today ☺
Awesome view  show what she is made for  awesome pov sex 👍
I am so sorry  I kinda    Forgotten about this after my GTS worked again     I will still deposit  but if I can\'t get one  it\'s ok        IGN  Cecilia ♪   Deposit  Finneon F 18 Ultra Ball   Mssg  "I want to fill my pokedex "   Thanks again 
  He also can\'t ruin our government just because he is the leader   Presidents are limited at their ability to influence the legislature  however  they have decent control over regulating the bureaucracy and can establish long term impact by appointing supreme court and federal judges  Many Americans aren\'t aware that the POTUS is the 𝘊𝘰𝘮𝘮𝘢𝘯𝘥𝘦𝘳 𝘪𝘯 𝘊𝘩𝘪𝘦𝘧   his one power with greatest discretion  And despite the War Powers Resolution and other limitations  the POTUS could immediately deploy troops  invade a nation  or launch nuclear weapons  So  you\'re incorrect  the POTUS can destroy the World in principle  
The cold part was on point Ever since I have started NoFap I have noticed that I can easlit tolerate lower temperatures which makes me more manly😂 Happy new year and congratulations❤
Your list is not that bad  I\'ve seen worse  looking at you 70k 😉   though I can\'t understand how you can like new Sabaton over any of their other albums  This one is just a collection of reused melodies with changed lyrics  awful production and synths   
oh yeah baby  we can fucking do this ✌
Do you actually take a shower there  😨
Greetings Здравствуйте  Kapa6ac 6apa6ac  Links to reddit must use NP format  "np" in place of "www"  and should be of the form "http   np reddit com   " or "http   np redd it   "  Please replace the WWW  in your reddit link URL with NP  This helps to protect both your account and the accounts of other users from administrative reddit shadowbans  NP stands for  Non Participation   http   www reddit com r NoParticipation wiki intro   If you correct the link in your comment  please  notify the moderators  http   np reddit com message compose to  2Fr 2Frussia      I am a bot  and this action was performed automatically  Please  contact the moderators of this subreddit   message compose  to  r russia  if you have any questions or concerns  
We\'re not scared    just yet 😁 Most importantly people should always remember that a team is not just a name or brand or race cars  We are people  too  Like everyone  we like to be treated respectfully  But we can take some banter 👍
I\'ve seen an R63 I\'d love to be able to just throw 20k at to troll people   More realistically I\'d like a new loaded S Class or XJ  Maybe a 7 Series  One of those   If I get a bit better well off then probably a new R8  not sure I could afford any of the large items of maintenance on that atm  Definitely not able to afford one 😄
But we all ❤ uou so much 
Thankyou bro and happy new year❤
Dude  I feel for you  Hope you manage to hold off long enough to let it heal fully  I know how hard it can be  I\'ve been fortunate not to suffer a major injury  yet🤞  but I\'ve felt my shoulder come close a couple of times trying to crush a sidearm  Had to lay off them for two weeks at one point  Nowadays I actually have keeping it smooth as the main thought going through my mind during a RHFH shot   As for the Tern  it\'s an amazing disc  Easily my favourite understable high speed driver  probably because it feels so similar in the hand as a Destroyer  not to mention the distance it gives  
What else could you wish for 🤘🏻
To any Warriors reading this sub  sweep the Cavs in June  Thanks in advance 👍
She\'s lovely    I live dogs so much it hurts 😄
Personally think the wood wood pack are the 2 best ultra boosts ever  Straight fire 🔥🔥  I\'ll definitely take the womens version over the men\'s tho cause that strap is absolutely beautiful  
He should be careful not to       drop the bass        • •     • •  ⌐■ ■  ﻿ ⌐■ ■   Yeaaaaaaaaaah      
Unless you use the TOR Browser  it is almost impossible to have a non unique fingerprint   Don’t rely on Panopticlick  It gives you a general idea of your fingerprint and several common fingerprinting vectors  but the techniques actually used in the wild are much more sophisticated  Also  the sample size Panopticlick uses is fairly small  They collected a total of  185k fingerprints so far  so with the add on  you are unique  and without the add on the fingerprint appears twice in the database – but that’s probably just yourself taking the test twice  I wouldn’t worry about that   There are other problems as well with Panopticlick  For example  the entropy of the user agent string is generally overestimated  because every time a new browser version is released  the User Agent string is updated  Therefore  the database contains a large number of different User Agent strings  while the only information actually obtained is  that you are using an updated Firefox installation on Platform X   That is why it is generally a very bad idea to fiddle with the User Agent  especially if you are using Firefox  Also  there are other ways to reliably determine your Browser and OS without checking the User Agent  even without using JavaScript   so suddenly you are the one person that manipulated the User Agent string in way X – very good fingerprinting vector   As far as I know  the current best practice is to have a unique but unstable  meta stable  fingerprint  So  try to reduce the entropy of as much fingerprinting vectors as possible   this  https   browserleaks com   is a good resource for this as well   and make as much fingerprinting vectors as you can meta stable  e  g   you can have a unique canvas fingerprint  but it should  change  https   addons mozilla org de firefox addon no canvas fingerprinting   every time you restart your browser   It is important that the changes are persistent and don’t change every time you reload the page  as that would be another unique fingerprinting vector 
And their dispatchers  👍🏻
Fuck  You look gorgeous like that  I\'d love to slip inside you   😍😍😍
Yeah lol  I was about to rant so hard you have no idea 😂😂😂
Picture of hayley atwell with no boobs 😖
I got home and decided to do some comp  both games had groups who ignored my request to join team chat  Both games were lost hard due to lack of coordination     I\'m so sick of playing with people like this yet Everytime I try to form any sort of group it never works out  Dinmgftsnn im a little salty     CONGRATS ON YOUR GOLD THO  I\'m happy for you       I have mercys as well and it\'s so sexy  😍
thats the dumbest opinion ive ever heard😂😂😂
Merry New Year folks from the desolate South Shore  I\'m looking forward to another year of your posts   Thanks mods for putting up with our shit in 2016  Here\'s hoping 2017 is just as entertaining  😝
suc·cinct sə k ˈsiNG k t Submit adjective  especially of something written or spoken  briefly and clearly expressed 
dad trance 👀
Yep  I\'ve had a few names on my "to do" list for ages  I\'m unemployed and in my city I\'m titled to apply for this special "activity card"  It\'s a card that gives me FREE access to different sports and culture activities  once you get your 10 stamps on the card  you get FREE cinema tickets    Even though I could get a card for free access to sports  theater etc  I\'m still not able to make one lousy phone call😒
But do they really say \'grass is resting\'   That doesn\'t make sense either    Does 打扈 mean pick somewhere 
I would just like to share a few points about it   🔹It\'s perfectly fine to want to just spend time by yourself   🔹It\'s also nice to go out once in a while   🔹Some people enjoy or want to go out  If it\'s not your thing  don\'t force yourself   🔹It doesn\'t have to be a party  You can instead ask a few friends and or loved ones to come over and just spend some meaningful time together   In the end  I think  it\'s all about your choice  Let it be your decision  instead of letting it be a result of circumstance 
Glasgow Scotland  I wish my great great gramothers family was from Glasgow I think that\'s as close as I can get  I\'ll have to see if I can find it on the net  Thanks for the reply 😊
According to my phonology professor  ɯ is the more correct IPA  but ɨ is the one traditioanlly used 
  While strong   weak typing is not rigorously defined  it does have meaning    Sure  "strong typing" is what you like and "weak typing" is what you don\'t like  It\'s completely useless but there you are      For example  weak type systems would be characterised by things like implicit type conversions  e g  you can use a double as a string and vice versa   as in PHP   Right so Scala\'s weakly typed   implicit def    C   is weakly typed  converting ctors  and C probably is  integer demotion  conversion to signedunsigned  floating  void pointers to and from any other    What about Java   implicit conversion of Object to String on String   Object  Or Ruby   implicit conversion of float to integral on  arr 2 5    Or Python   implicit conversion of integrals to floats  Or Rust   implicit conversion of   A  to   B    Are "things like implicit conversions" a strict rule or just something you use to bash languages you don\'t like   And  then  we get to the fun stuff  like Tcl and UNIX tradition shells  are they strongly typed  After all they\'re semantically string based  well bytes for shells IIRC   you don\'t get implicit conversion from string to string that makes no sense  So they don\'t have implicit conversions which according to you makes them strongly typed     Strong and static typing are almost orthogonal  Because "strong typing" is  undefined and meaningless  https   groups google com d msg comp lang perl moderated 4uFT0q1zgMU 2 p76lbytYkJ   "strong typing" and "static typing" have an undefined angular relationship which is anywhere between 0 and π 2 depending on the writer\'s assertions  sensibilities or levels of dishonesty   It\'s not a fixed angle  it\'s a wave function which collapses when you exhaustively define what you actually mean     although a staticly  weakly typed language might not be very useful  According to your personal definition of the term there are  at least  two examples of that in the first paragraph 
That stage fit perfectly with the song  absolutely loved it   Also T O P lol I love him  it\'s 2017 and still wishing Seungri happy birthday 😂
Awe thanks love 😘
Were you kissing the floor at midnight  😁
I\'m not sure anything goes thru that hole tbh 🤔 I think I checked once but I\'m not sure  
Even the lowest paid NFL HC job pays 3m a year  I\'d put up with that shitshow for a hell of a lot less  I\'m also not a coach though so ¯     ツ   ¯
Her voice is so powerful you can hear her sing even when her mouth is closed ﻿
  And that’s it  The state of Bitcoin as a protocol buffer  It’s my proposition that everything else can be derived from the validation and execution rules — but please feel free to point out what’s missing in the above specification if you notice something   The state only needs the current block hash  The other two variables can be retrieved from the referenced block    The rest is basically caching  to optimise validation speed     
Why can\'t we have a good coach  like Saban  😢 fucking butch and his can\'t develop talent ass 
Her voice is so powerful you can hear her sing even when her mouth is closed ﻿
I thought as first the brown hair girl was her when she was younger😂they do resemble a bit
Wow you kids seem to continue to roasting me about a simple pub clip  but don\'t know that I\'ve accomplished probably more than 80  of you kids  https   www umggaming com godspeed 🐸☕️   But my earnings are nothing to brag about as I even consider them extremely low tier  so if you imagine what some of you kids are sheesh
That is super sweet of you  I wouldn\'t say I\'m new to AB and I don\'t need the samples     but I did want to say you is good  you is kind 😊
Don\'t forget the new switch and new switch xl  And switch 2d 😂
Sorry granny     🙄
Fuckin knew it 😂
no man legion is produced by fx networks fx productions marvel had less control on this show either on creative level or production level （Noah hawley signed a multiple years deal with fx networks fxp） 
Ty for answering men can u give me advice for this deck like game plan combo   what should ı do  
Haha  I figured it out   your guide said  "White cudweed"      D  Here\'s a link with the scientific name in NSW    🌿  http   atlasoflife naturemapr org Community Sighting 41400    Curiously  the White cudweed in  the US is a different plant altogether   🌿  https   plants usda gov core profile symbol PSLE4  
 👀 look in the mirror
it1 ɪt Submit pronoun 1  used to refer to a thing previously mentioned or easily identified  "a room with two beds in it" 2  used to identify a person  "it\'s me"
I\'m available now  Already add your FC  It\'s only 6pm here   ≧∀≦  
Whenever I\'m home for a holiday she makes the effort to cook a vegan alternative for me ♥
On January 1st 1972 my dad was the first fatality of the year in Rhode Island  I had just turned 2 the November before        I\'m now 47 and today\'s 45 years since dads death        He made it home safely from Vietnam to die at due to his own choice of drinking and driving       His last words ever spoken were "here hold this" as he handed his beer to his passenger       Dad lost control of his 1969 Vet  hit a tree and died upon impact        I now live within walking distance of the crash site where he died  I often find myself caught up  looking at the lines of trees while wondering which one it was that dad hit         The older I get  the more I morn this time of year and seem to hurt deeper with every year that passes        L♡VE   Miss you daddy  endlessly      
3  Short and medium size Yun is ugly   Super long legs anf skinny is the best Yun ♥
Wanted to do anal   mission accomplished already 👍
I hate vainglory always nerf my main  First cp vox  Than make cp vox bad Than nerf cp vox 1 20 Than wp path the viable  Than nerf Breaking point Now vox very rare he isn\'t Meta  Vainglory I hate u why nerf my favorite hero I wait 10 update for buff rona after 1 12nerfs for rona 😭😭😭 This Meta very annoying  
Like I need to get a bigger dildo   It\'s actually kind of strange meeting people in real life though  either ones who I met through the site or that already know about e6   Apparently I don\'t immediately strike people as someone who would mod a porn site  ¯     ツ   ¯
As you poor people here on Reddit seem to have missed out on some of our stuff  we thought we\'d treat you with a  CFDart post 😊 Our engineer Philip sometimes sees "things" in his simulations and shares those with you  So here\'s a bit of CFD fun and insights   If you\'re interested  find all our  CFDart posts  here  http   www sauberf1team com tag cfdart   Feel free to share your favourite post 😉
I mean i\'m obviously not white and people don\'t always make the connection that my white family is my family  but christmas with my white family was still really cool     ツ   ¯
I believe Keyboard and display are the 2 important things an user deals most on a computer  It\'s not just a spec  60℅ sRGB along with poor contrast is pretty bad however we slice it considering sRGB is the lowest color space we can target and it hardly covers 30  of visual color space and we are talking about a close to  1000 laptop  We are going to use ThinkPads for years  We will immediately notice how bad the display is if we have another screen in our home office  If we as a Thinkpad user types on a MacBook  we will immediately notice how atrocious the MacBook keyboard is  the key travel is not just a spec  it\'s something which we use always  So that got to be important  Similarly with screen  that guy is coming from Apple world and the screens are generally good  and he will immediately notice it   I am just trying to point my observations  I apologise if it sounds harsh    It\'s not like they don\'t have good displays  but they are splitting it  X1 gets good screen but OK keyboard and minimal upgradeability whereas T470 gets great keyboard but poor screen  What does it take to have the X1 display on T470 🤔 
Haha yeah I know  I\'m gonna learn kickflips  heelflips  maybe some variations before dolphin  It\'s like going from an ollie to a kickflip I won\'t skip steps 😂
Happy New Year  And thank you ❤
He\'s    Ricky from discord      ͡° ͜ʖ ͡° 
Okay  😘
Yep I don\'t care what talents I get in survival  I just push and play if I happen to get something that\'s useful 👍🏼 
I just wanted the 50  off for the storage space  I guess that was too much to ask  눈   눈  Also super confused about why they chose to "give" us these offers 
I know    Hahaha 😂  
Hello  3  FC  3711 7797 7071   IGN  Thobias   Timezone  GMT 1   Availability   Nearly the whole day until January 3rd   TSV Thread  https   www reddit com r SVExchange comments 5fsdud 1691   Gen6  https   www reddit com r SVExchange comments 4z1gyq 0450    https   www reddit com r SVExchange comments 4u4plr 2157   Flair HQ  https   hq porygon co u Vemje   Full line of egg you are claiming  B1   2 1   Mareanie  ♀    Quirky   Limber   19 27 31 31 31 31   Dark  1691   Thank you very much and a happy new year    
Good  That was the desired effect  🤗
You are like the bird that has been locked in the cage too long  The door is open but you don\'t want to leave  I understand you are depressed but that is treatable by seeking medical help and changing your circumstances  Staying in your current situation is only going to worsen your self loathing and depression  If the rent is too expensive in your area  move to a cheaper area or look for an advertisement where people need a flatmate  The power to change rests solely in your hands but you need to belief you can do this  I believe you can  ☺ Take care and get healthy first 
Thanks for what you do  Doc  I am fortunate enough to be off work during the madness  I got off at 6pm local    You should do the countdown tomorrow  Because why not   ¯   ツ   ¯ 
My favourites this year have been Sharifa Easmin and Jackie Aina  who I found out about because of this sub  so thanks guys 😄  Sadly I\'ve unsubbed from a lot of youtubers this year  I\'m tired of seeing the same products being used  and promoted  in every other video  so I\'ve unsubbed from ones whose personalities didn\'t stand out to me  Nicole G is one of them  and Jaclyn  although I can\'t remember if I unsubbed from her last year or this year  I\'m basically over the bigger youtubers and prefer to stick to desi  darker skinned BGs since I can use their skin tones as reference  and not base recommendations on orange fake tan 
Awwww  happy New Year love  This warms my heart  💕
I just had a vision of her suspended from the ceiling  being used as a sort of rehabilitative piñata for wheelchair bound patients waving their commodes   Fwap  fwap  "woe  woe  woe "  I do need more coffee  though 😁
dw about it just bought a pack  ended up pulling alaba 👍
Wallpaper  👌  EDIT  Found it lol 
Posts in me irl and not meirl  Posts in ETS  cries about "misogony"   Yeah  just stfu u sjw  🤔 👏🏿👏🏿👏🏿👏🏿👏🏿
I\'m using the Cleito RTA now  but I want to buy that Avocado you don\'t like lmao  No issues with the Cleito  I just want a bigger deck because I have a coil inferiority complex 😂
Exact    Saw that clip months back of her in an interview in Asia on some show and she stated how she\'d love herself a hot Asian man and for them to call her  Haha 😄  
Big ≠ good though
😂😂😂😂
For all of my favourites to finally come to the west coast of Canada 😭😭😭
Huh  maybe my period blood is just easier to rinse out for some reason  ¯   ツ   ¯
Happy new year me♥
価値 is basically always read as かち though when it stands alone 
😜
Hahaha  D I think u been heavily intoxicated 😂😂😂😂
Hey  I totally get how you feel  I went to my dream school for college  an honorary Ivy  made friends and seemed like I had it together until I got PTSD from an incident in my second semester  I still graduated but my life totally changed  I isolated myself  I got chronic fatigue  and when I graduated I couldn\'t work and moved back home   Two years after graduation I dated someone who had his life totally together  He had been working for a few years  built up a career  lived with his best friends and had social or professional events to go to almost every night  Meanwhile I wasn\'t working  lived at home  and had lost every single one of my friends    We stopped seeing each other and I was devastated  Not only had I lost him but I\'d lost the whole life he had  and I was so upset because he had the life I felt I could have had  and should have had    From there I decided I really needed to work on myself  I went through a trauma therapy course  started volunteering one day a week  joined a gym for low impact exercise  reconnected with one or two close friends  went on a friend finding site  and started applying for part time jobs   This actually happened very recently  like it started last month  I turned 25 in December  I have always been a perfectionist and when I wasn\'t working doing anything I thought my life was  over   I wouldn\'t take little steps because nothing was fast or perfect enough  and if it wasn\'t the perfect end result immediately I didn\'t want to do it  But that\'s not the way to be  and no one will judge you as harshly as you judge yourself  And if you feel insecure because of someone\'s life  see if it\'s something you can work on and achieve for yourself   I would go if you feel like he would be a positive and supportive person  I would also use it as motivation to grow and move forward  because if he can do xyz  so can you   Good luck    💖   My favorite starting over quote   https   s media cache ak0 pinimg com 736x 3c b2 6e 3cb26efd2bd1a0aaf5f643534046da53 jpg 
Are those for me    😍please tell me they are😘😘😘
3 30 is my favorite part 😂  Sidenote  rewatching that fight made me become a cody fan 
That could be ours as well   Sᴇᴇ ᴀʟso   Jermaine O\'Neal  Zach Randolph  Wes Matthews      A whole thread of these could be fun  New year  new slogans 
Hope it wasn\'t a Netflix and Chill night   😂
Got street cred  ✓  APPROVED
Out of curiosity  where do you live  In Taiwan  老外 is often considered rude and generally used when upset at foreigners  In Taiwan  外國人 is the neutral standard  I think it\'s considered more friendly and polite to some extent  But the mainland is quite the opposite in most places  老外 and 外國人 are often interchangeable I feel  although many mainlanders have told me that 老外 is considered much more friendly than 外國人
Wow 😂😂
We are      🌹
That winning smile 😍
  Yūri is the name of the protagonist   It\'s the name of both protagonists  one Japanese  one Russian  
is that turkish Kaşar cheese on top   
Completely misread what you posted  I thought you were the one who passed out  Oh  being breakfast drunk 🌚
Holy fuck   pink powerwall 😭
Shows how desperate things are getting for Popović and co to consider signing a Serb    
er…making fun of a relationship\'s end is  a bit awkward  not to mention we can\'t force them back together just because we want to  but tbh the 200 chickens part is funny😂
You look super handsome  I\'d date you when I become full female 😉
The community  There\'s a great group of peope on MHoC  While there are some unsavoury individuals  most are brilliant people  Some of my closest friends are here  ngl  There\'s no consequence to speaking your mind  whether that be  in the press  https   www reddit com r MHOCPress comments 5jwq95 we dont live in a democracy and thats a good thing https   www reddit com r MHOCPress comments 5jwq95 we dont live in a democracy and thats a good thing    or with friends   Then  there\'s the responsibility  Whether that\'s being SoS Wales  being an MP  or responsibility within the party    Finally  personal ambition  In the short term  keeping my seat in Wales  In the long term  I want to see a Parliament of Wales  I want to be a successful First Minister of Wales  within a Federalised UK  That\'s my ambition in the long term and that\'s my long term goal    Oh and of course  the drama  😛
That super sucks 😢  I would talk to her first but really  she obviously doesn\'t value your friendship like you do  Destination wedding vote here  
You are misreading OP   OP wanted to know where the data on improvement in Kap scores was  He was clearly aware they were low already  The OP was asking about what I referenced  the Δscore    Maggi responded with irrelevant Kaplan hate and told OP to use NS  which was totally irrelevant 
Glad to hear you\'re making it writing what you enjoy 👍  Thanks for sharing 
The ɯ gave it aɯay 
“The impediment to action advances action  What stands in the way becomes the way ”   ― Marcus Aurelius
Nty sorry  not looking to get more wheels unless a big overpay  Thanks for the offer anyway 🙏 
    Tetsugaku Letra       MAL  http   myanimelist net manga 30779    A P  http   www anime planet com manga tetsugaku letra    AL  http   anilist co manga 60779    MU  http   www mangaupdates com series html id 64215      Manga   Status  Finished Publishing   Volumes  6   Chapters  27   Genres  Drama  Romance  Slice of Life  Sports           anime      LN        FAQ  http   www reddit com r Roboragi wiki index        r   http   www reddit com r Roboragi        Edit  https   www reddit com r Roboragi comments 3i82q0 by mentioning his username roboragi can now       Mistake   http   www reddit com r Roboragi submit selftext true title  ISSUE  text https   www reddit com r manga comments 5ldp85 can anyone recommend a good reallife manga to dbv3t3g       Source  https   github com Nihilate Roboragi       Synonyms  https   www reddit com r Roboragi wiki synonyms       Satsuki   Ryuuko       ♥  https   www reddit com r Roboragi wiki thanks 
I would like to enter for Slavistan and have two good movies to recommend   First up  it is a science fiction film called  Gattaca   https   www youtube com watch v PC6ZA1dFkVk   It is set in the future and gene  DNA  is the central theme of the movie  Gattaca is actually the name of an institute dealing with outerspace navigation and missions to planets in the Solar system and beyond  The movie touches on several controversial topics  notably genetic engineering of the child to be  genetic profiling of individual as a means of identification  and genetic quotient in which probabilities are deduced as a pre performance indicator for education  career and even relationships   I personally love the attention to detail  mostly the biological parts  that was apparent throughout the film and as a Biology student  I applaud the filmmakers for putting in the effort to ensure that the biological facts are well researched and considered  and were still able to produce an interesting story for casuals to follow  Unlike many sci fi movies that exaggerate and over sensationalise about themes pertaining to genetics  Gattaca chose to keep it simple and be upfront about these topics  Moreover  I felt that the cast did a great job in portraying their dystopian equivalents  especially for Ethan Hawke and Jude Law  This film certainly sparked my interest in Biology and I am still rather baffled by its lack of commercial success   Next up  it is an old Japanese science fiction animated film called  Nausicaa of the Valley of the Winds   https   www youtube com watch v 6zhLBe319KE   風の谷のナウシカ   This film is directed by Hayao Miyazaki  1984  and touches on a mix of philosophical themes such as peace   co existence and values of life  as well as the importance and interactions within the ecosystem  In this movie  years of human activities have polluted Earth  and toxic jungle  gigantic plants that are fungi like and release harmful spores  now generates poisonous fumes and thus humans could not survive around it without wearing masks  Moreover  insects have also evolved to adapt to the changing environment  so they are now terrifying giants and a threat to humanity  The movie depicts the life of Nausicaa  the Princess of the Valley of the Winds  and the obstacles she would have to overcome to restore Mother Nature to her former glory   To be honest  this is one of my favourite animated films of all time  It gave me a refreshing experience to learn about our connections with the environment and the potential dangers that could happen in the future  The biological geochemical parts were pretty spot on and the filmmakers also provided sufficient amount of information to explain about the dystopian setting  However  it was the human side of the film that caught my attention the most  The characters were well written and successfully conveyed their emotions and feelings to me throughout the film  The film also cleverly explained the hardship that many prominent characters have suffered and there were times when I wonder if certain ‘antagonists’ are really all that bad  All in all  it’s an amazing movie and definitely something worth watching since you are a sci fi and anime fan   Thanks for doing this giveaway 
Congratulations  This is awesome news  Wish you an easy and successful pregnancy  Happy New Year  🎉🎊
I would like to see some different kinds of natural wonder personally  We have a lot of volcanoes and mountains already   Something like Angel Falls  at the source of a river   or the Dune of Pilat or Hang Sơn Đoòng is what I\'d like to see 
That beat drop tho 🔥
Great piece of prose poetry  Happy New Year🎉
Damn I almost forgot about Haye Bellew  And we thought people would stop dying in 2017 😫
Time to get pumping  then  More comics  More  Get to work  you    😉  Honestly  this was great  Way looking forward to more     when you can 
Most Creative \'Shop   This very sexy carrot   https   i imgur com rAd50cR jpg    Quack quack‽  http   i imgur com AyHX4MG jpg    funny lookin stain   r photoshopbattles comments 4gt2ld psbattle this very sexy carrot d2kod1r 
I downloaded a tally counter 20 minutes ago for this and someone beat me to it 😂
Mmmph  these are really hot  I\'m a bit into impreg myself so I\'ll have to keep an eye on you 😉 
Heck of a game    Onto the Rose Bowl now  D 🌹 
Do you honestly think you\'re fucking funny  fucking with my friends  Seriously  you\'re a fucking ugly little cunt mate  and if I ever see you i\'m gunna slit your fucking face wide open yeh  You\'re a fucking angry little fucking spastic  OK  right  let’s  first off  uhh you’re seventeen so you’re not even old enough to play the game  you’re from Scotland not Nigeria and you annoy people and put them on YouTube ‘cos you’re a cunt  which I totally agree with  So why don’t you crawl back up your mum’s fanny and die  Right  I’ll tell you what  you fat little cunt  you’re borin’ you don’t sound Nigerian at all so go fuck yourself… GO AND FUCKING CRAWL IN A DIRTY DANK LITTLE HOLE WHERE YOU FUCKING COME FROM  YOU DIRTY DRAGON EATIN’ LITTLE FUCKING SPASTIC  Right  OK  the ‘dragon’ comment was probably a little bit fucking over the top  but at the end of the day you’re fucking borin’  Every single person who watches your videos are fucking stoopid  They’re fucking ignorant little cunts  And you’re just a fucking retard ﻿
  it\'s 2017 and still wishing Seungri happy birthday 😂  Omg all of them  It\'s so funny how they are beating this joke to death  "Happy New Year bro "
Well  part of the issue is that IPA isn\'t used in Turkology much at all  The preferred character in Turkic studies is usually ï  which typically corresponds to ɯ⟩in IPA  but the same character has been used to write ɨ in various non Turkic languages as well   As far as I know  all standard Turkic dialects use ɯ as their non front non low unrounded vowel  if present   but there could be dialectal variations in which it is actually articulated closer to ɨ 
So sad  🙏
Lol why is this guy so offended 😂
Where abouts in Ireland  I\'d drive anywhere for that ass 😍😍
Tell me and Overwatch Hero and I\'ll directly correlate it to a TF2 Class for 2 keys ❤️ 
I\'m wondering how old someone in the tower would have to be for it to be legal  if you know what I mean    ͡° ͜ʖ ͡° 
Can\'t tell if sarcasm     but tbh  they should not touch the fashion aspect  since for most that\'s one of the more important things in this game  Why couldn\'t the Incubator grow infestation on it then we could drain it for a charger and be done with it ¯   ツ   ¯  
Thank you for letting me know about these programs  😊
Of course she made it  She is bad ass  MFing Betty White  And don\'t you ever forget it    Keep on rockin  Miss B  ❤️️
Well  theoretically she\'s not  She\'s parked 😂
Cheers from a quiet living room with 6 good friends 😊
It\'s not that you don\'t want to see your friends after you have kids  it\'s that you\'re so ridiculously tired  you don\'t have the energy  Especially if your kids don\'t believe they require sleep    Man I\'m so so tired 😞
 Edit  I\'m sure there were a lot of substance going on in that thread  Obama cannot pardon her and all the rest need to go back 🐸  Can we get DKIM on that 
  Shingeki no Kyojin       MAL  http   myanimelist net anime 16498    A P  http   www anime planet com anime attack on titan    AL  http   anilist co anime 16498    ADB  http   anidb net a9541      TV   Status  Finished Airing   Episodes  25   Genres  Action  Drama  Fantasy           anime      LN        FAQ  http   www reddit com r Roboragi wiki index        r   http   www reddit com r Roboragi        Edit  https   www reddit com r Roboragi comments 3i82q0 by mentioning his username roboragi can now       Mistake   http   www reddit com r Roboragi submit selftext true title  ISSUE  text https   www reddit com r Animesuggest comments 5la96t anime with tons of death dbv3vgy       Source  https   github com Nihilate Roboragi       Synonyms  https   www reddit com r Roboragi wiki synonyms       RoboRecommendation™  https   myanimelist net manga 104 Yotsuba to       ♥  https   www reddit com r Roboragi wiki thanks 
Fuck yes that\'s hot  Can we see pics of what happened next  ❤️
Instead of time and a half  I get something like 6 hours vacation time  Vacation that I get bitched at for taking  👍
I\'ve got a matching egg with your TSV  could you please help me hatch it  I\'d really appreciate it  D  FC  0104 0330 2897  IGN  Ale B14   4 3   Cutiefly  ♂    Modest   Honey Gather   8 31 31 31 31 31   Dragon  1575   Nickname  none  TimeZone  GMT  1  Prehatched   Yes  TSV 2832
Google has this neat feature where  if you google a word slightly outside the common vernacular  it just gives you the definition right at the top of the page    a·poc·ry·phal   əˈpäkrəfəl   adjective    of a story or statement  of doubtful authenticity  although widely circulated as being true  "an apocryphal story about a former president"   synonyms 	fictitious  made up  untrue  fabricated  false  spurious
😂
You\'re throwing out this term  but it doesn\'t really apply here    Your reasoning and justification was floppy and based upon personal thoughts and emotions as well as what your personal reasoning of what might possibly happen in the future   Most of those thoughts of future consequences are weighed against other stars  but it seems like everything is a weird case by case basis    People won\'t always agree with you  Getting upset and adding emotional and capslocked rants and bolded about how we cant see the consequences lends to me thinking that you are the person who is ill adjusted  It doesn\'t lend well to the concept of community  and saying that I\'m dim paints you in a bad light     I\'m sorry my posts lack more body and without quotes and summarizing  I\'m just chilling on my phone 😊 my back got injured a while back and now I chill on reddit this way to pass time   I\'m sorry that I don\'t agree with you  But I appreciate the effort even if you were kinda   rude  If I didn\'t deal with salty ass trolls daily I\'d be insulted or something  I find this almost funny   I hope you walk and cool down before speaking unkindly to someone else  Have a good new year  And chill out  ❤    
oh ok thanks ☺
I loved it    ♥
天高皇帝远 probably describes it best  "Heaven is high and the emperor is far away" Provinces are pretty much in charge and usually don\'t care much about what Beijing says  It\'s more obvious the crappier the province gets  especially in environmental and labor issues  Everybody defends their fiefdoms  Unless they fuck up in a major way nobody cares  Hainan is a special cesspool  they don\'t even enforce judgements from the Supreme Court against local governments in land disputes 
 snide what\'s it like to be wrong  To me this song feels empty and very underwhelming   u gannade attempts to play it on plug and every time it gets meh\'d and skipped so either it\'s all ironic mehs to trigger him or people don\'t like the song    It\'s likely Lauren is gonna run away from 5H especially considered the leaked audio just recently but I feel she will be overshadowed by Camila\'s impact if she continues to stray away from mainstream sounds and make this weird    messy music  Bad Things   Back To Me 👀
There\'s someone who posted to  r California who looks like they went up to Big Bear without chains or reservations on NYE   https   www reddit com r California comments 5le5o5 stuck in big bear need helpadvice   This link was the ONLY Big Bear news I could find through Google  He was lucky I was lucky I had troubles with insomnia and got on reddit   Are you stuck up there too   ⛷🎿🌲🎄❄️🌨☃⛄️🌬🎉🎊🏂
Look at those  r curledfeetsies  😻
Yeah but I don\'t think I yet seen it used ☹ 
How can you sell them  😳
Now I want huaraches 👽
I don\'t care if it\'s a chick  two chicks or a chick with a dick i still think it\'s pretty fucking gay 😂  But to each his own 🤗 
I didn\'t know Italian had the diphthong  ɛa   so I was thinking Romanian  but the rest of the vowel inventory didn\'t match up 
He didn\'t turn on "stealth mode" for his 🍌
Your welcome     😘
We can\'t lose her  She\'s America\'s Grandma 💜
There\'s one every season    ಠ ಠ 
Lol I\'m serious  I have 40k now gonna spend 20k on full item run on hoopa u 😂
The fact that you\'re so adorable makes it even hotter that you\'re so naughty 😍
Aawh    hug   so sweet  Love it  ❤
Lmao  this article  http   www kolotv com content news Recreational marijuana legal in Nevada but not legal to purchase 408701305 html    "That\'s a reason we want to get this implemented soon  so  weed  does not hit the black market "  😂
It\'s called "do that baby mama" and YouTube is full of them 😐
I\'ve got a matching egg with your TSV  could you please help me hatch it  I\'d really appreciate it  D  FC  0104 0330 2897  IGN  Ale B14   5 2   Cutiefly  ♀    Modest   Sweet Veil   31 31 31 20 31 31   Electric  1588    Nickname  none  TimeZone  GMT  1  Prehatched   Yes  TSV 2832
It sure is  Almost like a Pavlov reflex for fun one and a half ours for me 😅
So jealous  smh  Lmfao 😂😂😂 go back to china town and eat ur noodles
Two major things are at play  The first is that the Valar recognize that it is not in their authority to handle the situation  and appeal directly to Eru  The second is that it appears very likely Ar Pharazon could deal real and irreparable damage to Aman  so Eru decides to step in    But at last Sauron\'s plot comes to fulfilment  Tar Calion feels old age and death approaching  and he listens to the last prompting of Sauron  and building the greatest of all armadas  he sets sail into the West  breaking the Ban  and going up with war to wrest from the gods \'everlasting life within the circles of the world\'  Faced by this rebellion  of appalling folly and blasphemy  and also real peril  since the Númenóreans directed by Sauron could have wrought ruin in Valinor itself  the Valar lay down their delegated power and appeal to God  and receive the power and permission to deal with the situation  the old world is broken and changed  A chasm is opened in the sea and Tar  Calion and his armada is engulfed  Númenor itself on the edge of the rift topples and vanishes for ever with all its glory in the abyss    Letter 131
There it comes with top speed    ͡° ͜ʖ ͡°   Thank you for that update    http   i imgur com 4jp7AEH png  http   i imgur com 4jp7AEH png 
I\'m not sure if screen replacement is the best choice  I mean it\'s still responsive  just doesn\'t show anything 🤔
I think 2 5 GB is a lot for three weeks  and I haven\'t been watching the ads lately  I think this is the only month this problem occurred  I barely reach my data cap usually but this month I\'m running out  ☹️  I\'m wondering if this could be a bug 
JB  may the love and memories you\'ve shared with your Mother forever remain in your heart  ❤
Do you however always  As long as you can reasonably say it\'s an actual product at sephulta while you\'re on the floor stage or if your district manager asks  enjoy   Pretty sure it\'s unenforceable to require wearing only products that the store carries but man sometimes it\'s heavily encouraged and it\'s better to have an answer ready  It\'s at least not specified in the dress code  ╰ 　´◔　Ω　◔   ╯  
On the way to Flavor Town 🔥
I\'ve got a matching egg with your TSV  could you please help me hatch it  I\'d really appreciate it  D  FC  0104 0330 2897  IGN  Ale   14   5 4   Cutiefly  ♂    Modest   Sweet Veil   31 31 31 31 10 31   Steel  0184  Nickname  none  TimeZone  GMT  1  Prehatched   Yes  TSV 2832
From Taiwan  more than 48hrs outside SG  ok to maximum 2lit of beer  If you are carrying anything in excess to your duty free concession  you\'ll have to pay the duty   GST for the balance    If you need to  you can check this app site out  It allows passengers to pay duty   GST online via CC up to 3 days in advance  Prevents the hassle of finding the Customs office or kiosk for payment  The receipt will be retained in the app itself for reference   https   www customs gov sg eservices customs sg mobile and web application  Have a good trip  😄
Let\'s hope the first of many 🙏
Have you seen coffee prince  Made me fall in love with him  😍
I\'ve got a matching egg with your TSV  could you please help me hatch it  I\'d really appreciate it  D  FC  0104 0330 2897  IGN  Ale  B14   5 6   Cutiefly  ♂    Modest   Sweet Veil   31 31 23 31 31 31   Dark  3595  Nickname  none  TimeZone  GMT  1  Prehatched   Yes TSV 2832
Happy new year  everyone  Hope 2017 brings all of you what you wish for ♡ And because this is r bangtan  let\'s hope 2017 is an even greater year for Bangtan  
Happy 2017  the year of monA vAnDerwAAl\'s big reveal  😍
Ya I might just be super opposed to that right now cuz my asshole still burns from having the shits like 20 mins ago lol The thought of that happening right now has Me making this face 😖
That last screen is fucking hilarious 95  wr last two seasons bronze  open a support ticket with riot with your video attached to get him banned 😊
I feel like I\'m at a party where someone just started going off on some weird rant and I\'m sitting here with my drink like 👀 
Didn\'t see this until now  oops  Thanks for making these beautiful knives  😍
OMG DD YOU JUST SPEAK AT ME WITHOUT PERMISSION       WORD RAPE     ŔRRREEEEEEEEEE 
See that glare  They will hate you forever because of your horrible mistreatment and neglect of them  😇
JEW SOAP  obama knows what to do   ͡° ͜ʖ ͡° 
Yeah man  15 here and I didn\'t realize how I was hurting myself  porn free for around 10 days and just joined this Reddit  I am trying to get into programming and have completed multiple full classes on codeacademy com and have done HTML and CSS work outside of it  I realized a lack of motivation and tiredness when I was coding but I love coding and got plenty of rest  Did some research and found out the negative affects of porn and the dopamine highs are similar to cocaine  I decided I need to stop and now I am here  Wish me luck guys 🤝😄
Me too   It was literally the most interesting thing to happen in the last minutes of 2016   She\'s a pro though  no temper tantrum from her   No sirree  🙄😂
Indignantly playing the "I\'m the better person  I\'m just chilling lel xd" card and accusing me of being rude whilst being the person who actually started insulting first  A penchant for being dishonest too  I see  If you lack the intelligence to see your blatant strawman arguments  well  I\'ve already said what needs to be said   Stay classy  Happy new year   And chill out  ❤ xd 
Been playing since May 2015 and still no Wall  If I pulled Thyrus tonight  I was thinking I\'d be happy cause I\'ll be able to RW any healing BSB  And all of these people consider it dupes lol      Oh well ¯    ツ   ¯
Thanks a lot for your suggestion  We can see that you put a lot of thought in there  Let us start with a question  Why do you think has no F1 team ever done anything similar before   Well  it\'s not as simple as one might think  We can\'t go into a lenghty discussion now  but for starters  the design of the car must always take into account the  new  shape s   And if there is one thing that F1 teams don\'t want anyone to see prior to the first tests  it\'s the shape of their cars    Secondly  time is of the essence and we are very much used to last minute changes  Then there are things like weight  costs  sponsor visibility  etc  that have to be considered   Yes  the C35\'s livery was    let\'s say    "simplistic" 😊 There are reasons for that  too  that we can\'t discuss here  Some people didn\'t like it  others appreciated the fact that our car stood out in a sea of greyish dominance   which was good for our visibility     So    We won\'t be able to open up the car design to public vote this year  But we always think about similar ideas  Never say never 😊  
Lol you think you know me and dont let me try  id say you love chicks with dicks wipe your history  FAG  😂😂😂
Tits are like diamonds   People say bigger is better but nobody\'s turning down a lil chip either 😉
Im sober now and i need to thank you  this is exactly what i needed in my life 🤓
   float​ carDamage 5  Level of damage for each car section  only first 4 are valid   Classic Kunos    You\'ve got 5 values  you know that only 4 are valid but you don\'t know which ones  and you have no idea which value gives which info    Seems pretty useless to me  Also I can\'t find the engine damage level anywhere 
Hmmm🤔 u the Feds  
That  smile Dubya would get when he uttered a coherent and somewhat intelligent sentence  Priceless 🤣
Shaken to its rotten core    Its "Robbie Rotten"  core  😏
🍓  Perhaps you would be interested in time travel   http   tvtropes org pmwiki pmwiki php Main TimeTravel  🍰
i remember farm doffy with double g3  most lost and need more gems for spc max and socket max 👊🏻
Why did you have to ruin the album with  Fate Zero character identity   s "Jeanne de Arc  She\'s badass but not as good as Arturia"     ╯°□° ╯︵ ┻━┻
I\'ve got a matching egg with your TSV  could you please help me hatch it  I\'d really appreciate it  D  FC  0104 0330 2897  IGN  Ale   B15   2 2   Cutiefly  ♂    Modest   Sweet Veil   31 31 31 31 31 23   Dark  3008  Nickname  none  TimeZone  GMT  1  Prehatched   Yes  TSV 2832
  Kekkaishi       MAL  http   myanimelist net anime 1606    A P  http   www anime planet com anime kekkaishi    AL  http   anilist co anime 1606    ADB  http   anidb net a4574      TV   Status  Finished Airing   Episodes  52   Genres  Adventure  Comedy  Fantasy           anime      LN        FAQ  http   www reddit com r Roboragi wiki index        r   http   www reddit com r Roboragi        Edit  https   www reddit com r Roboragi comments 3i82q0 by mentioning his username roboragi can now       Mistake   http   www reddit com r Roboragi submit selftext true title  ISSUE  text https   www reddit com r Animesuggest comments 5ldaq0 looking for a good classic fighting type shonen dbv42tk       Source  https   github com Nihilate Roboragi       Synonyms  https   www reddit com r Roboragi wiki synonyms       RoboRecommendation™  https   myanimelist net manga 90125 Kaguya sama wa Kokurasetai  Tensai tachi no Renai Zunousen       ♥  https   www reddit com r Roboragi wiki thanks 
That\'s a surprise to us 😀 It would be a lot easier and less time consuming to just put out posts and leave the discussion and commenting to the community      Oh  and that would be  me  http   www sauberf1team com fan experience social media  😉
     C\'Thun\'s Chosen  http   media Hearth cursecdn com avatars 310 477 33123 png    Neutral Minion Common OG 🐙   HP  http   www hearthpwn com cards 33123     HH  http   www hearthhead com cards cthuns chosen     Wiki  http   hearthstone gamepedia com C 27Thun 27s Chosen    4 Mana 4 2   Divine Shield Battlecry  Give your C\'Thun  2  2  wherever it is        Call    PM  https   www reddit com message compose  to hearthscan bot     me with up to 7   cardname    For more PM   info   
Croatian   jagoda   from old slavic  agoda   berry    https   en wiktionary org wiki Reconstruction Proto Slavic agoda says      Etymology        From Proto Balto Slavic  óʔgaʔ  Cognate with Lithuanian úoga and Latvian oga       Further from Proto Indo European  h₂ógeh₂  whence also Gothic 𐌰𐌺𐍂𐌰𐌽 ‎ akran  “fruit”   and possibly Tocharian B oko ‎ “fruit  effect”        Has been connected to Old Irish áirne ‎ “sloe  fruit of a blackthorn”  and Welsh eirin ‎ “plums”   but these may also reflect  h₂eǵros ‎ “field”  
Holy fucking shit this is the hottest thing I\'ve seen in a long time  Love that there\'s sound as your voice is the sexiest  ❤️
Alright no problem  GL trading  🙂 
This actually happened to me  It was my childhood "blankie" and she gave it to the dog  😡
We might do an AMA with Philip  Who\'s in  😁
 Original post  https   www reddit com r kaleidoscope ja comments 5lepgf 初華の出 ver2017 happy new years from japan   by  u hamuhaumai in  r kaleidoscope ja   nbsp          This crosspost was performed automatically as a part of the ImagesOfNetwork      Learn more about the ImagesOfNetwork  how you can help  and other Frequently Asked Questions   https   www reddit com r imagesofnetwork wiki faqandinstructions wiki what is images of 3F     or    visit us on Discord    https   discordapp com invite 0tZsejLgM2vzaExR          "Remove my post "   https   www reddit com r imagesofnetwork wiki faqandinstructions wiki remove my post        "The bot got this one wrong "   https   www reddit com r imagesofnetwork wiki faqandinstructions wiki the bot got this one wrong        "Stop Crossposting My Stuff "   https   www reddit com r imagesofnetwork wiki faqandinstructions wiki no really  don 27t ever crosspost me or my subreddit              match "2017"  
 Original post  https   www reddit com r kaleidoscope ja comments 5lepgf 初華の出 ver2017 happy new years from japan   by  u hamuhaumai in  r kaleidoscope ja   nbsp          This crosspost was performed automatically as a part of the ImagesOfNetwork      Learn more about the ImagesOfNetwork  how you can help  and other Frequently Asked Questions   https   www reddit com r imagesofnetwork wiki faqandinstructions wiki what is images of 3F     or    visit us on Discord    https   discordapp com invite 0tZsejLgM2vzaExR          "Remove my post "   https   www reddit com r imagesofnetwork wiki faqandinstructions wiki remove my post        "The bot got this one wrong "   https   www reddit com r imagesofnetwork wiki faqandinstructions wiki the bot got this one wrong        "Stop Crossposting My Stuff "   https   www reddit com r imagesofnetwork wiki faqandinstructions wiki no really  don 27t ever crosspost me or my subreddit              match "Japan"  
Also omg I just realized your due date was only a couple days before mine  Whoa  😳
They do that for publicity to keep her name in the spotlight  Classic marketing stunt  As soon as a celebrity\'s ratings start going in the toilet  they pull stuff like this to get more exposure  Works every time  Old school Hollywood trickery at its finest  👍
So your friend shaves his balls over his keyboard    Nothing too see here folks🙌✂
Very sexy  would love to spoon your ass 😇
I found this out by accidentally turning my shower on too hot one time  Now I can only take showers that probably give me first degree burns  but fuck does it feel good when I can just stand there with the temperature right at my pain threshold  Maybe I\'m just masochistic though   ¯   ツ   ¯
I really like Noel  I won\'t have another chance at him in a long time  Why not gamble at getting him or Santa Roselia while I can   I know chasing 5☆ bases is a no no  but if you want something you won\'t get it if you don\'t try 
We\'re honoured 😀
Have any of you ladies seen the British sitcom Miranda  It is hilarious and he is a STUNNUH  😍
I\'ve got a matching egg with your TSV  could you please help me hatch it  I\'d really appreciate it  D  FC  0104 0330 2897  IGN  Ale  B15   2 3   Cutiefly  ♂    Modest   Sweet Veil   31 31 31 31 31 11   Dark  1488  Nickname  none  TimeZone  GMT  1  Prehatched   Yes  TSV 2832
😘
thanks for the 🎉🎉🎉 flair boi 
Yup  I know from experience 👍 
Furigana is usually hiragana used for clarifying the pronunciation of a "hard" Japanese word written in kanji  In a children\'s book  all words written in kanji might be considered "hard" enough to be annotated with furigana while a text aimed at adults might only have a few obscure or technical terms with furigana   Furigana might also be used for showing what a word is referring to or for showing the pronunciation of a foreign word  Examples taken from  Wikipedia  https   en wikipedia org wiki Furigana      For example  in a work of science fiction  some astronaut could use the word ふるさと  furusato  meaning "my hometown"  when referring to planet Earth  To clarify that for the reader  the word furusato  hometown  might be written in hiragana over the kanji for chikyuu  Earth      For example  the kanji 一角獣  literally "one horn beast"  might be glossed with katakana ユニコーン  yunikōn  to show the pronunciation of the loanword "unicorn"  which is unrelated to the normal reading of the kanji  
I mean if you think  𝑥  is \'bad for POC\' just say \' 𝑥  is racist\' or explain exactly what\'s bad about it  \' 𝑥  would make it harder to challenge racist hiring practises\'    As well as being paternalistic  talking about what\'s \'good bad for POC\' sounds like treating them like an interest group to me  when as leftists we want to emphasise that racism is very bad for the whole working class 
Thank you and happy 2017  ♡
Got 2 more Santa Roselia  that moment when you have more Santa Roselia than the actual Roselia 😂
And there\'s that    😀
Also  what if she removed you from FB and is acting like nothing happened because the person behind the Tinder profile is a catfish and the real woman didn\'t recognize you  hence her reason for unfriending you on FB  Have you ever mentioned the FB friend request in your texting conversations   Part of me thinks I\'m on to something here  The other part of me thinks that Nev and Max have made me unnecessarily paranoid about meeting people from the interwebs in real life  😂
Congrats on first smoke btw  welcome to the greener side ✌
Get down to my goal weight  and be halfway to finishing my last year at uni ☺
We\'ll double check when back at the office    Just to be sure 😊
Yeah but if you cut off both your arms then your mom would have to come round to help😉
Jealous of autistic  obese  balding  unemployed  white trash like you   😂😂🤣🤣 don\'t flatter yourself  honkie
Haha nice one 😂
I\'ve got a matching egg with your TSV  could you please help me hatch it  I\'d really appreciate it  D  FC  0104 0330 2897  IGN  Ale  B15   3 2   Cutiefly  ♀    Modest   Shield Dust   31 31 3 31 31 31   Dark  0540    Nickname  none  TimeZone  GMT  1  Prehatched   Yes  TSV 2832
Rank   Prev   Name   Group   Comments                                                              1  2   Arin   Oh My Girl   She back on top 2  1   Yein   Lovelyz    Yein not as active as Arin soo yea 3   4  Yulhee   Laboum   Will always have a place on my list as long as she stays thicku 4  3   Chengxiao   WJSN   It\'s Xiaoxiao 5 10  Mimi   Nugudan   Only reason to like Gugudan 6  NEW   Haseul   LOOΠΔ         7 8 Sujeong   Lovelyz   Just watch KKEBBANG Show  8 9   Yena   April    Her aegyo is the best  https   streamable com wz8lw   thx to aknite for the clip 9       Arie   MIXX   She back  I forgot how cute she is     10   Woohee   Dal Shabet   I said I\'d put her back on the list if she won in rock paper scissors against some idol on Weekly Idol  Knocked out   Yena April    Yuna  Brave Girls   Seungyeon  CLC   Irene  RV  for now  I might still change my list by the end of the month depending on how the comebacks debuts are    Yena would still be on the list if I didn\'t say I\'d add woohee on my next list XD    Honorable mention to Eunjin DIA  for being such a sloot  she trying hard to make my list 
I\'m on my third un60ks8000  I wish any of them were this good 😞  Seriously  everyone I\'ve bought and exchanged has had light bleed visible in bright and dark scenes  Especially along the bottom  a constant half inch thick line of light that distorts the picture   I have until the 30th to return my current one to best buy  I just contacted Samsung and am waiting to hear if they will send someone to replace the panel  Otherwise I think I\'m done playing the lottery  packing up and returning 3 60 inch TV\'s in a month is too much  
Hey eochanghy  unfortunately your submission has been removed because it was a link to a video hosting site  probably YouTube itself   If you\'re trying to share a video  you should stop by  r videos instead    r youtube is for discussing YouTube as a whole  its features  bugs  design  trends  and so on   If you think your video fits that  please  send us a message  https   www reddit com message compose to  2Fr 2Fyoutube subject Please approve my video  message  5bLink to my post 5d 28https   www reddit com r youtube comments 5lepz7 nhạc chế rimix liên khúc nhạc chế thanh niên fa  29  so that we can take a look    I am a bot  and this action was performed automatically  Please  contact the moderators of this subreddit   message compose  to  r youtube  if you have any questions or concerns  
Well  they are  Before Erdoğan religious things in public service were forbidden  For example it was hard to become  police if you talked about religion during the police education  The murderer of the Russian ambassador brcome religious fanatic after he become police  Because thanks to Erdoğan now they prefer religious fanatics in police 
Me 4 😀
I know that feel bro  👍 
➤➤ Floor 100 The Running Fairy  Immobilize   ➤ https   youtu be pcuVKwtiGLI ➤➤
Such a lovely dick bro   A happy nude and new year to you as well  Set off that firework 🎉 p
Oh  right    It\'s possible to share comments    Although our karma is sky rocketing  we\'re still newbies here 😉 
March 16   256    Shipped Dec 19  but still at costums since Dec 28    f ckers 🖕
And cat appreciates it 😁
🎵 I\'ve got to buy these crates 🎵
  If these new earbuds are so compelling  release them and amaze everyone   ಠ ಠ erm    they did   
What a view 😍 that ass is just perfection at its best 
Do you need some help there😜
I\'ve got a matching egg with your TSV  could you please help me hatch it  I\'d really appreciate it  D  FC  0104 0330 2897  IGN  Ale  15   3 3   Cutiefly  ♂    Modest   Shield Dust   31 31 31 31 20 31   Steel  1520   Nickname  none  TimeZone  GMT  1  Prehatched   Yes  TSV 2832
Good vibes man  Ride the neon wave🐬😜
  I\'d like to learn some basic Russian  so that those буквы won\'t scare me    I want to read at least 6000 pages of books    I want to continue my walk along the Baltic coast  hopefully I\'ll reach Lithuanian Latvian border    The website I\'ve been working on for the last couple of months   I want to finish it by the end of January    The once in a lifetime idea I came up with in 2016   I\'ll try to make it into a kickstarter 
¯   ツ   ¯  Roof supports  roof  probably the only ones there  so they make fireworks illegal   
No no  let\'s not get hasty here    There are no census done in 220s  Anyone doing that is just guessing   According to Book of Jin   Geography  "孙权赤乌五年，户五十二万三千，男女口二百四十万 " In 242AD  there are 523000 household  2 4 million people   According to Record of Three Kingdom  Book of Wu  Sun Hao  at the end of Wu  there are 523000 household and 2 4 million people   But that is in 280 AD   Either no census was done  or people just got lazy  So anyways  we get roughly 2 million people in Wu   For Shu  Book of Jin   Geography  it records 200 000 household  900 000 men and women in 221 AD   In Shu Ji  it was said that 280 000 household  940 000 men and woman at the end of Shu  263 AD   For Wei  there wasn\'t too much early record  Emperor Ming\'s various ministers have said on various times how they may held more than 10 province  but the population was less than what was one province before  A book written during Jin put the population at 5 37million in 263AD    So I don\'t know what the fuck the Russians did to come up with 13 million  There isn\'t 13 million  
We were right up front and it was so awesome  Got to hold Tony\'s hand for a split second when he was picking ❤️❤️
Well  I\'m still a cunt but thank you very much haha😊
You don\'t get the joke 😂
Who is the female with the 100  hit rate  Tried googling 三田フナ but didn\'t get any results
I think that was the version I originally saw 😂😂 the case is mostly black right as opposed to having Kate Hudson on the front  My mate had it on DVD 
  RAINBOW  Nisha Rokubou no Shichinin       MAL  http   myanimelist net anime 6114    A P  http   www anime planet com anime rainbow nisha rokubou no shichinin    AL  http   anilist co anime 6114    ADB  http   anidb net a7389      TV   Status  Finished Airing   Episodes  26   Genres  Drama  Thriller           anime      LN        FAQ  http   www reddit com r Roboragi wiki index        r   http   www reddit com r Roboragi        Edit  https   www reddit com r Roboragi comments 3i82q0 by mentioning his username roboragi can now       Mistake   http   www reddit com r Roboragi submit selftext true title  ISSUE  text https   www reddit com r Animesuggest comments 5lcwt9 anime with a good amount of tragedy dbv48c8       Source  https   github com Nihilate Roboragi       Synonyms  https   www reddit com r Roboragi wiki synonyms       Asuka   Rei       ♥  https   www reddit com r Roboragi wiki thanks 
an·ar·chy ˈanərkē Submit noun a state of disorder due to absence or nonrecognition of authority   That\'s what google says so yeah backs up what I said 
Get away from me  asshole  or I\'d be in trouble I have my Russian mafia friends  ☠    
God yes    What I wouldn\'t give to slip inside your beautiful pussy  You are so incredibly beautiful 😍 
Same to you buddy  I\'m going to have a serious hangover tomorrow 😈
"personality" 🤔  Yes that\'s why I liked the gif as well   
Planning to ask her this year  I just want to surprise her with having all our family and friends there 🙂
Now THAT is how you smokingly tantalize a girl   awesome job Dice  I\'ll be recommending that little number to anyone that asks for something like it 🔥☯️
My previous reply on a story a few comments above 😂
Dr  Braun all the way  😁
In the process of buying my first set up and I want this in my life  👊👍😁
sweet  looks warm too 👌🏼
Ask Guido how that worked out 😂
  He eventually came and so did I   ಠ ಠ 
You can taste it all night  hun  😏 
Very impressed man  I\'m kind of the same but started investing late  I\'m 22 and got a 02 GMC Envoy lol But im getting a model 3 hopefully the P90D version 😆
I\'ve got a matching egg with your TSV  could you please help me hatch it  I\'d really appreciate it  D  FC  0104 0330 2897  IGN  Ale   B15   3 6   Cutiefly  ♂    Modest   Sweet Veil   31 31 31 31 12 31   Steel  2355  Nickname  none  TimeZone  GMT  1  Prehatched   Yes  TSV 2832
The closest Markus got to driving Marcus\' car was a few laps in an F1 double seater many moons ago and some Formula BMW laps with sponsors at the time 😊   Can\'t speak for Marcus  but he had his fair share of dissing  especially from Brazilian fans this year     No chickens are involved in Marc kus\' relationship 
It\'s cute you think USA will last to 2100 😘
Wow  I think I actually did pretty well at completing most of these     I believe I\'ve been a better son and brother  More communicative and thoughtful   Didn\'t lose the weight but I\'ve been going to the gym more frequently and have been improving my diet as well   Definitely been wiser with my money  apart from a crazy night in Hong Kong    🙈  Have my career goals in place and got the job I\'ve been wanting for a whole  I\'m now ready to make another jump on the career ladder   Learning Spanish didn\'t last too long  Goal for 2017   And I\'ve got a girlfriend     Looking back on it this has been a pretty successful year for me on the whole  Hope 2017 builds on this 
😂😂😂😂😂
Yes  you can       3☆Scarlet Witch  Awakened Lv99  VS Act 4 Maestro  Arc Overload 2 0      YouTube  https   youtu be L4oismW bUo     But you will need a RONAN  at least a maxed out 3 star  better a 4  or 5 star  to beat 4 3 3 Juggernaut 
Maybe its a code  Crack it and riches awaits 😳
I\'m a march bumper and I can\'t believe we at getting September bumpers 😱 It makes seem so much closer  Congrats on the positive  D
 Original post  https   www reddit com r DefinitelyNotRussians comments 5leqps paᴙtied for new yeaᴙ 2017 in sleepy subuᴙb white   by  u DudeWithTheStuff in  r DefinitelyNotRussians   nbsp          This crosspost was performed automatically as a part of the ImagesOfNetwork      Learn more about the ImagesOfNetwork  how you can help  and other Frequently Asked Questions   https   www reddit com r imagesofnetwork wiki faqandinstructions wiki what is images of 3F     or    visit us on Discord    https   discordapp com invite 0tZsejLgM2vzaExR          "Remove my post "   https   www reddit com r imagesofnetwork wiki faqandinstructions wiki remove my post        "The bot got this one wrong "   https   www reddit com r imagesofnetwork wiki faqandinstructions wiki the bot got this one wrong        "Stop Crossposting My Stuff "   https   www reddit com r imagesofnetwork wiki faqandinstructions wiki no really  don 27t ever crosspost me or my subreddit              match "2017"  
So you woke her up  ಠ ಠ    EDIT   for other redditors  This submission is actually a video  The photo above is just a still from the video  Click on the submission title to watch the video 
 “The children now love luxury  They have bad manners  contempt for authority  they show disrespect for elders and love chatter in place of exercise ”    ― Socrates        469 399 B C                 Ok fine it was Kenneth John Freeman  for his Cambridge dissertation published in 1907  Still a fucking old quote 
  A dealer tried to give me 2 9  APR on a car once and I fought both the price and the APR for four hours until I got 0 9  and the price I wanted   Whoa  I\'m shopping wrong  Just signed a 1 59  with my local credit union where did you get 0 9 ‽
😏 
More like a baroque garden 😉
Commenting is most definitely more challenging than simple posting 😊 Mainly because you guys are pretty high maintenance and demanding 😜
It\'s so true😂😂😂 I gave up eating fried food meat and white carbs and was told I was eating too much veg and fruit by boyfriend   
Oops   defused 🙄
I have white and gray sunburst 😄
I\'ve got a matching egg with your TSV  could you please help me hatch it  I\'d really appreciate it  D  FC  0104 0330 2897  IGN  Ale  B15   4 2   Cutiefly  ♀    Modest   Sweet Veil   31 31 31 31 31 16   Ice  3189   Nickname  none  TimeZone  GMT  1  Prehatched   Yes  TSV 2832
The real problem here is the brain   It\'s just the brain playing with you    On general basis one would never take ₹24000 per week   But just the RBI set the limit our brain thinks that our money is taken away   BRAIN GAMES   
Hi I have an egg that matches your TSV  Could you help me hatch it please  D     B08   3 6   Sableye  ♀    Careful   Prankster   31 31 31 5 31 31   Dark    3795    TSV  1356   Timezone  GMT  7   Availaility  20 00 23 30 weekdays and weekends   Nickname  Blu   Prehatch  Yes  Thank you  D
Just one thing to add  they aren\'t trying to undermine the Lansraad  the emperor needs the Landsraad  That\'s why he needs the harkonens involved  if the Baron can take out the Duke  that\'s just a petty squabble between houses  If it\'s know the Emperor is involved  then no house is safe and they would likely revolt    As others have said    reread over and over  😉I\'ve read Dune on average about once a year since about 1988  Is my favourite if you weren\'t getting that  😉 
Hope we see the updated jailbreak soon 🙄
I wouldn\'t want to stop ahah 😉
I forgot to mention it\'s the same with my frontpage  I just tested individual subreddits and there I can scroll and scrolll like it will never end  Happy Newyear   🍾
What\'s your 👀 level 
Does this  👌😉 look right with HTC emoji or is the hand all twisted around like with Apple emojis 
Yeah Multaniz    Way to bring in the NEW Year  Looking sharp    👏🏿💃🏿💥   
Looks like someone\'s been a bad girl 😉
One upvote away from being 2017   Its lit🔥
Yeah  the start time was the worst for EU  6 00  С
Same shit told to me  Believed it since my house is just 5mins away from a church     till I saw this thread  😪 Anyway  at least we found out something new on the 1st day of 2017  \' 
Piiiiiiits  💖
You sound like a child every parent would want  Sorry for your loss 😢
Aww 🙈 idk if there\'s a need for it though  Haha  Thank you and have an awesome year ahead 
Alliance with us pirates    I hope you guys don\'t lose the wall this 2nd time around    Anyway   I still support the idea Tradelands as a whole is dying  and Hallen is literally  Falling Behind       What\'s the point of adding another faction that works as an aesthetic ghost town    Well   my opinion anyway   not like anyone would care   °Π°  
He also did a \'tribute\' to George Michael    I guess he wanted to remind us all how good a voice George had  by absolutely ruining the song  😶 
Haha exactly   we\'re not quite right but close enough 😊
I\'ve got a matching egg with your TSV  could you please help me hatch it  I\'d really appreciate it  D  FC  0104 0330 2897  IGN  Ale b15   4 6   Cutiefly  ♀    Modest   Honey Gather   17 31 31 31 31 31   Dark  3937   Nickname  none  TimeZone  GMT  1 Prehatched   Yes  TSV 2832
It\'s still a valid question  you came in with a false assumption that 浅い was a surname  Asking how you got that false assumption  you looked up "Asai" in a dictionary  leads us to the root cause of your misunderstanding  you were looking up things in romaji and seem to have a shaky understanding of how kanji and hiragana work    Knowing why you thought something tells us what you need to do to improve  don\'t use romaji  learn grammar to the point you recognize い as a typical adjective marker   
Really nice ass 😍
 right here  https   www reddit com r BeautyGuruChat comments 5kbd5u can we talk about pstarrrs new video  st IXEK2YQL sh 956261c9   🤗
I\'m pleased with the 0 5  You\'re too generous 😊
I completed and explored 4 3 2 with my maxed out 3☆BW  Lv99  and my unduped 4☆Elektra  4 40  unduped  
I\'ll add that to the \'perusal\' list    If I can make one recommendation myself  I am currently reading Stanisław Lem\'s Solaris  A very tautly written thriller in the far future involving three scientists trying to understand how to interact with the sentient planet they are living on    Was made into a great movie in 1972 by Andrei Tarkovsky  A decent movie in 1968 by Boris Nirenburg  And a complete piece of shit in 2002 by Steven Soderbergh  If you want to watch any of them  choose the 1972 one 
We all make mistakes  You didn\'t know the events that would occur  He loved you in the end is all that matters ❤️ 
 it\'d be regretable if you pull him tommorow for 250lap  Gonna stop you right there  I haven\'t even pulled the 4☆ base off this banner yet  If I had pulled him I would just save the lap for later  but even taking the chance I know it likely isn\'t happening   Plus side though I just pulled my 4th Gaffgarion as well as a 3rd Miyuki
Hi I have an egg that matches your TSV  Could you help me hatch it please  D     B08   5 1   Sableye  ♀    Careful   Prankster   31 31 2 31 31 31   Dragon    1718    TSV  1356   Timezone  GMT  7   Availaility  20 00 23 30 weekdays and weekends   Nickname  Black   Prehatch  Yes  Thank you  D
Being the 12001th person to comment on this 🎂🎂
Dude I completed the 24 events and got Alaba yet again  Sold for 250k😂
  NAGI NO ASUKARA       MAL  http   myanimelist net anime 16067    A P  http   www anime planet com anime nagi no asukara    AL  http   anilist co anime 16067    ADB  http   anidb net a9387      TV   Status  Finished Airing   Episodes  26   Genres  Drama  Fantasy  Romance  Slice of Life           anime      LN        FAQ  http   www reddit com r Roboragi wiki index        r   http   www reddit com r Roboragi        Edit  https   www reddit com r Roboragi comments 3i82q0 by mentioning his username roboragi can now       Mistake   http   www reddit com r Roboragi submit selftext true title  ISSUE  text https   www reddit com r anime irl comments 5lerc8 anime irl dbv4emh       Source  https   github com Nihilate Roboragi       Synonyms  https   www reddit com r Roboragi wiki synonyms       RoboRecommendation™  https   myanimelist net manga 2 Berserk       ♥  https   www reddit com r Roboragi wiki thanks      💰 
Non exclusive and i difnt like it 😊
i also 😀
Pentru evitarea spamului conturile cu mai puțin de 10  comment karma  nu pot posta decât comentarii  Participă la discuții    I am a bot  and this action was performed automatically  Please  contact the moderators of this subreddit   message compose  to  r Romania  if you have any questions or concerns  
Tom Güldemann puts forth a very convincing argument that clicks are a relatively recent development    http   email eva mpg de  gueldema pdf ProtoClick pdf
Karma is love  karma is life  ❤️   I am a bot  and this action was performed automatically  Please  contact the moderators of this subreddit   message compose  to  r FreeKarmas  if you have any questions or concerns  
I think Erdoğan gave the correct answer this time  The plan is to destabilise Turkey  Many secularists in Turkey already blame the government  so it is actually working  
Great  I\'m please you\'re happy with it 😊 I post more on my Instagram if you ever feel like taking a look   Instagram  https   instagram com p BOtm1NfgU L   
Steam sale is nearly over  😤
Chests orange bud    Was supposed to be smokin on LA Confidential 🙄 thanks budwell 
At least another couple spoonfuls just now 😏
An ad is an ad  It doesn\'t need to be real or true  Am I right  ¯   ツ   ¯
My friend  you\'re in luck  Last year Panasonic released a roaster smoker that\'s meant for indoor use and doesn\'t exhaust smoke all over your house  and it\'s pretty affordable  I know a friend who owns one and loves it    https   www youtube com watch v nS23XMUmgtU t 63s  The name of the machine  けむらん亭）literally means "does not create smoke"  About 20k yen if you look it up on kakaku  
That\'s fair enough  🙂
21 glassblower canna smoker  love to chat about both and would love to talk so we can welCUM the new year together 😜💦
The word itself is not the problem  it\'s the fact that the vast majority of Chinese people thinks it\'s ok to point at someone and shout it out solely because there is a person who looks different than most of the people around them  I don\'t care that it\'s not done out of a place of contempt for non chinese or that there are very few foreigners here  it\'s still never ok    That being said  laowai is fine outside of the pointing and shouting context  but there could be better words  When I speak on the phone in Chinese  people often ask “你是外国朋友吗？   你是国际朋友吗？” I prefer that term  but I guess I like being someones friend as opposed to being old  
Wheres the connection  I don\'t see it 😖
Hearthstoned is my fav 😎 War Thunder is cool too    I also like playing games where i get to be creative   Kerbal Space Program  Cities   Skyline  Prison Architect   
Wonder What your IV are 😊
Uf curse in my opinion children say mama and dog say guau  but other people hear other strange things 😊😊
I\'m glad I wasn\'t the only one who didn\'t believe that shit 😂
₹24000 is a lot per week    They are politicians   After an extent they will still go behind votes    The measures you said would be against the mindset of political parties 
You\'re just about to get your first load from me    ☺️
The info is     B04   2 3   Smeargle  ♀    Jolly   Own Tempo     31     31     31   12   31     31     Electric   2138  
Right  🙄
  Sayonara Zetsubou Sensei       MAL  http   myanimelist net anime 2605    A P  http   www anime planet com anime sayonara zetsubou sensei    AL  http   anilist co anime 2605    ADB  http   anidb net a5083      TV   Status  Finished Airing   Episodes  12   Genres  Comedy     Ore  Twintail ni Narimasu        MAL  http   myanimelist net anime 24705    A P  http   www anime planet com anime gonna be the twin tails    AL  http   anilist co anime 20565    ADB  http   anidb net a10323      TV   Status  Finished Airing   Episodes  12   Genres  Action  Comedy  Fantasy  Romance           anime      LN        FAQ  http   www reddit com r Roboragi wiki index        r   http   www reddit com r Roboragi        Edit  https   www reddit com r Roboragi comments 3i82q0 by mentioning his username roboragi can now       Mistake   http   www reddit com r Roboragi submit selftext true title  ISSUE  text https   www reddit com r Animesuggest comments 5l7qzx looking for a show thats stupidly entertaining dbv4hi4       Source  https   github com Nihilate Roboragi       Synonyms  https   www reddit com r Roboragi wiki synonyms       Androssi   Yuri   Rachel       ♥  https   www reddit com r Roboragi wiki thanks 
Dude our "lawn" is amazing for all things  Looking forward to when bottles aren\'t a thing anymore and we can do this 😆
Happy New Year everyone      This Week     I finally finished the Genki series on the 31st of December      Next Week     So next week I\'ll be starting with Tobira and do a chapter each week  I made a schedule but it might need some tweaking later on  I\'ll see how it works out  I\'m planning to finish a chapter in six days so I will have one day left to do some reading  Originally my plan was to read manga but I bought a few Graded Readers on my Kindle  so I\'ll be using that instead      Schedule   Day of the week   Tasks         Monday   Learn vocab 読み物     Grammar notes Tuesday   Read 読み物     Video   exercises Wednesday   Learn vocab 会話文    Read 会話文 Thursday   会話文 exercises    Extra stuff Friday   Grammar workbook Saturday   Grammar workbook Sunday   Read 1 NHK Easy article    Read Graded Readers    Every day stuff      Review Anki decks   Watch at least 1 episode of a J drama or anime  Right now I use three Anki decks  The Core deck   25 new  cards every day  a vocab  Genki Tobira  and grammar deck  Genki Tobira   I will add a fourth deck  I\'ll be using KLC to learn how to recognize kanji better and to write it  I will only do 4 kanji    vocab  each day  If Anki takes too much time after a while I\'ll drop KLC and might continue after I finish Tobira    Core stats   Card Type             Mature   0 Young Learn   200 Unseen   5799 Suspended Buried   1     To Do       Take speaking lessons on italki   If I have time  more reading and listening   See you        Start   r Team Japanese comments 5j2ck7 signup for 2017 introduce yourself and ask dbhb0vr  
If a new gamemode BOTS gets added everyone will have 5 bots for free             on this gamemode and they wont pay for bots ın party mode and so            there will be no lagg
Videos in this thread   Watch Playlist   9654   http   subtletv com  r5lcwi5 feature playlist   VIDEO COMMENT      Ich hatte einen Kameraden     Soldatenlied   http   www youtube com watch v j5j 9cCHkq8   6  https   www reddit com r Eve comments 5lcwi5   dbv0wy9 context 10 dbv0wy9    Farewell to those who will never log on again  for reasons I could never have expected  Fly safe   Izlel e Delio Haidutin Valia Balkanska  http   www youtube com watch v SDEH01DnFtg   3  https   www reddit com r Eve comments 5lcwi5   dbv4hug context 10 dbv4hug    Fly safe and clear the gate camps for us  friends   ♫ Lord of the Rings   Into the West  with lyric   http   www youtube com watch v shdiTRxTJb4   2  https   www reddit com r Eve comments 5lcwi5   dbv3a16 context 10 dbv3a16    o7 I\'m a bot working hard to help Redditors find related videos to watch  I\'ll keep this updated as long as I can       Play All  http   subtletv com  r5lcwi5 feature playlist ftrlnk 1     Info  https   np reddit com r SubtleTV wiki mentioned videos    Get me on  Chrome  https   chrome google com webstore detail mentioned videos for redd fiimkmdalmgffhibfdjnhljpnigcmohf     Firefox  https   addons mozilla org en US firefox addon mentioned videos for reddit 
I also creeped because of everyone else\'s creeping and that dog tho 😍😍
This is while you\'re out walking  I personally am not sure how you could preempt it and get her to not bark beforehand but say you and your pup walk past  you say leave it or no bark  whatever you prefer and treat her once you pass the other dog  she\'ll see that not interacting with the dog you don\'t want her to garners a reward so in theory she\'ll start to associate going past other dogs quietly with being rewarded  You may not be able to stop her barking once or twice  it is after all their way of communicating but you can encourage her to just keep going  Another technique I use is the word \'Focus\' whenever my girl is getting too caught up in wanting to explore  she\'s quite stubborn and wants to go where  she  wants so I use focus to get her back on track  then treat  Admittedly this is all hit and a miss and it can take quite some time to find what works for you and your pup but hey different ideas techniques never hurt 🙂
I   just   finished the main Steins Gate series  Like literally first watch through tonight  up to ep 24  I\'ve watched the 23 β  but I\'ll save OVA  ep25  and movie until after Steins gate 0   I\'m wondering if I should wait for the anime adaptation   
☪️ They have a powerful disability  🔮
shes a 11 10 100  of the time     only reason i watched the whole series in a week     Alexa😍😍😍
Happy new year  Im so happy that I got to spend the new year with my Walmart family   Getting out at 1am because more than half of the front end called out 😊  
Happy skin  happy new year guys   🌸
Me too  MWR is too slow  Specially when you get used to super fast movement speed of Synaptic 😁
You look like a naughty little girl that needs a spanking 😉
 ​What the fuck did you just fucking say about me  you НO0ОଠOOOOOОଠଠOoooᵒᵒᵒᵒᵒᵒᵒᵒᵒ  I’ll have you know I graduated top of my class in the good shit go౦ԁ sHit academy  and I’ve been involved in numerous secret raids on Baaddd ShIT  and I have over 300 confirmed  chorus  ʳᶦᵍʰᵗ ᵗʰᵉʳᵉ   I am trained in goOd sHit warfare and I’m the top shiter in the entire US armed mMMMMᎷМ  You are nothing to me but just another Baaa AaAadDddD Sh1t  I will wipe you the fuck out with precision the likes of which has never been seen before on this Earth  thats what im talking about right there right there   You think you can get away with saying that shit to me over the Internet  Think again  fucker  As we speak I am contacting my secret network of go౦ԁ sHit across the USA and your IP is being traced right there right there  so if i do ƽaү so my self i say so  you better prepare for the storm  НO0ОଠOOOOOОଠଠOoooᵒᵒᵒᵒᵒᵒᵒᵒᵒ  The storm that wipes out the pathetic little thing you call your life  You’re fucking dead  kid  I can be anywhere  anytime  I could be right there right there and I can kill you in over seven hundred ways  and that’s just with my bare  chorus  ʳᶦᵍʰᵗ ᵗʰᵉʳᵉ   Not only am I extensively trained in mMMMMᎷМ combat  but I have access to the entire arsenal of the United States Good shit Corps and I will use it to its full extent to wipe your miserable ass off the face of the continent  you little BAAaAaAaAd shit  If only you could have known what unholy retribution your little “clever” comment was about to bring down upon you  maybe you would have held your fucking shit  But you couldn’t  you didn’t  and now you’re paying the price  you goddamn idiot  I will shit fury all over you and you will drown in it  You’re fucking dead  НO0ОଠOOOOOОଠଠOoooᵒᵒᵒᵒᵒᵒᵒᵒᵒ    intensifies    I am a bot  and this action was performed automatically  Please  contact the moderators of this subreddit   message compose  to  r AyyMD  if you have any questions or concerns  
Barakiel had the same reason 😂😂
   ID    276 904 250     IGN    Snowball     Rank    21     Lead s     5★ CoD   4★ Exdeath     Activity    Minutely     Looking for    Need some carries to get through harder difficulties on events    I would give back daily gifts  D     Other    Every kind soul withhighatk leads is more than appreciate  hope to awaken my cod and my 3 exdeaths near soon  have a bunch of tmrs too  blade mastery  sakurafubuki  DC 
I second germany 👌  from munich so slightly biased 
Yep 👍 change the e wiz for wizard
I had us at 55   Malone isn\'t running the correct offense nor the correct rotations   Jokić isn\'t touching the ball on every Possession and the starting point guard that I thought would be not a liability turned out to be a liability   That\'s just my opinion though 
Got it  Had a 100 dollar pre paid and got the chair for 17 bucks shipped  Hope itll last me and actually be a quality purchase  If i enjoy it   thanks op  if not  thanks anyway 🙏🏼
Starting to annoy you    I\'ve been annoyed for 5 😒
Oculus home all the way 😊
🙄
The only deaths that bother me are when the game freezes    Otherwise  it\'s fun seeing how far you can push  ¯     ツ    ¯
Delivered some pizzas    213 😎
You know what they say about 3am in the morning  just sayin  👿
pudge adds the perks of     ∞  more adorableness AND cuteness    1000  more likeliness of people to scritch your tum  its only more good things
Watto with the breakthrough 😂
I accepted I was trans back in March as well  and that\'s when I became consciously aware of my gender dysphoria  Before  I had just felt a vague unhappiness with how I looked  and just identified as a bisexual slightly effeminate guy  But after I accepted I was trans  my gender dysphoria showed itself  and has gotten increasingly worse ever since  I\'ve coped by wearing women\'s clothes at home  especially underwear  since I have genital dysphoria   by coming out to a few close friends who have been really supportive  and by taking finasteride to grow my hair back  I had intended to transition in a few years  hopefully after moving to a new city  but I\'ve reached a point where I need to start HRT this year  So I don\'t really have any advice for how to deal with this indefinitely  because I don\'t think I can put this off for even a few more years  But I wish you the best of luck in your own journey  whether that includes transitioning or not  🙂
Yes  This is great  Subscribed to your channel as well 😎  You got me stoked for my future challenger mods
On android  long press on the 1  You can also have ¼⅛⅔⅜¾⅝⅞∅ⁿ and some powers ²³⁴ as well 
 I am not sure what others are talking about      You do need at least 4K    The Gear VR with an S7 or S7 edge can show you between  5000 and 6000 pixels around the 360 degrees   Calculation   You see about 72° angle in the Gear VR  check it  you can make a full circle in about 5 segments   In case of a 3840 horizontal resolution  4K  it means 768 pixels in terms of the width of each segment   The screen of the S7Edge has a horizontal resolution of 2560 pixels  which is split equally between the two eyes  1280   Even if some parts are not used  this still gives you a way more pixels than each segment of the 4K video has   TL DR  8K is a bit overkill  4K is the minimum  6K would be ideal      How to get 4K into Gear VR    1  You can download videos in 4K from youtube using free app  4KDownload  https   www 4kdownload com     2  Churn the downloaded video through  4K video injector  by Google   https   support google com youtube answer 6178631 hl en  →  this is necessary if you don\'t want to set 360 mode manually every time you open the video  3  Copy the video on your memory card 4  Start Gallery VR  Milk VR also works  but it doesn\'t support spatial audio  so you lose that cool  convincing effect where the sound is always coming from the direction of the source   Unfortunately Gear VR  with S7 Edge  cannot yet play 8K videos  But 4K is minimum necessary 
This is not the 1940\'s  but there\'s no denying you\'ve posted a picture of your grandad with a raging boner  Who is it he\'s standing next to  😳
https   en wikipedia org wiki Ratko Mladi C4 87 Opinion polls    According to a poll conducted by the National Committee for Cooperation with the ICTY  78  of those polled would not report Mladić to the authorities  34  said they would approve of Mladić\'s arrest  while 40  believe that he is a hero 
Asking you to send me some screenies via skype  😃
  Texhnolyze       MAL  http   myanimelist net anime 26    A P  http   www anime planet com anime texhnolyze    AL  http   anilist co anime 26    ADB  http   anidb net a673      TV   Status  Finished Airing   Episodes  22   Genres  Action  Drama  Psychological  Sci Fi           anime      LN        FAQ  http   www reddit com r Roboragi wiki index        r   http   www reddit com r Roboragi        Edit  https   www reddit com r Roboragi comments 3i82q0 by mentioning his username roboragi can now       Mistake   http   www reddit com r Roboragi submit selftext true title  ISSUE  text https   www reddit com r Animesuggest comments 5ldqpg need anything supernatural cyberpunk lots of dbv4kz2       Source  https   github com Nihilate Roboragi       Synonyms  https   www reddit com r Roboragi wiki synonyms       RoboRecommendation™  https   myanimelist net anime 413 Hametsu no Mars       ♥  https   www reddit com r Roboragi wiki thanks 
